100 / 3536 responses collected
200 / 3536 responses collected
300 / 3536 responses collected
400 / 3536 responses collected
500 / 3536 responses collected
600 / 3536 responses collected
700 / 3536 responses collected
800 / 3536 responses collected
900 / 3536 responses collected
1000 / 3536 responses collected
1100 / 3536 responses collected
1200 / 3536 responses collected
1300 / 3536 responses collected
1400 / 3536 responses collected
1500 / 3536 responses collected
1600 / 3536 responses collected
1700 / 3536 responses collected
1800 / 3536 responses collected
1900 / 3536 responses collected
2000 / 3536 responses collected
2100 / 3536 responses collected
2200 / 3536 responses collected
2300 / 3536 responses collected
2400 / 3536 responses collected
2500 / 3536 responses collected
2600 / 3536 responses collected
2700 / 3536 responses collected
2800 / 3536 responses collected
2900 / 3536 responses collected
3000 / 3536 responses collected
3100 / 3536 responses collected
3200 / 3536 responses collected
3300 / 3536 responses collected
3400 / 3536 responses collected
3500 / 3536 responses collected
3536 / 3536 responses collected
{
  "baseline": {
    "n": 884,
    "correct": 620,
    "accuracy": 0.7013574660633484,
    "input_tokens": 834254,
    "output_tokens": 45968
  },
  "direct_ko": {
    "n": 884,
    "correct": 624,
    "accuracy": 0.7058823529411765,
    "input_tokens": 771613,
    "output_tokens": 45968
  },
  "structured_ko": {
    "n": 884,
    "correct": 623,
    "accuracy": 0.7047511312217195,
    "input_tokens": 919860,
    "output_tokens": 45968
  },
  "structured_en": {
    "n": 884,
    "correct": 621,
    "accuracy": 0.7024886877828054,
    "input_tokens": 867184,
    "output_tokens": 45968
  }
}
