175 pages prepared
1 / 175 korean-05 cached
2 / 175 korean-02 reviewed
3 / 175 korean-01 reviewed
4 / 175 korean-06 reviewed
5 / 175 korean-04 reviewed
6 / 175 korean-07 reviewed
7 / 175 korean-03 reviewed
8 / 175 korean-11 reviewed
9 / 175 korean-10 reviewed
10 / 175 korean-13 reviewed
11 / 175 korean-08 reviewed
12 / 175 korean-09 reviewed
13 / 175 korean-12 needs_review
14 / 175 korean-17 reviewed
15 / 175 korean-15 reviewed
16 / 175 korean-18 reviewed
17 / 175 korean-14 reviewed
18 / 175 math-01 reviewed
19 / 175 math-04 cached
20 / 175 math-02 reviewed
21 / 175 math-06 reviewed
22 / 175 math-03 reviewed
23 / 175 math-09 reviewed
24 / 175 math-05 reviewed
25 / 175 math-10 reviewed
26 / 175 korean-19 reviewed
27 / 175 math-13 reviewed
28 / 175 korean-16 reviewed
29 / 175 math-17 reviewed
30 / 175 math-11 reviewed
31 / 175 english-01 cached
32 / 175 math-15 reviewed
33 / 175 korean-20 reviewed
34 / 175 math-14 reviewed
35 / 175 math-18 reviewed
36 / 175 math-19 reviewed
37 / 175 english-03 reviewed
38 / 175 english-05 reviewed
39 / 175 english-02 reviewed
40 / 175 english-04 reviewed
41 / 175 english-06 reviewed
42 / 175 english-07 reviewed
43 / 175 english-08 reviewed
44 / 175 korean-history-01 reviewed
45 / 175 korean-history-02 reviewed
46 / 175 east-asia-history-02 reviewed
47 / 175 east-asia-history-01 reviewed
48 / 175 east-asia-history-03 reviewed
49 / 175 korean-history-04 needs_review
50 / 175 korean-history-03 needs_review
51 / 175 east-asia-history-04 reviewed
52 / 175 economics-02 reviewed
53 / 175 ethics-thought-01 reviewed
54 / 175 ethics-thought-02 reviewed
55 / 175 economics-04 reviewed
56 / 175 economics-01 needs_review
57 / 175 economics-03 reviewed
58 / 175 ethics-thought-03 reviewed
59 / 175 ethics-thought-04 reviewed
60 / 175 life-ethics-01 reviewed
61 / 175 life-ethics-02 reviewed
62 / 175 life-ethics-04 reviewed
63 / 175 life-ethics-03 reviewed
64 / 175 korean-geography-04 needs_review
65 / 175 politics-law-02 reviewed
66 / 175 korean-geography-01 reviewed
67 / 175 politics-law-01 reviewed
68 / 175 korean-geography-02 reviewed
69 / 175 korean-geography-03 needs_review
70 / 175 politics-law-03 reviewed
71 / 175 social-culture-01 reviewed
72 / 175 politics-law-04 reviewed
73 / 175 social-culture-03 reviewed
74 / 175 social-culture-02 reviewed
75 / 175 world-geography-01 reviewed
76 / 175 social-culture-04 reviewed
77 / 175 world-geography-03 reviewed
78 / 175 world-history-03 reviewed
79 / 175 world-geography-02 reviewed
80 / 175 world-history-02 reviewed
81 / 175 world-geography-04 reviewed
82 / 175 world-history-01 needs_review
83 / 175 world-history-04 reviewed
84 / 175 biology-1-02 reviewed
85 / 175 biology-1-04 reviewed
86 / 175 biology-1-01 reviewed
87 / 175 biology-2-02 reviewed
88 / 175 biology-1-03 needs_review
89 / 175 biology-2-01 reviewed
90 / 175 biology-2-04 reviewed
91 / 175 chemistry-1-01 reviewed
92 / 175 biology-2-03 reviewed
93 / 175 chemistry-1-02 reviewed
94 / 175 chemistry-1-03 reviewed
95 / 175 chemistry-1-04 reviewed
96 / 175 chemistry-2-01 reviewed
97 / 175 chemistry-2-03 reviewed
98 / 175 chemistry-2-02 reviewed
99 / 175 chemistry-2-04 reviewed
100 / 175 earth-science-1-04 reviewed
101 / 175 earth-science-2-01 reviewed
102 / 175 earth-science-1-01 needs_review
103 / 175 earth-science-1-03 reviewed
104 / 175 earth-science-1-02 needs_review
105 / 175 earth-science-2-02 reviewed
106 / 175 earth-science-2-04 reviewed
107 / 175 earth-science-2-03 needs_review
108 / 175 physics-1-01 needs_review
109 / 175 physics-1-02 needs_review
110 / 175 physics-1-04 reviewed
111 / 175 physics-1-03 reviewed
112 / 175 agriculture-01 reviewed
113 / 175 physics-2-01 reviewed
114 / 175 physics-2-02 reviewed
115 / 175 agriculture-02 reviewed
116 / 175 agriculture-04 reviewed
117 / 175 physics-2-03 reviewed
118 / 175 agriculture-03 reviewed
119 / 175 physics-2-04 needs_review
120 / 175 commerce-economics-02 reviewed
121 / 175 commerce-economics-01 reviewed
122 / 175 fishery-maritime-01 reviewed
123 / 175 commerce-economics-04 reviewed
124 / 175 commerce-economics-03 reviewed
125 / 175 fishery-maritime-02 reviewed
126 / 175 fishery-maritime-03 reviewed
127 / 175 human-development-02 reviewed
128 / 175 fishery-maritime-04 reviewed
129 / 175 human-development-04 reviewed
130 / 175 human-development-03 reviewed
131 / 175 industrial-general-01 reviewed
132 / 175 industrial-general-02 needs_review
133 / 175 industrial-general-04 reviewed
134 / 175 industrial-general-03 reviewed
135 / 175 successful-career-01 reviewed
136 / 175 human-development-01 reviewed
137 / 175 successful-career-02 reviewed
138 / 175 arabic-1-01 reviewed
139 / 175 successful-career-04 reviewed
140 / 175 successful-career-03 reviewed
141 / 175 chinese-1-02 reviewed
142 / 175 arabic-1-04 reviewed
143 / 175 chinese-1-01 reviewed
144 / 175 chinese-1-04 reviewed
145 / 175 french-1-01 reviewed
146 / 175 arabic-1-02 reviewed
147 / 175 french-1-04 reviewed
148 / 175 german-1-01 reviewed
149 / 175 french-1-03 reviewed
150 / 175 french-1-02 reviewed
151 / 175 chinese-1-03 reviewed
152 / 175 german-1-04 reviewed
153 / 175 german-1-03 reviewed
154 / 175 hanja-1-01 reviewed
155 / 175 arabic-1-03 needs_review
156 / 175 hanja-1-02 reviewed
157 / 175 hanja-1-03 reviewed
158 / 175 german-1-02 needs_review
159 / 175 hanja-1-04 reviewed
160 / 175 japanese-1-01 reviewed
161 / 175 russian-1-01 reviewed
162 / 175 japanese-1-02 reviewed
163 / 175 russian-1-02 reviewed
164 / 175 russian-1-03 reviewed
165 / 175 japanese-1-04 reviewed
166 / 175 japanese-1-03 reviewed
167 / 175 russian-1-04 reviewed
168 / 175 spanish-1-03 reviewed
169 / 175 spanish-1-02 reviewed
170 / 175 spanish-1-04 reviewed
171 / 175 spanish-1-01 reviewed
172 / 175 vietnamese-1-03 reviewed
173 / 175 vietnamese-1-01 needs_review
174 / 175 vietnamese-1-04 reviewed
175 / 175 vietnamese-1-02 reviewed
