game 1 ply 1: a4 random=True changed=True
game 1 ply 3: b4 random=True changed=True
game 1 ply 5: Nd5 random=True changed=True
game 1 ply 9: Qxd2 random=True changed=True
game 1 ply 13: Qxa5 random=True changed=False
game 1 ply 15: Be3 random=True changed=False
game 1 ply 19: Bd4 random=True changed=True
game 1 ply 20: exd4 random=False changed=False
game 1 ply 25: e4 random=True changed=True
game 1 ply 27: Bc4 random=True changed=False
game 1 ply 31: Nf3 random=True changed=False
game 1 ply 35: Kd2 random=True changed=True
game 1 ply 37: f3 random=True changed=True
game 1 ply 39: h4 random=True changed=False
game 1 ply 40: c5 random=False changed=False
game 1 ply 41: Kc2 random=True changed=True
game 1 ply 43: Kb2 random=True changed=True
game 1 ply 49: Ka1 random=True changed=False
game 1 ply 51: Ka2 random=True changed=False
game 1 ply 53: Kb1 random=True changed=True
game 1 ply 57: Kb2 random=True changed=True
game 1 ply 59: Ka2 random=True changed=True
game 1 ply 60: Kc6 random=False changed=False
game 1 ply 61: Kb1 random=True changed=True
game 1 ply 63: Ka1 random=True changed=False
game 1 ply 65: Kb1 random=True changed=True
game 1 ply 67: Kc2 random=True changed=True
game 1 ply 69: Kd2 random=True changed=True
game 1 ply 71: Kc2 random=True changed=True
game 1 ply 73: Kc1 random=True changed=False
GAME 1: 1/2-1/2 threefold_repetition 75 plies
game 2 ply 2: Nc6 random=True changed=False
game 2 ply 8: Bxb4 random=True changed=False
game 2 ply 10: Bxc3 random=True changed=False
game 2 ply 14: Qxf6 random=True changed=True
GAME 2: 0-1 checkmate 18 plies
{"points": {"Weak1 + Random": 1.5, "Weak1": 0.5}, "calls": 0, "interventions": 0, "jev_total_ms": 0, "jev_mean_ms": null, "tokens": 0, "random_picks": 31, "random_interventions": 19, "finished_games": 2}
