game 1 ply 1: Bf4 random=True changed=True
game 1 ply 5: Nf3 random=True changed=True
game 1 ply 7: Qxd4 random=True changed=True
game 1 ply 13: Nbd2 random=True changed=True
game 1 ply 15: a4 random=True changed=True
GAME 1: 0-1 checkmate 18 plies
game 2 ply 2: a5 random=True changed=True
game 2 ply 4: Nc6 random=True changed=False
game 2 ply 8: c5 random=True changed=True
game 2 ply 12: Qxd7 random=True changed=True
game 2 ply 16: Bf5 random=True changed=True
game 2 ply 20: cxb4 random=False changed=False
game 2 ply 24: b5 random=True changed=True
game 2 ply 28: Kd8 random=True changed=False
game 2 ply 32: Be7 random=True changed=True
game 2 ply 34: Bd6 random=True changed=True
game 2 ply 40: h5 random=True changed=True
game 2 ply 42: b3 random=True changed=True
game 2 ply 46: Rxh4 random=True changed=True
game 2 ply 50: f5 random=True changed=True
game 2 ply 52: b2 random=True changed=False
game 2 ply 58: Kc8 random=True changed=True
game 2 ply 60: Kb7 random=True changed=False
game 2 ply 62: Ka8 random=True changed=True
game 2 ply 64: Ka7 random=True changed=False
game 2 ply 66: Ka6 random=True changed=False
game 2 ply 68: Ka5 random=True changed=False
game 2 ply 70: Ka4 random=True changed=False
game 2 ply 72: Kb5 random=True changed=True
game 2 ply 74: Ka6 random=True changed=True
game 2 ply 76: Kb5 random=True changed=True
GAME 2: 1/2-1/2 threefold_repetition 77 plies
{"points": {"Weak1 + Random": 0.5, "Weak1": 1.5}, "calls": 0, "interventions": 0, "jev_total_ms": 0, "jev_mean_ms": null, "tokens": 0, "random_picks": 29, "random_interventions": 21, "finished_games": 2}
