game 1 ply 3: Bc4 random=True changed=True
game 1 ply 5: b4 random=True changed=True
game 1 ply 7: Nc3 random=True changed=False
game 1 ply 13: Bf4 random=True changed=True
game 1 ply 17: f4 random=True changed=True
game 1 ply 19: a4 random=True changed=False
game 1 ply 20: Bxa4 random=False changed=False
game 1 ply 31: Ra3 random=True changed=True
game 1 ply 35: c3 random=True changed=True
game 1 ply 37: c4 random=True changed=True
game 1 ply 39: g3 random=True changed=True
game 1 ply 40: c3 random=False changed=False
game 1 ply 41: g4 random=True changed=False
game 1 ply 43: Kf1 random=True changed=True
game 1 ply 45: Kf2 random=True changed=True
game 1 ply 47: Ke2 random=True changed=False
game 1 ply 49: Kd3 random=True changed=False
game 1 ply 51: Kd4 random=True changed=False
game 1 ply 53: Ke4 random=True changed=True
GAME 1: 0-1 checkmate 54 plies
game 2 ply 4: Bc5 random=True changed=False
game 2 ply 8: Nxd2 random=True changed=True
game 2 ply 12: b5 random=True changed=True
game 2 ply 14: a5 random=True changed=True
game 2 ply 16: Rxa6 random=True changed=False
game 2 ply 20: Bd3 random=True changed=True
game 2 ply 22: c5 random=True changed=True
game 2 ply 24: Nf6 random=True changed=False
game 2 ply 28: h5 random=True changed=True
game 2 ply 32: Rxh2 random=True changed=True
game 2 ply 34: g5 random=True changed=True
game 2 ply 36: d6 random=True changed=True
game 2 ply 40: Qxh2+ random=False changed=False
game 2 ply 42: f6 random=True changed=True
game 2 ply 44: Kf8 random=True changed=True
game 2 ply 46: Kf7 random=True changed=True
game 2 ply 48: Ke7 random=True changed=False
game 2 ply 50: Kd8 random=True changed=True
game 2 ply 58: Qa6 random=True changed=True
game 2 ply 60: Kd7 random=True changed=True
game 2 ply 62: Qa3 random=True changed=True
game 2 ply 64: Qa1 random=True changed=False
game 2 ply 66: Qa4+ random=True changed=True
game 2 ply 68: Kc6 random=True changed=False
game 2 ply 70: Kb5 random=True changed=False
game 2 ply 72: Ka4 random=True changed=False
game 2 ply 74: Ka3 random=True changed=False
game 2 ply 76: Kb4 random=True changed=True
game 2 ply 78: Ka3 random=True changed=False
game 2 ply 80: Kb4 random=True changed=True
game 2 ply 82: Kb5 random=True changed=True
game 2 ply 84: Ka4 random=True changed=False
game 2 ply 86: Ka5 random=True changed=False
game 2 ply 88: Ka6 random=True changed=True
game 2 ply 90: Ka7 random=True changed=True
game 2 ply 92: Kb7 random=True changed=True
game 2 ply 94: Ka6 random=True changed=False
game 2 ply 96: Ka5 random=True changed=False
game 2 ply 98: Ka4 random=True changed=False
game 2 ply 100: Ka5 random=True changed=False
game 2 ply 102: Ka6 random=True changed=True
GAME 2: 1/2-1/2 threefold_repetition 104 plies
{"points": {"Weak1 + Random": 0.5, "Weak1": 1.5}, "calls": 0, "interventions": 0, "jev_total_ms": 0, "jev_mean_ms": null, "tokens": 0, "random_picks": 57, "random_interventions": 35, "finished_games": 2}
