game 1 ply 3: Bf4 random=True changed=True
game 1 ply 7: a4 random=True changed=True
game 1 ply 13: Qxg7 random=True changed=True
game 1 ply 17: Nd2 random=True changed=True
game 1 ply 19: Nc4 random=True changed=True
game 1 ply 20: Bxa1 random=False changed=False
game 1 ply 21: Ne5 random=True changed=True
game 1 ply 23: Nf3 random=True changed=False
game 1 ply 29: f4 random=True changed=True
game 1 ply 33: b6 random=True changed=True
game 1 ply 35: b7 random=True changed=True
game 1 ply 39: Qxa2 random=True changed=False
game 1 ply 40: d4 random=False changed=False
game 1 ply 43: f5+ random=True changed=True
game 1 ply 45: e3 random=True changed=True
game 1 ply 47: Bd3 random=True changed=True
game 1 ply 53: g3 random=True changed=True
game 1 ply 55: g4 random=True changed=False
game 1 ply 57: Kd2 random=True changed=True
game 1 ply 59: Kc1 random=True changed=True
game 1 ply 60: Ka2 random=False changed=False
game 1 ply 61: Kd1 random=True changed=True
game 1 ply 63: Kc1 random=True changed=True
game 1 ply 65: Kd1 random=True changed=True
GAME 1: 1/2-1/2 threefold_repetition 67 plies
game 2 ply 2: exd5 random=True changed=False
game 2 ply 4: Nc6 random=True changed=False
game 2 ply 8: Qxd4 random=True changed=True
game 2 ply 12: Be6 random=True changed=False
game 2 ply 16: Bxa2 random=True changed=True
game 2 ply 20: Rxe2+ random=True changed=True
game 2 ply 24: Bc5 random=True changed=True
game 2 ply 32: b5 random=True changed=True
game 2 ply 34: g5 random=True changed=True
game 2 ply 36: c5 random=True changed=True
game 2 ply 40: Kxg6 random=False changed=False
game 2 ply 44: Nf6 random=True changed=False
game 2 ply 46: Ne4 random=True changed=True
game 2 ply 48: c4 random=True changed=True
game 2 ply 50: b4+ random=True changed=False
game 2 ply 52: Kf4 random=True changed=True
game 2 ply 54: Ke3 random=True changed=True
game 2 ply 56: Be5 random=True changed=False
game 2 ply 58: Kd3 random=True changed=True
game 2 ply 60: Kc2 random=True changed=False
GAME 2: 0-1 checkmate 62 plies
{"points": {"Weak1 + Random": 1.5, "Weak1": 0.5}, "calls": 0, "interventions": 0, "jev_total_ms": 0, "jev_mean_ms": null, "tokens": 0, "random_picks": 40, "random_interventions": 30, "finished_games": 2}
