game 1 ply 1: Bd3 random=True changed=True
game 1 ply 3: a4 random=True changed=True
game 1 ply 5: b4 random=True changed=True
game 1 ply 7: Bb2 random=True changed=True
game 1 ply 11: Nd4 random=True changed=True
game 1 ply 13: f4 random=True changed=True
game 1 ply 15: Qxc2 random=True changed=False
game 1 ply 17: Nc3 random=True changed=False
game 1 ply 19: Qxc3 random=True changed=True
game 1 ply 20: b5 random=False changed=False
game 1 ply 21: axb5 random=True changed=False
game 1 ply 25: Qxa5 random=True changed=True
game 1 ply 31: g4 random=True changed=False
game 1 ply 33: d4 random=True changed=False
game 1 ply 35: h4 random=True changed=False
game 1 ply 37: Ke2 random=True changed=True
game 1 ply 39: f5 random=True changed=True
game 1 ply 40: Qxg4+ random=False changed=False
game 1 ply 41: Kd2 random=True changed=False
game 1 ply 43: d5 random=True changed=False
game 1 ply 45: Kc3 random=True changed=True
game 1 ply 47: Kc2 random=True changed=True
game 1 ply 49: Kb1 random=True changed=False
game 1 ply 51: Kc2 random=True changed=True
game 1 ply 53: Kd1 random=True changed=True
game 1 ply 55: Kc1 random=True changed=False
game 1 ply 57: Kc2 random=True changed=True
game 1 ply 59: Kb1 random=True changed=False
game 1 ply 60: f2 random=False changed=False
game 1 ply 61: Kc2 random=True changed=True
GAME 1: 0-1 checkmate 64 plies
game 2 ply 2: Nc6 random=True changed=False
game 2 ply 4: Be6 random=True changed=False
game 2 ply 8: a5 random=True changed=True
game 2 ply 10: cxb4 random=True changed=True
game 2 ply 14: Nf6 random=True changed=False
game 2 ply 16: gxf6 random=True changed=True
game 2 ply 18: b5 random=True changed=False
game 2 ply 20: Bg7 random=True changed=True
game 2 ply 22: a4 random=True changed=True
game 2 ply 26: e5 random=True changed=True
game 2 ply 28: fxe5 random=True changed=True
game 2 ply 32: Be5 random=True changed=False
game 2 ply 36: d3 random=True changed=True
game 2 ply 38: d2+ random=True changed=True
game 2 ply 40: h6 random=True changed=True
game 2 ply 42: e6 random=True changed=False
game 2 ply 44: Kf7 random=True changed=True
game 2 ply 48: Ra8 random=True changed=True
game 2 ply 50: Ke7 random=True changed=True
game 2 ply 52: h5 random=True changed=False
game 2 ply 54: Kf7 random=True changed=True
game 2 ply 56: Kg7 random=True changed=True
game 2 ply 58: Kh6 random=True changed=True
GAME 2: 1-0 checkmate 59 plies
{"points": {"Weak1 + Random": 0, "Weak1": 2}, "calls": 0, "interventions": 0, "jev_total_ms": 0, "jev_mean_ms": null, "tokens": 0, "random_picks": 50, "random_interventions": 32, "finished_games": 2}
