game 1 ply 1: Nf3 jev=True changed=False
game 1 ply 5: Nd5 jev=True changed=True
game 1 ply 9: d4 jev=True changed=True
game 1 ply 17: Be3 jev=True changed=False
game 1 ply 19: Bd4 jev=True changed=True
game 1 ply 20: c5 jev=False changed=False
game 1 ply 21: dxc6 jev=True changed=False
game 1 ply 27: e4 jev=True changed=True
game 1 ply 31: exf5 jev=True changed=True
game 1 ply 33: Rxa5 jev=True changed=True
game 1 ply 35: Bc4 jev=True changed=False
game 1 ply 40: h4 jev=False changed=False
game 1 ply 41: Be6 jev=True changed=True
game 1 ply 45: Bd5 jev=True changed=True
game 1 ply 49: f4 jev=True changed=True
game 1 ply 51: f6 jev=True changed=True
game 1 ply 53: f5 jev=True changed=True
game 1 ply 55: f7 jev=True changed=True
game 1 ply 59: f6 jev=True changed=True
game 1 ply 60: Ka1 jev=False changed=False
game 1 ply 61: f7 jev=True changed=True
game 1 ply 63: Kd1 jev=True changed=True
game 1 ply 65: Kc1 jev=True changed=True
GAME 1: 1-0 checkmate 67 plies
game 2 ply 2: Nc6 jev=True changed=False
game 2 ply 8: Nxd2 jev=True changed=True
game 2 ply 12: Nxd5 jev=True changed=False
game 2 ply 16: Bxd7 jev=True changed=False
game 2 ply 20: Nd5 jev=True changed=False
game 2 ply 30: Qxg4 jev=True changed=False
game 2 ply 34: c5 jev=True changed=True
game 2 ply 38: b5 jev=True changed=False
game 2 ply 40: b4 jev=True changed=True
game 2 ply 42: b3 jev=True changed=True
game 2 ply 44: c4 jev=True changed=True
game 2 ply 46: b2 jev=True changed=True
game 2 ply 48: c3+ jev=True changed=True
game 2 ply 50: f6 jev=True changed=True
game 2 ply 52: f5 jev=True changed=True
game 2 ply 54: f4 jev=True changed=True
game 2 ply 56: f3 jev=True changed=True
game 2 ply 58: f2 jev=True changed=True
game 2 ply 60: f1=Q jev=False changed=False
game 2 ply 62: Ra1 jev=True changed=True
game 2 ply 64: Ra2+ jev=True changed=True
game 2 ply 66: Kd7 jev=True changed=True
game 2 ply 68: Kc6 jev=True changed=True
game 2 ply 70: Kb5 jev=True changed=True
game 2 ply 72: Ka5 jev=True changed=True
game 2 ply 74: g6 jev=True changed=True
game 2 ply 76: Kb5 jev=True changed=True
game 2 ply 78: Ka4 jev=True changed=True
game 2 ply 80: Kb4 jev=True changed=True
GAME 2: 0-1 checkmate 82 plies
{"points": {"Weak1 + Jev": 2, "Weak1": 0}, "calls": 48, "interventions": 38, "jev_total_ms": 12795.44, "jev_mean_ms": 266.57, "tokens": 27604, "random_picks": 0, "random_interventions": 0, "finished_games": 2}
