game 1 ply 1: Nc3 jev=True changed=False
game 1 ply 3: Nf3 jev=True changed=True
game 1 ply 5: Nxd4 jev=True changed=False
game 1 ply 7: Bf4 jev=True changed=True
game 1 ply 9: Ncxb5 jev=True changed=True
game 1 ply 11: Nc3 jev=True changed=True
game 1 ply 17: Nd5 jev=True changed=True
game 1 ply 20: Bc5 jev=False changed=False
game 1 ply 21: e4 jev=True changed=True
game 1 ply 25: Bd3 jev=True changed=True
game 1 ply 27: Be5 jev=True changed=True
game 1 ply 29: b4 jev=True changed=False
game 1 ply 39: Be4 jev=True changed=False
game 1 ply 40: h4 jev=False changed=False
game 1 ply 41: g3 jev=True changed=True
game 1 ply 43: Kxg3 jev=True changed=True
game 1 ply 49: b4 jev=True changed=False
game 1 ply 51: b5 jev=True changed=False
game 1 ply 53: Ra3 jev=True changed=True
game 1 ply 55: Ra4 jev=True changed=True
game 1 ply 57: Kg3 jev=True changed=True
game 1 ply 59: Kf3 jev=True changed=True
game 1 ply 60: Ka2 jev=False changed=False
game 1 ply 61: Ke3 jev=True changed=True
game 1 ply 63: Kd3 jev=True changed=True
game 1 ply 65: Kc4 jev=True changed=True
game 1 ply 67: Kb5 jev=True changed=True
game 1 ply 69: Ka6 jev=True changed=True
game 1 ply 71: Kb5 jev=True changed=True
game 1 ply 73: Ka6 jev=True changed=True
GAME 1: 1/2-1/2 threefold_repetition 74 plies
game 2 ply 2: Nc6 jev=True changed=False
game 2 ply 6: c5 jev=True changed=True
game 2 ply 10: Bxd7 jev=True changed=False
game 2 ply 12: Bd6 jev=True changed=False
game 2 ply 14: Bxa4 jev=True changed=False
game 2 ply 18: b5 jev=True changed=True
game 2 ply 20: a5 jev=True changed=False
game 2 ply 24: c4 jev=True changed=True
game 2 ply 30: Qxc3+ jev=True changed=False
game 2 ply 34: c3 jev=True changed=True
game 2 ply 36: c2+ jev=True changed=True
game 2 ply 38: f6 jev=True changed=True
game 2 ply 40: Kd7 jev=True changed=True
game 2 ply 42: f5 jev=True changed=False
game 2 ply 46: f4 jev=True changed=False
game 2 ply 48: Kc8 jev=True changed=False
game 2 ply 54: Ka6 jev=True changed=False
game 2 ply 56: Kb5 jev=True changed=True
game 2 ply 58: Ka4 jev=True changed=False
game 2 ply 60: Kb3 jev=True changed=True
game 2 ply 62: Kb4 jev=True changed=True
game 2 ply 64: Ka3 jev=True changed=False
game 2 ply 66: Kb4 jev=True changed=True
game 2 ply 68: Ka3 jev=True changed=False
GAME 2: 1/2-1/2 threefold_repetition 69 plies
{"points": {"Weak1 + Jev": 1.0, "Weak1": 1.0}, "calls": 51, "interventions": 32, "jev_total_ms": 14255.18, "jev_mean_ms": 279.51, "tokens": 30646, "random_picks": 0, "random_interventions": 0, "finished_games": 2}
