game 1 ply 3: Nc3 jev=True changed=False
game 1 ply 5: Bd3 jev=True changed=True
game 1 ply 11: Nd5 jev=True changed=True
game 1 ply 15: b4 jev=True changed=True
game 1 ply 17: Bb2 jev=True changed=True
game 1 ply 20: b5 jev=False changed=False
game 1 ply 25: Bd4 jev=True changed=False
game 1 ply 27: d6 jev=True changed=True
game 1 ply 31: h4 jev=True changed=False
game 1 ply 35: Rxd4 jev=True changed=False
game 1 ply 37: Qxh5+ jev=True changed=True
GAME 1: 1-0 checkmate 39 plies
game 2 ply 4: Nf6 jev=True changed=True
game 2 ply 8: Nxe4 jev=True changed=False
game 2 ply 10: Nxd2 jev=True changed=True
game 2 ply 12: Bc5 jev=True changed=False
game 2 ply 14: d5 jev=True changed=True
game 2 ply 18: c5 jev=True changed=True
game 2 ply 20: Bc6 jev=True changed=True
game 2 ply 22: dxc4 jev=True changed=False
game 2 ply 26: Bxa4 jev=True changed=False
game 2 ply 30: Bf3 jev=True changed=False
game 2 ply 32: f5 jev=True changed=True
game 2 ply 34: a5 jev=True changed=False
game 2 ply 36: c3 jev=True changed=True
game 2 ply 38: f4 jev=True changed=True
game 2 ply 40: Rxa5 jev=False changed=False
game 2 ply 42: Ra1+ jev=True changed=True
game 2 ply 48: Kf7 jev=True changed=True
game 2 ply 50: Ke7 jev=True changed=True
game 2 ply 52: Kd6 jev=True changed=True
game 2 ply 54: Kc5 jev=True changed=True
game 2 ply 56: Kb4 jev=True changed=True
game 2 ply 58: h5 jev=True changed=False
game 2 ply 60: Kb3 jev=True changed=False
game 2 ply 64: Kb3 jev=True changed=True
GAME 2: 0-1 checkmate 66 plies
{"points": {"Weak1 + Jev": 2, "Weak1": 0}, "calls": 33, "interventions": 21, "jev_total_ms": 9229.27, "jev_mean_ms": 279.67, "tokens": 20714, "random_picks": 0, "random_interventions": 0, "finished_games": 2}
