game 1 ply 3: Nc3 jev=True changed=False
game 1 ply 7: Bf4 jev=True changed=True
GAME 1: 0-1 checkmate 12 plies
game 2 ply 2: exd5 jev=True changed=False
game 2 ply 4: Nc6 jev=True changed=False
game 2 ply 8: Nxd4 jev=True changed=False
game 2 ply 12: Bf5 jev=True changed=True
game 2 ply 18: Nf6 jev=True changed=True
game 2 ply 20: Bxb4+ jev=False changed=False
game 2 ply 24: Be4 jev=True changed=True
game 2 ply 28: Nd5 jev=True changed=True
game 2 ply 30: c5 jev=True changed=True
game 2 ply 34: f5 jev=True changed=False
game 2 ply 36: fxe4 jev=True changed=True
game 2 ply 38: d3 jev=True changed=True
game 2 ply 40: g6 jev=True changed=True
game 2 ply 46: Kd7 jev=True changed=True
game 2 ply 50: Kc6 jev=True changed=True
game 2 ply 52: f4 jev=True changed=False
game 2 ply 54: f3 jev=True changed=False
game 2 ply 56: f2 jev=True changed=False
game 2 ply 58: Kb5 jev=True changed=False
game 2 ply 60: Ka4 jev=True changed=False
game 2 ply 62: Kb5 jev=True changed=True
game 2 ply 64: Ka4 jev=True changed=False
GAME 2: 1/2-1/2 threefold_repetition 66 plies
{"points": {"Weak1 + Jev": 0.5, "Weak1": 1.5}, "calls": 23, "interventions": 12, "jev_total_ms": 6830.14, "jev_mean_ms": 296.96, "tokens": 13606, "random_picks": 0, "random_interventions": 0, "finished_games": 2}
