game 1 ply 1: Nc3 jev=True changed=False
game 1 ply 3: Bc4 jev=True changed=False
game 1 ply 7: Nd5 jev=True changed=True
game 1 ply 13: c4 jev=True changed=True
game 1 ply 15: d4 jev=True changed=True
game 1 ply 17: Nxd4 jev=True changed=False
game 1 ply 20: Nd5 jev=False changed=False
game 1 ply 23: cxd5 jev=True changed=False
game 1 ply 25: Bf4 jev=True changed=True
game 1 ply 27: g4 jev=True changed=True
game 1 ply 29: fxg3 jev=True changed=False
game 1 ply 31: b4 jev=True changed=True
game 1 ply 40: Kxd8 jev=False changed=False
game 1 ply 41: h4 jev=True changed=True
game 1 ply 45: g4 jev=True changed=True
game 1 ply 47: Kd1 jev=True changed=True
game 1 ply 49: Kc1 jev=True changed=True
game 1 ply 51: Kb1 jev=True changed=True
game 1 ply 53: Kc2 jev=True changed=True
game 1 ply 55: b4 jev=True changed=False
game 1 ply 57: b5 jev=True changed=False
game 1 ply 59: h5 jev=True changed=False
game 1 ply 60: Qxh5 jev=False changed=False
game 1 ply 61: Kb3 jev=True changed=True
game 1 ply 63: Ka3 jev=True changed=True
game 1 ply 65: Kb3 jev=True changed=True
game 1 ply 67: Ka3 jev=True changed=True
game 1 ply 69: Kb3 jev=True changed=True
game 1 ply 71: Ka3 jev=True changed=True
game 1 ply 73: Kb2 jev=True changed=True
game 1 ply 75: Kc3 jev=True changed=True
game 1 ply 79: Kb4 jev=True changed=False
game 1 ply 80: Qb3# jev=False changed=False
GAME 1: 0-1 checkmate 80 plies
game 2 ply 2: Nc6 jev=True changed=False
game 2 ply 4: Nf6 jev=True changed=True
game 2 ply 10: Bf5 jev=True changed=True
game 2 ply 14: Qxd2+ jev=True changed=True
game 2 ply 16: Bxc2 jev=True changed=True
game 2 ply 18: Nxb4 jev=True changed=True
game 2 ply 20: cxb4 jev=False changed=False
game 2 ply 26: e5 jev=True changed=True
game 2 ply 30: Bc5 jev=True changed=False
game 2 ply 32: g5 jev=True changed=True
game 2 ply 34: b3 jev=True changed=True
game 2 ply 38: d3 jev=True changed=True
game 2 ply 40: Bxa7 jev=True changed=True
game 2 ply 46: Bd4 jev=True changed=False
game 2 ply 48: Ra1+ jev=True changed=True
game 2 ply 50: b2 jev=True changed=False
game 2 ply 54: Ra4+ jev=True changed=True
game 2 ply 56: Ra1 jev=True changed=False
game 2 ply 58: Ra4+ jev=True changed=True
game 2 ply 60: Ra1 jev=True changed=False
game 2 ply 62: Ra5 jev=True changed=True
GAME 2: 1/2-1/2 threefold_repetition 63 plies
{"points": {"Weak1 + Jev": 0.5, "Weak1": 1.5}, "calls": 49, "interventions": 34, "jev_total_ms": 13666.85, "jev_mean_ms": 278.92, "tokens": 28808, "random_picks": 0, "random_interventions": 0, "finished_games": 2}
