game 1 ply 1: a3 random=True changed=True
game 1 ply 5: e3 random=True changed=True
game 1 ply 7: bxc3 random=True changed=False
game 1 ply 9: d4 random=True changed=False
game 1 ply 11: Bd3 random=True changed=False
game 1 ply 13: Qc2 random=True changed=False
game 1 ply 15: dxe5 random=True changed=True
game 1 ply 17: Nf3 random=True changed=True
game 1 ply 19: a4 random=True changed=True
game 1 ply 20: Re8 random=False changed=False
game 1 ply 21: Ba3 random=True changed=False
game 1 ply 23: gxh3 random=True changed=True
GAME 1: 1/2-1/2 threefold_repetition 36 plies
game 2 ply 2: Nc6 random=True changed=False
game 2 ply 4: Bb4 random=True changed=True
game 2 ply 6: e4 random=True changed=True
game 2 ply 12: Na5 random=True changed=False
game 2 ply 14: Nxc4 random=True changed=False
game 2 ply 20: dxe6 random=True changed=True
game 2 ply 24: Rb8 random=True changed=True
game 2 ply 26: b6 random=True changed=True
game 2 ply 28: Bb7 random=True changed=True
game 2 ply 32: Bc6 random=True changed=True
game 2 ply 40: Kd7 random=True changed=False
game 2 ply 42: Rhe8 random=True changed=True
game 2 ply 46: f5 random=True changed=False
game 2 ply 48: h5 random=True changed=True
game 2 ply 54: f4 random=True changed=False
game 2 ply 56: Bd5 random=True changed=True
game 2 ply 60: Kd7 random=False changed=False
game 2 ply 68: Ke6 random=True changed=True
game 2 ply 70: Bxa2 random=True changed=True
game 2 ply 74: Kc5 random=True changed=False
game 2 ply 78: Bg8 random=True changed=True
game 2 ply 80: Rb7 random=False changed=False
game 2 ply 86: a5 random=True changed=False
game 2 ply 88: Kc4 random=True changed=True
game 2 ply 90: Rd7+ random=True changed=True
game 2 ply 96: a4 random=True changed=False
game 2 ply 98: Kb4 random=True changed=True
game 2 ply 100: Rb7 random=True changed=True
game 2 ply 102: a3 random=True changed=True
game 2 ply 106: Rh7 random=True changed=False
game 2 ply 108: a2 random=True changed=True
game 2 ply 118: a1=N random=True changed=True
game 2 ply 120: Kb4 random=True changed=True
game 2 ply 124: a3 random=True changed=False
game 2 ply 126: Kd3 random=True changed=False
game 2 ply 128: Kc4 random=True changed=True
game 2 ply 130: Kb3 random=True changed=True
game 2 ply 132: Kc2 random=True changed=False
game 2 ply 136: Kd1 random=True changed=False
game 2 ply 138: Ke2 random=True changed=False
game 2 ply 140: Kd3 random=False changed=False
game 2 ply 142: Kd2 random=True changed=False
game 2 ply 144: Ke1 random=True changed=True
game 2 ply 148: Kg2 random=True changed=False
game 2 ply 150: Kf3 random=True changed=False
game 2 ply 152: Ke2 random=True changed=True
game 2 ply 154: Ke3 random=True changed=False
game 2 ply 156: Ke2 random=True changed=False
game 2 ply 160: Ke4 random=True changed=True
game 2 ply 162: Ke3 random=True changed=True
game 2 ply 164: Ke4 random=True changed=False
game 2 ply 170: Kf5 random=True changed=False
game 2 ply 174: Kf5 random=True changed=False
GAME 2: 1/2-1/2 threefold_repetition 174 plies
{"points": {"Stockfish + Random": 1.0, "Stockfish": 1.0}, "calls": 0, "interventions": 0, "jev_total_ms": 0, "jev_mean_ms": null, "tokens": 0, "random_picks": 61, "random_interventions": 33, "finished_games": 2}
