game 1 ply 1: Nf3 random=True changed=True
game 1 ply 3: h3 random=True changed=True
game 1 ply 5: e3 random=True changed=True
game 1 ply 7: Nc3 random=True changed=True
game 1 ply 9: b3 random=True changed=True
game 1 ply 11: Bb2 random=True changed=True
game 1 ply 13: Nxd4 random=True changed=True
game 1 ply 15: Rc1 random=True changed=True
game 1 ply 17: Nde2 random=True changed=True
game 1 ply 19: Nxd5 random=True changed=True
game 1 ply 20: Nxd5 random=False changed=False
game 1 ply 25: Nc3 random=True changed=False
game 1 ply 27: h4 random=True changed=True
game 1 ply 29: Bb5 random=True changed=True
game 1 ply 35: Ne4 random=True changed=False
game 1 ply 37: Rxc6 random=True changed=True
game 1 ply 39: Rd6 random=True changed=True
game 1 ply 40: Ra7 random=False changed=False
game 1 ply 41: f3 random=True changed=False
game 1 ply 43: Ng3 random=True changed=True
game 1 ply 45: Rd1 random=True changed=False
game 1 ply 47: Rd3 random=True changed=True
game 1 ply 49: Kf1 random=True changed=True
game 1 ply 51: a3 random=True changed=True
game 1 ply 53: Rd5 random=True changed=True
game 1 ply 55: h5 random=True changed=False
game 1 ply 57: hxg6+ random=True changed=True
game 1 ply 59: Rdd2 random=True changed=True
game 1 ply 60: Rc1+ random=False changed=False
game 1 ply 61: Ke2 random=True changed=False
game 1 ply 63: Rh7+ random=True changed=False
game 1 ply 67: f4 random=True changed=True
game 1 ply 69: Kf2 random=True changed=False
game 1 ply 75: Ne2 random=True changed=True
game 1 ply 79: Rd6+ random=True changed=False
game 1 ply 80: Kf7 random=False changed=False
game 1 ply 81: Rc1 random=True changed=True
game 1 ply 87: Nc3 random=True changed=True
game 1 ply 93: Ra7+ random=True changed=True
game 1 ply 97: Ra8 random=True changed=True
game 1 ply 100: Rb7 random=False changed=False
game 1 ply 101: Ra6 random=True changed=True
game 1 ply 103: Kc1 random=True changed=True
game 1 ply 107: Rxa3 random=True changed=False
game 1 ply 109: Nd2 random=True changed=False
game 1 ply 111: Ra6 random=True changed=True
game 1 ply 115: Rxg6+ random=True changed=False
game 1 ply 120: Kxe3 random=False changed=False
game 1 ply 123: Ra5 random=True changed=True
game 1 ply 131: Kc3 random=True changed=False
game 1 ply 133: Ra1+ random=True changed=True
game 1 ply 135: Kb4 random=True changed=True
game 1 ply 137: Re1 random=True changed=False
game 1 ply 139: Kb3 random=True changed=True
game 1 ply 140: Rxf5 random=False changed=False
game 1 ply 141: Rxe2+ random=True changed=True
game 1 ply 143: Kc4 random=True changed=True
game 1 ply 145: Kb4 random=True changed=True
game 1 ply 155: Kb3 random=True changed=False
game 1 ply 157: Kb2 random=True changed=False
game 1 ply 159: Kb3 random=True changed=False
game 1 ply 160: Rb1+ random=False changed=False
game 1 ply 161: Ka4 random=True changed=True
game 1 ply 163: Ka5 random=True changed=False
game 1 ply 165: Ka4 random=True changed=False
game 1 ply 167: Ka3 random=True changed=False
game 1 ply 169: Ka2 random=True changed=False
game 1 ply 173: Kb4 random=True changed=False
game 1 ply 175: Kb3 random=True changed=True
game 1 ply 177: Kc3 random=True changed=False
game 1 ply 179: Kd3 random=True changed=False
game 1 ply 180: Rh8 random=False changed=False
game 1 ply 181: Ke4 random=True changed=False
game 1 ply 183: Kd3 random=True changed=True
game 1 ply 185: Kd2 random=True changed=True
game 1 ply 187: Kd1 random=True changed=True
game 1 ply 189: Kc2 random=True changed=True
game 1 ply 191: Kd3 random=True changed=False
game 1 ply 193: Ke2 random=True changed=True
game 1 ply 195: Ke3 random=True changed=False
game 1 ply 197: Kd3 random=True changed=True
game 1 ply 199: Kc4 random=True changed=True
game 1 ply 200: Ra2 random=False changed=False
game 1 ply 201: Kc3 random=True changed=True
game 1 ply 203: Kb3 random=True changed=True
game 1 ply 205: Kc2 random=True changed=False
game 1 ply 207: Kd2 random=True changed=True
game 1 ply 209: Kd1 random=True changed=True
game 1 ply 211: Kd2 random=True changed=True
game 1 ply 213: Kd3 random=True changed=False
game 1 ply 215: Kd2 random=True changed=True
game 1 ply 217: Kc2 random=True changed=False
game 1 ply 219: Kd1 random=True changed=False
game 1 ply 220: Rb8 random=False changed=False
game 1 ply 221: Kd2 random=True changed=False
game 1 ply 223: Kd1 random=True changed=True
game 1 ply 225: Kd2 random=True changed=False
game 1 ply 227: Ke2 random=True changed=True
game 1 ply 229: Ke3 random=True changed=True
game 1 ply 231: Ke2 random=True changed=True
game 1 ply 233: Kf2 random=True changed=True
game 1 ply 235: Ke1 random=True changed=False
game 1 ply 237: Kd1 random=True changed=False
game 1 ply 239: Kc2 random=True changed=True
game 1 ply 240: Rh4 random=False changed=False
game 1 ply 241: Kd1 random=True changed=True
GAME 1: 1/2-1/2 fifty_moves 241 plies
game 2 ply 2: a6 random=True changed=True
game 2 ply 6: e5 random=True changed=True
game 2 ply 12: Be7 random=True changed=True
game 2 ply 14: Nbd7 random=True changed=True
game 2 ply 18: c6 random=True changed=True
game 2 ply 20: a5 random=True changed=False
game 2 ply 22: a4 random=True changed=True
game 2 ply 24: Ra5 random=True changed=False
game 2 ply 28: Nfd7 random=True changed=True
game 2 ply 30: h6 random=True changed=True
game 2 ply 32: h5 random=True changed=False
game 2 ply 34: Nxd3 random=True changed=False
game 2 ply 36: Ra8 random=True changed=True
game 2 ply 38: a3 random=True changed=True
game 2 ply 40: Rxh5 random=False changed=False
game 2 ply 42: axb2 random=True changed=True
game 2 ply 44: Ra5 random=True changed=False
game 2 ply 46: Nf8 random=True changed=False
game 2 ply 48: g5 random=True changed=False
game 2 ply 56: Ra5 random=True changed=True
game 2 ply 58: f6 random=True changed=True
game 2 ply 60: Ra6 random=True changed=False
game 2 ply 62: Rh8 random=True changed=True
game 2 ply 64: Ra8 random=True changed=True
game 2 ply 66: exf4 random=True changed=False
game 2 ply 76: fxe5 random=True changed=True
game 2 ply 80: Nd3+ random=False changed=False
game 2 ply 86: Rd6 random=True changed=True
game 2 ply 88: Rdh6 random=True changed=True
game 2 ply 90: Kc7 random=True changed=True
game 2 ply 92: Kd6 random=True changed=True
game 2 ply 96: h3 random=True changed=True
game 2 ply 100: Ke5 random=False changed=False
game 2 ply 106: Kxd6 random=True changed=True
game 2 ply 108: h1=Q random=True changed=True
GAME 2: 0-1 checkmate 114 plies
{"points": {"Stockfish + Random": 1.5, "Stockfish": 0.5}, "calls": 0, "interventions": 0, "jev_total_ms": 0, "jev_mean_ms": null, "tokens": 0, "random_picks": 126, "random_interventions": 82, "finished_games": 2}
