game 1 ply 1: d4 random=True changed=True
game 1 ply 3: Bc4 random=True changed=True
game 1 ply 5: Qe2 random=True changed=True
game 1 ply 9: b4 random=True changed=True
game 1 ply 20: cxb1=Q random=False changed=False
game 1 ply 25: Ng5 random=True changed=True
game 1 ply 29: Qxb2 random=True changed=False
game 1 ply 33: Bb5 random=True changed=True
game 1 ply 37: Re7 random=True changed=True
game 1 ply 40: Nf6 random=False changed=False
game 1 ply 41: Rh2 random=True changed=True
game 1 ply 43: Be2 random=True changed=False
game 1 ply 45: Nh3 random=True changed=False
game 1 ply 49: Kf2 random=True changed=True
game 1 ply 51: g4 random=True changed=False
game 1 ply 53: Nf4 random=True changed=True
game 1 ply 57: Nf4 random=True changed=True
game 1 ply 60: Nh5 random=False changed=False
game 1 ply 61: Ne2 random=True changed=False
game 1 ply 63: hxg5 random=True changed=True
game 1 ply 67: Rh4 random=True changed=True
game 1 ply 69: gxf6+ random=True changed=False
game 1 ply 75: Kd4 random=True changed=False
game 1 ply 77: Rxe4+ random=True changed=False
game 1 ply 79: Kd5 random=True changed=True
game 1 ply 80: d2 random=False changed=False
game 1 ply 81: Rf4+ random=True changed=False
game 1 ply 83: Rd4 random=True changed=True
game 1 ply 85: Ke4 random=True changed=True
game 1 ply 99: Kc7 random=True changed=False
game 1 ply 100: b4 random=False changed=False
game 1 ply 105: f5 random=True changed=True
game 1 ply 107: Kb6 random=True changed=True
GAME 1: 0-1 checkmate 112 plies
game 2 ply 2: Nf6 random=True changed=True
game 2 ply 4: Nd4 random=True changed=True
game 2 ply 8: Bc5 random=True changed=False
game 2 ply 10: Be7 random=True changed=True
game 2 ply 12: Bxb4 random=True changed=True
game 2 ply 18: O-O random=True changed=False
game 2 ply 20: Nf4 random=True changed=True
game 2 ply 24: b5 random=True changed=True
game 2 ply 26: Nxd5 random=True changed=True
game 2 ply 28: dxe5 random=True changed=True
game 2 ply 30: Rb8 random=True changed=False
game 2 ply 34: Rb8 random=True changed=True
game 2 ply 36: Bd7 random=True changed=True
game 2 ply 38: Ba3 random=True changed=False
game 2 ply 40: Bxc6 random=False changed=False
game 2 ply 48: Bb2 random=True changed=False
game 2 ply 60: e4 random=True changed=True
game 2 ply 62: f6 random=True changed=False
game 2 ply 64: Rxd4 random=True changed=True
game 2 ply 68: Rc1 random=True changed=True
game 2 ply 72: Ke8 random=True changed=True
game 2 ply 80: Ke8 random=False changed=False
GAME 2: 1/2-1/2 threefold_repetition 84 plies
{"points": {"Stockfish + Random": 0.5, "Stockfish": 1.5}, "calls": 0, "interventions": 0, "jev_total_ms": 0, "jev_mean_ms": null, "tokens": 0, "random_picks": 48, "random_interventions": 32, "finished_games": 2}
