game 1 ply 1: Nf3 random=True changed=True
game 1 ply 3: e3 random=True changed=False
game 1 ply 5: cxd5 random=True changed=False
game 1 ply 7: Qc2 random=True changed=True
game 1 ply 9: Be2 random=True changed=True
game 1 ply 11: Nc3 random=True changed=True
game 1 ply 15: Ne5 random=True changed=False
game 1 ply 20: Nxe5 random=False changed=False
game 1 ply 27: Qxc4 random=True changed=True
game 1 ply 40: Rd8 random=False changed=False
game 1 ply 55: Kc1 random=True changed=False
game 1 ply 60: Qxf6+ random=False changed=False
game 1 ply 63: Kb1 random=True changed=False
game 1 ply 65: Kc2 random=True changed=True
game 1 ply 67: g4 random=True changed=True
game 1 ply 73: Qc3 random=True changed=False
game 1 ply 75: Qd2 random=True changed=False
game 1 ply 79: Rb5 random=True changed=False
game 1 ply 80: Ra8 random=False changed=False
game 1 ply 81: Qd3 random=True changed=True
game 1 ply 83: Rd5 random=True changed=False
game 1 ply 87: Rd6 random=True changed=True
game 1 ply 97: Rxe6+ random=True changed=False
game 1 ply 99: Qc5+ random=True changed=True
game 1 ply 100: Kf6 random=False changed=False
game 1 ply 101: Qe3 random=True changed=True
game 1 ply 103: Kb2 random=True changed=True
game 1 ply 105: Kc1 random=True changed=False
game 1 ply 107: Qc5+ random=True changed=False
game 1 ply 109: Qa7+ random=True changed=True
game 1 ply 111: Qa8+ random=True changed=False
game 1 ply 119: c5 random=True changed=False
game 1 ply 120: h4 random=False changed=False
game 1 ply 123: Qh1 random=True changed=True
game 1 ply 125: c6 random=True changed=False
game 1 ply 127: Qf1 random=True changed=True
game 1 ply 139: Qf8+ random=True changed=True
game 1 ply 140: Ke3 random=False changed=False
game 1 ply 143: Qb5+ random=True changed=True
game 1 ply 147: b5 random=True changed=False
game 1 ply 159: Qa6+ random=True changed=False
game 1 ply 160: Kd5 random=False changed=False
GAME 1: 1-0 checkmate 167 plies
game 2 ply 2: Be7 random=True changed=True
game 2 ply 4: a6 random=True changed=True
game 2 ply 6: Nd7 random=True changed=True
game 2 ply 8: Ngf6 random=True changed=True
game 2 ply 10: O-O random=True changed=False
game 2 ply 12: b6 random=True changed=False
game 2 ply 14: Re8 random=True changed=True
game 2 ply 16: Bd6 random=True changed=True
game 2 ply 20: Bb7 random=True changed=True
game 2 ply 24: Nf8 random=True changed=False
game 2 ply 26: Rc8 random=True changed=True
game 2 ply 28: Qe7 random=True changed=True
game 2 ply 30: Ng6 random=True changed=True
game 2 ply 32: bxa5 random=True changed=True
game 2 ply 34: Qd8 random=True changed=True
game 2 ply 38: Ra8 random=True changed=False
game 2 ply 40: e5 random=True changed=False
game 2 ply 42: Bxc6 random=True changed=True
game 2 ply 46: h6 random=True changed=True
game 2 ply 48: Nf8 random=True changed=True
game 2 ply 52: Qb8 random=True changed=True
game 2 ply 54: Re7 random=True changed=True
game 2 ply 58: Nxe4 random=True changed=False
game 2 ply 60: Ndf6 random=True changed=False
game 2 ply 62: Qb5 random=True changed=False
game 2 ply 66: Qxa6 random=True changed=False
game 2 ply 72: d4 random=True changed=False
game 2 ply 78: Kg6 random=True changed=False
game 2 ply 80: f5 random=False changed=False
GAME 2: 1-0 checkmate 93 plies
{"points": {"Stockfish + Random": 1, "Stockfish": 1}, "calls": 0, "interventions": 0, "jev_total_ms": 0, "jev_mean_ms": null, "tokens": 0, "random_picks": 62, "random_interventions": 34, "finished_games": 2}
