game 1 ply 1: d4 random=True changed=False
game 1 ply 3: Nc3 random=True changed=True
game 1 ply 5: Bb5+ random=True changed=True
game 1 ply 7: Qxd4 random=True changed=False
game 1 ply 9: Bxd7+ random=True changed=True
game 1 ply 11: Qd3 random=True changed=False
game 1 ply 13: h3 random=True changed=True
game 1 ply 15: a4 random=True changed=True
game 1 ply 17: Be3 random=True changed=True
game 1 ply 19: Nb5 random=True changed=False
game 1 ply 20: Qc6 random=False changed=False
game 1 ply 21: Nxa7 random=True changed=False
game 1 ply 25: O-O random=True changed=True
game 1 ply 27: Bb6 random=True changed=False
game 1 ply 29: Rfd1 random=True changed=False
game 1 ply 31: b3 random=True changed=False
game 1 ply 37: Rd2 random=True changed=False
game 1 ply 40: g5 random=False changed=False
game 1 ply 45: h4 random=True changed=False
game 1 ply 55: f4 random=True changed=True
game 1 ply 57: Nf3 random=True changed=True
game 1 ply 59: c5 random=True changed=False
game 1 ply 60: exf4 random=False changed=False
game 1 ply 63: Nd4 random=True changed=False
game 1 ply 65: Nf3 random=True changed=True
game 1 ply 67: Re1 random=True changed=False
game 1 ply 71: Rc1 random=True changed=True
game 1 ply 73: Ng5 random=True changed=False
game 1 ply 75: Nxf7 random=True changed=True
game 1 ply 79: Rb1 random=True changed=True
game 1 ply 80: f3 random=False changed=False
game 1 ply 81: Rgb2 random=True changed=True
game 1 ply 83: Rb5 random=True changed=True
game 1 ply 85: Kf2 random=True changed=True
game 1 ply 87: Rh1 random=True changed=True
game 1 ply 89: Rxh4 random=True changed=False
game 1 ply 91: Rf4 random=True changed=True
game 1 ply 95: Kg3 random=True changed=False
game 1 ply 97: Rc4 random=True changed=True
game 1 ply 99: Kf3 random=True changed=False
game 1 ply 100: Re5 random=False changed=False
game 1 ply 101: Rb1 random=True changed=False
game 1 ply 105: Rb3 random=True changed=True
game 1 ply 107: Rf3 random=True changed=False
game 1 ply 109: Kh3 random=True changed=True
game 1 ply 111: Ra4 random=True changed=True
game 1 ply 113: Kg3 random=True changed=False
game 1 ply 115: Kg2 random=True changed=True
game 1 ply 117: Kh3 random=True changed=True
game 1 ply 119: Kg3 random=True changed=True
game 1 ply 120: f4+ random=False changed=False
game 1 ply 121: Raxf4 random=True changed=False
game 1 ply 123: Rg4 random=True changed=True
game 1 ply 125: Kf4 random=True changed=False
game 1 ply 129: Kf5 random=True changed=False
game 1 ply 131: Ke5 random=True changed=True
game 1 ply 133: Ke6 random=True changed=False
game 1 ply 135: Rf1 random=True changed=True
game 1 ply 137: Re1 random=True changed=True
game 1 ply 139: Kf5 random=True changed=True
game 1 ply 140: Bf2 random=False changed=False
game 1 ply 141: Rd1 random=True changed=True
game 1 ply 143: Rd6+ random=True changed=True
game 1 ply 145: Rd7+ random=True changed=True
game 1 ply 147: Rd2 random=True changed=False
game 1 ply 149: Rb2 random=True changed=True
game 1 ply 151: Rb3 random=True changed=True
game 1 ply 153: Kg4 random=True changed=False
game 1 ply 155: Rh3 random=True changed=True
game 1 ply 157: Kh5 random=True changed=True
game 1 ply 159: Rxb3 random=True changed=True
game 1 ply 160: Ke7 random=False changed=False
game 1 ply 161: Kg6 random=True changed=True
game 1 ply 163: Rb6 random=True changed=False
game 1 ply 165: Kf5 random=True changed=True
game 1 ply 169: Rd1+ random=True changed=False
game 1 ply 171: Rd8+ random=True changed=True
game 1 ply 173: Rd7+ random=True changed=False
GAME 1: 1/2-1/2 insufficient_material 174 plies
game 2 ply 2: cxd4 random=True changed=True
game 2 ply 4: Nc6 random=True changed=True
game 2 ply 6: Qc7 random=True changed=True
game 2 ply 8: Bd7 random=True changed=False
game 2 ply 10: Qc8 random=True changed=True
game 2 ply 12: e6 random=True changed=True
game 2 ply 14: Nf6 random=True changed=False
game 2 ply 20: Qxd7 random=False changed=False
game 2 ply 24: Nxd2 random=True changed=True
game 2 ply 26: Rc8 random=True changed=True
game 2 ply 28: Bc5 random=True changed=False
game 2 ply 30: O-O random=True changed=True
game 2 ply 32: Be7 random=True changed=True
game 2 ply 34: Rc5 random=True changed=False
game 2 ply 36: Rc4 random=True changed=False
game 2 ply 38: Bc5 random=True changed=False
game 2 ply 40: Qc6 random=True changed=False
game 2 ply 42: Bb6 random=True changed=False
game 2 ply 46: Rcc8 random=True changed=True
game 2 ply 48: f6 random=True changed=False
game 2 ply 50: Rc5 random=True changed=True
game 2 ply 52: Rcc8 random=True changed=True
game 2 ply 54: Kf7 random=True changed=True
game 2 ply 56: Bxe3 random=True changed=False
game 2 ply 58: Rfe8 random=True changed=False
game 2 ply 60: Rc7 random=True changed=True
game 2 ply 62: dxc4 random=True changed=False
game 2 ply 64: Rb8 random=True changed=True
game 2 ply 66: e5 random=True changed=False
game 2 ply 68: Ke6 random=True changed=True
game 2 ply 70: g6 random=True changed=True
game 2 ply 72: h5 random=True changed=False
game 2 ply 74: Rcc8 random=True changed=False
game 2 ply 80: Rxb7 random=True changed=False
game 2 ply 82: h4 random=True changed=True
game 2 ply 86: Kd7 random=True changed=True
game 2 ply 88: Rc8 random=True changed=True
game 2 ply 94: Rf8 random=True changed=True
game 2 ply 100: f4 random=False changed=False
game 2 ply 102: Re8 random=True changed=False
game 2 ply 104: Re7 random=True changed=True
game 2 ply 106: Re8 random=True changed=False
game 2 ply 112: Kb4 random=True changed=False
game 2 ply 114: Kc3 random=True changed=False
game 2 ply 116: Kd3 random=True changed=True
game 2 ply 118: Ke2 random=True changed=False
game 2 ply 120: Rxe5+ random=False changed=False
game 2 ply 132: Kd3 random=True changed=True
game 2 ply 134: Qh5+ random=True changed=True
game 2 ply 136: Qh4+ random=True changed=True
game 2 ply 138: Qh5+ random=True changed=False
game 2 ply 140: Qxe5 random=True changed=True
game 2 ply 142: Ke2 random=True changed=False
GAME 2: 0-1 checkmate 148 plies
{"points": {"Stockfish + Random": 1.5, "Stockfish": 0.5}, "calls": 0, "interventions": 0, "jev_total_ms": 0, "jev_mean_ms": null, "tokens": 0, "random_picks": 120, "random_interventions": 68, "finished_games": 2}
