game 1 ply 1: Nd5 jev=True changed=False
game 1 ply 3: Nf3 jev=True changed=True
game 1 ply 5: Nxf6+ jev=True changed=True
game 1 ply 7: Nh4 jev=True changed=False
game 1 ply 11: f3 jev=True changed=False
game 1 ply 13: Nxf3 jev=True changed=True
game 1 ply 15: Nxe5 jev=True changed=False
game 1 ply 19: e4 jev=True changed=True
game 1 ply 20: a5 jev=False changed=False
game 1 ply 21: Bd3 jev=True changed=True
game 1 ply 23: c5 jev=True changed=False
game 1 ply 25: cxd6 jev=True changed=False
game 1 ply 29: Qxf7+ jev=True changed=True
game 1 ply 31: Qd5 jev=True changed=True
game 1 ply 39: exd5 jev=True changed=False
game 1 ply 40: cxd5 jev=False changed=False
game 1 ply 41: O-O jev=True changed=True
game 1 ply 43: Rf7+ jev=True changed=True
game 1 ply 45: Rg7 jev=True changed=True
game 1 ply 47: Rf7+ jev=True changed=False
game 1 ply 49: Rg7 jev=True changed=True
GAME 1: 1/2-1/2 threefold_repetition 52 plies
game 2 ply 2: Nxd5 jev=True changed=True
game 2 ply 4: Bc5 jev=True changed=False
game 2 ply 6: Bd6 jev=True changed=False
game 2 ply 8: f5 jev=True changed=True
game 2 ply 10: c5 jev=True changed=True
game 2 ply 12: dxc6 jev=True changed=False
game 2 ply 14: Be6 jev=True changed=True
game 2 ply 16: b5 jev=True changed=True
game 2 ply 18: g6 jev=True changed=True
game 2 ply 20: h5 jev=True changed=True
game 2 ply 22: c5 jev=True changed=True
game 2 ply 24: fxe4 jev=True changed=True
game 2 ply 26: Bc4 jev=True changed=True
game 2 ply 28: Bxe2 jev=True changed=False
game 2 ply 30: Qb6 jev=True changed=False
game 2 ply 32: Kf7 jev=True changed=True
game 2 ply 34: Nc6 jev=True changed=False
game 2 ply 36: Bf8 jev=True changed=True
game 2 ply 40: Kg8 jev=False changed=False
game 2 ply 44: Be7 jev=True changed=True
game 2 ply 46: b4 jev=True changed=True
game 2 ply 58: Re8 jev=True changed=True
game 2 ply 60: Qa1+ jev=True changed=True
game 2 ply 66: Bb4+ jev=True changed=True
game 2 ply 70: Kf7 jev=True changed=False
game 2 ply 72: Ke7 jev=True changed=False
game 2 ply 76: Kf6 jev=True changed=True
game 2 ply 80: Bc3 jev=True changed=False
game 2 ply 82: Ba1 jev=True changed=True
game 2 ply 84: Be5 jev=True changed=False
game 2 ply 86: Ke6 jev=True changed=True
game 2 ply 88: Kd5 jev=True changed=True
game 2 ply 90: Kc4 jev=True changed=True
game 2 ply 98: Kd4 jev=True changed=True
game 2 ply 100: Kc3 jev=True changed=False
game 2 ply 102: g4 jev=True changed=True
game 2 ply 104: Kd4 jev=True changed=True
GAME 2: 1-0 checkmate 109 plies
{"points": {"Weak4 + Jev": 0.5, "Weak4": 1.5}, "calls": 55, "interventions": 36, "jev_total_ms": 21368.73, "jev_mean_ms": 388.52, "tokens": 36545, "random_picks": 0, "random_interventions": 0, "finished_games": 2}
