game 1 ply 1: Nc3 jev=True changed=True
game 1 ply 7: e4 jev=True changed=True
game 1 ply 11: b4 jev=True changed=True
game 1 ply 15: Bxd2 jev=True changed=False
game 1 ply 17: Nf3 jev=True changed=False
game 1 ply 19: Bb5+ jev=True changed=False
game 1 ply 20: Kd8 jev=False changed=False
game 1 ply 21: Bc4 jev=True changed=True
game 1 ply 23: Bc3 jev=True changed=False
game 1 ply 29: Ne4 jev=True changed=True
game 1 ply 33: Rc1 jev=True changed=False
game 1 ply 35: Ne4 jev=True changed=False
game 1 ply 37: Ng3 jev=True changed=True
game 1 ply 39: Ba5+ jev=True changed=True
game 1 ply 40: Ke8 jev=False changed=False
game 1 ply 45: Bd2 jev=True changed=True
game 1 ply 47: b4 jev=True changed=False
game 1 ply 49: Bxb4 jev=True changed=False
game 1 ply 53: dxe5 jev=True changed=False
game 1 ply 55: Kd1 jev=True changed=True
game 1 ply 57: f3 jev=True changed=False
game 1 ply 59: Ke1 jev=True changed=False
game 1 ply 60: b3 jev=False changed=False
game 1 ply 61: Kf1 jev=True changed=True
game 1 ply 65: Rh1 jev=True changed=True
game 1 ply 67: Ne2 jev=True changed=False
game 1 ply 71: Bxe3 jev=True changed=False
game 1 ply 75: Rb5 jev=True changed=False
game 1 ply 77: fxe4 jev=True changed=False
game 1 ply 79: Nc3 jev=True changed=False
game 1 ply 80: e3+ jev=False changed=False
game 1 ply 81: Kg3 jev=True changed=True
game 1 ply 83: Rd5 jev=True changed=True
game 1 ply 89: Nf4 jev=True changed=True
game 1 ply 91: Kg4 jev=True changed=False
game 1 ply 93: Rc5 jev=True changed=True
game 1 ply 95: Kxh4 jev=True changed=False
game 1 ply 97: Rh5 jev=True changed=False
game 1 ply 100: Rd4+ jev=False changed=False
game 1 ply 101: Kg3 jev=True changed=False
game 1 ply 103: Ng7+ jev=True changed=True
game 1 ply 105: Nf5 jev=True changed=False
game 1 ply 111: Nd6 jev=True changed=False
game 1 ply 113: Kg3 jev=True changed=True
game 1 ply 117: Re1 jev=True changed=True
game 1 ply 119: Ra1+ jev=True changed=False
game 1 ply 120: Kb2 jev=False changed=False
game 1 ply 123: Rxe2+ jev=True changed=True
game 1 ply 127: h5 jev=True changed=False
game 1 ply 129: Kf4 jev=True changed=True
game 1 ply 131: Kg3 jev=True changed=True
game 1 ply 133: Kf4 jev=True changed=True
GAME 1: 1/2-1/2 threefold_repetition 135 plies
game 2 ply 2: Ne4 jev=True changed=False
game 2 ply 4: Nc6 jev=True changed=True
game 2 ply 8: e5 jev=True changed=True
game 2 ply 10: Ne7 jev=True changed=False
game 2 ply 14: Qxe7 jev=True changed=False
game 2 ply 16: f5 jev=True changed=True
game 2 ply 18: e4 jev=True changed=False
game 2 ply 20: Bf6 jev=True changed=True
game 2 ply 22: gxf5 jev=True changed=False
game 2 ply 26: e3 jev=True changed=True
game 2 ply 28: d6 jev=True changed=False
game 2 ply 36: Bd2 jev=True changed=True
game 2 ply 40: Bd2 jev=True changed=True
game 2 ply 42: Bd7 jev=True changed=True
game 2 ply 44: Bxa4 jev=True changed=False
game 2 ply 46: Qg5 jev=True changed=True
game 2 ply 52: Rf8+ jev=True changed=True
game 2 ply 56: Bf6 jev=True changed=False
game 2 ply 58: Bd7 jev=True changed=False
game 2 ply 60: Bxh3 jev=False changed=False
game 2 ply 62: Bd7 jev=True changed=False
game 2 ply 64: Bg4 jev=True changed=False
game 2 ply 66: Bd4+ jev=True changed=False
game 2 ply 68: Bd7 jev=True changed=False
game 2 ply 70: Be5 jev=True changed=True
game 2 ply 74: c6 jev=True changed=False
game 2 ply 76: Be8 jev=True changed=True
game 2 ply 80: Bg6 jev=False changed=False
game 2 ply 84: Kc8 jev=True changed=False
game 2 ply 86: Bd5 jev=True changed=True
game 2 ply 88: Bc4 jev=True changed=True
game 2 ply 92: Bd3 jev=True changed=False
game 2 ply 94: Kc8 jev=True changed=True
game 2 ply 98: Be4 jev=True changed=False
game 2 ply 100: Ke8 jev=True changed=True
game 2 ply 108: Kf7 jev=True changed=False
game 2 ply 110: Ke6 jev=True changed=False
game 2 ply 114: Ke5 jev=True changed=True
game 2 ply 116: Kd6 jev=True changed=True
game 2 ply 118: Kc5 jev=True changed=False
game 2 ply 120: Kb6 jev=True changed=True
game 2 ply 122: Kc5 jev=True changed=True
game 2 ply 124: Kb6 jev=True changed=True
game 2 ply 126: Kc6 jev=True changed=True
GAME 2: 1/2-1/2 threefold_repetition 128 plies
{"points": {"Weak4 + Jev": 1.0, "Weak4": 1.0}, "calls": 88, "interventions": 44, "jev_total_ms": 28959.96, "jev_mean_ms": 329.09, "tokens": 53758, "random_picks": 0, "random_interventions": 0, "finished_games": 2}
