game 1 ply 3: Nc3 jev=True changed=False
game 1 ply 5: Bc4 jev=True changed=True
game 1 ply 7: b4 jev=True changed=True
game 1 ply 9: Nb5 jev=True changed=True
game 1 ply 13: Bd3 jev=True changed=True
game 1 ply 15: Bc4 jev=True changed=True
game 1 ply 17: Be2 jev=True changed=False
game 1 ply 19: Ne5 jev=True changed=False
game 1 ply 20: f6 jev=False changed=False
game 1 ply 21: c3 jev=True changed=True
game 1 ply 31: Qxd6+ jev=True changed=True
game 1 ply 33: f4 jev=True changed=True
game 1 ply 37: b6 jev=True changed=True
game 1 ply 39: Kf1 jev=True changed=False
game 1 ply 40: Re4 jev=False changed=False
game 1 ply 41: g3 jev=True changed=False
game 1 ply 45: Kg1 jev=True changed=True
game 1 ply 57: Bd4 jev=True changed=False
game 1 ply 59: Re1 jev=True changed=True
game 1 ply 60: h5 jev=False changed=False
game 1 ply 61: Rc1 jev=True changed=True
game 1 ply 63: Ra1 jev=True changed=False
game 1 ply 67: Kg2 jev=True changed=True
game 1 ply 69: Bg1 jev=True changed=True
game 1 ply 73: Kg3 jev=True changed=True
game 1 ply 75: Kh3 jev=True changed=False
game 1 ply 79: Rd1 jev=True changed=True
game 1 ply 80: d3 jev=False changed=False
game 1 ply 81: Rb1 jev=True changed=True
game 1 ply 83: Rd1 jev=True changed=True
game 1 ply 85: Rb1 jev=True changed=True
game 1 ply 87: Kh3 jev=True changed=False
game 1 ply 95: Kg1 jev=True changed=True
game 1 ply 99: Kg1 jev=True changed=True
game 1 ply 100: Bd5+ jev=False changed=False
GAME 1: 1/2-1/2 threefold_repetition 101 plies
game 2 ply 2: Nd4 jev=True changed=False
game 2 ply 4: Nxf3+ jev=True changed=True
game 2 ply 6: Nf6 jev=True changed=False
game 2 ply 8: Bd6 jev=True changed=True
game 2 ply 10: c5 jev=True changed=True
game 2 ply 12: b6 jev=True changed=True
game 2 ply 14: Bb7 jev=True changed=True
game 2 ply 16: Bc6 jev=True changed=True
game 2 ply 18: a6 jev=True changed=True
game 2 ply 20: cxd4 jev=True changed=False
game 2 ply 22: Qxf6 jev=True changed=True
game 2 ply 24: g5 jev=True changed=False
game 2 ply 26: g4 jev=True changed=False
game 2 ply 28: Bb4+ jev=True changed=True
game 2 ply 34: b5 jev=True changed=True
game 2 ply 36: Rf8 jev=True changed=True
game 2 ply 38: f6 jev=True changed=False
game 2 ply 40: fxe5 jev=False changed=False
game 2 ply 46: Bd6 jev=True changed=True
game 2 ply 48: Kc7 jev=True changed=False
game 2 ply 52: Rc8 jev=True changed=True
game 2 ply 60: Rxg1 jev=True changed=False
game 2 ply 62: Rb1 jev=True changed=False
game 2 ply 64: Rxb3+ jev=True changed=True
game 2 ply 68: Rxh2 jev=True changed=False
game 2 ply 70: Bc5 jev=True changed=False
game 2 ply 74: Bd4 jev=True changed=False
game 2 ply 76: Kc6 jev=True changed=False
game 2 ply 80: Kc6 jev=True changed=True
game 2 ply 82: Rxf3 jev=True changed=False
game 2 ply 84: Re3 jev=True changed=False
game 2 ply 86: Rxe4 jev=True changed=False
game 2 ply 88: Kb5 jev=True changed=True
game 2 ply 90: Ka4 jev=True changed=True
game 2 ply 92: Ka3 jev=True changed=True
game 2 ply 94: Ka2 jev=True changed=True
game 2 ply 96: Re3 jev=True changed=False
game 2 ply 98: e4 jev=True changed=False
game 2 ply 100: Ka3 jev=True changed=True
game 2 ply 102: Ka2 jev=True changed=True
game 2 ply 104: Ka1 jev=True changed=True
GAME 2: 1/2-1/2 threefold_repetition 105 plies
{"points": {"Weak4 + Jev": 1.0, "Weak4": 1.0}, "calls": 70, "interventions": 43, "jev_total_ms": 21481.64, "jev_mean_ms": 306.88, "tokens": 45014, "random_picks": 0, "random_interventions": 0, "finished_games": 2}
