game 1 ply 1: Nc3 jev=True changed=True
game 1 ply 3: e4 jev=True changed=False
game 1 ply 11: Bxc4 jev=True changed=True
game 1 ply 13: Nc3 jev=True changed=True
game 1 ply 17: Nxd5 jev=True changed=False
game 1 ply 20: Qh5 jev=False changed=False
game 1 ply 21: Qf4 jev=True changed=False
game 1 ply 23: Ne2 jev=True changed=True
game 1 ply 25: Qg3 jev=True changed=True
game 1 ply 29: Qf4 jev=True changed=True
game 1 ply 33: h4 jev=True changed=True
game 1 ply 35: b4 jev=True changed=True
game 1 ply 37: Ng1 jev=True changed=True
game 1 ply 40: Nxf3 jev=False changed=False
game 1 ply 41: Qf2 jev=True changed=True
game 1 ply 53: Rhc1 jev=True changed=False
game 1 ply 55: a4 jev=True changed=False
game 1 ply 59: Kb1 jev=True changed=True
game 1 ply 60: Qf4 jev=False changed=False
game 1 ply 61: Re1 jev=True changed=False
game 1 ply 63: Rb3 jev=True changed=True
game 1 ply 65: a5 jev=True changed=False
game 1 ply 67: b5 jev=True changed=True
game 1 ply 71: Rf1 jev=True changed=False
game 1 ply 73: Rc2 jev=True changed=True
game 1 ply 75: Kc1 jev=True changed=False
game 1 ply 77: Kb1 jev=True changed=False
game 1 ply 80: Qa3+ jev=False changed=False
game 1 ply 81: Kb1 jev=True changed=False
GAME 1: 1/2-1/2 threefold_repetition 83 plies
game 2 ply 2: dxc4 jev=True changed=False
game 2 ply 4: Bd7 jev=True changed=False
game 2 ply 6: Nf6 jev=True changed=True
game 2 ply 8: Bd6 jev=True changed=True
game 2 ply 10: Bf4 jev=True changed=True
game 2 ply 12: Bxe3 jev=True changed=False
game 2 ply 14: Bc6 jev=True changed=True
game 2 ply 16: g5 jev=True changed=True
game 2 ply 18: g4 jev=True changed=True
game 2 ply 20: Bxb5 jev=False changed=False
game 2 ply 22: Nfd7 jev=True changed=True
game 2 ply 34: Qg5 jev=True changed=True
game 2 ply 36: Qd5 jev=True changed=True
game 2 ply 38: Qxe4 jev=True changed=True
game 2 ply 40: Rc6 jev=False changed=False
game 2 ply 46: Re5 jev=True changed=True
game 2 ply 48: Rd5+ jev=True changed=False
game 2 ply 50: Rf5 jev=True changed=False
game 2 ply 54: Rxg2 jev=True changed=False
game 2 ply 56: O-O jev=True changed=False
game 2 ply 58: Rb8 jev=True changed=False
game 2 ply 60: Rc8 jev=True changed=True
game 2 ply 64: Ra8 jev=True changed=False
game 2 ply 66: Rxa4+ jev=True changed=False
game 2 ply 68: Re4 jev=True changed=False
game 2 ply 72: Rf3 jev=True changed=True
game 2 ply 74: f5 jev=True changed=False
game 2 ply 76: Re3 jev=True changed=True
game 2 ply 78: Rd3 jev=True changed=False
game 2 ply 80: Rd5 jev=True changed=True
game 2 ply 82: Ra5+ jev=True changed=True
game 2 ply 88: Ra6+ jev=True changed=False
game 2 ply 90: Ra4 jev=True changed=False
game 2 ply 92: Rc4 jev=True changed=False
game 2 ply 94: Re4 jev=True changed=True
game 2 ply 96: Rc4 jev=True changed=False
game 2 ply 98: Re4 jev=True changed=True
game 2 ply 100: Rc4 jev=False changed=False
GAME 2: 1/2-1/2 threefold_repetition 100 plies
{"points": {"Weak4 + Jev": 1.0, "Weak4": 1.0}, "calls": 60, "interventions": 32, "jev_total_ms": 24241.29, "jev_mean_ms": 404.02, "tokens": 38613, "random_picks": 0, "random_interventions": 0, "finished_games": 2}
