game 1 ply 3: Bxd7+ jev=True changed=True
game 1 ply 5: Nc3 jev=True changed=True
game 1 ply 9: Nxe5 jev=True changed=True
game 1 ply 15: d4 jev=True changed=True
game 1 ply 17: Nc3 jev=True changed=False
game 1 ply 19: Nd5 jev=True changed=False
game 1 ply 20: Ra7 jev=False changed=False
game 1 ply 21: Nb6+ jev=True changed=True
game 1 ply 25: Na5+ jev=True changed=True
game 1 ply 27: Nb3 jev=True changed=False
game 1 ply 29: Nc5+ jev=True changed=True
game 1 ply 31: Ne6 jev=True changed=True
game 1 ply 33: Nxf8 jev=True changed=False
game 1 ply 35: Bd2+ jev=True changed=False
game 1 ply 37: b4 jev=True changed=False
game 1 ply 40: d3 jev=False changed=False
game 1 ply 43: Nxg7 jev=True changed=True
game 1 ply 47: Be3+ jev=True changed=True
game 1 ply 49: Rc1 jev=True changed=True
game 1 ply 51: Kxc1 jev=True changed=False
game 1 ply 59: Nc5+ jev=True changed=False
game 1 ply 60: Nxc5 jev=False changed=False
game 1 ply 63: f4 jev=True changed=True
game 1 ply 65: c6+ jev=True changed=False
game 1 ply 67: Bxf4 jev=True changed=False
game 1 ply 71: Kd2 jev=True changed=False
game 1 ply 73: g3 jev=True changed=True
game 1 ply 75: hxg3 jev=True changed=True
game 1 ply 77: Rc1+ jev=True changed=True
game 1 ply 79: Rb1 jev=True changed=True
game 1 ply 80: a4 jev=False changed=False
game 1 ply 81: Rb4 jev=True changed=True
game 1 ply 83: Rb1 jev=True changed=True
game 1 ply 87: Rxd3 jev=True changed=True
game 1 ply 89: Rxd5 jev=True changed=False
game 1 ply 91: g4 jev=True changed=False
game 1 ply 93: g5 jev=True changed=False
game 1 ply 95: g6 jev=True changed=False
game 1 ply 99: g8=Q jev=True changed=False
game 1 ply 100: a1=Q jev=False changed=False
game 1 ply 101: Qd5+ jev=True changed=True
game 1 ply 103: Qa8+ jev=True changed=False
game 1 ply 105: Qd5+ jev=True changed=True
game 1 ply 107: Qa8+ jev=True changed=False
game 1 ply 109: Qb7+ jev=True changed=False
GAME 1: 1/2-1/2 threefold_repetition 110 plies
game 2 ply 4: f6 jev=True changed=False
game 2 ply 6: b6 jev=True changed=True
game 2 ply 8: e6 jev=True changed=True
game 2 ply 10: Ne7 jev=True changed=True
game 2 ply 12: a5 jev=True changed=False
game 2 ply 14: Ng6 jev=True changed=True
game 2 ply 16: Be7 jev=True changed=False
game 2 ply 18: Qc7 jev=True changed=True
game 2 ply 20: Qa7 jev=True changed=True
game 2 ply 22: Qc7 jev=True changed=True
game 2 ply 24: Qa7 jev=True changed=True
game 2 ply 26: Qc7 jev=True changed=True
game 2 ply 28: Qa7 jev=True changed=True
GAME 2: 1/2-1/2 threefold_repetition 30 plies
{"points": {"Weak4 + Jev": 1.0, "Weak4": 1.0}, "calls": 53, "interventions": 31, "jev_total_ms": 15511.18, "jev_mean_ms": 292.66, "tokens": 35165, "random_picks": 0, "random_interventions": 0, "finished_games": 2}
