game 1 ply 1: d3 random=True changed=True
game 1 ply 3: Be3 random=True changed=False
game 1 ply 5: h4 random=True changed=False
game 1 ply 7: b3 random=True changed=False
game 1 ply 9: Ra2 random=True changed=True
game 1 ply 11: Ra3 random=True changed=True
game 1 ply 13: g3 random=True changed=False
game 1 ply 15: Bg2 random=True changed=False
game 1 ply 17: Ra2 random=True changed=True
game 1 ply 19: Ra1 random=True changed=False
game 1 ply 20: Ra8 random=False changed=False
game 1 ply 21: Ra3 random=True changed=True
game 1 ply 23: Qa1 random=True changed=True
game 1 ply 25: Qb1 random=True changed=True
game 1 ply 27: Qa1 random=True changed=True
game 1 ply 29: Qb1 random=True changed=True
GAME 1: 1/2-1/2 threefold_repetition 30 plies
game 2 ply 2: h5 random=True changed=False
game 2 ply 4: a5 random=True changed=False
game 2 ply 6: b6 random=True changed=False
game 2 ply 8: d6 random=True changed=True
game 2 ply 10: Bf5 random=True changed=True
game 2 ply 12: e6 random=True changed=False
game 2 ply 14: Ra6 random=True changed=True
game 2 ply 16: Ra7 random=True changed=True
game 2 ply 18: g6 random=True changed=True
game 2 ply 20: Be7 random=True changed=False
game 2 ply 22: Ra6 random=True changed=False
game 2 ply 24: Qa8 random=True changed=True
game 2 ply 26: Qb7 random=True changed=True
game 2 ply 28: Qa7 random=True changed=True
game 2 ply 30: Qa8 random=True changed=False
game 2 ply 32: Qa7 random=True changed=True
game 2 ply 34: Qb8 random=True changed=True
GAME 2: 1/2-1/2 threefold_repetition 35 plies
{"points": {"Weak2 + Random": 1.0, "Weak2": 1.0}, "calls": 0, "interventions": 0, "jev_total_ms": 0, "jev_mean_ms": null, "tokens": 0, "random_picks": 32, "random_interventions": 19, "finished_games": 2}
