game 1 ply 1: f4 random=True changed=True
game 1 ply 3: d3 random=True changed=False
game 1 ply 5: Be3 random=True changed=False
game 1 ply 9: b3 random=True changed=True
game 1 ply 11: g3 random=True changed=True
game 1 ply 13: Nf3 random=True changed=False
game 1 ply 15: Ra2 random=True changed=True
game 1 ply 17: Ra1 random=True changed=True
game 1 ply 19: Ra2 random=True changed=True
game 1 ply 20: Ra6 random=False changed=False
game 1 ply 21: Ra1 random=True changed=True
game 1 ply 23: e3 random=True changed=True
game 1 ply 25: Be2 random=True changed=False
game 1 ply 27: Ra3 random=True changed=True
game 1 ply 29: Ra2 random=True changed=True
game 1 ply 31: Ra3 random=True changed=True
game 1 ply 33: Ra2 random=True changed=True
GAME 1: 1/2-1/2 threefold_repetition 34 plies
game 2 ply 2: a6 random=True changed=True
game 2 ply 4: b6 random=True changed=True
game 2 ply 6: h5 random=True changed=True
game 2 ply 8: c6 random=True changed=True
game 2 ply 10: Nf5 random=True changed=True
game 2 ply 14: e6 random=True changed=True
game 2 ply 16: Bxb4 random=True changed=False
game 2 ply 20: Nxf4 random=True changed=False
game 2 ply 22: N4xh5 random=True changed=True
game 2 ply 24: Bc5 random=True changed=False
game 2 ply 26: Ng4 random=True changed=True
game 2 ply 28: Nf2+ random=True changed=True
game 2 ply 36: a5 random=True changed=True
game 2 ply 38: c5 random=True changed=True
game 2 ply 40: f5 random=True changed=True
game 2 ply 42: Ra7 random=True changed=True
game 2 ply 44: Bb7 random=True changed=False
game 2 ply 52: Nf6 random=True changed=True
game 2 ply 54: Qe1+ random=True changed=False
game 2 ply 56: Rh2+ random=True changed=True
game 2 ply 58: Rxe2+ random=True changed=True
game 2 ply 60: Nxc4+ random=False changed=False
game 2 ply 62: Nxb6 random=True changed=False
game 2 ply 66: Nbd5 random=True changed=False
game 2 ply 68: Ne4 random=True changed=True
game 2 ply 70: Bc6 random=True changed=False
game 2 ply 72: e5 random=True changed=True
game 2 ply 74: d6 random=True changed=True
game 2 ply 76: g6 random=True changed=True
game 2 ply 78: f4 random=True changed=False
game 2 ply 80: g5 random=True changed=True
game 2 ply 82: g4 random=True changed=True
game 2 ply 84: f3 random=True changed=False
game 2 ply 86: g3 random=True changed=True
game 2 ply 88: Ra8 random=True changed=True
game 2 ply 90: Ra6 random=True changed=True
game 2 ply 92: Rb6+ random=True changed=True
game 2 ply 94: f2 random=True changed=True
game 2 ply 100: Ra2# random=False changed=False
GAME 2: 0-1 checkmate 100 plies
{"points": {"Weak2 + Random": 1.5, "Weak2": 0.5}, "calls": 0, "interventions": 0, "jev_total_ms": 0, "jev_mean_ms": null, "tokens": 0, "random_picks": 53, "random_interventions": 39, "finished_games": 2}
