game 1 ply 1: Bd3 random=True changed=True
game 1 ply 3: c4 random=True changed=True
game 1 ply 5: b4 random=True changed=True
game 1 ply 7: Bb2 random=True changed=False
game 1 ply 9: h4 random=True changed=False
game 1 ply 11: Ra2 random=True changed=True
game 1 ply 13: g3 random=True changed=False
game 1 ply 15: Qb3 random=True changed=True
game 1 ply 20: Qe7+ random=False changed=False
game 1 ply 21: Kd1 random=True changed=False
game 1 ply 23: Kc2 random=True changed=True
game 1 ply 29: d4 random=True changed=True
game 1 ply 31: Bg6 random=True changed=True
game 1 ply 33: Nbd2 random=True changed=False
game 1 ply 37: d5 random=True changed=True
game 1 ply 40: Nxc4 random=False changed=False
game 1 ply 43: Kb2 random=True changed=True
game 1 ply 45: Ra1 random=True changed=False
game 1 ply 47: Bd4 random=True changed=False
game 1 ply 49: Qa3 random=True changed=False
game 1 ply 51: Kb3 random=True changed=True
game 1 ply 53: Rc1 random=True changed=True
game 1 ply 55: Ka2 random=True changed=True
game 1 ply 57: Kb1 random=True changed=True
game 1 ply 60: Bf6+ random=False changed=False
game 1 ply 63: Qb3 random=True changed=False
GAME 1: 0-1 checkmate 66 plies
game 2 ply 2: d6 random=True changed=True
game 2 ply 4: Bd7 random=True changed=False
game 2 ply 6: axb4 random=True changed=False
game 2 ply 10: h5 random=True changed=True
game 2 ply 12: Nxd2 random=True changed=False
game 2 ply 14: Nb8 random=True changed=True
game 2 ply 16: f5 random=True changed=True
game 2 ply 18: c6 random=True changed=True
game 2 ply 20: b6 random=True changed=True
game 2 ply 22: e6 random=True changed=True
game 2 ply 24: Be7 random=True changed=False
game 2 ply 26: Ra7 random=True changed=True
game 2 ply 28: Ra8 random=True changed=True
game 2 ply 30: Bf6 random=True changed=False
game 2 ply 32: exf5 random=True changed=True
game 2 ply 34: gxf6 random=True changed=False
game 2 ply 36: b5 random=True changed=False
game 2 ply 40: Qxc3+ random=False changed=False
game 2 ply 48: bxa4 random=True changed=False
game 2 ply 50: Rg8 random=True changed=False
game 2 ply 52: Kf8 random=True changed=True
game 2 ply 54: Kf7 random=True changed=True
game 2 ply 58: Kg7 random=True changed=True
game 2 ply 60: Kf8 random=False changed=False
GAME 2: 1-0 checkmate 61 plies
{"points": {"Weak2 + Random": 0, "Weak2": 2}, "calls": 0, "interventions": 0, "jev_total_ms": 0, "jev_mean_ms": null, "tokens": 0, "random_picks": 45, "random_interventions": 27, "finished_games": 2}
