game 1 ply 1: Ng3 random=True changed=True
game 1 ply 3: Nh5 random=True changed=True
game 1 ply 7: a3 random=True changed=True
game 1 ply 9: b3 random=True changed=True
game 1 ply 11: Bb2 random=True changed=False
game 1 ply 13: h4 random=True changed=True
game 1 ply 15: d3 random=True changed=True
game 1 ply 17: c3 random=True changed=True
game 1 ply 19: g3 random=True changed=True
game 1 ply 20: Ra7 random=False changed=False
game 1 ply 21: e3 random=True changed=True
game 1 ply 23: Bg2 random=True changed=True
game 1 ply 25: Rb1 random=True changed=True
game 1 ply 27: Nd5 random=True changed=False
game 1 ply 31: Rc1 random=True changed=True
game 1 ply 33: Rc2 random=True changed=True
game 1 ply 40: Raxa8 random=False changed=False
game 1 ply 43: Bf5 random=True changed=True
game 1 ply 45: Re2 random=True changed=True
game 1 ply 47: Qa1 random=True changed=False
game 1 ply 49: Qb1 random=True changed=True
game 1 ply 51: Qa1 random=True changed=False
game 1 ply 53: Qa2 random=True changed=False
game 1 ply 55: hxg5 random=True changed=False
game 1 ply 59: Qxc5 random=True changed=False
game 1 ply 60: Bxe3 random=False changed=False
game 1 ply 61: Qxe3 random=True changed=True
game 1 ply 63: Be4 random=True changed=False
game 1 ply 65: axb4 random=True changed=False
game 1 ply 67: Qf4+ random=True changed=False
game 1 ply 69: Qd6+ random=True changed=True
game 1 ply 71: d4 random=True changed=True
game 1 ply 73: Bc1 random=True changed=True
game 1 ply 80: Kxb7 random=False changed=False
game 1 ply 85: Qd7+ random=True changed=True
game 1 ply 87: Qc6+ random=True changed=True
game 1 ply 89: Qc7+ random=True changed=False
GAME 1: 1/2-1/2 threefold_repetition 90 plies
game 2 ply 2: b6 random=True changed=True
game 2 ply 4: Nf6 random=True changed=False
game 2 ply 6: d6 random=True changed=True
game 2 ply 8: Bd7 random=True changed=True
game 2 ply 10: e6 random=True changed=True
game 2 ply 12: Be7 random=True changed=False
game 2 ply 14: g6 random=True changed=True
game 2 ply 16: h5 random=True changed=False
game 2 ply 18: Ra7 random=True changed=True
game 2 ply 20: Ra6 random=True changed=False
game 2 ply 22: Ra7 random=True changed=False
game 2 ply 24: Ra6 random=True changed=False
game 2 ply 26: Ra7 random=True changed=False
GAME 2: 1/2-1/2 threefold_repetition 26 plies
{"points": {"Weak2 + Random": 1.0, "Weak2": 1.0}, "calls": 0, "interventions": 0, "jev_total_ms": 0, "jev_mean_ms": null, "tokens": 0, "random_picks": 46, "random_interventions": 28, "finished_games": 2}
