game 1 ply 1: Nc3 random=True changed=False
game 1 ply 3: b3 random=True changed=True
game 1 ply 5: c5 random=True changed=True
game 1 ply 7: Bb2 random=True changed=False
game 1 ply 9: g3 random=True changed=True
game 1 ply 11: Bg2 random=True changed=False
game 1 ply 13: d3 random=True changed=True
game 1 ply 15: Ra2 random=True changed=True
game 1 ply 17: h3 random=True changed=True
game 1 ply 19: Ra1 random=True changed=True
game 1 ply 20: Ra7 random=False changed=False
game 1 ply 21: Rb1 random=True changed=True
game 1 ply 23: Ra1 random=True changed=True
game 1 ply 25: Ra2 random=True changed=True
GAME 1: 1/2-1/2 threefold_repetition 27 plies
game 2 ply 2: b6 random=True changed=True
game 2 ply 4: h5 random=True changed=True
game 2 ply 6: d6 random=True changed=True
game 2 ply 8: Bd7 random=True changed=True
game 2 ply 10: e6 random=True changed=True
game 2 ply 12: Nf6 random=True changed=False
game 2 ply 14: f4 random=True changed=True
game 2 ply 16: g6 random=True changed=True
game 2 ply 18: Ra6 random=True changed=True
game 2 ply 20: Ra7 random=True changed=True
game 2 ply 22: Bg7 random=True changed=True
game 2 ply 24: Ra6 random=True changed=False
game 2 ply 26: Ra7 random=True changed=False
game 2 ply 28: Rb7 random=True changed=True
GAME 2: 1/2-1/2 threefold_repetition 29 plies
{"points": {"Weak2 + Random": 1.0, "Weak2": 1.0}, "calls": 0, "interventions": 0, "jev_total_ms": 0, "jev_mean_ms": null, "tokens": 0, "random_picks": 27, "random_interventions": 21, "finished_games": 2}
