game 1 ply 1: Nf3 random=True changed=True
game 1 ply 3: Bd3 random=True changed=True
game 1 ply 5: Nc3 random=True changed=False
game 1 ply 7: b4 random=True changed=False
game 1 ply 9: Nb5 random=True changed=False
game 1 ply 11: g4 random=True changed=True
game 1 ply 13: Ng5 random=True changed=False
game 1 ply 15: Bb1 random=True changed=True
game 1 ply 17: Bc2 random=True changed=True
game 1 ply 20: Kxf7 random=False changed=False
game 1 ply 21: d4 random=True changed=True
game 1 ply 25: Bf4 random=True changed=False
game 1 ply 29: Rf1 random=True changed=True
game 1 ply 35: Qf4+ random=True changed=False
game 1 ply 37: Bf5 random=True changed=False
game 1 ply 40: Bg7 random=False changed=False
game 1 ply 47: f3 random=True changed=True
game 1 ply 59: Kc2 random=True changed=False
game 1 ply 60: Rxa1 random=False changed=False
game 1 ply 61: Qg6+ random=True changed=True
game 1 ply 63: Qd3+ random=True changed=False
game 1 ply 65: Qf3+ random=True changed=True
game 1 ply 67: Qf2+ random=True changed=False
game 1 ply 71: Qf5+ random=True changed=True
game 1 ply 73: Qd3+ random=True changed=True
game 1 ply 75: Qf5+ random=True changed=True
game 1 ply 77: Qd3+ random=True changed=True
GAME 1: 1/2-1/2 threefold_repetition 78 plies
game 2 ply 2: Ne5 random=True changed=True
game 2 ply 6: Be7 random=True changed=True
game 2 ply 8: Bd6 random=True changed=True
game 2 ply 10: Qh4+ random=True changed=False
game 2 ply 12: Qd8 random=True changed=False
game 2 ply 16: g5 random=True changed=True
game 2 ply 18: Bf6 random=True changed=False
game 2 ply 20: Kf8 random=True changed=True
game 2 ply 22: Rxc8 random=True changed=False
game 2 ply 26: b5 random=True changed=False
game 2 ply 28: Be5 random=True changed=True
game 2 ply 30: Nh6 random=True changed=True
game 2 ply 32: d6 random=True changed=True
game 2 ply 34: Bg7 random=True changed=True
game 2 ply 36: f6 random=True changed=True
game 2 ply 38: Ra8 random=True changed=True
game 2 ply 40: Nf7 random=True changed=False
game 2 ply 42: h6 random=True changed=True
game 2 ply 44: Ra7 random=True changed=False
game 2 ply 46: Rb7 random=True changed=True
game 2 ply 48: cxb4 random=True changed=True
game 2 ply 50: Rc7 random=True changed=True
game 2 ply 52: Rd7 random=True changed=True
game 2 ply 54: Rb7 random=True changed=False
game 2 ply 56: Rc7 random=True changed=True
game 2 ply 58: Rb7 random=True changed=False
game 2 ply 60: dxc5 random=False changed=False
game 2 ply 62: Kg8 random=True changed=True
game 2 ply 64: Qb8 random=True changed=True
game 2 ply 70: f5 random=True changed=True
game 2 ply 74: Kh7 random=True changed=True
game 2 ply 78: Nxh8 random=True changed=True
game 2 ply 80: Kf8 random=True changed=True
game 2 ply 82: Kg7 random=True changed=True
game 2 ply 84: Kg8 random=True changed=True
game 2 ply 86: Kf8 random=True changed=False
game 2 ply 88: Ke8 random=True changed=False
game 2 ply 90: Kd8 random=True changed=False
game 2 ply 92: Rb8 random=True changed=False
game 2 ply 96: Ke8 random=True changed=False
game 2 ply 98: Kf8 random=True changed=True
game 2 ply 100: Ke8 random=True changed=False
game 2 ply 102: Kf8 random=True changed=True
GAME 2: 1/2-1/2 threefold_repetition 104 plies
{"points": {"Weak2 + Random": 1.0, "Weak2": 1.0}, "calls": 0, "interventions": 0, "jev_total_ms": 0, "jev_mean_ms": null, "tokens": 0, "random_picks": 66, "random_interventions": 41, "finished_games": 2}
