game 1 ply 1: e4 random=True changed=True
game 1 ply 3: c4 random=True changed=False
game 1 ply 5: g4 random=True changed=True
game 1 ply 7: Bd3 random=True changed=False
game 1 ply 9: Ra2 random=True changed=True
game 1 ply 11: Ra1 random=True changed=True
game 1 ply 13: Ra3 random=True changed=True
game 1 ply 15: Ra2 random=True changed=True
game 1 ply 17: h3 random=True changed=False
game 1 ply 19: Kf1 random=True changed=True
game 1 ply 20: Ra6 random=False changed=False
game 1 ply 21: Qe1 random=True changed=True
game 1 ply 23: Ra3 random=True changed=True
game 1 ply 25: Ra2 random=True changed=True
game 1 ply 27: Ra1 random=True changed=False
GAME 1: 1/2-1/2 threefold_repetition 28 plies
game 2 ply 2: e5 random=True changed=True
game 2 ply 4: c6 random=True changed=True
game 2 ply 6: Bc5 random=True changed=False
game 2 ply 8: Ne7 random=True changed=True
game 2 ply 10: d6 random=True changed=True
game 2 ply 12: Bd7 random=True changed=True
game 2 ply 14: b6 random=True changed=True
game 2 ply 16: Ra7 random=True changed=True
game 2 ply 18: Ra8 random=True changed=True
game 2 ply 20: Ra7 random=True changed=True
game 2 ply 22: Ra8 random=True changed=True
game 2 ply 24: Be6 random=True changed=True
GAME 2: 1/2-1/2 threefold_repetition 25 plies
{"points": {"Weak2 + Random": 1.0, "Weak2": 1.0}, "calls": 0, "interventions": 0, "jev_total_ms": 0, "jev_mean_ms": null, "tokens": 0, "random_picks": 26, "random_interventions": 21, "finished_games": 2}
