game 1 ply 3: c4 random=True changed=True
game 1 ply 5: Ng5 random=True changed=True
game 1 ply 7: Nc3 random=True changed=False
game 1 ply 9: fxe3 random=True changed=True
game 1 ply 11: Nf3 random=True changed=True
game 1 ply 13: Bb2 random=True changed=False
game 1 ply 15: e4 random=True changed=True
game 1 ply 17: g4 random=True changed=True
game 1 ply 20: Bd4 random=False changed=False
game 1 ply 23: a5 random=True changed=True
game 1 ply 27: dxc3 random=True changed=True
game 1 ply 39: Ra1 random=True changed=True
game 1 ply 40: Qh4+ random=False changed=False
game 1 ply 43: Ke1 random=True changed=True
game 1 ply 47: Kc3 random=True changed=False
game 1 ply 53: Kb3 random=True changed=False
game 1 ply 59: Ka3 random=True changed=False
game 1 ply 60: Qxd3+ random=False changed=False
GAME 1: 0-1 checkmate 62 plies
game 2 ply 2: Nb4 random=True changed=False
game 2 ply 4: Nbd5 random=True changed=False
game 2 ply 6: Ne4 random=True changed=True
game 2 ply 8: f5 random=True changed=True
game 2 ply 10: Nb4 random=True changed=True
game 2 ply 14: Qf6 random=True changed=True
game 2 ply 20: Bc5 random=True changed=False
game 2 ply 24: Qb6+ random=True changed=True
game 2 ply 26: Bc3 random=True changed=False
game 2 ply 28: Ke7 random=True changed=True
game 2 ply 30: Kd8 random=True changed=True
game 2 ply 32: bxc6 random=True changed=False
game 2 ply 36: d5 random=True changed=True
game 2 ply 38: Ke8 random=True changed=True
game 2 ply 40: c6 random=True changed=True
game 2 ply 42: h5 random=True changed=False
game 2 ply 44: g6 random=True changed=True
game 2 ply 46: Qc7 random=True changed=True
game 2 ply 48: Qb6 random=True changed=True
game 2 ply 50: hxg4 random=True changed=True
game 2 ply 58: Qa1+ random=True changed=False
game 2 ply 60: Qxh1 random=False changed=False
game 2 ply 62: Qh3+ random=True changed=True
game 2 ply 66: Kd8 random=True changed=False
game 2 ply 68: Ke8 random=True changed=True
game 2 ply 70: Kd8 random=True changed=False
game 2 ply 72: Ke7 random=True changed=True
GAME 2: 1/2-1/2 threefold_repetition 73 plies
{"points": {"Weak2 + Random": 0.5, "Weak2": 1.5}, "calls": 0, "interventions": 0, "jev_total_ms": 0, "jev_mean_ms": null, "tokens": 0, "random_picks": 41, "random_interventions": 27, "finished_games": 2}
