game 1 ply 1: a3 random=True changed=True
game 1 ply 3: a4 random=True changed=False
game 1 ply 5: d3 random=True changed=True
game 1 ply 7: Bd2 random=True changed=True
game 1 ply 9: Bf4 random=True changed=True
game 1 ply 11: b3 random=True changed=False
game 1 ply 13: Rb1 random=True changed=True
game 1 ply 15: g3 random=True changed=False
game 1 ply 17: Ra1 random=True changed=True
game 1 ply 19: Bg2 random=True changed=False
game 1 ply 20: Ra6 random=False changed=False
game 1 ply 21: Rb1 random=True changed=True
game 1 ply 23: Rc1 random=True changed=True
game 1 ply 25: Ra1 random=True changed=False
game 1 ply 27: Ra2 random=True changed=False
game 1 ply 29: Rb2 random=True changed=True
game 1 ply 31: Rb1 random=True changed=True
game 1 ply 33: Rc1 random=True changed=True
game 1 ply 35: Rb1 random=True changed=True
game 1 ply 37: Rb2 random=True changed=True
GAME 1: 1/2-1/2 threefold_repetition 38 plies
game 2 ply 2: a5 random=True changed=False
game 2 ply 4: b6 random=True changed=True
game 2 ply 6: Bb7 random=True changed=False
game 2 ply 8: d6 random=True changed=True
game 2 ply 10: g6 random=True changed=True
game 2 ply 12: Bg7 random=True changed=False
game 2 ply 14: h5 random=True changed=False
game 2 ply 16: Ra6 random=True changed=True
game 2 ply 18: Ra7 random=True changed=True
game 2 ply 20: e6 random=True changed=False
game 2 ply 22: Ra6 random=True changed=False
game 2 ply 24: Ra8 random=True changed=True
game 2 ply 26: Ra7 random=True changed=True
game 2 ply 28: Ra8 random=True changed=True
game 2 ply 30: Rb8 random=True changed=True
GAME 2: 1/2-1/2 threefold_repetition 31 plies
{"points": {"Weak2 + Random": 1.0, "Weak2": 1.0}, "calls": 0, "interventions": 0, "jev_total_ms": 0, "jev_mean_ms": null, "tokens": 0, "random_picks": 34, "random_interventions": 22, "finished_games": 2}
