game 1 ply 3: Bd3 random=True changed=True
game 1 ply 5: Ne2 random=True changed=True
game 1 ply 7: Nec3 random=True changed=True
game 1 ply 9: b3 random=True changed=True
game 1 ply 11: h4 random=True changed=True
game 1 ply 13: Bb2 random=True changed=False
game 1 ply 15: Ra3 random=True changed=True
game 1 ply 17: Ra1 random=True changed=True
game 1 ply 19: g3 random=True changed=False
game 1 ply 20: Ra7 random=False changed=False
game 1 ply 21: Ra3 random=True changed=True
game 1 ply 23: Ra1 random=True changed=False
game 1 ply 25: Ra3 random=True changed=True
GAME 1: 1/2-1/2 threefold_repetition 26 plies
game 2 ply 2: Nc6 random=True changed=False
game 2 ply 4: b6 random=True changed=True
game 2 ply 8: Bb7 random=True changed=True
game 2 ply 10: a5 random=True changed=False
game 2 ply 12: h5 random=True changed=True
game 2 ply 14: Ra6 random=True changed=True
game 2 ply 16: d6 random=True changed=False
game 2 ply 18: Ra7 random=True changed=False
game 2 ply 20: Ra8 random=True changed=True
game 2 ply 22: Ra6 random=True changed=False
game 2 ply 24: Ra8 random=True changed=True
game 2 ply 26: Ra7 random=True changed=True
GAME 2: 1/2-1/2 threefold_repetition 28 plies
{"points": {"Weak2 + Random": 1.0, "Weak2": 1.0}, "calls": 0, "interventions": 0, "jev_total_ms": 0, "jev_mean_ms": null, "tokens": 0, "random_picks": 24, "random_interventions": 16, "finished_games": 2}
