game 1 ply 1: d3 random=True changed=True
game 1 ply 3: Bd2 random=True changed=True
game 1 ply 5: h4 random=True changed=True
game 1 ply 7: Bf4 random=True changed=True
game 1 ply 9: e3 random=True changed=True
game 1 ply 11: b3 random=True changed=True
game 1 ply 13: g3 random=True changed=True
game 1 ply 15: Ra2 random=True changed=True
game 1 ply 17: Be2 random=True changed=False
game 1 ply 19: Qa1 random=True changed=True
game 1 ply 20: Ra7 random=False changed=False
game 1 ply 21: Qc1 random=True changed=True
game 1 ply 23: Ra1 random=True changed=False
game 1 ply 25: Qb1 random=True changed=True
game 1 ply 27: Ra2 random=True changed=False
game 1 ply 29: Rb2 random=True changed=True
game 1 ply 31: Qc1 random=True changed=True
game 1 ply 33: Rb1 random=True changed=True
game 1 ply 35: Qb2 random=True changed=True
game 1 ply 37: Ra1 random=True changed=False
game 1 ply 39: Ra2 random=True changed=False
game 1 ply 40: Ra7 random=False changed=False
game 1 ply 41: Qb1 random=True changed=True
game 1 ply 43: Rb2 random=True changed=True
game 1 ply 45: Qa1 random=True changed=False
game 1 ply 47: Qb1 random=True changed=True
game 1 ply 49: Qc1 random=True changed=True
GAME 1: 1/2-1/2 threefold_repetition 50 plies
game 2 ply 2: b6 random=True changed=True
game 2 ply 4: Bb7 random=True changed=False
game 2 ply 6: d6 random=True changed=True
game 2 ply 8: g6 random=True changed=True
game 2 ply 10: Bg7 random=True changed=False
game 2 ply 12: h5 random=True changed=False
game 2 ply 14: e6 random=True changed=False
game 2 ply 16: Rb8 random=True changed=True
game 2 ply 18: Rc8 random=True changed=True
game 2 ply 20: Ra8 random=True changed=False
game 2 ply 22: Ra6 random=True changed=False
game 2 ply 24: Ra7 random=True changed=False
game 2 ply 26: Ra8 random=True changed=True
game 2 ply 28: Ra7 random=True changed=True
game 2 ply 30: Qa8 random=True changed=True
GAME 2: 1/2-1/2 threefold_repetition 31 plies
{"points": {"Weak2 + Random": 1.0, "Weak2": 1.0}, "calls": 0, "interventions": 0, "jev_total_ms": 0, "jev_mean_ms": null, "tokens": 0, "random_picks": 40, "random_interventions": 27, "finished_games": 2}
