game 1 ply 1: b3 random=True changed=True
game 1 ply 3: Bb2 random=True changed=False
game 1 ply 5: e3 random=True changed=True
game 1 ply 7: Bxb5 random=True changed=False
game 1 ply 9: Qxc2 random=True changed=True
game 1 ply 17: h4 random=True changed=True
game 1 ply 20: Ne8 random=False changed=False
game 1 ply 21: g4 random=True changed=True
game 1 ply 23: d3 random=True changed=True
game 1 ply 25: gxf5 random=True changed=False
game 1 ply 27: Ra2 random=True changed=True
game 1 ply 31: Ng6+ random=True changed=True
game 1 ply 37: Ke2 random=True changed=True
game 1 ply 40: Kd7 random=False changed=False
game 1 ply 41: Qa7+ random=True changed=True
game 1 ply 43: Qxa5 random=True changed=False
game 1 ply 45: Kd2 random=True changed=True
game 1 ply 47: Rc2+ random=True changed=False
game 1 ply 49: Qd5+ random=True changed=True
game 1 ply 53: Qc7+ random=True changed=True
game 1 ply 55: Qb7+ random=True changed=True
game 1 ply 57: f4 random=True changed=True
game 1 ply 59: e4 random=True changed=True
game 1 ply 60: Qxf4+ random=False changed=False
game 1 ply 61: Kd1 random=True changed=True
game 1 ply 65: Kd1 random=True changed=True
GAME 1: 1/2-1/2 threefold_repetition 70 plies
game 2 ply 2: b5 random=True changed=True
game 2 ply 4: Nb8 random=True changed=True
game 2 ply 6: a5 random=True changed=True
game 2 ply 8: Nd7 random=True changed=True
game 2 ply 10: h5 random=True changed=True
game 2 ply 12: Be4 random=True changed=True
game 2 ply 18: Qc3+ random=True changed=True
game 2 ply 20: Bxd4 random=False changed=False
game 2 ply 22: Nc5 random=True changed=True
game 2 ply 24: e5 random=True changed=True
game 2 ply 26: f5 random=True changed=True
game 2 ply 28: Ne7 random=True changed=True
game 2 ply 30: Nxb7 random=True changed=False
game 2 ply 32: Bb6 random=True changed=True
game 2 ply 34: Kf7 random=True changed=True
game 2 ply 38: Qg3+ random=True changed=True
game 2 ply 40: Bd5 random=False changed=False
game 2 ply 44: Nc5 random=True changed=True
game 2 ply 46: f4 random=True changed=False
game 2 ply 48: Nf5 random=True changed=False
game 2 ply 50: Ne3+ random=True changed=True
game 2 ply 52: Nb7 random=True changed=True
game 2 ply 54: Bxa7 random=True changed=True
game 2 ply 58: Kg7 random=True changed=True
game 2 ply 60: Nxc4 random=True changed=False
game 2 ply 62: fxg3 random=True changed=True
game 2 ply 64: Kh7 random=True changed=True
game 2 ply 66: Kg6 random=True changed=True
game 2 ply 68: Kh7 random=True changed=True
game 2 ply 74: Rd8+ random=True changed=False
game 2 ply 76: Rb8 random=True changed=True
game 2 ply 78: Rb7 random=True changed=True
game 2 ply 80: Rb6 random=True changed=True
game 2 ply 84: Kh8 random=True changed=True
game 2 ply 86: Kg7 random=True changed=True
GAME 2: 1-0 checkmate 89 plies
{"points": {"Weak2 + Random": 0.5, "Weak2": 1.5}, "calls": 0, "interventions": 0, "jev_total_ms": 0, "jev_mean_ms": null, "tokens": 0, "random_picks": 56, "random_interventions": 46, "finished_games": 2}
