game 1 ply 1: Nc3 random=True changed=False
game 1 ply 3: b3 random=True changed=True
game 1 ply 5: d3 random=True changed=True
game 1 ply 7: Bb2 random=True changed=True
game 1 ply 9: g3 random=True changed=True
game 1 ply 11: e3 random=True changed=True
game 1 ply 13: h4 random=True changed=True
game 1 ply 15: Be2 random=True changed=False
game 1 ply 17: Rb1 random=True changed=True
game 1 ply 19: Rc1 random=True changed=True
game 1 ply 20: Ra6 random=False changed=False
game 1 ply 21: Rb1 random=True changed=True
game 1 ply 23: Ra1 random=True changed=False
GAME 1: 1/2-1/2 threefold_repetition 24 plies
game 2 ply 2: f5 random=True changed=True
game 2 ply 4: d6 random=True changed=False
game 2 ply 6: Be6 random=True changed=False
game 2 ply 10: Nf6 random=True changed=False
game 2 ply 12: b6 random=True changed=False
game 2 ply 14: e6 random=True changed=False
game 2 ply 16: Be7 random=True changed=False
game 2 ply 18: Ra6 random=True changed=True
game 2 ply 20: Ra8 random=True changed=True
game 2 ply 22: g6 random=True changed=False
game 2 ply 24: Ra7 random=True changed=True
game 2 ply 26: Ra8 random=True changed=True
game 2 ply 28: Rb8 random=True changed=True
GAME 2: 1/2-1/2 threefold_repetition 29 plies
{"points": {"Weak2 + Random": 1.0, "Weak2": 1.0}, "calls": 0, "interventions": 0, "jev_total_ms": 0, "jev_mean_ms": null, "tokens": 0, "random_picks": 25, "random_interventions": 15, "finished_games": 2}
