game 1 ply 1: h4 random=True changed=False
game 1 ply 3: e3 random=True changed=True
game 1 ply 5: Bb5 random=True changed=True
game 1 ply 7: d4 random=True changed=True
game 1 ply 9: Ne5 random=True changed=False
game 1 ply 11: Rg1 random=True changed=False
game 1 ply 13: Bd2 random=True changed=True
game 1 ply 17: b3 random=True changed=True
game 1 ply 19: Bc4 random=True changed=False
game 1 ply 20: Bd6 random=False changed=False
game 1 ply 21: Bxe6 random=True changed=True
game 1 ply 23: Bxf7+ random=True changed=True
game 1 ply 25: f4 random=True changed=False
game 1 ply 33: f5+ random=True changed=False
game 1 ply 35: Rg6+ random=True changed=True
game 1 ply 37: Ra2 random=True changed=True
game 1 ply 39: Qd1 random=True changed=True
game 1 ply 40: c4 random=False changed=False
game 1 ply 43: Qxd5+ random=True changed=True
game 1 ply 45: Qc5+ random=True changed=True
game 1 ply 47: Rb2+ random=True changed=False
game 1 ply 49: Ra2 random=True changed=True
game 1 ply 51: Bxf6 random=True changed=False
game 1 ply 55: Qxa5+ random=True changed=False
game 1 ply 60: Ka7 random=False changed=False
game 1 ply 61: Qc5+ random=True changed=True
game 1 ply 65: Qa5+ random=True changed=False
game 1 ply 67: Qd5+ random=True changed=True
GAME 1: 1/2-1/2 threefold_repetition 68 plies
game 2 ply 2: a5 random=True changed=False
game 2 ply 4: d6 random=True changed=True
game 2 ply 6: Bd7 random=True changed=True
game 2 ply 8: b6 random=True changed=True
game 2 ply 10: Bf5 random=True changed=True
game 2 ply 12: Ra6 random=True changed=True
game 2 ply 14: g6 random=True changed=True
game 2 ply 16: e6 random=True changed=True
game 2 ply 18: Bg7 random=True changed=True
game 2 ply 20: Ra8 random=True changed=True
game 2 ply 22: Ra6 random=True changed=False
game 2 ply 24: Ra8 random=True changed=True
GAME 2: 1/2-1/2 threefold_repetition 25 plies
{"points": {"Weak2 + Random": 1.0, "Weak2": 1.0}, "calls": 0, "interventions": 0, "jev_total_ms": 0, "jev_mean_ms": null, "tokens": 0, "random_picks": 37, "random_interventions": 25, "finished_games": 2}
