game 1 ply 1: a4 random=True changed=False
game 1 ply 3: e3 random=True changed=True
game 1 ply 5: Bb5 random=True changed=True
game 1 ply 7: Bc4 random=True changed=False
game 1 ply 9: d3 random=True changed=True
game 1 ply 11: Bd2 random=True changed=False
game 1 ply 13: Ra2 random=True changed=True
game 1 ply 15: Ra1 random=True changed=True
game 1 ply 17: Ra2 random=True changed=True
game 1 ply 19: b3 random=True changed=False
game 1 ply 20: Ra7 random=False changed=False
game 1 ply 21: Ra3 random=True changed=True
game 1 ply 23: Ra1 random=True changed=True
game 1 ply 25: g3 random=True changed=False
game 1 ply 27: Ra2 random=True changed=False
game 1 ply 29: Ra3 random=True changed=True
game 1 ply 31: Qa1 random=True changed=True
game 1 ply 33: Qb1 random=True changed=True
game 1 ply 35: Ra2 random=True changed=True
game 1 ply 37: Rb2 random=True changed=True
game 1 ply 39: Qa2 random=True changed=True
game 1 ply 40: Ra7 random=False changed=False
game 1 ply 41: Qb1 random=True changed=True
game 1 ply 43: Qc1 random=True changed=True
GAME 1: 1/2-1/2 threefold_repetition 44 plies
game 2 ply 2: a5 random=True changed=True
game 2 ply 4: b6 random=True changed=True
game 2 ply 6: d6 random=True changed=True
game 2 ply 8: Be6 random=True changed=False
game 2 ply 10: g6 random=True changed=True
game 2 ply 12: h5 random=True changed=True
game 2 ply 14: Ra6 random=True changed=True
game 2 ply 16: Ra8 random=True changed=True
game 2 ply 18: Bg7 random=True changed=False
game 2 ply 20: Ra7 random=True changed=True
game 2 ply 22: Rb7 random=True changed=True
game 2 ply 24: Rb8 random=True changed=True
game 2 ply 26: Rc8 random=True changed=True
game 2 ply 28: Ra8 random=True changed=False
game 2 ply 30: Rb8 random=True changed=True
game 2 ply 32: Ra8 random=True changed=False
game 2 ply 34: Ra7 random=True changed=True
GAME 2: 1/2-1/2 threefold_repetition 35 plies
{"points": {"Weak2 + Random": 1.0, "Weak2": 1.0}, "calls": 0, "interventions": 0, "jev_total_ms": 0, "jev_mean_ms": null, "tokens": 0, "random_picks": 39, "random_interventions": 29, "finished_games": 2}
