game 1 ply 1: Nf3 random=True changed=False
game 1 ply 3: Ne5 random=True changed=False
game 1 ply 11: a4 random=True changed=False
game 1 ply 13: b4 random=True changed=True
game 1 ply 15: hxg4 random=True changed=False
game 1 ply 17: Be2 random=True changed=True
game 1 ply 19: Bb2 random=True changed=False
game 1 ply 20: Nc6 random=False changed=False
game 1 ply 23: Rxa4 random=True changed=False
game 1 ply 31: Bb2 random=True changed=True
game 1 ply 33: Rh8+ random=True changed=True
game 1 ply 37: fxe3 random=True changed=True
game 1 ply 39: Be5 random=True changed=False
game 1 ply 40: Bd5 random=False changed=False
game 1 ply 41: Ra1 random=True changed=True
game 1 ply 43: Ra4 random=True changed=True
game 1 ply 47: Be5 random=True changed=True
game 1 ply 49: Bxc3 random=True changed=True
game 1 ply 51: Bf1 random=True changed=True
game 1 ply 53: g3 random=True changed=True
game 1 ply 55: Be2 random=True changed=True
game 1 ply 57: Ra1 random=True changed=True
game 1 ply 59: Bd4 random=True changed=False
game 1 ply 60: Qb4 random=False changed=False
game 1 ply 61: Bf6 random=True changed=False
game 1 ply 65: Bg5 random=True changed=True
game 1 ply 67: Qd7+ random=True changed=True
GAME 1: 1-0 checkmate 71 plies
game 2 ply 4: f5 random=True changed=True
game 2 ply 10: axb4 random=True changed=False
game 2 ply 12: Nf6 random=True changed=True
game 2 ply 14: Be6 random=True changed=True
game 2 ply 18: Qxf6 random=True changed=True
game 2 ply 20: Kd8 random=True changed=True
game 2 ply 22: Bd6 random=True changed=True
game 2 ply 24: Nd7 random=True changed=True
game 2 ply 26: Bd5 random=True changed=True
game 2 ply 28: Be5 random=True changed=True
game 2 ply 30: h5 random=True changed=True
game 2 ply 32: Nb8 random=True changed=False
game 2 ply 34: g5 random=True changed=False
game 2 ply 36: Nc6 random=True changed=False
game 2 ply 38: Ke7 random=True changed=True
game 2 ply 40: bxc6 random=True changed=False
game 2 ply 44: Qxa5 random=True changed=False
game 2 ply 46: Qa7 random=True changed=True
game 2 ply 48: c5 random=True changed=True
game 2 ply 50: c4 random=True changed=False
game 2 ply 52: Qa6 random=True changed=True
game 2 ply 54: Qa3 random=True changed=True
game 2 ply 56: Ke6 random=True changed=True
game 2 ply 58: Kd7 random=True changed=True
game 2 ply 60: Qa6 random=True changed=True
game 2 ply 62: Qa5 random=True changed=True
game 2 ply 64: Qa6 random=True changed=True
game 2 ply 66: Qa7 random=True changed=True
game 2 ply 68: Kc8 random=True changed=True
game 2 ply 70: Kd7 random=True changed=True
game 2 ply 72: Kc7 random=True changed=False
GAME 2: 1/2-1/2 threefold_repetition 74 plies
{"points": {"Weak2 + Random": 1.5, "Weak2": 0.5}, "calls": 0, "interventions": 0, "jev_total_ms": 0, "jev_mean_ms": null, "tokens": 0, "random_picks": 55, "random_interventions": 38, "finished_games": 2}
