game 1 ply 1: d4 random=True changed=True
game 1 ply 3: Nc3 random=True changed=False
game 1 ply 5: Bf4 random=True changed=True
game 1 ply 7: Ne5 random=True changed=False
game 1 ply 9: axb5 random=True changed=False
game 1 ply 11: bxc6 random=True changed=True
game 1 ply 15: f4 random=True changed=True
game 1 ply 19: g4 random=True changed=True
game 1 ply 20: Bxg4 random=False changed=False
game 1 ply 21: Nh4 random=True changed=True
game 1 ply 23: Bg2 random=True changed=True
game 1 ply 25: Bf3 random=True changed=True
game 1 ply 27: Ng2 random=True changed=True
game 1 ply 29: Ne3 random=True changed=True
game 1 ply 31: h4 random=True changed=False
game 1 ply 33: Qd2 random=True changed=True
game 1 ply 35: Ncxd5 random=True changed=True
game 1 ply 37: Bxd5 random=True changed=True
game 1 ply 40: Kf7 random=False changed=False
game 1 ply 43: Kd1 random=True changed=True
game 1 ply 45: dxe5 random=True changed=True
game 1 ply 47: e6+ random=True changed=True
game 1 ply 51: Qxe7+ random=True changed=False
game 1 ply 53: Qd8+ random=True changed=False
game 1 ply 55: Bf3 random=True changed=True
game 1 ply 57: Kc1 random=True changed=True
game 1 ply 60: Qa3 random=False changed=False
game 1 ply 61: Bc6 random=True changed=True
game 1 ply 63: Qd5+ random=True changed=True
game 1 ply 65: Qe5+ random=True changed=True
game 1 ply 75: Qf7+ random=True changed=True
game 1 ply 80: Kb5 random=False changed=False
game 1 ply 81: Qb8+ random=True changed=True
game 1 ply 83: Qb3+ random=True changed=False
game 1 ply 85: Ra5+ random=True changed=False
game 1 ply 87: Qb8+ random=True changed=True
game 1 ply 89: Qa7+ random=True changed=True
game 1 ply 91: e4 random=True changed=False
GAME 1: 1/2-1/2 stalemate 95 plies
game 2 ply 2: a5 random=True changed=True
game 2 ply 6: b5 random=True changed=True
game 2 ply 10: c5 random=True changed=False
game 2 ply 16: Rb5 random=True changed=False
game 2 ply 20: Be4 random=True changed=True
game 2 ply 22: Bxe7 random=True changed=False
game 2 ply 24: Nbd7 random=True changed=True
game 2 ply 26: h5 random=True changed=True
game 2 ply 28: Rbb8 random=True changed=True
game 2 ply 38: Be4 random=True changed=False
game 2 ply 40: Bxf5 random=False changed=False
game 2 ply 42: Nf6 random=True changed=True
game 2 ply 46: g5 random=True changed=True
game 2 ply 50: Qa7 random=True changed=True
game 2 ply 52: Ke7 random=True changed=True
game 2 ply 54: Kd8 random=True changed=True
game 2 ply 56: Kc7 random=True changed=False
game 2 ply 60: Bd7 random=False changed=False
game 2 ply 62: Bf2 random=True changed=False
game 2 ply 64: Kb7 random=True changed=False
game 2 ply 66: Ka6 random=True changed=False
game 2 ply 72: Bc5 random=True changed=True
GAME 2: 1-0 checkmate 75 plies
{"points": {"Weak2 + Random": 0.5, "Weak2": 1.5}, "calls": 0, "interventions": 0, "jev_total_ms": 0, "jev_mean_ms": null, "tokens": 0, "random_picks": 54, "random_interventions": 37, "finished_games": 2}
