game 1 ply 1: e4 random=True changed=True
game 1 ply 3: Bc4 random=True changed=False
game 1 ply 5: g4 random=True changed=True
game 1 ply 7: d3 random=True changed=True
game 1 ply 9: Bxb5 random=True changed=True
game 1 ply 13: Bd2 random=True changed=True
game 1 ply 15: Ra2 random=True changed=False
game 1 ply 17: Ne2 random=True changed=True
game 1 ply 20: Bb7 random=False changed=False
game 1 ply 21: c3 random=True changed=True
game 1 ply 23: h3 random=True changed=False
game 1 ply 25: gxf5 random=True changed=True
game 1 ply 27: Ra1 random=True changed=False
game 1 ply 29: Ra2 random=True changed=False
game 1 ply 31: Rb2 random=True changed=True
game 1 ply 33: Rb1 random=True changed=True
game 1 ply 37: Ra1 random=True changed=True
game 1 ply 39: f4 random=True changed=False
game 1 ply 40: exf4 random=False changed=False
game 1 ply 41: Ndxf4 random=True changed=True
game 1 ply 45: Ba2 random=True changed=True
game 1 ply 55: d6 random=True changed=False
GAME 1: 0-1 checkmate 58 plies
game 2 ply 2: e4 random=True changed=False
game 2 ply 4: Bc5 random=True changed=False
game 2 ply 6: Bd4 random=True changed=False
game 2 ply 8: g5 random=True changed=True
game 2 ply 10: b5 random=True changed=True
game 2 ply 12: Nb8 random=True changed=True
game 2 ply 14: c5 random=True changed=True
game 2 ply 16: dxc6 random=True changed=True
game 2 ply 20: cxd5 random=False changed=False
game 2 ply 22: Bxg4 random=True changed=False
game 2 ply 26: Kd8 random=True changed=False
GAME 2: 0-1 checkmate 30 plies
{"points": {"Weak2 + Random": 1, "Weak2": 1}, "calls": 0, "interventions": 0, "jev_total_ms": 0, "jev_mean_ms": null, "tokens": 0, "random_picks": 30, "random_interventions": 18, "finished_games": 2}
