game 1 ply 1: Nc3 random=True changed=False
game 1 ply 3: c5 random=True changed=True
game 1 ply 5: e4 random=True changed=True
game 1 ply 7: Bc4 random=True changed=False
game 1 ply 11: axb5 random=True changed=False
game 1 ply 13: f4 random=True changed=True
game 1 ply 15: e5 random=True changed=False
game 1 ply 20: Qh4+ random=False changed=False
game 1 ply 27: h4 random=True changed=False
game 1 ply 31: Ra2 random=True changed=True
game 1 ply 33: Nd3 random=True changed=False
game 1 ply 35: Ke1 random=True changed=True
game 1 ply 37: Bxe6 random=True changed=True
game 1 ply 39: Ne5 random=True changed=True
game 1 ply 40: Qxe5+ random=False changed=False
game 1 ply 41: Kf2 random=True changed=True
game 1 ply 43: Ke1 random=True changed=False
game 1 ply 47: Ke1 random=True changed=False
GAME 1: 1/2-1/2 threefold_repetition 51 plies
game 2 ply 2: b6 random=True changed=True
game 2 ply 4: Bb7 random=True changed=False
game 2 ply 6: e6 random=True changed=True
game 2 ply 8: Bd6 random=True changed=True
game 2 ply 10: h5 random=True changed=False
game 2 ply 12: Ra6 random=True changed=True
game 2 ply 14: Ra7 random=True changed=True
game 2 ply 16: Ra6 random=True changed=True
game 2 ply 18: g6 random=True changed=False
game 2 ply 20: Bc5 random=True changed=True
game 2 ply 22: d6 random=True changed=False
game 2 ply 24: Ra8 random=True changed=True
game 2 ply 26: Rb8 random=True changed=True
game 2 ply 28: Rc8 random=True changed=True
game 2 ply 30: Qd7 random=True changed=True
game 2 ply 32: Rb8 random=True changed=True
game 2 ply 34: Rd8 random=True changed=True
game 2 ply 36: Qc8 random=True changed=False
game 2 ply 38: Qd7 random=True changed=True
game 2 ply 40: Qe7 random=True changed=True
GAME 2: 1/2-1/2 threefold_repetition 41 plies
{"points": {"Weak2 + Random": 1.0, "Weak2": 1.0}, "calls": 0, "interventions": 0, "jev_total_ms": 0, "jev_mean_ms": null, "tokens": 0, "random_picks": 36, "random_interventions": 23, "finished_games": 2}
