game 1 ply 3: a5 random=True changed=True
game 1 ply 5: d3 random=True changed=True
game 1 ply 7: Be3 random=True changed=False
game 1 ply 9: Ra2 random=True changed=False
game 1 ply 11: Ra4 random=True changed=True
game 1 ply 13: Ra1 random=True changed=False
game 1 ply 15: bxa6 random=True changed=False
game 1 ply 17: Ra2 random=True changed=False
game 1 ply 19: Ra3 random=True changed=True
game 1 ply 20: Bb7 random=False changed=False
game 1 ply 21: Ra2 random=True changed=True
game 1 ply 23: Ra1 random=True changed=False
game 1 ply 25: Ra4 random=True changed=True
game 1 ply 27: Ra2 random=True changed=True
game 1 ply 29: Ra1 random=True changed=False
game 1 ply 31: Ra4 random=True changed=True
game 1 ply 33: Ra3 random=True changed=True
game 1 ply 35: Ra1 random=True changed=False
game 1 ply 37: Ra3 random=True changed=True
GAME 1: 1/2-1/2 threefold_repetition 38 plies
game 2 ply 2: h5 random=True changed=True
game 2 ply 4: c5 random=True changed=True
game 2 ply 6: a5 random=True changed=False
game 2 ply 8: Nxa6 random=True changed=True
game 2 ply 10: Nc7 random=True changed=True
game 2 ply 12: g5 random=True changed=True
game 2 ply 14: Ng4 random=True changed=False
game 2 ply 16: Bf8 random=True changed=True
game 2 ply 18: Ne6 random=True changed=True
game 2 ply 20: d5 random=True changed=True
game 2 ply 22: Bd7 random=True changed=True
game 2 ply 26: Bc6 random=True changed=True
game 2 ply 28: Bxe4 random=True changed=True
game 2 ply 32: Nxg5 random=True changed=True
game 2 ply 34: Bxg2 random=True changed=False
game 2 ply 38: f6 random=True changed=True
game 2 ply 40: Kd7 random=True changed=False
game 2 ply 42: f5 random=True changed=False
game 2 ply 44: Kc7 random=True changed=False
game 2 ply 46: Kd7 random=True changed=True
game 2 ply 48: Kd6 random=True changed=True
game 2 ply 50: Ke6 random=True changed=True
game 2 ply 52: Kd6 random=True changed=False
game 2 ply 58: Kc7 random=True changed=False
game 2 ply 60: Kd6 random=True changed=True
game 2 ply 62: Kc7 random=True changed=False
game 2 ply 64: Kd8 random=True changed=True
GAME 2: 1/2-1/2 threefold_repetition 66 plies
{"points": {"Weak2 + Random": 1.0, "Weak2": 1.0}, "calls": 0, "interventions": 0, "jev_total_ms": 0, "jev_mean_ms": null, "tokens": 0, "random_picks": 45, "random_interventions": 28, "finished_games": 2}
