game 1 ply 3: h4 random=True changed=True
game 1 ply 5: b3 random=True changed=True
game 1 ply 7: d4 random=True changed=True
game 1 ply 9: f3 random=True changed=True
game 1 ply 17: Nc3 random=True changed=True
game 1 ply 19: Bf4 random=True changed=True
game 1 ply 20: d6 random=False changed=False
game 1 ply 23: e3 random=True changed=False
game 1 ply 25: Bc4 random=True changed=False
game 1 ply 31: Nge2 random=True changed=True
game 1 ply 37: Kxe2 random=True changed=True
game 1 ply 39: Bc6 random=True changed=True
game 1 ply 40: Ra6 random=False changed=False
game 1 ply 41: Bd5 random=True changed=False
game 1 ply 47: Ke1 random=True changed=True
game 1 ply 49: Ke2 random=True changed=True
game 1 ply 51: Kxd1 random=True changed=True
game 1 ply 53: Bc4 random=True changed=False
game 1 ply 57: Ke2 random=True changed=True
game 1 ply 59: Kd3 random=True changed=True
game 1 ply 60: Ra3 random=False changed=False
game 1 ply 61: Kc4 random=True changed=True
game 1 ply 63: Kd3 random=True changed=True
game 1 ply 65: d5 random=True changed=False
game 1 ply 67: Kd2 random=True changed=False
game 1 ply 69: e4 random=True changed=True
game 1 ply 71: Kd1 random=True changed=False
game 1 ply 73: Ke2 random=True changed=True
game 1 ply 75: Kd1 random=True changed=False
game 1 ply 77: Kd2 random=True changed=False
game 1 ply 80: Rc3+ random=False changed=False
game 1 ply 81: Kd2 random=True changed=False
game 1 ply 83: Kd1 random=True changed=False
game 1 ply 85: Kd2 random=True changed=False
game 1 ply 87: Kd1 random=True changed=False
GAME 1: 0-1 checkmate 90 plies
game 2 ply 2: h5 random=True changed=True
game 2 ply 4: c6 random=True changed=True
game 2 ply 6: a6 random=True changed=True
game 2 ply 8: Ng6 random=True changed=True
game 2 ply 10: Nf4 random=True changed=False
game 2 ply 12: g6 random=True changed=True
game 2 ply 14: Ra7 random=True changed=True
game 2 ply 20: exd6 random=True changed=False
game 2 ply 22: Bxe6 random=True changed=False
game 2 ply 24: Be7 random=True changed=False
game 2 ply 26: b5 random=True changed=False
game 2 ply 30: a5 random=True changed=False
game 2 ply 32: Ra6 random=True changed=True
game 2 ply 34: Nd5 random=True changed=True
game 2 ply 36: Nf6 random=True changed=True
game 2 ply 40: Nxg3 random=False changed=False
game 2 ply 42: Nf5 random=True changed=True
game 2 ply 46: d5 random=True changed=True
game 2 ply 48: Bf6 random=True changed=False
game 2 ply 50: Rc6 random=True changed=True
game 2 ply 52: Rc4 random=True changed=True
game 2 ply 54: Rc8 random=True changed=True
game 2 ply 58: Qc8 random=True changed=True
game 2 ply 60: h4 random=True changed=False
game 2 ply 62: h3 random=True changed=False
game 2 ply 64: Qb7 random=True changed=True
game 2 ply 68: h2 random=True changed=False
game 2 ply 70: Qb6 random=True changed=True
game 2 ply 72: Ke7 random=True changed=True
game 2 ply 74: Kd7 random=True changed=False
game 2 ply 76: Kc8 random=True changed=True
game 2 ply 78: g5 random=True changed=False
game 2 ply 80: Bxg5+ random=False changed=False
game 2 ply 84: Ng2+ random=True changed=True
game 2 ply 88: Nc4+ random=True changed=False
GAME 2: 1/2-1/2 threefold_repetition 89 plies
{"points": {"Weak2 + Random": 0.5, "Weak2": 1.5}, "calls": 0, "interventions": 0, "jev_total_ms": 0, "jev_mean_ms": null, "tokens": 0, "random_picks": 64, "random_interventions": 38, "finished_games": 2}
