game 1 ply 1: f4 random=True changed=True
game 1 ply 3: e4 random=True changed=True
game 1 ply 7: d3 random=True changed=True
game 1 ply 9: Nf3 random=True changed=True
game 1 ply 11: Bd2 random=True changed=True
game 1 ply 13: d4 random=True changed=False
game 1 ply 15: Be3 random=True changed=False
game 1 ply 17: Nxb6 random=True changed=False
game 1 ply 19: c4 random=True changed=True
game 1 ply 20: Bc6 random=False changed=False
game 1 ply 21: Be2 random=True changed=True
game 1 ply 23: Bd3 random=True changed=False
game 1 ply 25: Kf1 random=True changed=True
game 1 ply 27: Qxa4 random=True changed=True
game 1 ply 29: Bxd2 random=True changed=True
game 1 ply 33: Be4 random=True changed=True
game 1 ply 35: b3 random=True changed=True
game 1 ply 37: exf6 random=True changed=False
game 1 ply 39: g3 random=True changed=True
game 1 ply 40: f5 random=False changed=False
game 1 ply 41: Bf3 random=True changed=True
game 1 ply 43: h3 random=True changed=True
game 1 ply 45: h4 random=True changed=False
game 1 ply 47: Ra3 random=True changed=True
game 1 ply 49: Ra1 random=True changed=False
game 1 ply 51: Rb1 random=True changed=True
GAME 1: 1/2-1/2 threefold_repetition 52 plies
game 2 ply 2: Nc6 random=True changed=True
game 2 ply 4: h5 random=True changed=True
game 2 ply 6: f5 random=True changed=False
game 2 ply 12: b6 random=True changed=True
game 2 ply 14: Na7 random=True changed=True
game 2 ply 16: f4 random=True changed=True
game 2 ply 18: Bb7 random=True changed=False
game 2 ply 20: Bxd5 random=False changed=False
game 2 ply 22: Bb7 random=True changed=True
game 2 ply 24: Nf6 random=True changed=False
game 2 ply 26: g6 random=True changed=True
game 2 ply 28: Rg8 random=True changed=False
game 2 ply 30: e5 random=True changed=False
game 2 ply 32: Nh7 random=True changed=True
game 2 ply 34: Bc5 random=True changed=True
game 2 ply 36: Bc6 random=True changed=True
game 2 ply 38: Nc8 random=True changed=True
game 2 ply 40: Ne7 random=True changed=False
game 2 ply 42: Rf8 random=True changed=False
game 2 ply 44: Bxg2 random=True changed=True
game 2 ply 48: Bc6 random=True changed=False
game 2 ply 50: Ra5 random=True changed=True
game 2 ply 60: Rf6 random=False changed=False
GAME 2: 1-0 checkmate 63 plies
{"points": {"Weak2 + Random": 0.5, "Weak2": 1.5}, "calls": 0, "interventions": 0, "jev_total_ms": 0, "jev_mean_ms": null, "tokens": 0, "random_picks": 45, "random_interventions": 30, "finished_games": 2}
