game 1 ply 1: h4 random=True changed=True
game 1 ply 3: d3 random=True changed=True
game 1 ply 5: Bd2 random=True changed=True
game 1 ply 7: Be3 random=True changed=False
game 1 ply 9: b3 random=True changed=False
game 1 ply 11: Ra3 random=True changed=True
game 1 ply 13: Ra1 random=True changed=True
game 1 ply 15: Ra2 random=True changed=True
game 1 ply 17: Bxg5 random=True changed=True
game 1 ply 19: axb5 random=True changed=False
game 1 ply 20: a4 random=False changed=False
game 1 ply 25: bxa4 random=True changed=False
game 1 ply 31: e4 random=True changed=True
game 1 ply 33: Nf3 random=True changed=True
game 1 ply 35: Ke2 random=True changed=True
game 1 ply 37: c4 random=True changed=False
game 1 ply 39: a5 random=True changed=True
game 1 ply 40: Qa7 random=False changed=False
game 1 ply 41: g4 random=True changed=False
game 1 ply 43: Nd2 random=True changed=False
game 1 ply 45: Bg2 random=True changed=False
game 1 ply 47: f3 random=True changed=True
game 1 ply 49: a6 random=True changed=False
game 1 ply 51: f4 random=True changed=False
game 1 ply 53: Nf3 random=True changed=False
game 1 ply 55: Ra1 random=True changed=True
game 1 ply 57: d4 random=True changed=False
game 1 ply 60: Kd8 random=False changed=False
game 1 ply 63: Rhd1+ random=True changed=True
game 1 ply 65: Qd7+ random=True changed=False
game 1 ply 77: Kf5 random=True changed=True
game 1 ply 80: Qg5+ random=False changed=False
game 1 ply 87: Rb1+ random=True changed=False
game 1 ply 89: Ra1+ random=True changed=False
game 1 ply 91: Rd8+ random=True changed=True
game 1 ply 93: Rd7+ random=True changed=True
game 1 ply 95: Rb1+ random=True changed=False
game 1 ply 97: Ra1+ random=True changed=False
game 1 ply 99: Rd6+ random=True changed=True
game 1 ply 100: Kb7 random=False changed=False
game 1 ply 103: Rd7+ random=True changed=True
game 1 ply 107: Nb3+ random=True changed=True
game 1 ply 111: Na5+ random=True changed=True
game 1 ply 113: Rg1 random=True changed=True
game 1 ply 115: Kf7 random=True changed=True
game 1 ply 119: Ke5 random=True changed=False
game 1 ply 120: Qe2+ random=False changed=False
game 1 ply 121: Kd6 random=True changed=True
game 1 ply 125: Kc6 random=True changed=True
game 1 ply 127: Kb5 random=True changed=True
game 1 ply 129: Kc5 random=True changed=True
game 1 ply 131: Kc6 random=True changed=False
game 1 ply 133: Kb5 random=True changed=False
GAME 1: 0-1 checkmate 138 plies
game 2 ply 2: a5 random=True changed=False
game 2 ply 4: d6 random=True changed=True
game 2 ply 6: Bf5 random=True changed=True
game 2 ply 8: Nbd7 random=True changed=True
game 2 ply 10: e6 random=True changed=True
game 2 ply 12: g6 random=True changed=True
game 2 ply 14: Bg7 random=True changed=True
game 2 ply 16: Ke7 random=True changed=False
game 2 ply 18: exf5 random=True changed=False
game 2 ply 20: b6 random=True changed=True
game 2 ply 22: Rb8 random=True changed=True
game 2 ply 24: b5 random=True changed=False
game 2 ply 26: Ra8 random=True changed=False
game 2 ply 28: Rb8 random=True changed=True
game 2 ply 30: axb4 random=True changed=False
game 2 ply 32: Ne4 random=True changed=True
game 2 ply 34: Rg8 random=True changed=True
game 2 ply 40: Rxb5 random=False changed=False
game 2 ply 44: Nb6 random=True changed=True
game 2 ply 48: Rb6 random=True changed=False
game 2 ply 50: Rb8 random=True changed=True
game 2 ply 52: Rc8 random=True changed=True
game 2 ply 54: Rb8 random=True changed=False
game 2 ply 56: Rc8 random=True changed=True
GAME 2: 1/2-1/2 threefold_repetition 58 plies
{"points": {"Weak2 + Random": 0.5, "Weak2": 1.5}, "calls": 0, "interventions": 0, "jev_total_ms": 0, "jev_mean_ms": null, "tokens": 0, "random_picks": 70, "random_interventions": 42, "finished_games": 2}
