game 1 ply 1: e3 random=True changed=True
game 1 ply 3: Be2 random=True changed=True
game 1 ply 5: b3 random=True changed=True
game 1 ply 7: Ng1 random=True changed=True
game 1 ply 11: Nc3 random=True changed=False
game 1 ply 13: Bb2 random=True changed=True
game 1 ply 15: Bxb5 random=True changed=True
game 1 ply 17: Qxc2 random=True changed=True
game 1 ply 20: Ke7 random=False changed=False
game 1 ply 23: Nge2 random=True changed=True
game 1 ply 25: d3 random=True changed=False
game 1 ply 29: Ra3 random=True changed=True
game 1 ply 31: f3 random=True changed=False
game 1 ply 33: Ra2 random=True changed=True
game 1 ply 35: gxh6 random=True changed=True
game 1 ply 37: b4 random=True changed=False
game 1 ply 39: Nd1 random=True changed=True
game 1 ply 40: b3 random=False changed=False
game 1 ply 43: Kf2 random=True changed=True
game 1 ply 45: dxc4 random=True changed=False
game 1 ply 47: Qa3+ random=True changed=True
game 1 ply 49: f4 random=True changed=True
game 1 ply 53: Bd4 random=True changed=False
game 1 ply 55: e6 random=True changed=False
game 1 ply 57: Nxe3 random=True changed=False
game 1 ply 60: Kc7 random=False changed=False
game 1 ply 63: Be5+ random=True changed=False
game 1 ply 65: Qb2+ random=True changed=True
game 1 ply 67: Nd4 random=True changed=True
game 1 ply 69: Bxf4 random=True changed=True
game 1 ply 73: a5 random=True changed=True
game 1 ply 75: Qc6+ random=True changed=False
game 1 ply 77: Qc1 random=True changed=True
game 1 ply 79: Be5 random=True changed=False
game 1 ply 80: Ka6 random=False changed=False
game 1 ply 81: Ra4 random=True changed=True
game 1 ply 83: Ra3 random=True changed=True
game 1 ply 85: Ra2 random=True changed=True
game 1 ply 87: Ra1 random=True changed=False
game 1 ply 89: Ra4 random=True changed=True
game 1 ply 91: Ra2 random=True changed=True
GAME 1: 1/2-1/2 threefold_repetition 92 plies
game 2 ply 2: b5 random=True changed=True
game 2 ply 4: Nb8 random=True changed=True
game 2 ply 6: Nf6 random=True changed=False
game 2 ply 8: c5 random=True changed=True
game 2 ply 10: a5 random=True changed=False
game 2 ply 12: Nc6 random=True changed=False
game 2 ply 14: e5 random=True changed=False
game 2 ply 16: Ng4 random=True changed=True
game 2 ply 18: Be6 random=True changed=False
game 2 ply 20: Ngxe5 random=True changed=True
game 2 ply 24: Ke7 random=True changed=True
game 2 ply 28: h5 random=True changed=True
game 2 ply 30: f6 random=True changed=True
game 2 ply 32: Ke6 random=True changed=False
game 2 ply 36: Ke7 random=True changed=True
game 2 ply 38: Kxd8 random=True changed=True
game 2 ply 40: Kc8 random=True changed=False
game 2 ply 44: f5 random=True changed=True
game 2 ply 46: Kc7 random=True changed=True
game 2 ply 48: Rae8 random=True changed=True
game 2 ply 52: Rd8+ random=True changed=False
game 2 ply 54: Kc8 random=True changed=True
game 2 ply 56: Re1+ random=True changed=True
game 2 ply 60: Kb7 random=True changed=False
GAME 2: 1-0 checkmate 63 plies
{"points": {"Weak2 + Random": 0.5, "Weak2": 1.5}, "calls": 0, "interventions": 0, "jev_total_ms": 0, "jev_mean_ms": null, "tokens": 0, "random_picks": 61, "random_interventions": 40, "finished_games": 2}
