game 1 ply 1: b3 random=True changed=True
game 1 ply 3: Nf3 random=True changed=False
game 1 ply 5: Bb2 random=True changed=False
game 1 ply 7: e3 random=True changed=True
game 1 ply 9: Bb5 random=True changed=True
game 1 ply 11: Ng5 random=True changed=True
game 1 ply 13: Rh2 random=True changed=True
game 1 ply 15: Ra3 random=True changed=True
game 1 ply 17: Ra1 random=True changed=True
game 1 ply 19: Bc4 random=True changed=False
game 1 ply 20: Nc6 random=False changed=False
game 1 ply 21: Bxf7+ random=True changed=False
game 1 ply 23: d3 random=True changed=True
game 1 ply 27: Bf5 random=True changed=True
game 1 ply 29: Nf3 random=True changed=False
game 1 ply 31: axb5 random=True changed=False
game 1 ply 33: e4 random=True changed=False
game 1 ply 40: d6 random=False changed=False
game 1 ply 49: Ng6 random=True changed=True
game 1 ply 51: f4 random=True changed=True
game 1 ply 53: Ra3 random=True changed=True
game 1 ply 55: a5 random=True changed=True
game 1 ply 57: e5 random=True changed=True
game 1 ply 60: Kb8 random=False changed=False
game 1 ply 61: a6 random=True changed=False
game 1 ply 65: Ra5 random=True changed=True
game 1 ply 67: Bc8+ random=True changed=True
game 1 ply 69: Ra3 random=True changed=True
game 1 ply 71: fxe5 random=True changed=False
game 1 ply 79: c5 random=True changed=False
game 1 ply 80: Re8+ random=False changed=False
game 1 ply 81: Kd1 random=True changed=False
GAME 1: 0-1 checkmate 84 plies
game 2 ply 2: Nc6 random=True changed=False
game 2 ply 4: d6 random=True changed=True
game 2 ply 6: Bf5 random=True changed=True
game 2 ply 8: h5 random=True changed=False
game 2 ply 10: g6 random=True changed=True
game 2 ply 12: Ra7 random=True changed=True
game 2 ply 14: Bg7 random=True changed=False
game 2 ply 16: Qa8 random=True changed=True
game 2 ply 18: Qb8 random=True changed=True
game 2 ply 20: Qa8 random=True changed=True
game 2 ply 22: b6 random=True changed=False
game 2 ply 24: Rb7 random=True changed=False
game 2 ply 26: Qa7 random=True changed=False
game 2 ply 28: Qa8 random=True changed=False
game 2 ply 30: Qb8 random=True changed=True
GAME 2: 1/2-1/2 threefold_repetition 31 plies
{"points": {"Weak2 + Random": 0.5, "Weak2": 1.5}, "calls": 0, "interventions": 0, "jev_total_ms": 0, "jev_mean_ms": null, "tokens": 0, "random_picks": 43, "random_interventions": 25, "finished_games": 2}
