game 1 ply 1: Nd4 random=True changed=True
game 1 ply 3: Nb3 random=True changed=True
game 1 ply 5: h4 random=True changed=True
game 1 ply 7: axb5 random=True changed=False
game 1 ply 9: g4 random=True changed=True
game 1 ply 11: f4 random=True changed=True
game 1 ply 13: f5 random=True changed=True
game 1 ply 15: d3 random=True changed=True
game 1 ply 20: Nd6 random=False changed=False
game 1 ply 21: Nd2 random=True changed=True
game 1 ply 25: Nf3 random=True changed=True
game 1 ply 29: Bc3 random=True changed=True
game 1 ply 31: h5 random=True changed=True
game 1 ply 39: e3 random=True changed=True
game 1 ply 40: Bg3+ random=False changed=False
game 1 ply 41: Kd2 random=True changed=True
game 1 ply 43: Qb3+ random=True changed=True
game 1 ply 45: h6 random=True changed=True
game 1 ply 47: Qb7+ random=True changed=False
game 1 ply 51: Ra2 random=True changed=True
game 1 ply 55: Kc1 random=True changed=True
game 1 ply 59: Bc4+ random=True changed=False
game 1 ply 60: Qd5 random=False changed=False
game 1 ply 63: Qf5+ random=True changed=True
game 1 ply 65: Qxe5+ random=True changed=True
game 1 ply 67: e4 random=True changed=True
game 1 ply 69: h7 random=True changed=True
game 1 ply 71: Nxg1 random=True changed=True
game 1 ply 77: Qd5+ random=True changed=True
game 1 ply 79: Qhd4+ random=True changed=True
game 1 ply 80: Kb5 random=False changed=False
GAME 1: 1-0 checkmate 81 plies
game 2 ply 2: Nc6 random=True changed=False
game 2 ply 4: Nb8 random=True changed=True
game 2 ply 6: d6 random=True changed=True
game 2 ply 8: Bd7 random=True changed=True
game 2 ply 10: Bf5 random=True changed=False
game 2 ply 12: h5 random=True changed=True
game 2 ply 14: Ra6 random=True changed=True
game 2 ply 20: b6 random=True changed=True
game 2 ply 22: Ra7 random=True changed=True
game 2 ply 24: f6 random=True changed=True
game 2 ply 26: f5 random=True changed=True
game 2 ply 28: c6 random=True changed=True
game 2 ply 32: Nc6 random=True changed=False
game 2 ply 36: e6 random=True changed=False
game 2 ply 38: Be7 random=True changed=False
game 2 ply 40: Nxe7 random=True changed=True
game 2 ply 44: d5 random=True changed=False
game 2 ply 46: Kc7 random=True changed=False
game 2 ply 50: Kb8 random=True changed=True
game 2 ply 54: Qxd7 random=True changed=True
game 2 ply 56: Ka8 random=True changed=False
game 2 ply 58: Qd2+ random=True changed=False
game 2 ply 60: Qxc1+ random=False changed=False
game 2 ply 64: Qh2+ random=True changed=True
game 2 ply 66: Rd7+ random=True changed=False
game 2 ply 68: Qg1+ random=True changed=True
game 2 ply 70: Rd2+ random=True changed=False
game 2 ply 72: Qc5+ random=True changed=True
game 2 ply 74: Qd5+ random=True changed=True
game 2 ply 76: Rd3+ random=True changed=True
game 2 ply 78: Rd2+ random=True changed=True
game 2 ply 80: Qa2+ random=True changed=True
game 2 ply 82: Nd5+ random=True changed=False
game 2 ply 84: Qb1+ random=True changed=True
game 2 ply 88: Qb6+ random=True changed=False
game 2 ply 90: Qd8+ random=True changed=False
game 2 ply 92: Qb6+ random=True changed=False
game 2 ply 94: Qd8+ random=True changed=False
GAME 2: 1/2-1/2 threefold_repetition 95 plies
{"points": {"Weak2 + Random": 1.5, "Weak2": 0.5}, "calls": 0, "interventions": 0, "jev_total_ms": 0, "jev_mean_ms": null, "tokens": 0, "random_picks": 64, "random_interventions": 45, "finished_games": 2}
