game 1 ply 1: h4 random=True changed=True
game 1 ply 3: d3 random=True changed=True
game 1 ply 5: Bf4 random=True changed=True
game 1 ply 7: g3 random=True changed=True
game 1 ply 9: Bg2 random=True changed=False
game 1 ply 11: Ra2 random=True changed=True
game 1 ply 13: Ra1 random=True changed=True
game 1 ply 15: b3 random=True changed=False
game 1 ply 17: Ra3 random=True changed=True
game 1 ply 19: Ra1 random=True changed=True
game 1 ply 20: Ra6 random=False changed=False
game 1 ply 21: e3 random=True changed=False
game 1 ply 23: Ra3 random=True changed=True
game 1 ply 25: Qa1 random=True changed=True
game 1 ply 27: Qb1 random=True changed=True
game 1 ply 29: Ra2 random=True changed=True
game 1 ply 31: Ra1 random=True changed=False
game 1 ply 33: Ra2 random=True changed=False
game 1 ply 35: Ra1 random=True changed=False
GAME 1: 1/2-1/2 threefold_repetition 36 plies
game 2 ply 2: g5 random=True changed=False
game 2 ply 4: b6 random=True changed=True
game 2 ply 6: Bg7 random=True changed=True
game 2 ply 8: h5 random=True changed=True
game 2 ply 10: h4 random=True changed=False
game 2 ply 12: d6 random=True changed=True
game 2 ply 14: Nc6 random=True changed=False
game 2 ply 18: Ne5 random=True changed=True
game 2 ply 20: Bb7 random=True changed=True
game 2 ply 22: Bc6 random=True changed=False
game 2 ply 24: b5 random=True changed=False
game 2 ply 26: Bd7 random=True changed=True
game 2 ply 34: Nxd3+ random=True changed=True
game 2 ply 38: Bxb5 random=True changed=False
game 2 ply 40: Kf8 random=True changed=True
game 2 ply 42: Qxf6 random=True changed=True
game 2 ply 44: a4 random=True changed=False
game 2 ply 48: Qd8 random=True changed=True
game 2 ply 52: Be5 random=True changed=False
game 2 ply 56: f5 random=True changed=True
game 2 ply 60: Bd6 random=True changed=True
game 2 ply 62: Kg8 random=True changed=True
game 2 ply 64: Kf8 random=True changed=True
game 2 ply 66: Kg8 random=True changed=True
GAME 2: 1/2-1/2 threefold_repetition 68 plies
{"points": {"Weak2 + Random": 1.0, "Weak2": 1.0}, "calls": 0, "interventions": 0, "jev_total_ms": 0, "jev_mean_ms": null, "tokens": 0, "random_picks": 42, "random_interventions": 28, "finished_games": 2}
