game 1 ply 1: Nf5 random=True changed=True
game 1 ply 3: b3 random=True changed=True
game 1 ply 5: d3 random=True changed=True
game 1 ply 7: Be3 random=True changed=False
GAME 1: 1/2-1/2 threefold_repetition 19 plies
game 2 ply 2: Nc6 random=True changed=False
game 2 ply 4: Bd6 random=True changed=True
game 2 ply 6: b5 random=True changed=False
game 2 ply 8: Nb4 random=True changed=False
game 2 ply 12: f5 random=True changed=True
game 2 ply 14: Bb7 random=True changed=True
game 2 ply 18: Nf6 random=True changed=False
game 2 ply 20: a4 random=True changed=True
game 2 ply 22: c5 random=True changed=False
game 2 ply 24: Bxc6 random=True changed=True
game 2 ply 26: g6 random=True changed=True
game 2 ply 28: a3 random=True changed=True
game 2 ply 32: Nc7 random=True changed=True
game 2 ply 34: Ne6 random=True changed=False
game 2 ply 40: Nd5 random=True changed=True
game 2 ply 42: Bxa3 random=True changed=True
game 2 ply 48: Bxa2 random=True changed=False
game 2 ply 50: Qb4+ random=True changed=True
game 2 ply 54: Qc4+ random=True changed=True
game 2 ply 56: d6 random=True changed=True
game 2 ply 58: Rxa2 random=True changed=False
game 2 ply 60: Qxe2+ random=True changed=False
GAME 2: 0-1 checkmate 62 plies
{"points": {"Weak2 + Random": 1.5, "Weak2": 0.5}, "calls": 0, "interventions": 0, "jev_total_ms": 0, "jev_mean_ms": null, "tokens": 0, "random_picks": 26, "random_interventions": 16, "finished_games": 2}
