game 1 ply 1: d4 random=True changed=True
game 1 ply 3: b4 random=True changed=True
game 1 ply 5: Na2 random=True changed=True
game 1 ply 7: Nf3 random=True changed=True
game 1 ply 9: Bb2 random=True changed=True
game 1 ply 11: e4 random=True changed=True
game 1 ply 17: Bd3 random=True changed=True
game 1 ply 19: Nd2 random=True changed=True
game 1 ply 20: Bxg2 random=False changed=False
game 1 ply 23: Ra1 random=True changed=False
game 1 ply 25: c4 random=True changed=False
game 1 ply 29: h3 random=True changed=True
game 1 ply 31: Ra4 random=True changed=True
game 1 ply 35: Rg4 random=True changed=True
game 1 ply 37: fxe5 random=True changed=True
game 1 ply 40: Nb8 random=False changed=False
game 1 ply 47: Qa4 random=True changed=True
game 1 ply 51: Bd4 random=True changed=True
game 1 ply 55: Qa6 random=True changed=True
game 1 ply 57: Kf2 random=True changed=True
game 1 ply 59: cxd6 random=True changed=True
game 1 ply 60: Bb8 random=False changed=False
game 1 ply 61: Qb6+ random=True changed=True
game 1 ply 63: Qa6+ random=True changed=False
game 1 ply 65: Bb5+ random=True changed=True
GAME 1: 1-0 checkmate 71 plies
game 2 ply 2: c5 random=True changed=True
game 2 ply 4: d6 random=True changed=True
game 2 ply 6: Nc6 random=True changed=False
game 2 ply 8: Nd4 random=True changed=True
game 2 ply 10: Be6 random=True changed=False
game 2 ply 12: b6 random=True changed=False
game 2 ply 14: Ra6 random=True changed=True
game 2 ply 16: Ra7 random=True changed=True
game 2 ply 18: Ra6 random=True changed=True
game 2 ply 20: g6 random=True changed=False
game 2 ply 22: Ra7 random=True changed=True
game 2 ply 24: Rc7 random=True changed=True
game 2 ply 26: Bg7 random=True changed=False
game 2 ply 28: Rd7 random=True changed=True
game 2 ply 30: Rc7 random=True changed=True
game 2 ply 32: Rc8 random=True changed=True
GAME 2: 1/2-1/2 threefold_repetition 33 plies
{"points": {"Weak2 + Random": 1.5, "Weak2": 0.5}, "calls": 0, "interventions": 0, "jev_total_ms": 0, "jev_mean_ms": null, "tokens": 0, "random_picks": 38, "random_interventions": 30, "finished_games": 2}
