game 1 ply 1: Bb2 random=True changed=True
game 1 ply 3: a4 random=True changed=True
game 1 ply 5: c4 random=True changed=True
game 1 ply 7: Be5 random=True changed=True
game 1 ply 9: Nc3 random=True changed=False
game 1 ply 11: a5 random=True changed=True
game 1 ply 13: Nd4 random=True changed=True
game 1 ply 15: Bf4 random=True changed=False
game 1 ply 19: Nd4 random=True changed=False
game 1 ply 20: Bd7 random=False changed=False
game 1 ply 21: h4 random=True changed=True
game 1 ply 23: d3 random=True changed=True
game 1 ply 25: e4 random=True changed=True
game 1 ply 29: Be2 random=True changed=False
game 1 ply 31: Bf3 random=True changed=False
game 1 ply 33: g4 random=True changed=False
game 1 ply 35: Be2 random=True changed=False
game 1 ply 40: Nxe4 random=False changed=False
game 1 ply 41: Bxe7 random=True changed=True
game 1 ply 45: Nb3 random=True changed=False
game 1 ply 47: Bxg4 random=True changed=True
game 1 ply 49: O-O random=True changed=True
game 1 ply 51: Bh3 random=True changed=False
GAME 1: 0-1 checkmate 56 plies
game 2 ply 2: d6 random=True changed=True
game 2 ply 4: Be6 random=True changed=False
game 2 ply 6: b6 random=True changed=True
game 2 ply 8: g6 random=True changed=True
game 2 ply 10: Bg7 random=True changed=True
game 2 ply 12: h6 random=True changed=True
game 2 ply 14: h5 random=True changed=True
game 2 ply 16: Nbd7 random=True changed=False
game 2 ply 18: Rc8 random=True changed=True
game 2 ply 20: Rb8 random=True changed=True
game 2 ply 22: Rb7 random=True changed=True
game 2 ply 24: Qa8 random=True changed=True
game 2 ply 26: Qd8 random=True changed=True
game 2 ply 28: Qa8 random=True changed=True
GAME 2: 1/2-1/2 threefold_repetition 30 plies
{"points": {"Weak2 + Random": 0.5, "Weak2": 1.5}, "calls": 0, "interventions": 0, "jev_total_ms": 0, "jev_mean_ms": null, "tokens": 0, "random_picks": 35, "random_interventions": 24, "finished_games": 2}
