game 1 ply 1: d4 random=True changed=True
game 1 ply 3: b3 random=True changed=True
game 1 ply 5: Be3 random=True changed=False
game 1 ply 7: f4 random=True changed=True
game 1 ply 9: g3 random=True changed=True
game 1 ply 11: Nf3 random=True changed=False
game 1 ply 15: Bd4 random=True changed=False
game 1 ply 17: Bxe5 random=True changed=True
game 1 ply 19: Nxd5 random=True changed=False
game 1 ply 20: Nxd5 random=False changed=False
game 1 ply 25: c4 random=True changed=True
game 1 ply 27: Nd2 random=True changed=False
game 1 ply 33: Be5 random=True changed=False
game 1 ply 35: e4 random=True changed=True
game 1 ply 37: Ra2 random=True changed=True
game 1 ply 39: Bg2 random=True changed=True
game 1 ply 40: e3+ random=False changed=False
game 1 ply 43: Bd5 random=True changed=False
game 1 ply 45: Raa1 random=True changed=False
game 1 ply 47: Ra2 random=True changed=False
game 1 ply 49: Rb2 random=True changed=True
GAME 1: 1/2-1/2 threefold_repetition 50 plies
game 2 ply 2: b6 random=True changed=True
game 2 ply 4: Bb7 random=True changed=False
game 2 ply 6: Nc4 random=True changed=False
game 2 ply 8: a6 random=True changed=True
game 2 ply 12: g6 random=True changed=True
game 2 ply 14: Bg7 random=True changed=False
game 2 ply 16: Ra7 random=True changed=True
game 2 ply 18: Ra8 random=True changed=True
game 2 ply 20: h5 random=True changed=False
game 2 ply 22: Rc8 random=True changed=True
game 2 ply 24: Ra8 random=True changed=True
game 2 ply 26: Ra7 random=True changed=True
game 2 ply 28: Ra8 random=True changed=False
GAME 2: 1/2-1/2 threefold_repetition 28 plies
{"points": {"Weak2 + Random": 1.0, "Weak2": 1.0}, "calls": 0, "interventions": 0, "jev_total_ms": 0, "jev_mean_ms": null, "tokens": 0, "random_picks": 32, "random_interventions": 18, "finished_games": 2}
