game 1 ply 1: h4 random=True changed=True
game 1 ply 3: a4 random=True changed=False
game 1 ply 5: f4 random=True changed=False
game 1 ply 7: e3 random=True changed=True
game 1 ply 11: Nxd7 random=True changed=True
game 1 ply 15: d3 random=True changed=True
game 1 ply 17: Rh2 random=True changed=True
game 1 ply 19: Ra2 random=True changed=True
game 1 ply 20: f5 random=False changed=False
game 1 ply 21: Ra1 random=True changed=True
game 1 ply 25: Ra2 random=True changed=True
game 1 ply 27: Ra1 random=True changed=True
game 1 ply 31: g6 random=True changed=True
game 1 ply 33: Bd2 random=True changed=False
game 1 ply 35: Ra3 random=True changed=True
game 1 ply 37: b3 random=True changed=False
game 1 ply 39: Ra2 random=True changed=True
game 1 ply 40: Ra7 random=False changed=False
game 1 ply 41: Ra3 random=True changed=True
game 1 ply 43: Ra1 random=True changed=False
GAME 1: 1/2-1/2 threefold_repetition 44 plies
game 2 ply 2: b6 random=True changed=True
game 2 ply 4: Bb7 random=True changed=False
game 2 ply 6: e6 random=True changed=True
game 2 ply 8: h5 random=True changed=True
game 2 ply 10: Bd6 random=True changed=False
game 2 ply 20: Bf4+ random=False changed=False
game 2 ply 22: Bc6 random=True changed=True
game 2 ply 30: Ra7 random=True changed=True
game 2 ply 32: g5 random=True changed=True
game 2 ply 34: Nh7 random=True changed=True
game 2 ply 36: Bxg2 random=True changed=True
game 2 ply 38: b5 random=True changed=True
game 2 ply 40: d6 random=True changed=True
game 2 ply 42: a4 random=True changed=True
game 2 ply 44: e5 random=True changed=True
game 2 ply 46: d5 random=True changed=True
game 2 ply 54: Qd7 random=True changed=False
game 2 ply 60: Qxe5 random=False changed=False
game 2 ply 62: Ra8 random=True changed=True
game 2 ply 64: Ra7 random=True changed=True
game 2 ply 66: Rd7 random=True changed=True
game 2 ply 72: Rxh7 random=True changed=True
game 2 ply 74: Na6 random=True changed=True
game 2 ply 76: Ke7 random=True changed=True
game 2 ply 80: Kd7 random=True changed=False
GAME 2: 1-0 checkmate 85 plies
{"points": {"Weak2 + Random": 0.5, "Weak2": 1.5}, "calls": 0, "interventions": 0, "jev_total_ms": 0, "jev_mean_ms": null, "tokens": 0, "random_picks": 41, "random_interventions": 32, "finished_games": 2}
