game 1 ply 1: f4 random=True changed=True
game 1 ply 3: Nc3 random=True changed=False
game 1 ply 5: h4 random=True changed=True
game 1 ply 7: Nh3 random=True changed=True
game 1 ply 13: d3 random=True changed=False
game 1 ply 15: Qxc1 random=True changed=True
game 1 ply 17: b4 random=True changed=False
game 1 ply 19: e4 random=True changed=False
game 1 ply 20: bxc3 random=False changed=False
game 1 ply 21: e5 random=True changed=True
game 1 ply 25: Ra2 random=True changed=False
game 1 ply 27: a5 random=True changed=True
game 1 ply 29: Ra1 random=True changed=False
game 1 ply 31: Rb1 random=True changed=True
game 1 ply 33: Qh6 random=True changed=True
game 1 ply 35: Rc1 random=True changed=True
game 1 ply 37: Rg1 random=True changed=True
game 1 ply 39: Rg2 random=True changed=True
game 1 ply 40: Ra3 random=False changed=False
game 1 ply 41: Rb1 random=True changed=False
game 1 ply 43: Kc1 random=True changed=True
game 1 ply 47: Qg7 random=True changed=True
GAME 1: 0-1 checkmate 52 plies
game 2 ply 2: e5 random=True changed=False
game 2 ply 4: a5 random=True changed=True
game 2 ply 6: g5 random=True changed=True
game 2 ply 8: d6 random=True changed=True
game 2 ply 10: cxb4 random=True changed=True
game 2 ply 12: Nc6 random=True changed=False
game 2 ply 18: Nxb4 random=True changed=True
game 2 ply 20: Nxd3+ random=False changed=False
game 2 ply 22: gxh4 random=True changed=True
game 2 ply 24: Bxc5 random=True changed=False
game 2 ply 26: Nf4+ random=True changed=False
game 2 ply 28: Ng2+ random=True changed=True
game 2 ply 30: Bxf3+ random=True changed=True
game 2 ply 32: Qg5 random=True changed=True
game 2 ply 34: b5 random=True changed=True
game 2 ply 36: Bd4 random=True changed=True
game 2 ply 38: f5 random=True changed=True
game 2 ply 40: Nf4 random=True changed=True
game 2 ply 42: Qxf5 random=True changed=False
game 2 ply 46: Bxf2 random=True changed=False
game 2 ply 48: Nf6 random=True changed=False
game 2 ply 50: h5 random=True changed=True
game 2 ply 52: Nd5 random=True changed=False
game 2 ply 58: e4 random=True changed=False
game 2 ply 60: e3+ random=True changed=False
game 2 ply 62: Ne5+ random=True changed=False
game 2 ply 64: a4 random=True changed=False
game 2 ply 68: Qe6+ random=True changed=False
game 2 ply 72: Nc6+ random=True changed=True
game 2 ply 76: Qb2+ random=True changed=True
game 2 ply 80: Nd4+ random=True changed=False
game 2 ply 82: h4 random=True changed=True
game 2 ply 84: e2 random=True changed=True
game 2 ply 88: a2 random=True changed=True
game 2 ply 90: h3 random=True changed=True
game 2 ply 92: Qab1+ random=True changed=True
game 2 ply 96: Be3 random=True changed=False
game 2 ply 98: h2 random=True changed=False
game 2 ply 100: h1=Q+ random=False changed=False
game 2 ply 102: Qa3+ random=True changed=True
GAME 2: 0-1 checkmate 104 plies
{"points": {"Weak2 + Random": 1, "Weak2": 1}, "calls": 0, "interventions": 0, "jev_total_ms": 0, "jev_mean_ms": null, "tokens": 0, "random_picks": 58, "random_interventions": 35, "finished_games": 2}
