game 1 ply 1: Bf4 random=True changed=True
game 1 ply 3: c3 random=True changed=True
game 1 ply 5: Be5 random=True changed=False
game 1 ply 7: g4 random=True changed=False
game 1 ply 9: h4 random=True changed=True
game 1 ply 11: Bg2 random=True changed=False
game 1 ply 13: g5 random=True changed=True
game 1 ply 15: c4 random=True changed=True
game 1 ply 17: a4 random=True changed=False
game 1 ply 20: Ra6 random=False changed=False
game 1 ply 23: Be5 random=True changed=False
game 1 ply 25: e3 random=True changed=False
game 1 ply 27: h5 random=True changed=False
game 1 ply 29: Qc1 random=True changed=True
game 1 ply 37: Ra1 random=True changed=True
game 1 ply 39: Qc6+ random=True changed=False
game 1 ply 40: Kf7 random=False changed=False
game 1 ply 41: Ra4 random=True changed=True
game 1 ply 43: Ra2 random=True changed=True
game 1 ply 45: h6 random=True changed=False
game 1 ply 47: Nh2 random=True changed=True
game 1 ply 49: Nc3 random=True changed=False
game 1 ply 51: Rb2 random=True changed=True
game 1 ply 53: Ra2 random=True changed=False
game 1 ply 55: Bxf4 random=True changed=True
game 1 ply 57: Rc2 random=True changed=True
game 1 ply 59: Be5 random=True changed=False
game 1 ply 60: Nh5 random=False changed=False
game 1 ply 61: h7 random=True changed=False
game 1 ply 65: Rf2+ random=True changed=True
game 1 ply 67: Nxg4 random=True changed=False
game 1 ply 71: Qf5+ random=True changed=True
game 1 ply 73: Nh6+ random=True changed=True
game 1 ply 77: Qf7+ random=True changed=True
game 1 ply 79: Qe6+ random=True changed=False
game 1 ply 80: Kb7 random=False changed=False
GAME 1: 1-0 checkmate 85 plies
game 2 ply 4: c6 random=True changed=True
game 2 ply 6: Bb7 random=True changed=True
game 2 ply 8: a5 random=True changed=False
game 2 ply 10: e6 random=True changed=True
game 2 ply 12: Be7 random=True changed=True
game 2 ply 14: d6 random=True changed=True
game 2 ply 16: g6 random=True changed=True
game 2 ply 20: Bh4+ random=False changed=False
game 2 ply 22: f5 random=True changed=True
game 2 ply 24: Bf6 random=True changed=False
game 2 ply 26: Nf2 random=True changed=False
game 2 ply 32: Qxf4+ random=True changed=False
GAME 2: 0-1 checkmate 36 plies
{"points": {"Weak2 + Random": 2, "Weak2": 0}, "calls": 0, "interventions": 0, "jev_total_ms": 0, "jev_mean_ms": null, "tokens": 0, "random_picks": 43, "random_interventions": 24, "finished_games": 2}
