game 1 ply 1: b3 random=True changed=True
game 1 ply 3: a4 random=True changed=True
game 1 ply 5: h4 random=True changed=True
game 1 ply 7: e3 random=True changed=True
game 1 ply 9: Bb2 random=True changed=True
game 1 ply 11: Bb5 random=True changed=True
game 1 ply 13: Bc4 random=True changed=False
game 1 ply 15: Ra2 random=True changed=True
game 1 ply 17: Ra1 random=True changed=True
game 1 ply 19: d3 random=True changed=False
game 1 ply 20: Ra7 random=False changed=False
game 1 ply 21: Ra3 random=True changed=True
game 1 ply 23: Ra1 random=True changed=True
game 1 ply 25: Ra3 random=True changed=True
GAME 1: 1/2-1/2 threefold_repetition 26 plies
game 2 ply 2: b6 random=True changed=True
game 2 ply 4: Bb7 random=True changed=False
game 2 ply 6: d6 random=True changed=True
game 2 ply 8: e6 random=True changed=True
game 2 ply 10: Be7 random=True changed=False
game 2 ply 12: h6 random=True changed=True
game 2 ply 14: h5 random=True changed=True
game 2 ply 16: g6 random=True changed=False
game 2 ply 18: Rb8 random=True changed=True
game 2 ply 20: Ra8 random=True changed=False
game 2 ply 22: Ra6 random=True changed=False
game 2 ply 24: Ra8 random=True changed=True
game 2 ply 26: Rb8 random=True changed=True
GAME 2: 1/2-1/2 threefold_repetition 27 plies
{"points": {"Weak2 + Random": 1.0, "Weak2": 1.0}, "calls": 0, "interventions": 0, "jev_total_ms": 0, "jev_mean_ms": null, "tokens": 0, "random_picks": 26, "random_interventions": 19, "finished_games": 2}
