game 1 ply 1: h4 random=True changed=True
game 1 ply 3: d3 random=True changed=True
game 1 ply 5: Bf4 random=True changed=True
game 1 ply 7: g3 random=True changed=True
game 1 ply 9: e3 random=True changed=True
game 1 ply 11: Be2 random=True changed=False
game 1 ply 13: Rb1 random=True changed=True
game 1 ply 15: Ra1 random=True changed=True
game 1 ply 17: Ra2 random=True changed=True
game 1 ply 19: Ra1 random=True changed=True
game 1 ply 20: Ra6 random=False changed=False
game 1 ply 21: b3 random=True changed=False
game 1 ply 23: Rb1 random=True changed=True
game 1 ply 25: Rb2 random=True changed=True
game 1 ply 27: Rb1 random=True changed=True
game 1 ply 29: Rc1 random=True changed=True
GAME 1: 1/2-1/2 threefold_repetition 30 plies
game 2 ply 2: e6 random=True changed=True
game 2 ply 4: Bd6 random=True changed=True
game 2 ply 6: h5 random=True changed=True
game 2 ply 8: Nf6 random=True changed=False
game 2 ply 10: g6 random=True changed=True
game 2 ply 12: b6 random=True changed=False
game 2 ply 14: Bb7 random=True changed=False
game 2 ply 16: Ra7 random=True changed=True
game 2 ply 18: Ra8 random=True changed=True
game 2 ply 20: Ra6 random=True changed=False
game 2 ply 22: Ra7 random=True changed=False
game 2 ply 24: Ra6 random=True changed=False
game 2 ply 26: Ra7 random=True changed=False
GAME 2: 1/2-1/2 threefold_repetition 27 plies
{"points": {"Weak2 + Random": 1.0, "Weak2": 1.0}, "calls": 0, "interventions": 0, "jev_total_ms": 0, "jev_mean_ms": null, "tokens": 0, "random_picks": 28, "random_interventions": 19, "finished_games": 2}
