game 1 ply 1: Nc3 random=True changed=False
game 1 ply 3: Nf3 random=True changed=True
game 1 ply 5: Bd3 random=True changed=False
game 1 ply 7: g4 random=True changed=True
game 1 ply 9: h3 random=True changed=True
game 1 ply 11: b4 random=True changed=False
game 1 ply 13: Nb5 random=True changed=False
game 1 ply 15: h4 random=True changed=True
game 1 ply 17: exd5 random=True changed=True
game 1 ply 20: b6 random=False changed=False
game 1 ply 21: f4 random=True changed=True
game 1 ply 23: Bb2 random=True changed=False
game 1 ply 25: Ra2 random=True changed=True
game 1 ply 33: Qxg6+ random=True changed=False
game 1 ply 40: Kf8 random=False changed=False
GAME 1: 1/2-1/2 threefold_repetition 41 plies
game 2 ply 2: Nf6 random=True changed=True
game 2 ply 4: Bd6 random=True changed=True
game 2 ply 6: g5 random=True changed=True
game 2 ply 8: Nc6 random=True changed=False
game 2 ply 10: axb4 random=True changed=False
game 2 ply 12: Be7 random=True changed=False
game 2 ply 14: b3 random=True changed=True
game 2 ply 16: h5 random=True changed=True
game 2 ply 18: d6 random=True changed=True
game 2 ply 20: b6 random=True changed=True
game 2 ply 24: Bd7 random=True changed=True
game 2 ply 26: Ra6 random=True changed=True
game 2 ply 28: Bxg4 random=True changed=True
game 2 ply 30: h4 random=True changed=False
game 2 ply 32: cxd4 random=True changed=False
game 2 ply 34: Bc5 random=True changed=True
game 2 ply 36: Ra8 random=True changed=True
game 2 ply 40: Bh5 random=True changed=True
game 2 ply 42: a4 random=True changed=True
game 2 ply 44: Qa5+ random=True changed=False
game 2 ply 46: a3 random=True changed=True
game 2 ply 50: Qa7 random=True changed=True
game 2 ply 52: Bxf7 random=True changed=False
game 2 ply 54: Be6 random=True changed=False
game 2 ply 56: Qa5 random=True changed=False
game 2 ply 60: Qf3+ random=False changed=False
game 2 ply 66: Qxf1+ random=True changed=False
game 2 ply 68: Be6 random=True changed=False
game 2 ply 70: Qg2+ random=True changed=True
game 2 ply 72: Qf1+ random=True changed=True
game 2 ply 74: Qf2+ random=True changed=False
game 2 ply 76: Ra1+ random=True changed=False
game 2 ply 78: Rxb1+ random=True changed=False
game 2 ply 80: h3 random=True changed=False
game 2 ply 82: Nxe4 random=True changed=False
game 2 ply 84: Nb8 random=True changed=True
game 2 ply 86: Qf1+ random=True changed=False
game 2 ply 88: Qf2+ random=True changed=True
game 2 ply 90: Qa2+ random=True changed=False
game 2 ply 92: Qb3+ random=True changed=True
game 2 ply 94: Qc3+ random=True changed=True
game 2 ply 96: Qb3+ random=True changed=True
game 2 ply 98: Qa2+ random=True changed=False
game 2 ply 100: Qd2+ random=True changed=True
game 2 ply 102: Qa5+ random=True changed=False
game 2 ply 104: Qa2+ random=True changed=False
game 2 ply 106: Qc4+ random=True changed=True
game 2 ply 108: Qb3+ random=True changed=True
game 2 ply 110: Qa3+ random=True changed=False
game 2 ply 112: Qb3+ random=True changed=True
game 2 ply 114: Qc4+ random=True changed=True
GAME 2: 1/2-1/2 threefold_repetition 115 plies
{"points": {"Weak2 + Random": 1.0, "Weak2": 1.0}, "calls": 0, "interventions": 0, "jev_total_ms": 0, "jev_mean_ms": null, "tokens": 0, "random_picks": 63, "random_interventions": 35, "finished_games": 2}
