game 1 ply 1: Ne4 random=True changed=True
game 1 ply 3: h4 random=True changed=True
game 1 ply 5: Nc3 random=True changed=False
game 1 ply 7: g3 random=True changed=True
game 1 ply 9: Ra2 random=True changed=True
game 1 ply 11: Nxb5 random=True changed=True
game 1 ply 13: Bg2 random=True changed=False
game 1 ply 15: h5 random=True changed=True
game 1 ply 17: Ra1 random=True changed=True
game 1 ply 19: Ra2 random=True changed=True
game 1 ply 20: Ra8 random=False changed=False
game 1 ply 21: e3 random=True changed=False
game 1 ply 23: Ra3 random=True changed=True
game 1 ply 25: Ra2 random=True changed=True
game 1 ply 27: Ra1 random=True changed=False
GAME 1: 1/2-1/2 threefold_repetition 28 plies
game 2 ply 4: f5 random=True changed=True
game 2 ply 6: Nf6 random=True changed=True
game 2 ply 8: h5 random=True changed=True
game 2 ply 10: Be7 random=True changed=True
game 2 ply 12: d6 random=True changed=True
game 2 ply 14: g6 random=True changed=True
game 2 ply 16: b6 random=True changed=True
game 2 ply 18: Bd7 random=True changed=True
game 2 ply 20: Ra6 random=True changed=False
game 2 ply 22: Ra7 random=True changed=False
game 2 ply 24: Rb7 random=True changed=True
game 2 ply 26: Rb8 random=True changed=True
game 2 ply 28: Rc8 random=True changed=True
game 2 ply 30: Ra8 random=True changed=False
game 2 ply 32: Rb8 random=True changed=True
game 2 ply 34: Rb7 random=True changed=True
game 2 ply 36: Rc7 random=True changed=True
game 2 ply 38: Rb7 random=True changed=True
game 2 ply 40: Rb8 random=True changed=True
GAME 2: 1/2-1/2 threefold_repetition 41 plies
{"points": {"Weak2 + Random": 1.0, "Weak2": 1.0}, "calls": 0, "interventions": 0, "jev_total_ms": 0, "jev_mean_ms": null, "tokens": 0, "random_picks": 33, "random_interventions": 26, "finished_games": 2}
