game 1 ply 1: Nd4 random=True changed=False
game 1 ply 3: Nf5 random=True changed=False
game 1 ply 11: Nf5+ random=True changed=False
game 1 ply 15: c3 random=True changed=True
game 1 ply 17: e3+ random=True changed=True
game 1 ply 19: Bc4 random=True changed=True
game 1 ply 20: b5 random=False changed=False
game 1 ply 21: Bxf7 random=True changed=False
game 1 ply 25: Rb1+ random=True changed=False
game 1 ply 27: Rxb4+ random=True changed=True
GAME 1: 1-0 checkmate 29 plies
game 2 ply 2: h5 random=True changed=True
game 2 ply 4: a6 random=True changed=True
game 2 ply 6: Bg7 random=True changed=True
game 2 ply 8: d6 random=True changed=True
game 2 ply 10: Bd7 random=True changed=True
game 2 ply 12: e5 random=True changed=True
game 2 ply 14: Bc6 random=True changed=True
game 2 ply 18: Bc6 random=True changed=False
game 2 ply 20: Nbd7 random=True changed=True
game 2 ply 22: h4 random=True changed=True
game 2 ply 24: b5 random=True changed=False
game 2 ply 26: h3 random=True changed=False
game 2 ply 28: Ra7 random=True changed=False
game 2 ply 30: Rb7 random=True changed=True
game 2 ply 32: Rb8 random=True changed=True
game 2 ply 34: Rc8 random=True changed=True
game 2 ply 36: Ra8 random=True changed=False
game 2 ply 38: Ra7 random=True changed=False
game 2 ply 40: Rb7 random=True changed=True
game 2 ply 42: Ra7 random=True changed=False
game 2 ply 44: d5 random=True changed=True
game 2 ply 46: Rb7 random=True changed=True
game 2 ply 48: Ra7 random=True changed=False
game 2 ply 50: Ra8 random=True changed=False
GAME 2: 1/2-1/2 threefold_repetition 51 plies
{"points": {"Weak2 + Random": 1.5, "Weak2": 0.5}, "calls": 0, "interventions": 0, "jev_total_ms": 0, "jev_mean_ms": null, "tokens": 0, "random_picks": 33, "random_interventions": 19, "finished_games": 2}
