game 1 ply 3: f4 random=True changed=True
game 1 ply 7: Nc3 random=True changed=False
game 1 ply 9: Be3 random=True changed=False
game 1 ply 11: Qxd3 random=True changed=True
game 1 ply 13: Nf3 random=True changed=False
game 1 ply 15: Ne4 random=True changed=True
game 1 ply 17: Be2 random=True changed=True
game 1 ply 19: g4 random=True changed=True
game 1 ply 20: hxg4 random=False changed=False
game 1 ply 21: Ng1 random=True changed=True
game 1 ply 23: Kd1 random=True changed=False
game 1 ply 25: exd6 random=True changed=True
game 1 ply 31: Bf3 random=True changed=True
game 1 ply 33: b3 random=True changed=True
game 1 ply 35: h3 random=True changed=True
game 1 ply 37: Ra2 random=True changed=True
game 1 ply 39: Ne2 random=True changed=False
game 1 ply 40: Ra6 random=False changed=False
game 1 ply 41: Rb2 random=True changed=True
game 1 ply 43: Rb1 random=True changed=True
game 1 ply 45: Rb2 random=True changed=True
game 1 ply 47: h4 random=True changed=False
game 1 ply 49: Ra2 random=True changed=True
game 1 ply 51: Ra1 random=True changed=True
game 1 ply 53: Ra2 random=True changed=True
game 1 ply 55: h5 random=True changed=False
game 1 ply 57: Rc2 random=True changed=True
game 1 ply 59: Ra2 random=True changed=False
game 1 ply 60: Ra6 random=False changed=False
game 1 ply 61: Rc2 random=True changed=True
GAME 1: 1/2-1/2 threefold_repetition 62 plies
game 2 ply 2: Ng8 random=True changed=True
game 2 ply 4: a5 random=True changed=False
game 2 ply 8: c6 random=True changed=True
game 2 ply 10: c5 random=True changed=True
game 2 ply 14: Be7 random=True changed=False
game 2 ply 16: g6 random=True changed=True
game 2 ply 20: Be7 random=True changed=True
game 2 ply 22: Ra6 random=True changed=True
game 2 ply 24: b6 random=True changed=False
game 2 ply 26: Bb7 random=True changed=False
game 2 ply 28: Nxf3 random=True changed=True
game 2 ply 32: Qc7 random=True changed=True
game 2 ply 34: cxb4 random=True changed=True
game 2 ply 40: Qxa4 random=True changed=False
game 2 ply 50: Qa3+ random=True changed=False
GAME 2: 1/2-1/2 threefold_repetition 55 plies
{"points": {"Weak2 + Random": 1.0, "Weak2": 1.0}, "calls": 0, "interventions": 0, "jev_total_ms": 0, "jev_mean_ms": null, "tokens": 0, "random_picks": 42, "random_interventions": 28, "finished_games": 2}
