game 1 ply 1: f4 random=True changed=True
game 1 ply 3: d4 random=True changed=False
game 1 ply 5: Nf3 random=True changed=False
game 1 ply 7: g3 random=True changed=True
game 1 ply 9: h4 random=True changed=True
game 1 ply 11: d5 random=True changed=True
game 1 ply 13: Nd4 random=True changed=True
game 1 ply 15: Bg2 random=True changed=True
game 1 ply 17: Bf3 random=True changed=True
game 1 ply 19: b5 random=True changed=True
game 1 ply 20: axb5 random=False changed=False
game 1 ply 21: Ncxb5 random=True changed=False
game 1 ply 25: e4 random=True changed=False
game 1 ply 27: f5 random=True changed=True
game 1 ply 29: exf5 random=True changed=False
game 1 ply 31: Bg2 random=True changed=True
game 1 ply 35: Bf4 random=True changed=True
game 1 ply 37: Bf3 random=True changed=False
game 1 ply 39: a5 random=True changed=False
game 1 ply 40: bxa5 random=False changed=False
game 1 ply 41: Ra4 random=True changed=True
game 1 ply 43: Qa1 random=True changed=False
game 1 ply 47: Bxd6 random=True changed=False
game 1 ply 51: Nc3 random=True changed=False
game 1 ply 53: g4 random=True changed=False
game 1 ply 55: Qa2 random=True changed=False
game 1 ply 57: Qa1 random=True changed=False
game 1 ply 59: Kd1 random=True changed=False
game 1 ply 60: Rd4+ random=False changed=False
game 1 ply 63: Kb1 random=True changed=False
game 1 ply 69: Rd1 random=True changed=False
game 1 ply 73: Kb3 random=True changed=True
game 1 ply 77: Kb4 random=True changed=False
game 1 ply 80: Bf8# random=False changed=False
GAME 1: 0-1 checkmate 80 plies
game 2 ply 2: h5 random=True changed=True
game 2 ply 4: Nc4 random=True changed=False
game 2 ply 6: a6 random=True changed=False
game 2 ply 10: e6 random=True changed=True
game 2 ply 12: Nb2 random=True changed=False
game 2 ply 14: Nxa4 random=True changed=True
game 2 ply 16: g5 random=True changed=True
game 2 ply 18: Be7 random=True changed=False
game 2 ply 20: b5 random=True changed=False
game 2 ply 24: a5 random=True changed=True
game 2 ply 26: Bb7 random=True changed=False
game 2 ply 28: Ng4 random=True changed=True
game 2 ply 32: Qxd7 random=True changed=False
game 2 ply 38: Kd8 random=True changed=False
game 2 ply 40: Be4 random=True changed=False
game 2 ply 42: h4 random=True changed=True
game 2 ply 44: Kc8 random=True changed=False
game 2 ply 48: Qc2 random=True changed=True
game 2 ply 50: Kc7 random=True changed=False
game 2 ply 52: Kb7 random=True changed=False
game 2 ply 56: Kb7 random=True changed=False
GAME 2: 1/2-1/2 threefold_repetition 57 plies
{"points": {"Weak2 + Random": 0.5, "Weak2": 1.5}, "calls": 0, "interventions": 0, "jev_total_ms": 0, "jev_mean_ms": null, "tokens": 0, "random_picks": 51, "random_interventions": 21, "finished_games": 2}
