game 1 ply 1: f4 random=True changed=True
game 1 ply 3: a3 random=True changed=True
game 1 ply 5: h4 random=True changed=False
game 1 ply 7: d3 random=True changed=True
game 1 ply 11: Bd2 random=True changed=True
game 1 ply 13: Be3 random=True changed=False
game 1 ply 15: f5 random=True changed=True
game 1 ply 17: Ra2 random=True changed=True
game 1 ply 20: d5 random=False changed=False
game 1 ply 25: Nd4 random=True changed=False
game 1 ply 27: e3 random=True changed=True
game 1 ply 29: hxg5 random=True changed=False
game 1 ply 33: Bc3 random=True changed=False
game 1 ply 35: Ra1 random=True changed=True
game 1 ply 39: b4 random=True changed=True
game 1 ply 40: axb3 random=False changed=False
game 1 ply 43: g3 random=True changed=True
game 1 ply 47: Qc2 random=True changed=True
GAME 1: 0-1 checkmate 50 plies
game 2 ply 2: g5 random=True changed=True
game 2 ply 4: a6 random=True changed=True
game 2 ply 6: a5 random=True changed=True
game 2 ply 8: b6 random=True changed=True
game 2 ply 10: Bg7 random=True changed=True
game 2 ply 12: d6 random=True changed=True
game 2 ply 14: Be6 random=True changed=True
game 2 ply 18: g4 random=True changed=True
game 2 ply 20: Nbd7 random=True changed=True
game 2 ply 22: Ne5 random=True changed=False
game 2 ply 24: b5 random=True changed=False
game 2 ply 26: Rb8 random=True changed=True
game 2 ply 30: Ra8 random=True changed=True
game 2 ply 32: Ned7 random=True changed=False
game 2 ply 34: Rb8 random=True changed=True
game 2 ply 36: cxb4 random=True changed=True
game 2 ply 40: Bd5 random=True changed=True
game 2 ply 42: Nxf6 random=True changed=False
game 2 ply 44: Be6 random=True changed=True
game 2 ply 46: h3 random=True changed=False
game 2 ply 50: d5 random=True changed=True
game 2 ply 52: Rb4 random=True changed=True
game 2 ply 54: Bd7 random=True changed=True
game 2 ply 56: Bc8 random=True changed=True
game 2 ply 60: e6 random=True changed=True
game 2 ply 62: Bxe6 random=True changed=False
game 2 ply 64: Qb6 random=True changed=True
game 2 ply 68: a4 random=True changed=False
game 2 ply 70: Bf5 random=True changed=True
game 2 ply 74: Ke7 random=True changed=False
game 2 ply 76: Ke6 random=True changed=True
game 2 ply 78: Kd6 random=True changed=False
game 2 ply 80: Kd5 random=True changed=True
game 2 ply 82: Ke5 random=True changed=True
game 2 ply 86: Kf5 random=True changed=True
game 2 ply 88: Rc8 random=True changed=True
game 2 ply 90: Nd5 random=True changed=False
game 2 ply 92: Rf3 random=True changed=True
game 2 ply 96: Kh5 random=True changed=True
game 2 ply 98: Kg5 random=True changed=True
game 2 ply 100: Kg6 random=True changed=True
game 2 ply 102: Kf7 random=True changed=True
game 2 ply 108: Kxf8 random=True changed=False
game 2 ply 110: Kg7 random=True changed=True
game 2 ply 112: Kg6 random=True changed=True
game 2 ply 114: Kg5 random=True changed=True
game 2 ply 116: Kf6 random=True changed=False
game 2 ply 118: Kf5 random=True changed=True
game 2 ply 120: Kg6 random=True changed=True
game 2 ply 122: Kf7 random=True changed=False
game 2 ply 124: Kf8 random=True changed=True
game 2 ply 126: Kf7 random=True changed=False
game 2 ply 128: Kf8 random=True changed=True
GAME 2: 1/2-1/2 threefold_repetition 130 plies
{"points": {"Weak2 + Random": 0.5, "Weak2": 1.5}, "calls": 0, "interventions": 0, "jev_total_ms": 0, "jev_mean_ms": null, "tokens": 0, "random_picks": 69, "random_interventions": 50, "finished_games": 2}
