game 1 ply 1: b3 random=True changed=True
game 1 ply 3: Bb2 random=True changed=True
game 1 ply 5: Nf3 random=True changed=False
game 1 ply 7: d3 random=True changed=True
game 1 ply 9: e3 random=True changed=True
game 1 ply 11: f5 random=True changed=True
game 1 ply 13: h4 random=True changed=True
game 1 ply 15: g3 random=True changed=True
game 1 ply 17: Ra2 random=True changed=True
game 1 ply 19: Ra1 random=True changed=True
game 1 ply 20: Ra6 random=False changed=False
game 1 ply 21: Bg2 random=True changed=True
game 1 ply 23: Rb1 random=True changed=True
game 1 ply 25: Rc1 random=True changed=True
game 1 ply 27: Ra1 random=True changed=False
game 1 ply 29: Ra2 random=True changed=False
game 1 ply 31: Ra1 random=True changed=False
game 1 ply 33: Rb1 random=True changed=True
GAME 1: 1/2-1/2 threefold_repetition 34 plies
game 2 ply 2: a6 random=True changed=True
game 2 ply 4: d6 random=True changed=True
game 2 ply 6: Be6 random=True changed=True
game 2 ply 8: Nbd7 random=True changed=True
game 2 ply 10: b6 random=True changed=True
game 2 ply 12: a5 random=True changed=False
game 2 ply 14: g6 random=True changed=False
game 2 ply 16: Bg7 random=True changed=False
game 2 ply 18: Ra6 random=True changed=False
game 2 ply 20: d5 random=True changed=True
game 2 ply 22: d4 random=True changed=True
game 2 ply 24: Kxd7 random=True changed=True
game 2 ply 26: dxe3 random=True changed=True
game 2 ply 28: cxb4 random=True changed=False
game 2 ply 30: Nd5 random=True changed=True
game 2 ply 34: bxc3 random=True changed=True
game 2 ply 40: Bd5 random=True changed=True
game 2 ply 42: e5 random=True changed=True
game 2 ply 44: Qc8 random=True changed=True
game 2 ply 46: Kc7 random=True changed=False
game 2 ply 48: Kd6+ random=True changed=True
game 2 ply 50: Ra7 random=True changed=False
game 2 ply 52: Kd7 random=True changed=False
game 2 ply 54: Kd8 random=True changed=True
game 2 ply 56: Ke7 random=True changed=True
game 2 ply 58: Kd6 random=True changed=False
game 2 ply 60: Kd7 random=True changed=False
game 2 ply 62: Kd8 random=True changed=True
game 2 ply 64: Ke8 random=True changed=True
GAME 2: 1/2-1/2 threefold_repetition 66 plies
{"points": {"Weak2 + Random": 1.0, "Weak2": 1.0}, "calls": 0, "interventions": 0, "jev_total_ms": 0, "jev_mean_ms": null, "tokens": 0, "random_picks": 46, "random_interventions": 32, "finished_games": 2}
