game 1 ply 1: a4 random=True changed=False
game 1 ply 3: c4 random=True changed=False
game 1 ply 5: b3 random=True changed=True
game 1 ply 7: Nc3 random=True changed=False
game 1 ply 9: h4 random=True changed=True
game 1 ply 11: d3 random=True changed=True
game 1 ply 13: Be3 random=True changed=False
game 1 ply 15: g3 random=True changed=False
game 1 ply 17: Ra3 random=True changed=True
game 1 ply 19: Ra2 random=True changed=True
game 1 ply 20: Ra6 random=False changed=False
game 1 ply 21: Ra1 random=True changed=True
game 1 ply 23: Ra2 random=True changed=True
game 1 ply 25: Ra1 random=True changed=True
GAME 1: 1/2-1/2 threefold_repetition 26 plies
game 2 ply 2: e6 random=True changed=True
game 2 ply 4: Bd6 random=True changed=True
game 2 ply 6: Nge7 random=True changed=True
game 2 ply 8: Bb4 random=True changed=True
game 2 ply 10: b6 random=True changed=True
game 2 ply 12: f5 random=True changed=True
game 2 ply 14: Bd6 random=True changed=True
game 2 ply 20: Bb7 random=True changed=False
game 2 ply 22: Ra6 random=True changed=True
game 2 ply 24: Ra7 random=True changed=False
game 2 ply 26: Ra6 random=True changed=False
game 2 ply 28: Bc5 random=True changed=True
game 2 ply 30: Ra7 random=True changed=True
game 2 ply 32: Ra6 random=True changed=True
game 2 ply 34: Ra7 random=True changed=True
game 2 ply 36: Ra8 random=True changed=True
GAME 2: 1/2-1/2 threefold_repetition 37 plies
{"points": {"Weak2 + Random": 1.0, "Weak2": 1.0}, "calls": 0, "interventions": 0, "jev_total_ms": 0, "jev_mean_ms": null, "tokens": 0, "random_picks": 29, "random_interventions": 21, "finished_games": 2}
