game 1 ply 1: d3 random=True changed=True
game 1 ply 3: Be3 random=True changed=False
game 1 ply 5: g3 random=True changed=True
game 1 ply 7: Bg2 random=True changed=False
game 1 ply 9: h3 random=True changed=True
game 1 ply 11: Rb1 random=True changed=True
game 1 ply 13: Ra1 random=True changed=True
game 1 ply 15: Ra3 random=True changed=True
game 1 ply 17: Qa1 random=True changed=True
game 1 ply 19: Qc1 random=True changed=True
game 1 ply 20: Ra8 random=False changed=False
game 1 ply 21: h4 random=True changed=False
game 1 ply 23: Ra1 random=True changed=False
game 1 ply 25: Ra3 random=True changed=False
game 1 ply 27: Ra1 random=True changed=False
GAME 1: 1/2-1/2 threefold_repetition 28 plies
game 2 ply 2: a6 random=True changed=True
game 2 ply 4: h5 random=True changed=False
game 2 ply 6: d6 random=True changed=True
game 2 ply 8: a5 random=True changed=True
game 2 ply 10: b6 random=True changed=True
game 2 ply 12: Bb7 random=True changed=True
game 2 ply 14: Ra6 random=True changed=True
game 2 ply 16: e6 random=True changed=False
game 2 ply 18: Be7 random=True changed=False
game 2 ply 20: Ra7 random=True changed=True
game 2 ply 22: Ra8 random=True changed=True
game 2 ply 24: Ra6 random=True changed=True
game 2 ply 26: Ra8 random=True changed=True
game 2 ply 28: Ra6 random=True changed=True
GAME 2: 1/2-1/2 threefold_repetition 29 plies
{"points": {"Weak2 + Random": 1.0, "Weak2": 1.0}, "calls": 0, "interventions": 0, "jev_total_ms": 0, "jev_mean_ms": null, "tokens": 0, "random_picks": 28, "random_interventions": 19, "finished_games": 2}
