game 1 ply 1: Bf4 random=True changed=True
game 1 ply 3: Nc3 random=True changed=False
game 1 ply 5: g4 random=True changed=True
game 1 ply 7: Ng1 random=True changed=True
game 1 ply 9: axb5 random=True changed=False
game 1 ply 11: h4 random=True changed=True
game 1 ply 13: bxc6 random=True changed=True
game 1 ply 15: Bg2 random=True changed=True
game 1 ply 19: Qxd5 random=True changed=True
game 1 ply 20: Bxe2 random=False changed=False
game 1 ply 21: Ngxe2 random=True changed=True
game 1 ply 25: Qe6+ random=True changed=False
game 1 ply 27: Qxf5 random=True changed=True
game 1 ply 29: h5 random=True changed=True
game 1 ply 31: Bc6+ random=True changed=False
game 1 ply 33: Bd2 random=True changed=True
game 1 ply 35: Bxd7+ random=True changed=True
game 1 ply 40: Kf7 random=False changed=False
game 1 ply 41: Qxc5 random=True changed=False
game 1 ply 49: Rxa5 random=True changed=False
game 1 ply 51: Qd3+ random=True changed=True
game 1 ply 53: Rc5+ random=True changed=True
game 1 ply 55: Qd6+ random=True changed=False
game 1 ply 57: Rc7+ random=True changed=True
game 1 ply 59: Qc6+ random=True changed=True
game 1 ply 60: Kb8 random=False changed=False
game 1 ply 61: Nd4 random=True changed=False
game 1 ply 63: Ne6 random=True changed=False
game 1 ply 65: f3 random=True changed=True
game 1 ply 67: Nd5 random=True changed=False
game 1 ply 69: Kd2 random=True changed=False
game 1 ply 71: Qa4 random=True changed=True
game 1 ply 73: Rxc2 random=True changed=True
game 1 ply 75: Qa1 random=True changed=True
game 1 ply 77: Qa2 random=True changed=True
game 1 ply 79: Ndf4 random=True changed=True
game 1 ply 80: Rxe5 random=False changed=False
game 1 ply 81: Qb2+ random=True changed=True
game 1 ply 85: Nd5 random=True changed=True
game 1 ply 87: f4 random=True changed=True
game 1 ply 89: Ra2+ random=True changed=True
game 1 ply 91: Raa1 random=True changed=False
game 1 ply 93: Nd4 random=True changed=False
GAME 1: 1-0 checkmate 95 plies
game 2 ply 2: d6 random=True changed=True
game 2 ply 4: Bf5 random=True changed=True
game 2 ply 6: axb4 random=True changed=False
game 2 ply 8: Nd5 random=True changed=True
game 2 ply 10: Be4 random=True changed=False
game 2 ply 12: Bf5 random=True changed=False
game 2 ply 16: e5 random=True changed=True
game 2 ply 20: Bxg4 random=False changed=False
game 2 ply 22: f5 random=True changed=True
game 2 ply 26: Ne3 random=True changed=True
game 2 ply 30: Ne5 random=True changed=True
game 2 ply 32: Kd8 random=True changed=True
game 2 ply 36: g5 random=True changed=True
game 2 ply 38: Ke7 random=True changed=True
game 2 ply 40: c2+ random=False changed=False
game 2 ply 42: Bg7 random=True changed=False
game 2 ply 44: Bf6 random=True changed=False
game 2 ply 46: Ke8 random=True changed=True
game 2 ply 48: Kf8 random=True changed=True
game 2 ply 60: Rh8 random=False changed=False
game 2 ply 62: Qxb6 random=True changed=False
game 2 ply 64: Nh4 random=True changed=True
game 2 ply 76: Qe3+ random=True changed=True
game 2 ply 78: Qb3+ random=True changed=False
game 2 ply 80: Qc4+ random=True changed=True
GAME 2: 1/2-1/2 threefold_repetition 82 plies
{"points": {"Weak2 + Random": 1.5, "Weak2": 0.5}, "calls": 0, "interventions": 0, "jev_total_ms": 0, "jev_mean_ms": null, "tokens": 0, "random_picks": 61, "random_interventions": 41, "finished_games": 2}
