game 1 ply 1: c4 random=True changed=True
game 1 ply 3: a4 random=True changed=False
game 1 ply 5: b3 random=True changed=True
game 1 ply 7: Ne3 random=True changed=True
game 1 ply 11: d3 random=True changed=True
game 1 ply 13: cxb5 random=True changed=True
game 1 ply 19: e4 random=True changed=False
game 1 ply 20: Bxc2 random=False changed=False
game 1 ply 23: b6 random=True changed=False
game 1 ply 25: Be2 random=True changed=False
game 1 ply 27: Kd1 random=True changed=False
game 1 ply 29: h4 random=True changed=True
game 1 ply 31: e5 random=True changed=True
game 1 ply 39: g4 random=True changed=True
game 1 ply 40: Qxg4+ random=False changed=False
game 1 ply 41: Kc1 random=True changed=True
game 1 ply 43: f3 random=True changed=False
game 1 ply 45: Rb1 random=True changed=True
game 1 ply 47: Rb7 random=True changed=True
game 1 ply 49: Kd1 random=True changed=True
game 1 ply 53: Rb3 random=True changed=True
game 1 ply 55: Ke1 random=True changed=True
game 1 ply 59: Rxb8+ random=True changed=True
game 1 ply 60: Ke7 random=False changed=False
game 1 ply 61: Qb7+ random=True changed=True
game 1 ply 63: Qb6+ random=True changed=True
game 1 ply 67: Qb4+ random=True changed=True
game 1 ply 69: Qb1+ random=True changed=True
game 1 ply 71: Qb2+ random=True changed=True
game 1 ply 73: Qb3+ random=True changed=True
game 1 ply 75: Qa3+ random=True changed=False
game 1 ply 77: Qb3+ random=True changed=True
game 1 ply 79: Qb4+ random=True changed=True
game 1 ply 80: Kc6 random=False changed=False
GAME 1: 1/2-1/2 threefold_repetition 81 plies
game 2 ply 2: h5 random=True changed=False
game 2 ply 4: e6 random=True changed=True
game 2 ply 6: Nf6 random=True changed=True
game 2 ply 8: Bc5 random=True changed=False
game 2 ply 10: d6 random=True changed=True
game 2 ply 12: b6 random=True changed=True
game 2 ply 14: Bd7 random=True changed=True
game 2 ply 16: Ra6 random=True changed=True
game 2 ply 18: Ra7 random=True changed=True
game 2 ply 20: g6 random=True changed=False
game 2 ply 22: Ra8 random=True changed=True
game 2 ply 24: Ra7 random=True changed=True
game 2 ply 26: Rb7 random=True changed=True
GAME 2: 1/2-1/2 threefold_repetition 27 plies
{"points": {"Weak2 + Random": 1.0, "Weak2": 1.0}, "calls": 0, "interventions": 0, "jev_total_ms": 0, "jev_mean_ms": null, "tokens": 0, "random_picks": 43, "random_interventions": 33, "finished_games": 2}
