game 1 ply 1: h4 random=True changed=True
game 1 ply 3: g4 random=True changed=False
game 1 ply 5: Bg2 random=True changed=False
game 1 ply 7: d3 random=True changed=True
game 1 ply 9: Be3 random=True changed=True
game 1 ply 11: b3 random=True changed=True
game 1 ply 13: h5 random=True changed=True
game 1 ply 15: Nbd2 random=True changed=True
game 1 ply 17: Ra2 random=True changed=True
game 1 ply 19: Ra1 random=True changed=True
game 1 ply 20: Ra7 random=False changed=False
game 1 ply 21: Ne4 random=True changed=False
game 1 ply 23: Rb1 random=True changed=True
game 1 ply 25: Rb2 random=True changed=True
game 1 ply 27: Ra2 random=True changed=False
game 1 ply 29: Ra1 random=True changed=False
game 1 ply 31: Ra2 random=True changed=False
GAME 1: 1/2-1/2 threefold_repetition 32 plies
game 2 ply 2: a5 random=True changed=False
game 2 ply 4: b6 random=True changed=False
game 2 ply 6: e6 random=True changed=True
game 2 ply 8: Bc5 random=True changed=False
game 2 ply 10: Nxf2 random=True changed=True
game 2 ply 16: Bb7 random=True changed=False
game 2 ply 18: f6 random=True changed=True
game 2 ply 20: Kf8 random=True changed=True
game 2 ply 22: Be7 random=True changed=True
game 2 ply 24: Ra6 random=True changed=True
game 2 ply 26: d6 random=True changed=False
game 2 ply 28: Ra7 random=True changed=False
game 2 ply 30: Ra6 random=True changed=False
game 2 ply 32: Qa8 random=True changed=True
game 2 ply 34: Ra7 random=True changed=False
game 2 ply 36: Ra6 random=True changed=False
game 2 ply 38: Qb8 random=True changed=True
GAME 2: 1/2-1/2 threefold_repetition 39 plies
{"points": {"Weak2 + Random": 1.0, "Weak2": 1.0}, "calls": 0, "interventions": 0, "jev_total_ms": 0, "jev_mean_ms": null, "tokens": 0, "random_picks": 33, "random_interventions": 18, "finished_games": 2}
