game 1 ply 1: f4 random=True changed=True
game 1 ply 3: g4 random=True changed=True
game 1 ply 5: c3 random=True changed=True
game 1 ply 7: h4 random=True changed=True
game 1 ply 9: Nc5 random=True changed=False
game 1 ply 17: b4 random=True changed=True
game 1 ply 19: Be3 random=True changed=False
game 1 ply 20: b2 random=False changed=False
game 1 ply 25: Bg2 random=True changed=False
game 1 ply 27: Qc2 random=True changed=False
game 1 ply 31: Kd1 random=True changed=False
game 1 ply 33: Bxd5 random=True changed=False
game 1 ply 35: Bb3 random=True changed=True
game 1 ply 37: Bxf7+ random=True changed=True
game 1 ply 39: Bf2 random=True changed=True
game 1 ply 40: Nd5 random=False changed=False
game 1 ply 43: Kc1 random=True changed=False
GAME 1: 0-1 checkmate 50 plies
game 2 ply 2: f5 random=True changed=True
game 2 ply 4: h5 random=True changed=True
game 2 ply 8: Bc5 random=True changed=True
game 2 ply 10: g5 random=True changed=True
game 2 ply 12: Nc6 random=True changed=False
game 2 ply 14: Nd4 random=True changed=True
game 2 ply 18: Bd7 random=True changed=True
game 2 ply 20: Bc6 random=True changed=True
game 2 ply 22: Nf6 random=True changed=False
game 2 ply 24: b6 random=True changed=False
game 2 ply 26: Nxb3 random=True changed=True
game 2 ply 28: Ra6 random=True changed=True
game 2 ply 30: Ra8 random=True changed=True
game 2 ply 32: Ra7 random=True changed=True
game 2 ply 34: Rb7 random=True changed=True
game 2 ply 36: Ra7 random=True changed=False
game 2 ply 38: Rb7 random=True changed=True
game 2 ply 40: Rc7 random=True changed=True
GAME 2: 1/2-1/2 threefold_repetition 42 plies
{"points": {"Weak2 + Random": 0.5, "Weak2": 1.5}, "calls": 0, "interventions": 0, "jev_total_ms": 0, "jev_mean_ms": null, "tokens": 0, "random_picks": 33, "random_interventions": 22, "finished_games": 2}
