game 1 ply 1: b3 random=True changed=True
game 1 ply 3: Bb2 random=True changed=False
game 1 ply 5: h4 random=True changed=False
game 1 ply 7: d3 random=True changed=False
game 1 ply 9: e3 random=True changed=False
game 1 ply 11: g3 random=True changed=True
game 1 ply 13: Bg2 random=True changed=True
game 1 ply 15: Rb1 random=True changed=True
game 1 ply 17: Ra1 random=True changed=False
game 1 ply 19: Ra2 random=True changed=False
game 1 ply 20: Ra7 random=False changed=False
game 1 ply 21: Ra3 random=True changed=True
game 1 ply 23: Ra2 random=True changed=True
game 1 ply 25: Ra1 random=True changed=False
GAME 1: 1/2-1/2 threefold_repetition 26 plies
game 2 ply 2: h5 random=True changed=True
game 2 ply 4: a6 random=True changed=True
game 2 ply 6: d6 random=True changed=True
game 2 ply 8: Bf5 random=True changed=True
game 2 ply 10: b6 random=True changed=True
game 2 ply 12: a5 random=True changed=False
game 2 ply 14: g6 random=True changed=True
game 2 ply 16: Ra6 random=True changed=True
game 2 ply 18: e6 random=True changed=True
game 2 ply 20: Bg7 random=True changed=True
game 2 ply 22: Ra8 random=True changed=True
game 2 ply 24: Ra7 random=True changed=True
game 2 ply 26: Ra6 random=True changed=False
game 2 ply 28: Qa8 random=True changed=True
game 2 ply 30: Ra7 random=True changed=False
game 2 ply 32: Ra6 random=True changed=False
game 2 ply 34: Ra7 random=True changed=False
GAME 2: 1/2-1/2 threefold_repetition 35 plies
{"points": {"Weak2 + Random": 1.0, "Weak2": 1.0}, "calls": 0, "interventions": 0, "jev_total_ms": 0, "jev_mean_ms": null, "tokens": 0, "random_picks": 30, "random_interventions": 18, "finished_games": 2}
