game 1 ply 1: Nf3 jev=True changed=False
game 1 ply 3: e3 jev=True changed=True
game 1 ply 5: Nd5 jev=True changed=True
game 1 ply 7: Nxb4 jev=True changed=False
game 1 ply 9: Nd4 jev=True changed=False
game 1 ply 11: Nb3 jev=True changed=True
game 1 ply 13: d4 jev=True changed=False
game 1 ply 19: O-O jev=True changed=False
game 1 ply 20: Bb7 jev=False changed=False
game 1 ply 21: Qd6 jev=True changed=True
game 1 ply 23: Rd1 jev=True changed=True
game 1 ply 29: f3 jev=True changed=False
game 1 ply 39: Re5 jev=True changed=True
game 1 ply 40: Bc8 jev=False changed=False
game 1 ply 45: Rd1 jev=True changed=False
game 1 ply 51: Nd3 jev=True changed=False
game 1 ply 53: Nc1 jev=True changed=False
game 1 ply 55: Re2 jev=True changed=False
game 1 ply 57: Kf1 jev=True changed=False
game 1 ply 59: Nb3 jev=True changed=True
game 1 ply 60: g4 jev=False changed=False
game 1 ply 63: fxg4 jev=True changed=False
game 1 ply 65: Ke1 jev=True changed=False
game 1 ply 69: Nc4 jev=True changed=False
game 1 ply 71: Ne3 jev=True changed=False
game 1 ply 75: Nd5 jev=True changed=False
game 1 ply 80: Rh4 jev=False changed=False
game 1 ply 81: Nd7 jev=True changed=True
game 1 ply 83: Nb6 jev=True changed=True
game 1 ply 87: Rc2 jev=True changed=False
game 1 ply 91: Ne3 jev=True changed=True
game 1 ply 93: Ke2 jev=True changed=False
game 1 ply 95: Nc4 jev=True changed=True
game 1 ply 99: Kxc3 jev=True changed=True
game 1 ply 100: Ra7 jev=False changed=False
game 1 ply 101: Re2 jev=True changed=False
game 1 ply 103: Re4 jev=True changed=True
game 1 ply 105: Re8+ jev=True changed=True
game 1 ply 109: Rd2 jev=True changed=False
game 1 ply 111: Rd4 jev=True changed=True
game 1 ply 115: g3 jev=True changed=True
game 1 ply 117: Rd7+ jev=True changed=False
game 1 ply 120: h4 jev=False changed=False
game 1 ply 121: gxh4 jev=True changed=False
game 1 ply 123: Ne5 jev=True changed=True
game 1 ply 125: Rd8+ jev=True changed=True
game 1 ply 133: Kc4 jev=True changed=False
game 1 ply 135: Rd8+ jev=True changed=True
game 1 ply 137: Rd5 jev=True changed=True
game 1 ply 139: Rd7+ jev=True changed=True
game 1 ply 140: Kg8 jev=False changed=False
game 1 ply 145: Nd7 jev=True changed=False
game 1 ply 147: Ne5 jev=True changed=False
game 1 ply 153: Ke4 jev=True changed=False
game 1 ply 155: Ne5+ jev=True changed=True
game 1 ply 157: g5 jev=True changed=False
game 1 ply 160: Rg1 jev=False changed=False
game 1 ply 171: Kd5 jev=True changed=True
game 1 ply 173: Ke5 jev=True changed=False
game 1 ply 175: Rf3 jev=True changed=True
game 1 ply 177: Re3 jev=True changed=True
game 1 ply 179: Rb3 jev=True changed=True
game 1 ply 180: Kg5 jev=False changed=False
game 1 ply 181: Re3 jev=True changed=True
game 1 ply 187: Rb3 jev=True changed=True
game 1 ply 189: Rg3 jev=True changed=True
game 1 ply 191: Kd4 jev=True changed=True
game 1 ply 193: Rd3 jev=True changed=False
game 1 ply 195: Rc3 jev=True changed=False
game 1 ply 197: Ke5 jev=True changed=True
game 1 ply 199: Rd3 jev=True changed=True
game 1 ply 200: Ke8 jev=False changed=False
GAME 1: 1-0 checkmate 205 plies
game 2 ply 2: Nc6 jev=True changed=False
game 2 ply 4: e4 jev=True changed=False
game 2 ply 6: d5 jev=True changed=False
game 2 ply 12: Qe7 jev=True changed=True
game 2 ply 14: f5 jev=True changed=True
game 2 ply 18: Qb4 jev=True changed=True
game 2 ply 20: Qxb3 jev=False changed=False
game 2 ply 22: Nd4 jev=True changed=False
game 2 ply 28: Bb4 jev=True changed=True
game 2 ply 30: Be6 jev=True changed=True
game 2 ply 32: Kd7 jev=True changed=True
game 2 ply 36: exd3 jev=True changed=False
game 2 ply 40: Kxc7 jev=False changed=False
game 2 ply 46: Rc8 jev=True changed=True
game 2 ply 48: Kxc8 jev=True changed=False
game 2 ply 50: Rb8 jev=True changed=False
game 2 ply 54: Be6 jev=True changed=False
game 2 ply 56: fxe4 jev=True changed=True
game 2 ply 58: g6 jev=True changed=False
game 2 ply 60: Bf5 jev=True changed=True
game 2 ply 64: Bxe4 jev=True changed=True
game 2 ply 66: Kd7 jev=True changed=True
game 2 ply 68: Kc6 jev=True changed=True
game 2 ply 70: gxh5 jev=True changed=True
game 2 ply 72: Kd6 jev=True changed=False
game 2 ply 74: Kc5 jev=True changed=False
game 2 ply 76: Kd4 jev=True changed=True
game 2 ply 78: Kc3 jev=True changed=True
game 2 ply 80: b4 jev=False changed=False
game 2 ply 84: Re8 jev=True changed=False
game 2 ply 86: Kb4 jev=True changed=True
game 2 ply 88: Kc4 jev=True changed=True
game 2 ply 90: Kd5 jev=True changed=True
game 2 ply 92: Rb8 jev=True changed=False
game 2 ply 94: Re8 jev=True changed=False
game 2 ply 98: Kf7 jev=True changed=False
game 2 ply 100: Kxf6 jev=False changed=False
game 2 ply 102: Kg6 jev=True changed=False
game 2 ply 104: Rxe7 jev=True changed=False
game 2 ply 106: Kf5 jev=True changed=False
game 2 ply 108: Ra7 jev=True changed=True
game 2 ply 110: Ke4 jev=True changed=True
game 2 ply 112: Kf4 jev=True changed=False
game 2 ply 114: Ra1 jev=True changed=False
game 2 ply 116: Kf5 jev=True changed=True
game 2 ply 118: Ke6 jev=True changed=False
game 2 ply 120: Ra5+ jev=True changed=True
game 2 ply 122: Re5 jev=True changed=True
game 2 ply 124: Ra5 jev=True changed=False
game 2 ply 126: Kf5 jev=True changed=False
game 2 ply 128: Ke4 jev=True changed=True
game 2 ply 130: Re5 jev=True changed=True
game 2 ply 132: Kf3 jev=True changed=True
game 2 ply 134: Re3 jev=True changed=True
game 2 ply 136: Rb3 jev=True changed=False
game 2 ply 138: Kg2 jev=True changed=False
game 2 ply 140: Kf3 jev=True changed=True
game 2 ply 142: Ke4 jev=True changed=True
game 2 ply 144: Kf5 jev=True changed=True
game 2 ply 146: Rb7+ jev=True changed=True
game 2 ply 148: Rb8+ jev=True changed=False
game 2 ply 150: Rb4 jev=True changed=False
game 2 ply 152: Rb7+ jev=True changed=False
game 2 ply 154: Ke4 jev=True changed=True
game 2 ply 156: Rb3 jev=True changed=False
game 2 ply 158: Rg3+ jev=True changed=True
game 2 ply 160: Rh3+ jev=True changed=False
game 2 ply 162: Kd5 jev=True changed=True
game 2 ply 164: Rb3 jev=True changed=True
game 2 ply 166: Rb6+ jev=True changed=False
game 2 ply 168: Rb1 jev=True changed=True
game 2 ply 170: Kc4 jev=True changed=False
game 2 ply 172: Re1+ jev=True changed=True
game 2 ply 174: Rf1+ jev=True changed=False
game 2 ply 176: Re1+ jev=True changed=False
game 2 ply 178: Rg1 jev=True changed=False
game 2 ply 180: Rg8+ jev=True changed=False
game 2 ply 182: Kb3 jev=True changed=False
game 2 ply 184: Rg2 jev=True changed=True
game 2 ply 186: Rg6+ jev=True changed=True
game 2 ply 188: Rg1 jev=True changed=True
game 2 ply 190: Rg8 jev=True changed=True
game 2 ply 192: Rc8+ jev=True changed=True
game 2 ply 194: Rc3 jev=True changed=False
game 2 ply 196: Rh3 jev=True changed=False
game 2 ply 198: Rh6+ jev=True changed=True
game 2 ply 200: Ra6 jev=True changed=True
game 2 ply 202: Kc4 jev=True changed=True
game 2 ply 204: Kd3 jev=True changed=False
game 2 ply 206: Ra2 jev=True changed=True
game 2 ply 208: Rc2+ jev=True changed=False
game 2 ply 210: Kc3 jev=True changed=True
game 2 ply 212: Rd2+ jev=True changed=True
game 2 ply 214: Rh2 jev=True changed=False
game 2 ply 216: Rh5+ jev=True changed=True
game 2 ply 218: Kd4 jev=True changed=True
game 2 ply 220: Rh1 jev=True changed=True
game 2 ply 222: Ke3 jev=True changed=False
game 2 ply 224: Ra1 jev=True changed=True
game 2 ply 226: Kd3 jev=True changed=False
GAME 2: 1/2-1/2 fifty_moves 226 plies
{"points": {"Stockfish + Jev": 1.5, "Stockfish": 0.5}, "calls": 158, "interventions": 84, "jev_total_ms": 44814.12, "jev_mean_ms": 283.63, "tokens": 87708, "finished_games": 2}
