game 1 ply 1: Nf3 jev=True changed=True
game 1 ply 3: Nc3 jev=True changed=False
game 1 ply 7: Bf4 jev=True changed=True
game 1 ply 9: cxd5 jev=True changed=False
game 1 ply 13: Bd3 jev=True changed=False
game 1 ply 15: Nxe4 jev=True changed=False
game 1 ply 19: Bxc6 jev=True changed=True
game 1 ply 20: bxc6 jev=False changed=False
game 1 ply 21: O-O jev=True changed=False
game 1 ply 23: Qxf3 jev=True changed=False
game 1 ply 25: Rfe1 jev=True changed=True
game 1 ply 27: Qxc6 jev=True changed=True
game 1 ply 29: Qe4 jev=True changed=True
game 1 ply 31: g3 jev=True changed=True
game 1 ply 33: Reb1 jev=True changed=True
game 1 ply 35: Re1 jev=True changed=True
game 1 ply 37: Qxc2 jev=True changed=True
game 1 ply 39: Rec1 jev=True changed=True
game 1 ply 40: Rac8 jev=False changed=False
game 1 ply 41: Rab1 jev=True changed=True
game 1 ply 43: Be3 jev=True changed=True
game 1 ply 45: a4 jev=True changed=False
game 1 ply 51: Kf1 jev=True changed=False
game 1 ply 53: g4 jev=True changed=True
game 1 ply 55: Be3 jev=True changed=True
game 1 ply 60: Kc4 jev=False changed=False
game 1 ply 63: Bb6 jev=True changed=True
game 1 ply 69: Bd4 jev=True changed=True
game 1 ply 73: Be5 jev=True changed=True
game 1 ply 75: Bc7 jev=True changed=False
game 1 ply 77: Kb5 jev=True changed=True
game 1 ply 80: a3 jev=False changed=False
game 1 ply 81: hxg5 jev=True changed=True
game 1 ply 83: gxf6 jev=True changed=False
game 1 ply 87: Kc6 jev=True changed=True
game 1 ply 89: Kd7 jev=True changed=True
game 1 ply 91: Kxe6 jev=True changed=False
game 1 ply 93: Kd5 jev=True changed=True
game 1 ply 95: g6 jev=True changed=True
game 1 ply 97: Kc6 jev=True changed=True
game 1 ply 99: Bd6 jev=True changed=True
game 1 ply 100: Qxg6 jev=False changed=False
game 1 ply 101: Kd7 jev=True changed=False
game 1 ply 103: Bb8 jev=True changed=True
game 1 ply 105: Ke6 jev=True changed=True
game 1 ply 107: Kd5 jev=True changed=True
game 1 ply 111: Bf4 jev=True changed=True
game 1 ply 115: Bd6 jev=True changed=False
game 1 ply 117: Kf4 jev=True changed=False
game 1 ply 119: Kg5 jev=True changed=True
game 1 ply 120: Qf6+ jev=False changed=False
game 1 ply 121: Kh5 jev=True changed=True
game 1 ply 123: Kg4 jev=True changed=False
game 1 ply 125: Kf3 jev=True changed=True
game 1 ply 127: Kg4 jev=True changed=True
game 1 ply 129: Kh5 jev=True changed=False
game 1 ply 131: Kg4 jev=True changed=True
game 1 ply 133: Kf3 jev=True changed=False
game 1 ply 135: Bf4 jev=True changed=False
game 1 ply 140: Qg3 jev=False changed=False
GAME 1: 0-1 checkmate 144 plies
game 2 ply 2: d6 jev=True changed=False
game 2 ply 4: Nbd7 jev=True changed=True
game 2 ply 6: e5 jev=True changed=False
game 2 ply 8: exd4 jev=True changed=True
game 2 ply 10: Nc5 jev=True changed=True
game 2 ply 12: c6 jev=True changed=True
game 2 ply 14: Qe7 jev=True changed=True
game 2 ply 20: Bg7 jev=False changed=False
game 2 ply 24: Be6 jev=True changed=True
game 2 ply 30: Bxd4 jev=True changed=False
game 2 ply 36: Qf5 jev=True changed=False
game 2 ply 40: f6 jev=False changed=False
game 2 ply 42: Bf7 jev=True changed=True
game 2 ply 56: Qe8 jev=True changed=False
game 2 ply 60: Bxc4 jev=True changed=True
game 2 ply 68: Qd1+ jev=True changed=False
game 2 ply 76: Qa3+ jev=True changed=True
game 2 ply 78: Qe7+ jev=True changed=False
game 2 ply 80: axb5 jev=True changed=False
game 2 ply 82: Kg7 jev=True changed=True
game 2 ply 84: Kf8 jev=True changed=False
game 2 ply 86: Qd6+ jev=True changed=False
game 2 ply 88: Qe7+ jev=True changed=True
game 2 ply 90: Qd7+ jev=True changed=True
game 2 ply 92: Qc7+ jev=True changed=True
game 2 ply 94: Qd7 jev=True changed=False
game 2 ply 98: b6 jev=True changed=False
game 2 ply 100: Kxe7 jev=False changed=False
game 2 ply 102: Kd6 jev=True changed=True
game 2 ply 104: Kc5 jev=True changed=False
game 2 ply 108: Kb4 jev=True changed=True
game 2 ply 110: gxf5 jev=True changed=False
game 2 ply 112: b5 jev=True changed=True
game 2 ply 114: Ka3 jev=True changed=False
game 2 ply 116: b4 jev=True changed=False
game 2 ply 118: Kb3 jev=True changed=True
game 2 ply 120: Kc2 jev=True changed=True
game 2 ply 124: Kd2 jev=True changed=False
game 2 ply 130: Kc3 jev=True changed=True
game 2 ply 136: Kb4 jev=True changed=True
game 2 ply 140: Kb3 jev=False changed=False
game 2 ply 146: Kc4 jev=True changed=True
GAME 2: 1-0 checkmate 153 plies
{"points": {"Stockfish + Jev": 0, "Stockfish": 2}, "calls": 91, "interventions": 56, "jev_total_ms": 25494.84, "jev_mean_ms": 280.16, "tokens": 53841, "finished_games": 2}
