game 1 ply 1: Nc3 jev=True changed=True
game 1 ply 3: d4 jev=True changed=True
game 1 ply 5: Nxd4 jev=True changed=False
game 1 ply 7: Nxc6 jev=True changed=False
game 1 ply 9: Qxd8+ jev=True changed=False
game 1 ply 11: Bg5 jev=True changed=True
game 1 ply 13: Bd2 jev=True changed=False
game 1 ply 15: Be2 jev=True changed=False
game 1 ply 17: O-O-O jev=True changed=False
game 1 ply 19: Rhe1 jev=True changed=True
game 1 ply 20: Ng4 jev=False changed=False
game 1 ply 23: Ne2 jev=True changed=False
game 1 ply 25: Nd4 jev=True changed=False
game 1 ply 27: Nxe6 jev=True changed=False
game 1 ply 29: Re3 jev=True changed=False
game 1 ply 31: Rb3 jev=True changed=False
game 1 ply 35: Be3 jev=True changed=False
game 1 ply 37: Rxb7 jev=True changed=False
game 1 ply 39: Ra7 jev=True changed=True
game 1 ply 40: Rxa7 jev=False changed=False
game 1 ply 43: Rd5 jev=True changed=True
game 1 ply 53: Rxc6+ jev=True changed=True
game 1 ply 55: Kd1 jev=True changed=True
game 1 ply 57: Ke1 jev=True changed=False
game 1 ply 59: Rc3 jev=True changed=False
game 1 ply 60: Kf4 jev=False changed=False
game 1 ply 65: Re7 jev=True changed=True
game 1 ply 71: Ke3 jev=True changed=True
game 1 ply 75: Rg7 jev=True changed=False
game 1 ply 80: g1=Q jev=False changed=False
game 1 ply 83: bxa5 jev=True changed=True
game 1 ply 89: Kd6 jev=True changed=True
game 1 ply 91: Ke6 jev=True changed=False
game 1 ply 97: Ke7 jev=True changed=True
game 1 ply 99: Kf8 jev=True changed=False
game 1 ply 100: Rxa5 jev=False changed=False
game 1 ply 103: Kf6 jev=True changed=True
game 1 ply 105: Kf7 jev=True changed=True
game 1 ply 107: Ke7 jev=True changed=False
game 1 ply 109: Kf7 jev=True changed=False
game 1 ply 115: Kc7 jev=True changed=True
game 1 ply 119: Ke6 jev=True changed=True
game 1 ply 120: Re1+ jev=False changed=False
game 1 ply 121: Kf7 jev=True changed=False
GAME 1: 0-1 checkmate 128 plies
game 2 ply 2: Nd4 jev=True changed=True
game 2 ply 4: exd4 jev=True changed=False
game 2 ply 6: Nf6 jev=True changed=False
game 2 ply 8: c6 jev=True changed=False
game 2 ply 12: d6 jev=True changed=True
game 2 ply 16: Be6 jev=True changed=True
game 2 ply 18: Rc8 jev=True changed=False
game 2 ply 20: Be7 jev=True changed=False
game 2 ply 26: Qc5 jev=True changed=True
game 2 ply 30: Qxd1 jev=True changed=True
game 2 ply 32: Rc2 jev=True changed=False
game 2 ply 38: Kd8 jev=True changed=True
game 2 ply 40: Kc8 jev=True changed=True
game 2 ply 44: Rc8 jev=True changed=False
game 2 ply 46: Rxa2 jev=True changed=False
game 2 ply 48: Rac2 jev=True changed=True
game 2 ply 50: R2c7 jev=True changed=False
game 2 ply 52: Rf8 jev=True changed=True
game 2 ply 54: Rxf4 jev=True changed=True
game 2 ply 60: Rd4 jev=True changed=True
game 2 ply 62: Rxd3 jev=True changed=False
game 2 ply 64: Rd1+ jev=True changed=True
game 2 ply 66: Rg1 jev=True changed=False
game 2 ply 68: Rd1 jev=True changed=True
game 2 ply 70: Rd2+ jev=True changed=True
game 2 ply 72: d4 jev=True changed=False
game 2 ply 74: d3 jev=True changed=True
game 2 ply 76: Re2+ jev=True changed=True
game 2 ply 80: Kd8 jev=True changed=True
game 2 ply 82: Rg7 jev=True changed=True
game 2 ply 84: Rd7+ jev=True changed=True
game 2 ply 86: Rc7+ jev=True changed=True
game 2 ply 88: Rd7+ jev=True changed=True
game 2 ply 90: Re7+ jev=True changed=True
game 2 ply 92: Ke8 jev=True changed=False
game 2 ply 94: Rf7+ jev=True changed=False
game 2 ply 96: Rf3 jev=True changed=True
game 2 ply 98: Rg3 jev=True changed=False
game 2 ply 100: Rh3 jev=True changed=False
game 2 ply 102: Kf7 jev=True changed=True
game 2 ply 104: Rd3 jev=True changed=True
game 2 ply 108: Rd8 jev=True changed=True
game 2 ply 110: Ra8 jev=True changed=True
game 2 ply 118: Re8 jev=True changed=True
game 2 ply 120: Kh8 jev=True changed=True
game 2 ply 122: Kg8 jev=True changed=False
game 2 ply 124: Rf8 jev=True changed=True
game 2 ply 126: Ra8 jev=True changed=True
game 2 ply 128: Rf8 jev=True changed=False
game 2 ply 130: Rb8 jev=True changed=True
game 2 ply 132: Rd8 jev=True changed=True
game 2 ply 134: Rf8 jev=True changed=False
game 2 ply 136: Rc8 jev=True changed=True
game 2 ply 138: Rd8 jev=True changed=True
game 2 ply 140: Rd2 jev=True changed=True
game 2 ply 142: Rh2+ jev=True changed=True
game 2 ply 144: Rg2+ jev=True changed=False
game 2 ply 146: Rf2+ jev=True changed=True
game 2 ply 148: Rg2+ jev=True changed=True
game 2 ply 150: Kf8 jev=True changed=True
game 2 ply 152: Kg8 jev=True changed=True
game 2 ply 156: Rxg6 jev=True changed=False
game 2 ply 158: Rc6 jev=True changed=True
game 2 ply 160: Kf6 jev=True changed=False
game 2 ply 162: Ke6 jev=True changed=True
game 2 ply 164: Rd6 jev=True changed=True
game 2 ply 166: Rd1 jev=True changed=True
game 2 ply 168: Rh1 jev=True changed=True
game 2 ply 170: Rg1+ jev=True changed=True
game 2 ply 172: Rg5 jev=True changed=False
game 2 ply 174: Kd5 jev=True changed=True
game 2 ply 176: Re5 jev=True changed=False
game 2 ply 178: Re4+ jev=True changed=False
game 2 ply 180: Kd6 jev=True changed=True
game 2 ply 182: Re5+ jev=True changed=False
game 2 ply 184: Re1 jev=True changed=True
game 2 ply 186: Re4 jev=True changed=True
game 2 ply 188: Re5+ jev=True changed=False
game 2 ply 190: Re1 jev=True changed=True
game 2 ply 192: Re3 jev=True changed=False
game 2 ply 194: Re8 jev=True changed=True
game 2 ply 196: Rf8+ jev=True changed=True
game 2 ply 198: Rd8 jev=True changed=True
game 2 ply 200: Ke7 jev=True changed=True
GAME 2: 1/2-1/2 insufficient_material 202 plies
{"points": {"Stockfish + Jev": 0.5, "Stockfish": 1.5}, "calls": 122, "interventions": 73, "jev_total_ms": 35007.61, "jev_mean_ms": 286.95, "tokens": 69499, "finished_games": 2}
