game 1 ply 1: Nf3 jev=True changed=True
game 1 ply 3: Nc3 jev=True changed=True
game 1 ply 5: cxd5 jev=True changed=False
game 1 ply 7: Bf4 jev=True changed=False
game 1 ply 9: e3 jev=True changed=True
game 1 ply 11: Nh4 jev=True changed=False
game 1 ply 13: Bd3 jev=True changed=False
game 1 ply 15: Nf5 jev=True changed=False
game 1 ply 19: Bxd7+ jev=True changed=False
game 1 ply 20: Qxd7 jev=False changed=False
game 1 ply 21: Bg5 jev=True changed=True
game 1 ply 23: O-O jev=True changed=True
game 1 ply 25: Bxf6 jev=True changed=False
game 1 ply 27: Qb3 jev=True changed=False
game 1 ply 29: Rfd1 jev=True changed=False
game 1 ply 31: e4 jev=True changed=True
game 1 ply 35: d5 jev=True changed=True
game 1 ply 37: Qxd5 jev=True changed=True
game 1 ply 40: Rad8 jev=False changed=False
game 1 ply 41: Rad1 jev=True changed=True
game 1 ply 45: Nc3 jev=True changed=True
game 1 ply 49: Rd7 jev=True changed=True
game 1 ply 51: Kf1 jev=True changed=False
game 1 ply 53: Ke2 jev=True changed=False
game 1 ply 55: Kf3 jev=True changed=True
game 1 ply 57: Rxb7 jev=True changed=False
game 1 ply 59: Rc7 jev=True changed=True
game 1 ply 60: Bb6 jev=False changed=False
game 1 ply 61: Rc8+ jev=True changed=False
game 1 ply 63: Ne3 jev=True changed=True
game 1 ply 65: h3 jev=True changed=False
game 1 ply 67: Rc2 jev=True changed=True
game 1 ply 71: g4 jev=True changed=True
game 1 ply 73: gxf5+ jev=True changed=True
game 1 ply 75: Ne1 jev=True changed=True
game 1 ply 77: Nd3+ jev=True changed=True
game 1 ply 79: Ke2 jev=True changed=False
game 1 ply 80: Bc7 jev=False changed=False
game 1 ply 81: Nb4 jev=True changed=False
game 1 ply 85: f4 jev=True changed=False
game 1 ply 95: Kg4 jev=True changed=False
game 1 ply 97: Kxh4 jev=True changed=False
game 1 ply 99: Kg5 jev=True changed=False
game 1 ply 100: Ke4 jev=False changed=False
game 1 ply 101: Kg4 jev=True changed=False
game 1 ply 103: Kg3 jev=True changed=True
game 1 ply 105: Kg4 jev=True changed=True
game 1 ply 107: Kh5 jev=True changed=True
game 1 ply 109: Kg6 jev=True changed=True
game 1 ply 111: Kf5 jev=True changed=True
game 1 ply 113: Kf6 jev=True changed=True
game 1 ply 115: Ke5 jev=True changed=False
game 1 ply 117: Ke4 jev=True changed=True
game 1 ply 119: Kf5 jev=True changed=True
game 1 ply 120: Bc5 jev=False changed=False
game 1 ply 121: Ke5 jev=True changed=False
game 1 ply 123: Kd6 jev=True changed=True
game 1 ply 125: Ke5 jev=True changed=False
game 1 ply 127: Ke6 jev=True changed=False
game 1 ply 129: Kf7 jev=True changed=True
game 1 ply 131: Ke6 jev=True changed=False
game 1 ply 133: Kd5 jev=True changed=False
game 1 ply 135: Ke6 jev=True changed=True
game 1 ply 137: Kd5 jev=True changed=True
game 1 ply 139: Kc6 jev=True changed=True
game 1 ply 140: Bc3 jev=False changed=False
game 1 ply 141: Kd7 jev=True changed=True
game 1 ply 143: Kc6 jev=True changed=False
game 1 ply 145: Kc7 jev=True changed=True
game 1 ply 147: Kc8 jev=True changed=True
game 1 ply 149: Kb7 jev=True changed=True
game 1 ply 151: Kc6 jev=True changed=False
game 1 ply 153: Kd7 jev=True changed=True
game 1 ply 155: Ke6 jev=True changed=False
game 1 ply 157: Kf7 jev=True changed=False
game 1 ply 159: Kg8 jev=True changed=True
game 1 ply 160: Bd4 jev=False changed=False
game 1 ply 161: Kf7 jev=True changed=True
game 1 ply 163: Kg6 jev=True changed=True
game 1 ply 165: Kf5 jev=True changed=True
game 1 ply 167: Ke6 jev=True changed=True
game 1 ply 169: Kd5 jev=True changed=True
game 1 ply 171: Kc5 jev=True changed=True
game 1 ply 173: Kd6 jev=True changed=True
game 1 ply 175: Ke7 jev=True changed=False
game 1 ply 177: Kf8 jev=True changed=False
game 1 ply 179: Kf7 jev=True changed=False
game 1 ply 180: Bd4 jev=False changed=False
game 1 ply 181: Kg6 jev=True changed=True
game 1 ply 183: Kf5 jev=True changed=True
game 1 ply 185: Ke4 jev=True changed=True
game 1 ply 187: Kd3 jev=True changed=True
game 1 ply 189: Ke4 jev=True changed=True
game 1 ply 191: Kd5 jev=True changed=True
game 1 ply 193: Ke6 jev=True changed=True
game 1 ply 195: Kf7 jev=True changed=False
game 1 ply 197: Ke7 jev=True changed=True
game 1 ply 199: Kd6 jev=True changed=True
game 1 ply 200: Bh4 jev=False changed=False
game 1 ply 201: Kc7 jev=True changed=True
game 1 ply 203: Kd6 jev=True changed=False
game 1 ply 205: Kd7 jev=True changed=False
game 1 ply 207: Ke6 jev=True changed=True
game 1 ply 209: Kf5 jev=True changed=True
game 1 ply 211: Kg6 jev=True changed=False
game 1 ply 213: Kf7 jev=True changed=False
game 1 ply 215: Kg6 jev=True changed=True
game 1 ply 217: Kg7 jev=True changed=False
game 1 ply 219: Kh7 jev=True changed=True
game 1 ply 220: Kd5 jev=False changed=False
game 1 ply 221: Kg6 jev=True changed=False
game 1 ply 223: Kf7 jev=True changed=True
game 1 ply 225: Ke6 jev=True changed=False
game 1 ply 227: Kd7 jev=True changed=False
game 1 ply 229: Ke8 jev=True changed=True
game 1 ply 233: Kg8 jev=True changed=True
game 1 ply 235: Kh7 jev=True changed=False
game 1 ply 237: Kg6 jev=True changed=False
game 1 ply 239: Kg7 jev=True changed=True
game 1 ply 240: Kd5 jev=False changed=False
game 1 ply 241: Kf7 jev=True changed=True
game 1 ply 243: Kg8 jev=True changed=True
game 1 ply 245: Kh7 jev=True changed=False
game 1 ply 247: Kh6 jev=True changed=False
game 1 ply 249: Kh7 jev=True changed=True
game 1 ply 251: Kh8 jev=True changed=False
game 1 ply 253: Kh7 jev=True changed=False
game 1 ply 257: Kh8 jev=True changed=False
game 1 ply 259: h5 jev=True changed=True
game 1 ply 260: Bc1 jev=False changed=False
game 1 ply 261: h6 jev=True changed=True
GAME 1: 1/2-1/2 insufficient_material 262 plies
game 2 ply 2: Nf6 jev=True changed=True
game 2 ply 4: c5 jev=True changed=False
game 2 ply 8: Nc6 jev=True changed=True
game 2 ply 10: Bg4 jev=True changed=True
game 2 ply 12: c4 jev=True changed=True
game 2 ply 18: Nb6 jev=True changed=False
game 2 ply 20: Be7 jev=False changed=False
game 2 ply 22: Nd5 jev=True changed=True
game 2 ply 26: Rc8 jev=True changed=False
game 2 ply 34: Qd6 jev=True changed=True
game 2 ply 40: Bf6 jev=False changed=False
game 2 ply 44: Rxd4 jev=True changed=False
game 2 ply 46: c5 jev=True changed=True
game 2 ply 54: Rb1 jev=True changed=False
game 2 ply 60: Kf7 jev=False changed=False
game 2 ply 62: Rd1+ jev=True changed=True
game 2 ply 68: Re1 jev=True changed=True
game 2 ply 70: Ra1 jev=True changed=True
game 2 ply 72: Rh1 jev=True changed=True
game 2 ply 74: Bb4 jev=True changed=False
game 2 ply 76: Ba3 jev=True changed=True
game 2 ply 78: Kf8 jev=True changed=True
game 2 ply 80: Bb4 jev=False changed=False
game 2 ply 84: h5 jev=True changed=True
game 2 ply 86: h4 jev=True changed=True
game 2 ply 92: Rxh3 jev=True changed=True
game 2 ply 94: Rf3 jev=True changed=False
game 2 ply 100: Rd1+ jev=True changed=True
game 2 ply 102: Rg1 jev=True changed=True
game 2 ply 104: Rf1 jev=True changed=True
game 2 ply 106: Rf7+ jev=True changed=False
game 2 ply 108: Ra7 jev=True changed=False
game 2 ply 110: g6 jev=True changed=True
game 2 ply 112: Rg7 jev=True changed=True
game 2 ply 114: Rf7 jev=True changed=True
game 2 ply 116: Rb7 jev=True changed=True
game 2 ply 120: Kh8 jev=False changed=False
game 2 ply 122: Kg8 jev=True changed=True
game 2 ply 124: Kf7 jev=True changed=True
game 2 ply 128: Kf5 jev=True changed=True
GAME 2: 1-0 checkmate 139 plies
{"points": {"Stockfish + Jev": 0.5, "Stockfish": 1.5}, "calls": 153, "interventions": 94, "jev_total_ms": 41546.54, "jev_mean_ms": 271.55, "tokens": 85801, "finished_games": 2}
