game 1 ply 1: d4 jev=True changed=False
game 1 ply 3: dxc5 jev=True changed=False
game 1 ply 5: cxd6 jev=True changed=False
game 1 ply 7: Bf4 jev=True changed=False
game 1 ply 9: Be3 jev=True changed=False
game 1 ply 17: Nd4 jev=True changed=True
game 1 ply 19: Bxd5 jev=True changed=False
game 1 ply 20: Be7 jev=False changed=False
game 1 ply 29: Ne4 jev=True changed=True
game 1 ply 31: Nd6+ jev=True changed=False
game 1 ply 33: Qxd5 jev=True changed=True
game 1 ply 35: Kf1 jev=True changed=False
game 1 ply 37: Ne8 jev=True changed=True
game 1 ply 40: Bxf4 jev=False changed=False
game 1 ply 43: Re5 jev=True changed=False
game 1 ply 47: Ke2 jev=True changed=True
game 1 ply 49: Re4 jev=True changed=False
game 1 ply 53: Kf3 jev=True changed=False
game 1 ply 57: Ra4 jev=True changed=False
game 1 ply 59: Rxa5 jev=True changed=False
game 1 ply 60: Rb1 jev=False changed=False
game 1 ply 63: Rxg5 jev=True changed=False
game 1 ply 65: Kg4 jev=True changed=False
game 1 ply 67: Kg3 jev=True changed=True
game 1 ply 69: Kg4 jev=True changed=True
game 1 ply 71: Kg3 jev=True changed=True
game 1 ply 73: Kg4 jev=True changed=False
game 1 ply 75: Kg3 jev=True changed=False
game 1 ply 79: g4 jev=True changed=False
game 1 ply 80: Ra8 jev=False changed=False
GAME 1: 0-1 checkmate 84 plies
game 2 ply 2: cxd4 jev=True changed=True
game 2 ply 4: e5 jev=True changed=True
game 2 ply 6: Nc6 jev=True changed=False
game 2 ply 8: Nf6 jev=True changed=True
game 2 ply 10: Be6 jev=True changed=False
game 2 ply 12: Rc8 jev=True changed=True
game 2 ply 14: Qb6 jev=True changed=True
game 2 ply 16: Nd4 jev=True changed=False
game 2 ply 18: Qxd4 jev=True changed=True
game 2 ply 20: Qd3 jev=True changed=True
game 2 ply 24: Kf7 jev=True changed=False
game 2 ply 30: Rhc8 jev=True changed=False
game 2 ply 40: Qd5 jev=False changed=False
game 2 ply 48: Qd5 jev=True changed=False
game 2 ply 50: Rfc8 jev=True changed=False
game 2 ply 54: Rf5 jev=True changed=False
game 2 ply 60: Kf5 jev=True changed=False
game 2 ply 80: Re7 jev=False changed=False
game 2 ply 90: Qc1+ jev=True changed=False
game 2 ply 100: d5+ jev=False changed=False
game 2 ply 106: Re7 jev=True changed=False
GAME 2: 1/2-1/2 threefold_repetition 109 plies
{"points": {"Stockfish + Jev": 0.5, "Stockfish": 1.5}, "calls": 44, "interventions": 15, "jev_total_ms": 12627.73, "jev_mean_ms": 286.99, "tokens": 28839, "finished_games": 2}
