1/5 op04 W0 D1 L1
2/5 op05 W0 D1 L3
3/5 op03 W0 D2 L4
4/5 op02 W0 D2 L6
5/5 op01 W0 D3 L7
{
  "status": "complete",
  "points": {
    "Weak2 + Jev(conf>=0.2)": 1.5,
    "Weak4": 8.5
  },
  "elapsed_seconds": 111.16,
  "analysis": {
    "wins": 0,
    "draws": 3,
    "losses": 7,
    "unfinished": 0,
    "games": 10,
    "score_fraction": 0.15,
    "score_ci95_normal": [
      0,
      0.371
    ],
    "elo_diff_estimate": -301.3,
    "pair_wins": 0,
    "pair_losses": 5,
    "paired_sign_test_two_sided_p": 0.0625
  }
}
