d2jev-vs-d2-100 decisions where selector disagreed with engine: 1178
{
 "all_disagreements": {
  "n": 1178,
  "selector_move_outcome": 0.4839,
  "engine_move_outcome": 0.486,
  "better": 148,
  "same": 880,
  "worse": 150,
  "net_per_decision": -0.0021
 },
 "by_confidence": {
  "0.0-0.1": {
   "n": 199,
   "selector_move_outcome": 0.4648,
   "engine_move_outcome": 0.4573,
   "better": 29,
   "same": 143,
   "worse": 27,
   "net_per_decision": 0.0075
  },
  "0.1-0.2": {
   "n": 355,
   "selector_move_outcome": 0.4831,
   "engine_move_outcome": 0.4901,
   "better": 42,
   "same": 265,
   "worse": 48,
   "net_per_decision": -0.007
  },
  "0.2-0.3": {
   "n": 249,
   "selector_move_outcome": 0.504,
   "engine_move_outcome": 0.488,
   "better": 36,
   "same": 183,
   "worse": 30,
   "net_per_decision": 0.0161
  },
  "0.3-0.4": {
   "n": 181,
   "selector_move_outcome": 0.4945,
   "engine_move_outcome": 0.4945,
   "better": 24,
   "same": 135,
   "worse": 22,
   "net_per_decision": 0.0
  },
  "0.4-0.5": {
   "n": 115,
   "selector_move_outcome": 0.4739,
   "engine_move_outcome": 0.4913,
   "better": 11,
   "same": 91,
   "worse": 13,
   "net_per_decision": -0.0174
  },
  "0.5-1.0": {
   "n": 79,
   "selector_move_outcome": 0.462,
   "engine_move_outcome": 0.5063,
   "better": 6,
   "same": 63,
   "worse": 10,
   "net_per_decision": -0.0443
  }
 }
}
