1/50 op07 W0 D2 L0
2/50 op01 W0 D4 L0
3/50 op09 W0 D6 L0
4/50 op04 W0 D8 L0
5/50 op10 W0 D10 L0
6/50 op11 W0 D12 L0
7/50 op06 W0 D12 L2
8/50 op14 W0 D14 L2
9/50 op15 W0 D16 L2
10/50 op05 W0 D18 L2
11/50 op03 W0 D20 L2
12/50 op08 W2 D20 L2
13/50 op12 W2 D22 L2
14/50 op02 W2 D24 L2
15/50 op21 W2 D26 L2
16/50 op13 W2 D28 L2
17/50 op19 W2 D29 L3
18/50 op17 W3 D30 L3
19/50 op18 W3 D30 L5
20/50 op20 W3 D32 L5
21/50 op23 W3 D34 L5
22/50 op22 W3 D36 L5
23/50 op25 W3 D38 L5
24/50 op24 W3 D40 L5
25/50 op16 W4 D41 L5
26/50 op29 W4 D43 L5
27/50 op33 W4 D45 L5
28/50 op26 W5 D46 L5
29/50 op30 W5 D48 L5
30/50 op35 W5 D50 L5
31/50 op28 W5 D52 L5
32/50 op36 W5 D54 L5
33/50 op27 W5 D56 L5
34/50 op32 W5 D58 L5
35/50 op38 W5 D60 L5
36/50 op37 W5 D62 L5
37/50 op40 W5 D64 L5
38/50 op39 W5 D66 L5
39/50 op34 W6 D67 L5
40/50 op31 W7 D68 L5
41/50 op44 W7 D70 L5
42/50 op45 W7 D72 L5
43/50 op42 W7 D74 L5
44/50 op43 W7 D76 L5
45/50 op47 W7 D78 L5
46/50 op41 W9 D78 L5
47/50 op49 W9 D79 L6
48/50 op50 W10 D80 L6
49/50 op46 W11 D81 L6
50/50 op48 W12 D82 L6
{
  "status": "complete",
  "points": {
    "Weak2 + Jev(conf>=0.4)": 53.0,
    "Weak2": 47.0
  },
  "elapsed_seconds": 85.68,
  "analysis": {
    "wins": 12,
    "draws": 82,
    "losses": 6,
    "unfinished": 0,
    "games": 100,
    "score_fraction": 0.53,
    "score_ci95_normal": [
      0.432,
      0.628
    ],
    "elo_diff_estimate": 20.9,
    "pair_wins": 10,
    "pair_losses": 4,
    "paired_sign_test_two_sided_p": 0.1796
  }
}
