1/50 op01 W0 D2 L0
2/50 op09 W0 D4 L0
3/50 op07 W1 D5 L0
4/50 op03 W2 D6 L0
5/50 op10 W3 D7 L0
6/50 op04 W3 D9 L0
7/50 op08 W4 D10 L0
8/50 op06 W5 D11 L0
9/50 op05 W6 D12 L0
10/50 op14 W6 D14 L0
11/50 op15 W6 D16 L0
12/50 op02 W7 D16 L1
13/50 op11 W7 D18 L1
14/50 op12 W7 D18 L3
15/50 op13 W7 D20 L3
16/50 op19 W7 D22 L3
17/50 op22 W8 D23 L3
18/50 op16 W9 D24 L3
19/50 op18 W9 D25 L4
20/50 op21 W10 D26 L4
21/50 op17 W11 D26 L5
22/50 op20 W11 D27 L6
23/50 op25 W12 D28 L6
24/50 op24 W13 D29 L6
25/50 op23 W14 D29 L7
26/50 op27 W14 D31 L7
27/50 op26 W14 D32 L8
28/50 op30 W14 D34 L8
29/50 op33 W15 D35 L8
30/50 op29 W16 D36 L8
31/50 op31 W17 D37 L8
32/50 op35 W17 D39 L8
33/50 op28 W19 D39 L8
34/50 op34 W21 D39 L8
35/50 op37 W21 D40 L9
36/50 op36 W22 D41 L9
37/50 op40 W22 D43 L9
38/50 op39 W22 D43 L11
39/50 op32 W22 D45 L11
40/50 op42 W22 D47 L11
41/50 op43 W22 D48 L12
42/50 op45 W22 D50 L12
43/50 op46 W22 D52 L12
44/50 op38 W22 D54 L12
45/50 op44 W23 D55 L12
46/50 op48 W23 D57 L12
47/50 op41 W23 D59 L12
48/50 op47 W23 D60 L13
49/50 op49 W23 D62 L13
50/50 op50 W23 D63 L14
{
  "status": "complete",
  "points": {
    "Weak2 + Jev(conf>=0.4)": 54.5,
    "Weak2": 45.5
  },
  "elapsed_seconds": 148.18,
  "analysis": {
    "wins": 23,
    "draws": 63,
    "losses": 14,
    "unfinished": 0,
    "games": 100,
    "score_fraction": 0.545,
    "score_ci95_normal": [
      0.447,
      0.643
    ],
    "elo_diff_estimate": 31.4,
    "pair_wins": 18,
    "pair_losses": 9,
    "paired_sign_test_two_sided_p": 0.1221
  }
}
