d2jevc04-vs-d2-100 decisions where selector disagreed with engine: 1117
{
 "all_disagreements": {
  "n": 1117,
  "selector_move_outcome": 0.509,
  "engine_move_outcome": 0.5295,
  "better": 141,
  "same": 801,
  "worse": 175,
  "net_per_decision": -0.0206
 },
 "played": {
  "n": 148,
  "selector_move_outcome": 0.5236,
  "engine_move_outcome": 0.5034,
  "better": 25,
  "same": 105,
  "worse": 18,
  "net_per_decision": 0.0203
 },
 "gated_out": {
  "n": 969,
  "selector_move_outcome": 0.5067,
  "engine_move_outcome": 0.5335,
  "better": 116,
  "same": 696,
  "worse": 157,
  "net_per_decision": -0.0268
 },
 "by_confidence": {
  "0.0-0.1": {
   "n": 142,
   "selector_move_outcome": 0.5352,
   "engine_move_outcome": 0.5528,
   "better": 25,
   "same": 88,
   "worse": 29,
   "net_per_decision": -0.0176
  },
  "0.1-0.2": {
   "n": 366,
   "selector_move_outcome": 0.5109,
   "engine_move_outcome": 0.5178,
   "better": 50,
   "same": 263,
   "worse": 53,
   "net_per_decision": -0.0068
  },
  "0.2-0.3": {
   "n": 283,
   "selector_move_outcome": 0.4894,
   "engine_move_outcome": 0.5283,
   "better": 23,
   "same": 219,
   "worse": 41,
   "net_per_decision": -0.0389
  },
  "0.3-0.4": {
   "n": 178,
   "selector_move_outcome": 0.5028,
   "engine_move_outcome": 0.559,
   "better": 18,
   "same": 126,
   "worse": 34,
   "net_per_decision": -0.0562
  },
  "0.4-0.5": {
   "n": 86,
   "selector_move_outcome": 0.5233,
   "engine_move_outcome": 0.5116,
   "better": 13,
   "same": 62,
   "worse": 11,
   "net_per_decision": 0.0116
  },
  "0.5-1.0": {
   "n": 62,
   "selector_move_outcome": 0.5242,
   "engine_move_outcome": 0.4919,
   "better": 12,
   "same": 43,
   "worse": 7,
   "net_per_decision": 0.0323
  }
 }
}
