1/50 op01 W0 D1 L1
2/50 op05 W0 D1 L3
3/50 op06 W0 D1 L5
4/50 op02 W0 D1 L7
5/50 op04 W0 D1 L9
6/50 op03 W0 D1 L11
7/50 op07 W0 D2 L12
8/50 op08 W0 D2 L14
9/50 op10 W0 D3 L15
10/50 op09 W0 D3 L17
11/50 op11 W0 D3 L19
12/50 op12 W0 D3 L21
13/50 op13 W0 D3 L23
14/50 op14 W0 D3 L25
15/50 op17 W0 D3 L27
16/50 op16 W0 D3 L29
17/50 op15 W0 D3 L31
18/50 op18 W0 D3 L33
19/50 op19 W0 D3 L35
20/50 op25 W0 D3 L37
21/50 op22 W0 D3 L39
22/50 op21 W0 D3 L41
23/50 op23 W0 D3 L43
24/50 op24 W0 D3 L45
25/50 op20 W0 D4 L46
26/50 op26 W0 D4 L48
27/50 op28 W0 D5 L49
28/50 op29 W0 D5 L51
29/50 op31 W0 D5 L53
30/50 op27 W0 D5 L55
31/50 op30 W0 D5 L57
32/50 op33 W0 D5 L59
33/50 op32 W0 D5 L61
34/50 op34 W0 D5 L63
35/50 op35 W0 D5 L65
36/50 op37 W0 D5 L67
37/50 op36 W0 D6 L68
38/50 op40 W0 D7 L69
39/50 op39 W1 D7 L70
40/50 op42 W1 D7 L72
41/50 op41 W1 D7 L74
42/50 op38 W1 D7 L76
43/50 op43 W1 D7 L78
44/50 op44 W1 D7 L80
45/50 op45 W1 D7 L82
46/50 op48 W1 D7 L84
47/50 op47 W1 D8 L85
48/50 op46 W1 D8 L87
49/50 op49 W1 D8 L89
50/50 op50 W1 D9 L90
{
  "status": "complete",
  "points": {
    "Weak2 + Jev": 5.5,
    "Weak4": 94.5
  },
  "elapsed_seconds": 1082.29,
  "analysis": {
    "wins": 1,
    "draws": 9,
    "losses": 90,
    "unfinished": 0,
    "games": 100,
    "score_fraction": 0.055,
    "score_ci95_normal": [
      0.01,
      0.1
    ],
    "elo_diff_estimate": -494.0,
    "pair_wins": 0,
    "pair_losses": 49,
    "paired_sign_test_two_sided_p": 0.0
  }
}
