1/50 op09 W0 D2 L0
2/50 op08 W0 D4 L0
3/50 op10 W0 D6 L0
4/50 op07 W0 D8 L0
5/50 op06 W0 D10 L0
6/50 op01 W0 D10 L2
7/50 op11 W0 D12 L2
8/50 op03 W1 D13 L2
9/50 op02 W2 D14 L2
10/50 op14 W2 D16 L2
11/50 op15 W2 D18 L2
12/50 op17 W2 D20 L2
13/50 op05 W2 D22 L2
14/50 op04 W2 D24 L2
15/50 op16 W2 D26 L2
16/50 op20 W2 D28 L2
17/50 op19 W2 D30 L2
18/50 op23 W2 D32 L2
19/50 op13 W3 D33 L2
20/50 op12 W3 D34 L3
21/50 op22 W3 D36 L3
22/50 op26 W3 D38 L3
23/50 op21 W3 D39 L4
24/50 op18 W5 D39 L4
25/50 op27 W6 D39 L5
26/50 op29 W6 D41 L5
27/50 op30 W6 D43 L5
28/50 op25 W6 D45 L5
29/50 op31 W6 D47 L5
30/50 op24 W6 D49 L5
31/50 op35 W6 D51 L5
32/50 op33 W6 D53 L5
33/50 op37 W6 D55 L5
34/50 op39 W6 D57 L5
35/50 op34 W7 D57 L6
36/50 op28 W7 D58 L7
37/50 op32 W7 D60 L7
38/50 op42 W8 D61 L7
39/50 op36 W8 D63 L7
40/50 op38 W8 D65 L7
41/50 op45 W8 D67 L7
42/50 op44 W8 D69 L7
43/50 op40 W10 D69 L7
44/50 op46 W10 D71 L7
45/50 op47 W10 D73 L7
46/50 op41 W11 D74 L7
47/50 op48 W12 D75 L7
48/50 op43 W12 D77 L7
49/50 op49 W12 D79 L7
50/50 op50 W12 D81 L7
{
  "status": "complete",
  "points": {
    "Weak2 + Jev(conf>=0.4)": 52.5,
    "Weak2": 47.5
  },
  "elapsed_seconds": 90.18,
  "analysis": {
    "wins": 12,
    "draws": 81,
    "losses": 7,
    "unfinished": 0,
    "games": 100,
    "score_fraction": 0.525,
    "score_ci95_normal": [
      0.427,
      0.623
    ],
    "elo_diff_estimate": 17.4,
    "pair_wins": 8,
    "pair_losses": 4,
    "paired_sign_test_two_sided_p": 0.3877
  }
}
