1/50 op07 W0 D2 L0
2/50 op03 W0 D2 L2
3/50 op01 W0 D4 L2
4/50 op06 W0 D6 L2
5/50 op10 W1 D7 L2
6/50 op05 W1 D8 L3
7/50 op02 W1 D9 L4
8/50 op08 W1 D10 L5
9/50 op09 W2 D11 L5
10/50 op12 W3 D12 L5
11/50 op11 W3 D14 L5
12/50 op04 W5 D14 L5
13/50 op13 W5 D15 L6
14/50 op15 W5 D16 L7
15/50 op19 W5 D18 L7
16/50 op14 W5 D20 L7
17/50 op20 W6 D20 L8
18/50 op18 W6 D22 L8
19/50 op21 W6 D23 L9
20/50 op16 W7 D24 L9
21/50 op17 W9 D24 L9
22/50 op26 W10 D25 L9
23/50 op23 W10 D27 L9
24/50 op22 W11 D28 L9
25/50 op24 W11 D30 L9
26/50 op33 W11 D32 L9
27/50 op28 W11 D34 L9
28/50 op27 W13 D34 L9
29/50 op29 W13 D35 L10
30/50 op25 W14 D36 L10
31/50 op34 W15 D37 L10
32/50 op35 W15 D39 L10
33/50 op31 W15 D39 L12
34/50 op30 W16 D39 L13
35/50 op32 W16 D39 L15
36/50 op39 W16 D40 L16
37/50 op38 W17 D41 L16
38/50 op40 W17 D43 L16
39/50 op37 W18 D44 L16
40/50 op36 W19 D45 L16
41/50 op46 W20 D46 L16
42/50 op43 W21 D47 L16
43/50 op44 W21 D49 L16
44/50 op42 W22 D50 L16
45/50 op48 W22 D51 L17
46/50 op41 W24 D51 L17
47/50 op47 W24 D53 L17
48/50 op50 W24 D55 L17
49/50 op45 W24 D56 L18
50/50 op49 W24 D57 L19
{
  "status": "complete",
  "points": {
    "Weak2 + Jev": 52.5,
    "Weak2": 47.5
  },
  "elapsed_seconds": 123.43,
  "analysis": {
    "wins": 24,
    "draws": 57,
    "losses": 19,
    "unfinished": 0,
    "games": 100,
    "score_fraction": 0.525,
    "score_ci95_normal": [
      0.427,
      0.623
    ],
    "elo_diff_estimate": 17.4,
    "pair_wins": 18,
    "pair_losses": 14,
    "paired_sign_test_two_sided_p": 0.5966
  }
}
