1/5 op01 W0 D2 L0
2/5 op04 W0 D4 L0
3/5 op03 W0 D6 L0
4/5 op02 W1 D7 L0
5/5 op05 W1 D9 L0
{
  "status": "complete",
  "points": {
    "Weak2 + Jev(conf>=0.4)": 5.5,
    "Weak2": 4.5
  },
  "elapsed_seconds": 21.29,
  "analysis": {
    "wins": 1,
    "draws": 9,
    "losses": 0,
    "unfinished": 0,
    "games": 10,
    "score_fraction": 0.55,
    "score_ci95_normal": [
      0.242,
      0.858
    ],
    "elo_diff_estimate": 34.9,
    "pair_wins": 1,
    "pair_losses": 0,
    "paired_sign_test_two_sided_p": 1
  }
}
