d2jevc04-vs-d2-100b decisions where selector disagreed with engine: 1191
{
 "all_disagreements": {
  "n": 1191,
  "selector_move_outcome": 0.5046,
  "engine_move_outcome": 0.5084,
  "better": 162,
  "same": 863,
  "worse": 166,
  "net_per_decision": -0.0038
 },
 "played": {
  "n": 146,
  "selector_move_outcome": 0.5308,
  "engine_move_outcome": 0.5137,
  "better": 21,
  "same": 109,
  "worse": 16,
  "net_per_decision": 0.0171
 },
 "gated_out": {
  "n": 1045,
  "selector_move_outcome": 0.501,
  "engine_move_outcome": 0.5077,
  "better": 141,
  "same": 754,
  "worse": 150,
  "net_per_decision": -0.0067
 },
 "by_confidence": {
  "0.0-0.1": {
   "n": 183,
   "selector_move_outcome": 0.4672,
   "engine_move_outcome": 0.4973,
   "better": 23,
   "same": 127,
   "worse": 33,
   "net_per_decision": -0.0301
  },
  "0.1-0.2": {
   "n": 376,
   "selector_move_outcome": 0.5093,
   "engine_move_outcome": 0.5053,
   "better": 55,
   "same": 268,
   "worse": 53,
   "net_per_decision": 0.004
  },
  "0.2-0.3": {
   "n": 320,
   "selector_move_outcome": 0.4953,
   "engine_move_outcome": 0.5094,
   "better": 42,
   "same": 234,
   "worse": 44,
   "net_per_decision": -0.0141
  },
  "0.3-0.4": {
   "n": 166,
   "selector_move_outcome": 0.5301,
   "engine_move_outcome": 0.5211,
   "better": 21,
   "same": 125,
   "worse": 20,
   "net_per_decision": 0.009
  },
  "0.4-0.5": {
   "n": 87,
   "selector_move_outcome": 0.5345,
   "engine_move_outcome": 0.5402,
   "better": 10,
   "same": 66,
   "worse": 11,
   "net_per_decision": -0.0057
  },
  "0.5-1.0": {
   "n": 59,
   "selector_move_outcome": 0.5254,
   "engine_move_outcome": 0.4746,
   "better": 11,
   "same": 43,
   "worse": 5,
   "net_per_decision": 0.0508
  }
 }
}
