1/50 op07 W0 D2 L0
2/50 op01 W0 D4 L0
3/50 op04 W0 D6 L0
4/50 op10 W0 D8 L0
5/50 op09 W0 D10 L0
6/50 op08 W2 D10 L0
7/50 op11 W2 D12 L0
8/50 op02 W2 D14 L0
9/50 op03 W2 D15 L1
10/50 op05 W3 D16 L1
11/50 op15 W3 D18 L1
12/50 op14 W3 D20 L1
13/50 op13 W3 D21 L2
14/50 op12 W5 D21 L2
15/50 op16 W6 D21 L3
16/50 op06 W7 D21 L4
17/50 op21 W8 D22 L4
18/50 op17 W8 D23 L5
19/50 op20 W8 D25 L5
20/50 op18 W8 D27 L5
21/50 op19 W8 D28 L6
22/50 op22 W9 D29 L6
23/50 op25 W9 D31 L6
24/50 op28 W10 D32 L6
25/50 op23 W11 D33 L6
26/50 op30 W11 D35 L6
27/50 op29 W11 D36 L7
28/50 op26 W11 D38 L7
29/50 op31 W11 D40 L7
30/50 op33 W11 D42 L7
31/50 op24 W11 D43 L8
32/50 op27 W11 D44 L9
33/50 op35 W11 D46 L9
34/50 op40 W11 D48 L9
35/50 op34 W12 D48 L10
36/50 op37 W12 D50 L10
37/50 op38 W12 D52 L10
38/50 op36 W12 D54 L10
39/50 op41 W12 D56 L10
40/50 op39 W13 D57 L10
41/50 op45 W13 D59 L10
42/50 op44 W13 D61 L10
43/50 op32 W13 D63 L10
44/50 op43 W13 D65 L10
45/50 op47 W13 D67 L10
46/50 op42 W13 D67 L12
47/50 op50 W14 D68 L12
48/50 op48 W14 D69 L13
49/50 op46 W14 D71 L13
50/50 op49 W14 D72 L14
{
  "status": "complete",
  "points": {
    "Weak2 + Jev(conf>=0.2)": 50.0,
    "Weak2": 50.0
  },
  "elapsed_seconds": 86.46,
  "analysis": {
    "wins": 14,
    "draws": 72,
    "losses": 14,
    "unfinished": 0,
    "games": 100,
    "score_fraction": 0.5,
    "score_ci95_normal": [
      0.402,
      0.598
    ],
    "elo_diff_estimate": -0.0,
    "pair_wins": 9,
    "pair_losses": 10,
    "paired_sign_test_two_sided_p": 1
  }
}
