1/50 op01 W0 D2 L0
2/50 op04 W0 D4 L0
3/50 op03 W1 D5 L0
4/50 op06 W2 D6 L0
5/50 op05 W2 D8 L0
6/50 op02 W2 D10 L0
7/50 op07 W2 D12 L0
8/50 op11 W2 D14 L0
9/50 op09 W2 D16 L0
10/50 op10 W2 D17 L1
11/50 op13 W2 D18 L2
12/50 op12 W3 D18 L3
13/50 op15 W3 D20 L3
14/50 op08 W4 D21 L3
15/50 op14 W4 D23 L3
16/50 op16 W5 D24 L3
17/50 op19 W5 D26 L3
18/50 op18 W5 D28 L3
19/50 op17 W5 D29 L4
20/50 op20 W5 D30 L5
21/50 op21 W5 D31 L6
22/50 op23 W5 D33 L6
23/50 op25 W5 D35 L6
24/50 op24 W6 D35 L7
25/50 op26 W6 D36 L8
26/50 op22 W6 D38 L8
27/50 op28 W6 D39 L9
28/50 op31 W7 D40 L9
29/50 op33 W7 D42 L9
30/50 op32 W7 D43 L10
31/50 op27 W7 D44 L11
32/50 op29 W7 D45 L12
33/50 op30 W7 D47 L12
34/50 op36 W7 D49 L12
35/50 op37 W8 D50 L12
36/50 op40 W8 D52 L12
37/50 op38 W9 D53 L12
38/50 op35 W10 D54 L12
39/50 op39 W10 D55 L13
40/50 op34 W10 D56 L14
41/50 op41 W11 D57 L14
42/50 op43 W11 D59 L14
43/50 op45 W11 D61 L14
44/50 op42 W12 D62 L14
45/50 op44 W12 D63 L15
46/50 op50 W12 D65 L15
47/50 op48 W12 D66 L16
48/50 op47 W12 D67 L17
49/50 op46 W12 D69 L17
50/50 op49 W13 D69 L18
{
  "status": "complete",
  "points": {
    "Weak2 + Jev": 47.5,
    "Weak2": 52.5
  },
  "elapsed_seconds": 125.29,
  "analysis": {
    "wins": 13,
    "draws": 69,
    "losses": 18,
    "unfinished": 0,
    "games": 100,
    "score_fraction": 0.475,
    "score_ci95_normal": [
      0.377,
      0.573
    ],
    "elo_diff_estimate": -17.4,
    "pair_wins": 10,
    "pair_losses": 15,
    "paired_sign_test_two_sided_p": 0.4244
  }
}
