1/50 op04 W0 D2 L0
2/50 op01 W0 D4 L0
3/50 op05 W0 D5 L1
4/50 op03 W1 D5 L2
5/50 op02 W1 D5 L4
6/50 op06 W1 D6 L5
7/50 op07 W2 D7 L5
8/50 op08 W4 D7 L5
9/50 op09 W4 D9 L5
10/50 op10 W5 D10 L5
11/50 op11 W5 D12 L5
12/50 op14 W5 D14 L5
13/50 op13 W5 D15 L6
14/50 op12 W5 D16 L7
15/50 op15 W5 D18 L7
16/50 op17 W5 D18 L9
17/50 op16 W5 D20 L9
18/50 op20 W5 D21 L10
19/50 op19 W6 D22 L10
20/50 op18 W6 D24 L10
21/50 op21 W6 D24 L12
22/50 op22 W7 D25 L12
23/50 op25 W7 D27 L12
24/50 op23 W8 D27 L13
25/50 op24 W9 D27 L14
26/50 op26 W9 D27 L16
27/50 op27 W9 D29 L16
28/50 op29 W10 D30 L16
29/50 op28 W10 D32 L16
30/50 op30 W10 D34 L16
31/50 op31 W11 D34 L17
32/50 op32 W11 D35 L18
33/50 op33 W13 D35 L18
34/50 op35 W13 D37 L18
35/50 op36 W14 D38 L18
36/50 op38 W14 D40 L18
37/50 op34 W14 D41 L19
38/50 op39 W15 D41 L20
39/50 op37 W15 D42 L21
40/50 op41 W16 D43 L21
41/50 op42 W16 D45 L21
42/50 op40 W17 D46 L21
43/50 op43 W17 D48 L21
44/50 op44 W17 D50 L21
45/50 op45 W17 D52 L21
46/50 op46 W17 D54 L21
47/50 op47 W17 D54 L23
48/50 op50 W18 D55 L23
49/50 op48 W18 D57 L23
50/50 op49 W19 D57 L24
{
  "status": "complete",
  "points": {
    "Weak2 (plain)": 47.5,
    "Weak2": 52.5
  },
  "elapsed_seconds": 186.8,
  "analysis": {
    "wins": 19,
    "draws": 57,
    "losses": 24,
    "unfinished": 0,
    "games": 100,
    "score_fraction": 0.475,
    "score_ci95_normal": [
      0.377,
      0.573
    ],
    "elo_diff_estimate": -17.4,
    "pair_wins": 11,
    "pair_losses": 13,
    "paired_sign_test_two_sided_p": 0.8388
  }
}
