1/50 op01 W0 D2 L0
2/50 op04 W0 D4 L0
3/50 op07 W0 D6 L0
4/50 op02 W0 D7 L1
5/50 op05 W0 D9 L1
6/50 op03 W0 D11 L1
7/50 op08 W0 D11 L3
8/50 op09 W0 D13 L3
9/50 op06 W0 D14 L4
10/50 op11 W0 D16 L4
11/50 op10 W0 D18 L4
12/50 op14 W0 D20 L4
13/50 op12 W0 D21 L5
14/50 op13 W0 D23 L5
15/50 op15 W0 D25 L5
16/50 op17 W0 D27 L5
17/50 op16 W0 D29 L5
18/50 op18 W0 D30 L6
19/50 op20 W0 D32 L6
20/50 op19 W1 D33 L6
21/50 op22 W1 D34 L7
22/50 op24 W1 D36 L7
23/50 op21 W1 D38 L7
24/50 op25 W1 D39 L8
25/50 op26 W1 D41 L8
26/50 op23 W1 D42 L9
27/50 op29 W1 D44 L9
28/50 op27 W1 D45 L10
29/50 op28 W2 D46 L10
30/50 op31 W2 D47 L11
31/50 op30 W2 D49 L11
32/50 op32 W2 D50 L12
33/50 op35 W2 D52 L12
34/50 op34 W2 D54 L12
35/50 op33 W3 D55 L12
36/50 op37 W3 D56 L13
37/50 op38 W3 D58 L13
38/50 op36 W4 D59 L13
39/50 op40 W4 D60 L14
40/50 op41 W4 D62 L14
41/50 op39 W5 D63 L14
42/50 op44 W5 D65 L14
43/50 op42 W5 D67 L14
44/50 op43 W6 D68 L14
45/50 op45 W6 D70 L14
46/50 op47 W7 D71 L14
47/50 op50 W8 D72 L14
48/50 op46 W9 D73 L14
49/50 op49 W10 D74 L14
50/50 op48 W10 D76 L14
{
  "status": "complete",
  "points": {
    "Weak2 (plain)": 48.0,
    "Weak2": 52.0
  },
  "elapsed_seconds": 247.55,
  "analysis": {
    "wins": 10,
    "draws": 76,
    "losses": 14,
    "unfinished": 0,
    "games": 100,
    "score_fraction": 0.48,
    "score_ci95_normal": [
      0.382,
      0.578
    ],
    "elo_diff_estimate": -13.9,
    "pair_wins": 10,
    "pair_losses": 13,
    "paired_sign_test_two_sided_p": 0.6776
  }
}
