1/50 op04 W1 D0 L1
2/50 op03 W1 D2 L1
3/50 op06 W1 D4 L1
4/50 op02 W1 D6 L1
5/50 op05 W1 D8 L1
6/50 op01 W2 D8 L2
7/50 op10 W2 D10 L2
8/50 op07 W3 D10 L3
9/50 op11 W3 D12 L3
10/50 op08 W4 D12 L4
11/50 op14 W5 D12 L5
12/50 op09 W5 D14 L5
13/50 op13 W5 D16 L5
14/50 op16 W5 D18 L5
15/50 op12 W5 D20 L5
16/50 op17 W5 D22 L5
17/50 op15 W6 D22 L6
18/50 op18 W6 D24 L6
19/50 op21 W6 D26 L6
20/50 op23 W6 D28 L6
21/50 op20 W6 D30 L6
22/50 op25 W6 D32 L6
23/50 op22 W6 D34 L6
24/50 op26 W6 D36 L6
25/50 op19 W7 D36 L7
26/50 op29 W8 D36 L8
27/50 op27 W8 D38 L8
28/50 op28 W8 D40 L8
29/50 op24 W8 D42 L8
30/50 op33 W8 D44 L8
31/50 op31 W9 D44 L9
32/50 op32 W9 D46 L9
33/50 op34 W9 D48 L9
34/50 op30 W9 D50 L9
35/50 op36 W9 D52 L9
36/50 op35 W9 D54 L9
37/50 op39 W9 D56 L9
38/50 op40 W9 D58 L9
39/50 op37 W9 D60 L9
40/50 op38 W9 D62 L9
41/50 op42 W9 D64 L9
42/50 op41 W10 D64 L10
43/50 op43 W10 D66 L10
44/50 op47 W10 D68 L10
45/50 op48 W10 D70 L10
46/50 op46 W11 D70 L11
47/50 op49 W11 D72 L11
48/50 op44 W12 D72 L12
49/50 op45 W12 D74 L12
50/50 op50 W13 D74 L13
{
  "status": "complete",
  "points": {
    "Weak2 (plain)": 50.0,
    "Weak2": 50.0
  },
  "elapsed_seconds": 75.53,
  "analysis": {
    "wins": 13,
    "draws": 74,
    "losses": 13,
    "unfinished": 0,
    "games": 100,
    "score_fraction": 0.5,
    "score_ci95_normal": [
      0.402,
      0.598
    ],
    "elo_diff_estimate": -0.0,
    "pair_wins": 0,
    "pair_losses": 0,
    "paired_sign_test_two_sided_p": 1
  }
}
