1/50 op04 W0 D1 L1
2/50 op03 W0 D2 L2
3/50 op01 W0 D2 L4
4/50 op02 W0 D2 L6
5/50 op05 W0 D3 L7
6/50 op07 W0 D4 L8
7/50 op06 W0 D5 L9
8/50 op08 W0 D6 L10
9/50 op10 W0 D6 L12
10/50 op09 W0 D6 L14
11/50 op11 W0 D7 L15
12/50 op13 W0 D7 L17
13/50 op14 W0 D8 L18
14/50 op15 W0 D8 L20
15/50 op12 W0 D9 L21
16/50 op16 W0 D10 L22
17/50 op17 W0 D10 L24
18/50 op20 W0 D10 L26
19/50 op19 W0 D11 L27
20/50 op18 W0 D11 L29
21/50 op23 W0 D11 L31
22/50 op21 W0 D12 L32
23/50 op22 W0 D12 L34
24/50 op25 W0 D12 L36
25/50 op26 W0 D12 L38
26/50 op27 W0 D12 L40
27/50 op28 W0 D13 L41
28/50 op24 W0 D14 L42
29/50 op29 W0 D15 L43
30/50 op31 W0 D15 L45
31/50 op30 W0 D15 L47
32/50 op32 W0 D16 L48
33/50 op33 W0 D17 L49
34/50 op35 W0 D18 L50
35/50 op36 W0 D18 L52
36/50 op34 W0 D18 L54
37/50 op38 W0 D18 L56
38/50 op37 W0 D18 L58
39/50 op41 W0 D18 L60
40/50 op39 W0 D18 L62
41/50 op40 W0 D19 L63
42/50 op42 W0 D20 L64
43/50 op43 W0 D20 L66
44/50 op44 W0 D21 L67
45/50 op45 W0 D21 L69
46/50 op46 W0 D21 L71
47/50 op49 W0 D22 L72
48/50 op47 W0 D22 L74
49/50 op48 W0 D23 L75
50/50 op50 W0 D23 L77
{
  "status": "complete",
  "points": {
    "Weak2 (plain)": 11.5,
    "Weak4": 88.5
  },
  "elapsed_seconds": 823.79,
  "analysis": {
    "wins": 0,
    "draws": 23,
    "losses": 77,
    "unfinished": 0,
    "games": 100,
    "score_fraction": 0.115,
    "score_ci95_normal": [
      0.052,
      0.178
    ],
    "elo_diff_estimate": -354.5,
    "pair_wins": 0,
    "pair_losses": 50,
    "paired_sign_test_two_sided_p": 0.0
  }
}
