1/50 op01 W1 D0 L1
2/50 op03 W1 D2 L1
3/50 op02 W1 D4 L1
4/50 op06 W1 D6 L1
5/50 op08 W1 D8 L1
6/50 op07 W1 D10 L1
7/50 op05 W1 D12 L1
8/50 op09 W1 D14 L1
9/50 op10 W1 D16 L1
10/50 op11 W1 D18 L1
11/50 op04 W1 D20 L1
12/50 op14 W1 D22 L1
13/50 op15 W1 D24 L1
14/50 op16 W1 D26 L1
15/50 op17 W1 D28 L1
16/50 op12 W1 D30 L1
17/50 op20 W1 D32 L1
18/50 op19 W1 D34 L1
19/50 op13 W1 D36 L1
20/50 op23 W1 D38 L1
21/50 op24 W1 D40 L1
22/50 op22 W2 D40 L2
23/50 op26 W2 D42 L2
24/50 op21 W2 D44 L2
25/50 op18 W2 D46 L2
26/50 op25 W3 D46 L3
27/50 op27 W4 D46 L4
28/50 op29 W4 D48 L4
29/50 op31 W4 D50 L4
30/50 op30 W5 D50 L5
31/50 op28 W5 D52 L5
32/50 op33 W5 D54 L5
33/50 op36 W5 D56 L5
34/50 op35 W5 D58 L5
35/50 op32 W5 D60 L5
36/50 op37 W5 D62 L5
37/50 op34 W6 D62 L6
38/50 op39 W6 D64 L6
39/50 op43 W6 D66 L6
40/50 op41 W6 D68 L6
41/50 op40 W7 D68 L7
42/50 op38 W7 D70 L7
43/50 op44 W7 D72 L7
44/50 op45 W7 D74 L7
45/50 op46 W7 D76 L7
46/50 op42 W8 D76 L8
47/50 op47 W8 D78 L8
48/50 op50 W8 D80 L8
49/50 op48 W8 D82 L8
50/50 op49 W8 D84 L8
{
  "status": "complete",
  "points": {
    "Weak2 (plain)": 50.0,
    "Weak2": 50.0
  },
  "elapsed_seconds": 73.73,
  "analysis": {
    "wins": 8,
    "draws": 84,
    "losses": 8,
    "unfinished": 0,
    "games": 100,
    "score_fraction": 0.5,
    "score_ci95_normal": [
      0.402,
      0.598
    ],
    "elo_diff_estimate": -0.0,
    "pair_wins": 0,
    "pair_losses": 0,
    "paired_sign_test_two_sided_p": 1
  }
}
