1/50 op01 W0 D2 L0
2/50 op04 W0 D4 L0
3/50 op05 W0 D6 L0
4/50 op07 W0 D8 L0
5/50 op09 W0 D10 L0
6/50 op03 W0 D12 L0
7/50 op02 W1 D12 L1
8/50 op11 W1 D14 L1
9/50 op08 W1 D16 L1
10/50 op06 W1 D18 L1
11/50 op10 W1 D20 L1
12/50 op13 W1 D22 L1
13/50 op14 W1 D24 L1
14/50 op15 W1 D26 L1
15/50 op12 W1 D28 L1
16/50 op19 W1 D30 L1
17/50 op17 W1 D32 L1
18/50 op18 W1 D34 L1
19/50 op21 W1 D36 L1
20/50 op16 W1 D38 L1
21/50 op20 W1 D40 L1
22/50 op25 W1 D42 L1
23/50 op24 W1 D44 L1
24/50 op23 W1 D46 L1
25/50 op22 W2 D46 L2
26/50 op26 W2 D48 L2
27/50 op30 W2 D50 L2
28/50 op29 W2 D52 L2
29/50 op33 W2 D54 L2
30/50 op31 W3 D54 L3
31/50 op28 W3 D56 L3
32/50 op35 W3 D58 L3
33/50 op27 W3 D60 L3
34/50 op36 W3 D62 L3
35/50 op34 W4 D62 L4
36/50 op38 W4 D64 L4
37/50 op32 W4 D66 L4
38/50 op39 W4 D68 L4
39/50 op40 W4 D70 L4
40/50 op37 W5 D70 L5
41/50 op43 W5 D72 L5
42/50 op42 W5 D74 L5
43/50 op45 W5 D76 L5
44/50 op44 W5 D78 L5
45/50 op47 W5 D80 L5
46/50 op41 W5 D82 L5
47/50 op46 W5 D84 L5
48/50 op50 W5 D86 L5
49/50 op49 W5 D88 L5
50/50 op48 W5 D90 L5
{
  "status": "complete",
  "points": {
    "Weak2 (plain)": 50.0,
    "Weak2": 50.0
  },
  "elapsed_seconds": 75.46,
  "analysis": {
    "wins": 5,
    "draws": 90,
    "losses": 5,
    "unfinished": 0,
    "games": 100,
    "score_fraction": 0.5,
    "score_ci95_normal": [
      0.402,
      0.598
    ],
    "elo_diff_estimate": -0.0,
    "pair_wins": 0,
    "pair_losses": 0,
    "paired_sign_test_two_sided_p": 1
  }
}
