1/50 op01 W0 D2 L0
2/50 op05 W1 D3 L0
3/50 op03 W1 D5 L0
4/50 op07 W1 D7 L0
5/50 op04 W1 D7 L2
6/50 op02 W1 D8 L3
7/50 op06 W2 D8 L4
8/50 op09 W2 D10 L4
9/50 op11 W2 D12 L4
10/50 op10 W3 D13 L4
11/50 op13 W3 D15 L4
12/50 op14 W3 D17 L4
13/50 op08 W4 D18 L4
14/50 op12 W5 D18 L5
15/50 op15 W5 D20 L5
16/50 op16 W5 D22 L5
17/50 op19 W5 D24 L5
18/50 op20 W6 D25 L5
19/50 op18 W7 D26 L5
20/50 op17 W8 D27 L5
21/50 op25 W8 D29 L5
22/50 op21 W8 D31 L5
23/50 op22 W9 D31 L6
24/50 op24 W9 D33 L6
25/50 op26 W9 D34 L7
26/50 op23 W9 D34 L9
27/50 op29 W9 D35 L10
28/50 op28 W11 D35 L10
29/50 op27 W11 D36 L11
30/50 op30 W11 D38 L11
31/50 op31 W12 D39 L11
32/50 op35 W12 D41 L11
33/50 op33 W12 D43 L11
34/50 op34 W12 D45 L11
35/50 op36 W12 D47 L11
36/50 op32 W12 D48 L12
37/50 op38 W13 D49 L12
38/50 op39 W13 D50 L13
39/50 op40 W13 D52 L13
40/50 op37 W14 D53 L13
41/50 op41 W16 D53 L13
42/50 op43 W16 D55 L13
43/50 op45 W16 D57 L13
44/50 op42 W16 D59 L13
45/50 op47 W16 D61 L13
46/50 op44 W16 D62 L14
47/50 op46 W18 D62 L14
48/50 op50 W18 D64 L14
49/50 op48 W20 D64 L14
50/50 op49 W20 D65 L15
{
  "status": "complete",
  "points": {
    "Weak2 (plain)": 52.5,
    "Weak2": 47.5
  },
  "elapsed_seconds": 338.84,
  "analysis": {
    "wins": 20,
    "draws": 65,
    "losses": 15,
    "unfinished": 0,
    "games": 100,
    "score_fraction": 0.525,
    "score_ci95_normal": [
      0.427,
      0.623
    ],
    "elo_diff_estimate": 17.4,
    "pair_wins": 13,
    "pair_losses": 10,
    "paired_sign_test_two_sided_p": 0.6776
  }
}
