1/50 op02 W0 D1 L1
2/50 op03 W1 D1 L2
3/50 op04 W2 D2 L2
4/50 op05 W3 D2 L3
5/50 op07 W3 D4 L3
6/50 op01 W4 D5 L3
7/50 op06 W4 D6 L4
8/50 op11 W4 D8 L4
9/50 op09 W4 D9 L5
10/50 op10 W5 D10 L5
11/50 op08 W5 D12 L5
12/50 op14 W5 D14 L5
13/50 op15 W5 D16 L5
14/50 op13 W6 D16 L6
15/50 op16 W6 D18 L6
16/50 op12 W7 D19 L6
17/50 op18 W7 D21 L6
18/50 op21 W7 D22 L7
19/50 op19 W8 D23 L7
20/50 op20 W8 D25 L7
21/50 op17 W8 D27 L7
22/50 op22 W9 D27 L8
23/50 op25 W9 D29 L8
24/50 op23 W10 D29 L9
25/50 op26 W10 D31 L9
26/50 op24 W10 D33 L9
27/50 op28 W10 D34 L10
28/50 op27 W10 D36 L10
29/50 op29 W11 D36 L11
30/50 op30 W11 D37 L12
31/50 op31 W12 D38 L12
32/50 op32 W12 D40 L12
33/50 op35 W12 D42 L12
34/50 op33 W12 D44 L12
35/50 op34 W12 D46 L12
36/50 op36 W13 D47 L12
37/50 op38 W14 D47 L13
38/50 op39 W16 D47 L13
39/50 op37 W16 D49 L13
40/50 op40 W17 D49 L14
41/50 op41 W18 D50 L14
42/50 op42 W18 D51 L15
43/50 op43 W18 D53 L15
44/50 op44 W19 D54 L15
45/50 op46 W19 D56 L15
46/50 op45 W19 D58 L15
47/50 op47 W20 D59 L15
48/50 op48 W21 D60 L15
49/50 op49 W22 D60 L16
50/50 op50 W22 D62 L16
{
  "status": "complete",
  "points": {
    "Weak2 (plain)": 53.0,
    "Weak2": 47.0
  },
  "elapsed_seconds": 172.79,
  "analysis": {
    "wins": 22,
    "draws": 62,
    "losses": 16,
    "unfinished": 0,
    "games": 100,
    "score_fraction": 0.53,
    "score_ci95_normal": [
      0.432,
      0.628
    ],
    "elo_diff_estimate": 20.9,
    "pair_wins": 12,
    "pair_losses": 7,
    "paired_sign_test_two_sided_p": 0.3593
  }
}
