1/50 op05 W0 D2 L0
2/50 op04 W1 D3 L0
3/50 op03 W1 D4 L1
4/50 op02 W2 D4 L2
5/50 op01 W2 D6 L2
6/50 op06 W2 D6 L4
7/50 op08 W2 D7 L5
8/50 op07 W2 D8 L6
9/50 op09 W2 D10 L6
10/50 op10 W4 D10 L6
11/50 op11 W5 D11 L6
12/50 op14 W6 D12 L6
13/50 op12 W6 D13 L7
14/50 op13 W6 D14 L8
15/50 op16 W6 D16 L8
16/50 op15 W6 D18 L8
17/50 op17 W6 D20 L8
18/50 op18 W8 D20 L8
19/50 op19 W9 D20 L9
20/50 op22 W10 D21 L9
21/50 op20 W10 D21 L11
22/50 op23 W10 D23 L11
23/50 op21 W11 D23 L12
24/50 op24 W12 D23 L13
25/50 op26 W12 D24 L14
26/50 op27 W12 D26 L14
27/50 op29 W12 D27 L15
28/50 op25 W13 D28 L15
29/50 op28 W14 D28 L16
30/50 op31 W15 D29 L16
31/50 op32 W17 D29 L16
32/50 op33 W17 D30 L17
33/50 op30 W18 D30 L18
34/50 op35 W18 D32 L18
35/50 op36 W18 D34 L18
36/50 op39 W18 D36 L18
37/50 op37 W19 D37 L18
38/50 op34 W21 D37 L18
39/50 op38 W21 D38 L19
40/50 op41 W21 D40 L19
41/50 op40 W22 D40 L20
42/50 op44 W23 D41 L20
43/50 op43 W24 D42 L20
44/50 op45 W24 D44 L20
45/50 op42 W25 D44 L21
46/50 op46 W25 D46 L21
47/50 op49 W25 D46 L23
48/50 op48 W25 D47 L24
49/50 op50 W25 D49 L24
50/50 op47 W26 D49 L25
{
  "status": "complete",
  "points": {
    "Weak2 + Random": 50.5,
    "Weak2": 49.5
  },
  "elapsed_seconds": 158.17,
  "analysis": {
    "wins": 26,
    "draws": 49,
    "losses": 25,
    "unfinished": 0,
    "games": 100,
    "score_fraction": 0.505,
    "score_ci95_normal": [
      0.407,
      0.603
    ],
    "elo_diff_estimate": 3.5,
    "pair_wins": 13,
    "pair_losses": 13,
    "paired_sign_test_two_sided_p": 1
  }
}
