1/50 op02 W0 D0 L2
2/50 op01 W0 D2 L2
3/50 op03 W0 D4 L2
4/50 op04 W0 D6 L2
5/50 op08 W0 D8 L2
6/50 op07 W0 D10 L2
7/50 op05 W1 D10 L3
8/50 op06 W1 D12 L3
9/50 op11 W1 D14 L3
10/50 op10 W1 D16 L3
11/50 op12 W1 D16 L5
12/50 op09 W2 D16 L6
13/50 op13 W2 D17 L7
14/50 op15 W2 D19 L7
15/50 op14 W2 D19 L9
16/50 op16 W2 D21 L9
17/50 op17 W2 D23 L9
18/50 op19 W2 D25 L9
19/50 op20 W2 D27 L9
20/50 op18 W2 D29 L9
21/50 op22 W2 D30 L10
22/50 op23 W2 D32 L10
23/50 op21 W3 D33 L10
24/50 op24 W3 D35 L10
25/50 op26 W3 D37 L10
26/50 op25 W4 D37 L11
27/50 op27 W5 D38 L11
28/50 op28 W5 D39 L12
29/50 op29 W5 D41 L12
30/50 op31 W5 D43 L12
31/50 op30 W5 D45 L12
32/50 op32 W5 D47 L12
33/50 op33 W6 D48 L12
34/50 op35 W8 D48 L12
35/50 op36 W8 D49 L13
36/50 op34 W8 D51 L13
37/50 op37 W9 D52 L13
38/50 op38 W9 D53 L14
39/50 op39 W9 D54 L15
40/50 op40 W9 D54 L17
41/50 op43 W9 D55 L18
42/50 op42 W11 D55 L18
43/50 op44 W11 D57 L18
44/50 op41 W12 D57 L19
45/50 op45 W12 D59 L19
46/50 op46 W12 D60 L20
47/50 op47 W12 D62 L20
48/50 op50 W12 D64 L20
49/50 op49 W13 D65 L20
50/50 op48 W13 D67 L20
{
  "status": "complete",
  "points": {
    "Weak2 + Random": 46.5,
    "Weak2": 53.5
  },
  "elapsed_seconds": 47.88,
  "analysis": {
    "wins": 13,
    "draws": 67,
    "losses": 20,
    "unfinished": 0,
    "games": 100,
    "score_fraction": 0.465,
    "score_ci95_normal": [
      0.367,
      0.563
    ],
    "elo_diff_estimate": -24.4,
    "pair_wins": 7,
    "pair_losses": 12,
    "paired_sign_test_two_sided_p": 0.3593
  }
}
