1/50 op03 W0 D1 L1
2/50 op01 W0 D1 L3
3/50 op04 W0 D1 L5
4/50 op02 W0 D1 L7
5/50 op05 W0 D1 L9
6/50 op07 W0 D1 L11
7/50 op06 W0 D1 L13
8/50 op09 W0 D1 L15
9/50 op08 W0 D1 L17
10/50 op11 W0 D1 L19
11/50 op12 W0 D2 L20
12/50 op10 W0 D2 L22
13/50 op13 W0 D3 L23
14/50 op14 W0 D3 L25
15/50 op17 W0 D4 L26
16/50 op15 W0 D4 L28
17/50 op16 W0 D4 L30
18/50 op18 W0 D4 L32
19/50 op20 W0 D5 L33
20/50 op19 W0 D5 L35
21/50 op21 W0 D6 L36
22/50 op23 W0 D6 L38
23/50 op22 W0 D6 L40
24/50 op24 W0 D6 L42
25/50 op28 W0 D7 L43
26/50 op25 W0 D7 L45
27/50 op26 W0 D7 L47
28/50 op27 W0 D7 L49
29/50 op29 W0 D7 L51
30/50 op31 W0 D8 L52
31/50 op30 W0 D8 L54
32/50 op33 W0 D8 L56
33/50 op32 W0 D9 L57
34/50 op34 W0 D9 L59
35/50 op35 W0 D9 L61
36/50 op36 W0 D9 L63
37/50 op37 W0 D9 L65
38/50 op39 W0 D9 L67
39/50 op38 W0 D9 L69
40/50 op41 W0 D10 L70
41/50 op40 W0 D10 L72
42/50 op42 W0 D10 L74
43/50 op44 W0 D11 L75
44/50 op43 W0 D12 L76
45/50 op45 W0 D14 L76
46/50 op46 W0 D14 L78
47/50 op47 W0 D15 L79
48/50 op48 W0 D16 L80
49/50 op50 W0 D18 L80
50/50 op49 W0 D18 L82
{
  "status": "complete",
  "points": {
    "Weak2 + Random": 9.0,
    "Weak4": 91.0
  },
  "elapsed_seconds": 1302.02,
  "analysis": {
    "wins": 0,
    "draws": 18,
    "losses": 82,
    "unfinished": 0,
    "games": 100,
    "score_fraction": 0.09,
    "score_ci95_normal": [
      0.034,
      0.146
    ],
    "elo_diff_estimate": -401.9,
    "pair_wins": 0,
    "pair_losses": 48,
    "paired_sign_test_two_sided_p": 0.0
  }
}
