1/50 op01 W0 D2 L0
2/50 op02 W1 D3 L0
3/50 op04 W1 D5 L0
4/50 op03 W1 D5 L2
5/50 op05 W1 D7 L2
6/50 op07 W1 D9 L2
7/50 op09 W1 D11 L2
8/50 op10 W1 D13 L2
9/50 op08 W1 D14 L3
10/50 op06 W1 D16 L3
11/50 op13 W1 D18 L3
12/50 op11 W1 D20 L3
13/50 op12 W1 D21 L4
14/50 op14 W1 D23 L4
15/50 op15 W1 D25 L4
16/50 op18 W2 D25 L5
17/50 op16 W3 D26 L5
18/50 op17 W3 D27 L6
19/50 op19 W3 D29 L6
20/50 op20 W3 D31 L6
21/50 op22 W3 D32 L7
22/50 op21 W3 D33 L8
23/50 op23 W3 D34 L9
24/50 op24 W3 D35 L10
25/50 op28 W4 D36 L10
26/50 op25 W4 D37 L11
27/50 op27 W4 D39 L11
28/50 op26 W5 D40 L11
29/50 op31 W5 D42 L11
30/50 op30 W5 D43 L12
31/50 op29 W6 D44 L12
32/50 op32 W6 D45 L13
33/50 op35 W6 D47 L13
34/50 op33 W7 D47 L14
35/50 op36 W7 D49 L14
36/50 op34 W9 D49 L14
37/50 op38 W9 D51 L14
38/50 op39 W10 D52 L14
39/50 op37 W10 D54 L14
40/50 op40 W10 D56 L14
41/50 op43 W10 D58 L14
42/50 op44 W10 D60 L14
43/50 op41 W10 D61 L15
44/50 op45 W10 D63 L15
45/50 op42 W10 D64 L16
46/50 op47 W10 D66 L16
47/50 op48 W10 D68 L16
48/50 op49 W10 D69 L17
49/50 op46 W11 D70 L17
50/50 op50 W11 D72 L17
{
  "status": "complete",
  "points": {
    "Weak2 + Random": 47.0,
    "Weak2": 53.0
  },
  "elapsed_seconds": 45.64,
  "analysis": {
    "wins": 11,
    "draws": 72,
    "losses": 17,
    "unfinished": 0,
    "games": 100,
    "score_fraction": 0.47,
    "score_ci95_normal": [
      0.372,
      0.568
    ],
    "elo_diff_estimate": -20.9,
    "pair_wins": 8,
    "pair_losses": 14,
    "paired_sign_test_two_sided_p": 0.2863
  }
}
