1/50 op04 W0 D2 L0
2/50 op01 W0 D4 L0
3/50 op02 W1 D5 L0
4/50 op03 W2 D5 L1
5/50 op05 W2 D5 L3
6/50 op06 W3 D5 L4
7/50 op08 W4 D5 L5
8/50 op09 W4 D7 L5
9/50 op07 W5 D7 L6
10/50 op13 W5 D8 L7
11/50 op11 W6 D9 L7
12/50 op10 W6 D11 L7
13/50 op12 W6 D13 L7
14/50 op14 W6 D15 L7
15/50 op15 W6 D17 L7
16/50 op18 W7 D17 L8
17/50 op16 W8 D18 L8
18/50 op19 W8 D20 L8
19/50 op17 W8 D22 L8
20/50 op21 W10 D22 L8
21/50 op20 W10 D23 L9
22/50 op22 W10 D25 L9
23/50 op25 W10 D26 L10
24/50 op26 W10 D28 L10
25/50 op23 W11 D29 L10
26/50 op24 W12 D30 L10
27/50 op27 W13 D31 L10
28/50 op29 W13 D33 L10
29/50 op28 W14 D34 L10
30/50 op30 W15 D35 L10
31/50 op31 W16 D35 L11
32/50 op32 W16 D37 L11
33/50 op33 W17 D38 L11
34/50 op35 W17 D40 L11
35/50 op34 W17 D40 L13
36/50 op36 W17 D42 L13
37/50 op37 W17 D43 L14
38/50 op38 W17 D45 L14
39/50 op39 W17 D47 L14
40/50 op41 W18 D48 L14
41/50 op42 W18 D50 L14
42/50 op43 W18 D52 L14
43/50 op40 W18 D54 L14
44/50 op45 W18 D56 L14
45/50 op44 W19 D57 L14
46/50 op46 W19 D59 L14
47/50 op47 W19 D61 L14
48/50 op50 W20 D62 L14
49/50 op48 W20 D63 L15
50/50 op49 W20 D64 L16
{
  "status": "complete",
  "points": {
    "Weak2 + Random(change=0.091821)": 52.0,
    "Weak2": 48.0
  },
  "elapsed_seconds": 83.86,
  "analysis": {
    "wins": 20,
    "draws": 64,
    "losses": 16,
    "unfinished": 0,
    "games": 100,
    "score_fraction": 0.52,
    "score_ci95_normal": [
      0.422,
      0.618
    ],
    "elo_diff_estimate": 13.9,
    "pair_wins": 13,
    "pair_losses": 8,
    "paired_sign_test_two_sided_p": 0.3833
  }
}
