open-game finished {'points': {'Stockfish + Random': 0.5, 'Stockfish': 1.5}, 'calls': 0, 'interventions': 0, 'jev_total_ms': 0, 'jev_mean_ms': None, 'tokens': 0, 'random_picks': 48, 'random_interventions': 32, 'finished_games': 2}
queens-gambit finished {'points': {'Stockfish + Random': 1.5, 'Stockfish': 2.5}, 'calls': 0, 'interventions': 0, 'jev_total_ms': 0, 'jev_mean_ms': None, 'tokens': 0, 'random_picks': 110, 'random_interventions': 66, 'finished_games': 4}
sicilian finished {'points': {'Stockfish + Random': 3.0, 'Stockfish': 3.0}, 'calls': 0, 'interventions': 0, 'jev_total_ms': 0, 'jev_mean_ms': None, 'tokens': 0, 'random_picks': 230, 'random_interventions': 134, 'finished_games': 6}
english finished {'points': {'Stockfish + Random': 4.0, 'Stockfish': 4.0}, 'calls': 0, 'interventions': 0, 'jev_total_ms': 0, 'jev_mean_ms': None, 'tokens': 0, 'random_picks': 291, 'random_interventions': 167, 'finished_games': 8}
indian finished {'points': {'Stockfish + Random': 5.5, 'Stockfish': 4.5}, 'calls': 0, 'interventions': 0, 'jev_total_ms': 0, 'jev_mean_ms': None, 'tokens': 0, 'random_picks': 417, 'random_interventions': 249, 'finished_games': 10}
{
  "status": "complete",
  "summary": {
    "points": {
      "Stockfish + Random": 5.5,
      "Stockfish": 4.5
    },
    "calls": 0,
    "interventions": 0,
    "jev_total_ms": 0,
    "jev_mean_ms": null,
    "tokens": 0,
    "random_picks": 417,
    "random_interventions": 249,
    "finished_games": 10
  },
  "analysis": {
    "wins": 3,
    "draws": 5,
    "losses": 2,
    "unfinished": 0,
    "pairs": [
      {
        "opening": "open-game",
        "complete": true,
        "jev_points": 0.5,
        "opponent_points": 1.5
      },
      {
        "opening": "sicilian",
        "complete": true,
        "jev_points": 1.5,
        "opponent_points": 0.5
      },
      {
        "opening": "queens-gambit",
        "complete": true,
        "jev_points": 1,
        "opponent_points": 1
      },
      {
        "opening": "indian",
        "complete": true,
        "jev_points": 1.5,
        "opponent_points": 0.5
      },
      {
        "opening": "english",
        "complete": true,
        "jev_points": 1.0,
        "opponent_points": 1.0
      }
    ],
    "pair_wins": 2,
    "pair_losses": 1,
    "paired_sign_test_two_sided_p": 1,
    "interpretation": "Exploratory only: five fixed opening pairs, selector=random. Ten games cannot separate small strength differences; compare per-decision referee scores across arms."
  },
  "elapsed_seconds": 10.55
}
