sicilian finished {'points': {'Weak4 + Jev': 1.0, 'Weak4': 1.0}, 'calls': 53, 'interventions': 31, 'jev_total_ms': 15511.18, 'jev_mean_ms': 292.66, 'tokens': 35165, 'random_picks': 0, 'random_interventions': 0, 'finished_games': 2}
open-game finished {'points': {'Weak4 + Jev': 2.0, 'Weak4': 2.0}, 'calls': 123, 'interventions': 74, 'jev_total_ms': 36992.82, 'jev_mean_ms': 300.75, 'tokens': 80179, 'random_picks': 0, 'random_interventions': 0, 'finished_games': 4}
queens-gambit finished {'points': {'Weak4 + Jev': 3.0, 'Weak4': 3.0}, 'calls': 183, 'interventions': 106, 'jev_total_ms': 61234.11, 'jev_mean_ms': 334.61, 'tokens': 118792, 'random_picks': 0, 'random_interventions': 0, 'finished_games': 6}
indian finished {'points': {'Weak4 + Jev': 4.0, 'Weak4': 4.0}, 'calls': 271, 'interventions': 150, 'jev_total_ms': 90194.07, 'jev_mean_ms': 332.82, 'tokens': 172550, 'random_picks': 0, 'random_interventions': 0, 'finished_games': 8}
english finished {'points': {'Weak4 + Jev': 4.5, 'Weak4': 5.5}, 'calls': 326, 'interventions': 186, 'jev_total_ms': 111562.8, 'jev_mean_ms': 342.22, 'tokens': 209095, 'random_picks': 0, 'random_interventions': 0, 'finished_games': 10}
{
  "status": "complete",
  "summary": {
    "points": {
      "Weak4 + Jev": 4.5,
      "Weak4": 5.5
    },
    "calls": 326,
    "interventions": 186,
    "jev_total_ms": 111562.8,
    "jev_mean_ms": 342.22,
    "tokens": 209095,
    "random_picks": 0,
    "random_interventions": 0,
    "finished_games": 10
  },
  "analysis": {
    "wins": 0,
    "draws": 9,
    "losses": 1,
    "unfinished": 0,
    "pairs": [
      {
        "opening": "open-game",
        "complete": true,
        "jev_points": 1.0,
        "opponent_points": 1.0
      },
      {
        "opening": "sicilian",
        "complete": true,
        "jev_points": 1.0,
        "opponent_points": 1.0
      },
      {
        "opening": "queens-gambit",
        "complete": true,
        "jev_points": 1.0,
        "opponent_points": 1.0
      },
      {
        "opening": "indian",
        "complete": true,
        "jev_points": 1.0,
        "opponent_points": 1.0
      },
      {
        "opening": "english",
        "complete": true,
        "jev_points": 0.5,
        "opponent_points": 1.5
      }
    ],
    "pair_wins": 0,
    "pair_losses": 1,
    "paired_sign_test_two_sided_p": 1,
    "interpretation": "Exploratory only: five fixed opening pairs, selector=jev. Ten games cannot separate small strength differences; compare per-decision referee scores across arms."
  },
  "elapsed_seconds": 398.33
}
