open-game finished {'points': {'Weak + Random': 1.0, 'Weak': 1.0}, 'calls': 0, 'interventions': 0, 'jev_total_ms': 0, 'jev_mean_ms': None, 'tokens': 0, 'random_picks': 60, 'random_interventions': 33, 'finished_games': 2}
queens-gambit finished {'points': {'Weak + Random': 2.0, 'Weak': 2.0}, 'calls': 0, 'interventions': 0, 'jev_total_ms': 0, 'jev_mean_ms': None, 'tokens': 0, 'random_picks': 132, 'random_interventions': 77, 'finished_games': 4}
sicilian finished {'points': {'Weak + Random': 2.5, 'Weak': 3.5}, 'calls': 0, 'interventions': 0, 'jev_total_ms': 0, 'jev_mean_ms': None, 'tokens': 0, 'random_picks': 189, 'random_interventions': 121, 'finished_games': 6}
english finished {'points': {'Weak + Random': 3.0, 'Weak': 5.0}, 'calls': 0, 'interventions': 0, 'jev_total_ms': 0, 'jev_mean_ms': None, 'tokens': 0, 'random_picks': 225, 'random_interventions': 143, 'finished_games': 8}
indian finished {'points': {'Weak + Random': 4.0, 'Weak': 6.0}, 'calls': 0, 'interventions': 0, 'jev_total_ms': 0, 'jev_mean_ms': None, 'tokens': 0, 'random_picks': 269, 'random_interventions': 172, 'finished_games': 10}
{
  "status": "complete",
  "summary": {
    "points": {
      "Weak + Random": 4.0,
      "Weak": 6.0
    },
    "calls": 0,
    "interventions": 0,
    "jev_total_ms": 0,
    "jev_mean_ms": null,
    "tokens": 0,
    "random_picks": 269,
    "random_interventions": 172,
    "finished_games": 10
  },
  "analysis": {
    "wins": 2,
    "draws": 4,
    "losses": 4,
    "unfinished": 0,
    "pairs": [
      {
        "opening": "open-game",
        "complete": true,
        "jev_points": 1.0,
        "opponent_points": 1.0
      },
      {
        "opening": "sicilian",
        "complete": true,
        "jev_points": 0.5,
        "opponent_points": 1.5
      },
      {
        "opening": "queens-gambit",
        "complete": true,
        "jev_points": 1,
        "opponent_points": 1
      },
      {
        "opening": "indian",
        "complete": true,
        "jev_points": 1,
        "opponent_points": 1
      },
      {
        "opening": "english",
        "complete": true,
        "jev_points": 0.5,
        "opponent_points": 1.5
      }
    ],
    "pair_wins": 0,
    "pair_losses": 2,
    "paired_sign_test_two_sided_p": 0.5,
    "interpretation": "Exploratory only: five fixed opening pairs, selector=random. Ten games cannot separate small strength differences; compare per-decision referee scores across arms."
  },
  "elapsed_seconds": 70.51
}
