open-game finished {'points': {'Weak4 + Random': 0, 'Weak4': 2}, 'calls': 0, 'interventions': 0, 'jev_total_ms': 0, 'jev_mean_ms': None, 'tokens': 0, 'random_picks': 44, 'random_interventions': 27, 'finished_games': 2}
sicilian finished {'points': {'Weak4 + Random': 1.0, 'Weak4': 3.0}, 'calls': 0, 'interventions': 0, 'jev_total_ms': 0, 'jev_mean_ms': None, 'tokens': 0, 'random_picks': 165, 'random_interventions': 104, 'finished_games': 4}
queens-gambit finished {'points': {'Weak4 + Random': 2.0, 'Weak4': 4.0}, 'calls': 0, 'interventions': 0, 'jev_total_ms': 0, 'jev_mean_ms': None, 'tokens': 0, 'random_picks': 221, 'random_interventions': 137, 'finished_games': 6}
indian finished {'points': {'Weak4 + Random': 2.5, 'Weak4': 5.5}, 'calls': 0, 'interventions': 0, 'jev_total_ms': 0, 'jev_mean_ms': None, 'tokens': 0, 'random_picks': 278, 'random_interventions': 166, 'finished_games': 8}
english finished {'points': {'Weak4 + Random': 3.5, 'Weak4': 6.5}, 'calls': 0, 'interventions': 0, 'jev_total_ms': 0, 'jev_mean_ms': None, 'tokens': 0, 'random_picks': 334, 'random_interventions': 206, 'finished_games': 10}
{
  "status": "complete",
  "summary": {
    "points": {
      "Weak4 + Random": 3.5,
      "Weak4": 6.5
    },
    "calls": 0,
    "interventions": 0,
    "jev_total_ms": 0,
    "jev_mean_ms": null,
    "tokens": 0,
    "random_picks": 334,
    "random_interventions": 206,
    "finished_games": 10
  },
  "analysis": {
    "wins": 0,
    "draws": 7,
    "losses": 3,
    "unfinished": 0,
    "pairs": [
      {
        "opening": "open-game",
        "complete": true,
        "jev_points": 0,
        "opponent_points": 2
      },
      {
        "opening": "sicilian",
        "complete": true,
        "jev_points": 1.0,
        "opponent_points": 1.0
      },
      {
        "opening": "queens-gambit",
        "complete": true,
        "jev_points": 1.0,
        "opponent_points": 1.0
      },
      {
        "opening": "indian",
        "complete": true,
        "jev_points": 0.5,
        "opponent_points": 1.5
      },
      {
        "opening": "english",
        "complete": true,
        "jev_points": 1.0,
        "opponent_points": 1.0
      }
    ],
    "pair_wins": 0,
    "pair_losses": 2,
    "paired_sign_test_two_sided_p": 0.5,
    "interpretation": "Exploratory only: five fixed opening pairs, selector=random. Ten games cannot separate small strength differences; compare per-decision referee scores across arms."
  },
  "elapsed_seconds": 484.75
}
