queens-gambit finished {'points': {'Weak1 + Random': 1.5, 'Weak1': 0.5}, 'calls': 0, 'interventions': 0, 'jev_total_ms': 0, 'jev_mean_ms': None, 'tokens': 0, 'random_picks': 40, 'random_interventions': 30, 'finished_games': 2}
sicilian finished {'points': {'Weak1 + Random': 1.5, 'Weak1': 2.5}, 'calls': 0, 'interventions': 0, 'jev_total_ms': 0, 'jev_mean_ms': None, 'tokens': 0, 'random_picks': 90, 'random_interventions': 62, 'finished_games': 4}
open-game finished {'points': {'Weak1 + Random': 2.0, 'Weak1': 4.0}, 'calls': 0, 'interventions': 0, 'jev_total_ms': 0, 'jev_mean_ms': None, 'tokens': 0, 'random_picks': 147, 'random_interventions': 97, 'finished_games': 6}
indian finished {'points': {'Weak1 + Random': 2.5, 'Weak1': 5.5}, 'calls': 0, 'interventions': 0, 'jev_total_ms': 0, 'jev_mean_ms': None, 'tokens': 0, 'random_picks': 176, 'random_interventions': 118, 'finished_games': 8}
english finished {'points': {'Weak1 + Random': 4.0, 'Weak1': 6.0}, 'calls': 0, 'interventions': 0, 'jev_total_ms': 0, 'jev_mean_ms': None, 'tokens': 0, 'random_picks': 207, 'random_interventions': 137, 'finished_games': 10}
{
  "status": "complete",
  "summary": {
    "points": {
      "Weak1 + Random": 4.0,
      "Weak1": 6.0
    },
    "calls": 0,
    "interventions": 0,
    "jev_total_ms": 0,
    "jev_mean_ms": null,
    "tokens": 0,
    "random_picks": 207,
    "random_interventions": 137,
    "finished_games": 10
  },
  "analysis": {
    "wins": 2,
    "draws": 4,
    "losses": 4,
    "unfinished": 0,
    "pairs": [
      {
        "opening": "open-game",
        "complete": true,
        "jev_points": 0.5,
        "opponent_points": 1.5
      },
      {
        "opening": "sicilian",
        "complete": true,
        "jev_points": 0,
        "opponent_points": 2
      },
      {
        "opening": "queens-gambit",
        "complete": true,
        "jev_points": 1.5,
        "opponent_points": 0.5
      },
      {
        "opening": "indian",
        "complete": true,
        "jev_points": 0.5,
        "opponent_points": 1.5
      },
      {
        "opening": "english",
        "complete": true,
        "jev_points": 1.5,
        "opponent_points": 0.5
      }
    ],
    "pair_wins": 2,
    "pair_losses": 3,
    "paired_sign_test_two_sided_p": 1,
    "interpretation": "Exploratory only: five fixed opening pairs, selector=random. Ten games cannot separate small strength differences; compare per-decision referee scores across arms."
  },
  "elapsed_seconds": 1.14
}
