sicilian finished {'points': {'Weak + Jev': 1, 'Weak': 1}, 'calls': 30, 'interventions': 14, 'jev_total_ms': 8485.6, 'jev_mean_ms': 282.85, 'tokens': 21841, 'random_picks': 0, 'random_interventions': 0, 'finished_games': 2}
open-game finished {'points': {'Weak + Jev': 3, 'Weak': 1}, 'calls': 71, 'interventions': 37, 'jev_total_ms': 20156.38, 'jev_mean_ms': 283.89, 'tokens': 49861, 'random_picks': 0, 'random_interventions': 0, 'finished_games': 4}
english finished {'points': {'Weak + Jev': 4.5, 'Weak': 1.5}, 'calls': 88, 'interventions': 45, 'jev_total_ms': 24539.81, 'jev_mean_ms': 278.86, 'tokens': 62761, 'random_picks': 0, 'random_interventions': 0, 'finished_games': 6}
queens-gambit finished {'points': {'Weak + Jev': 5.5, 'Weak': 2.5}, 'calls': 201, 'interventions': 118, 'jev_total_ms': 55511.68, 'jev_mean_ms': 276.18, 'tokens': 129127, 'random_picks': 0, 'random_interventions': 0, 'finished_games': 8}
indian finished {'points': {'Weak + Jev': 6.5, 'Weak': 3.5}, 'calls': 271, 'interventions': 164, 'jev_total_ms': 74763.09, 'jev_mean_ms': 275.88, 'tokens': 175701, 'random_picks': 0, 'random_interventions': 0, 'finished_games': 10}
{
  "status": "complete",
  "summary": {
    "points": {
      "Weak + Jev": 6.5,
      "Weak": 3.5
    },
    "calls": 271,
    "interventions": 164,
    "jev_total_ms": 74763.09,
    "jev_mean_ms": 275.88,
    "tokens": 175701,
    "random_picks": 0,
    "random_interventions": 0,
    "finished_games": 10
  },
  "analysis": {
    "wins": 6,
    "draws": 1,
    "losses": 3,
    "unfinished": 0,
    "pairs": [
      {
        "opening": "open-game",
        "complete": true,
        "jev_points": 2,
        "opponent_points": 0
      },
      {
        "opening": "sicilian",
        "complete": true,
        "jev_points": 1,
        "opponent_points": 1
      },
      {
        "opening": "queens-gambit",
        "complete": true,
        "jev_points": 1,
        "opponent_points": 1
      },
      {
        "opening": "indian",
        "complete": true,
        "jev_points": 1,
        "opponent_points": 1
      },
      {
        "opening": "english",
        "complete": true,
        "jev_points": 1.5,
        "opponent_points": 0.5
      }
    ],
    "pair_wins": 2,
    "pair_losses": 0,
    "paired_sign_test_two_sided_p": 0.5,
    "interpretation": "Exploratory only: five fixed opening pairs, selector=jev. Ten games cannot separate small strength differences; compare per-decision referee scores across arms."
  },
  "elapsed_seconds": 86.25
}
