queens-gambit finished {'points': {'Weak1 + Jev': 0.5, 'Weak1': 1.5}, 'calls': 23, 'interventions': 12, 'jev_total_ms': 6830.14, 'jev_mean_ms': 296.96, 'tokens': 13606, 'random_picks': 0, 'random_interventions': 0, 'finished_games': 2}
open-game finished {'points': {'Weak1 + Jev': 2.5, 'Weak1': 1.5}, 'calls': 56, 'interventions': 33, 'jev_total_ms': 16059.41, 'jev_mean_ms': 286.78, 'tokens': 34320, 'random_picks': 0, 'random_interventions': 0, 'finished_games': 4}
sicilian finished {'points': {'Weak1 + Jev': 3.0, 'Weak1': 3.0}, 'calls': 105, 'interventions': 67, 'jev_total_ms': 29726.26, 'jev_mean_ms': 283.11, 'tokens': 63128, 'random_picks': 0, 'random_interventions': 0, 'finished_games': 6}
indian finished {'points': {'Weak1 + Jev': 4.0, 'Weak1': 4.0}, 'calls': 156, 'interventions': 99, 'jev_total_ms': 43981.44, 'jev_mean_ms': 281.93, 'tokens': 93774, 'random_picks': 0, 'random_interventions': 0, 'finished_games': 8}
english finished {'points': {'Weak1 + Jev': 6.0, 'Weak1': 4.0}, 'calls': 204, 'interventions': 137, 'jev_total_ms': 56776.88, 'jev_mean_ms': 278.32, 'tokens': 121378, 'random_picks': 0, 'random_interventions': 0, 'finished_games': 10}
{
  "status": "complete",
  "summary": {
    "points": {
      "Weak1 + Jev": 6.0,
      "Weak1": 4.0
    },
    "calls": 204,
    "interventions": 137,
    "jev_total_ms": 56776.88,
    "jev_mean_ms": 278.32,
    "tokens": 121378,
    "random_picks": 0,
    "random_interventions": 0,
    "finished_games": 10
  },
  "analysis": {
    "wins": 4,
    "draws": 4,
    "losses": 2,
    "unfinished": 0,
    "pairs": [
      {
        "opening": "open-game",
        "complete": true,
        "jev_points": 2,
        "opponent_points": 0
      },
      {
        "opening": "sicilian",
        "complete": true,
        "jev_points": 0.5,
        "opponent_points": 1.5
      },
      {
        "opening": "queens-gambit",
        "complete": true,
        "jev_points": 0.5,
        "opponent_points": 1.5
      },
      {
        "opening": "indian",
        "complete": true,
        "jev_points": 1.0,
        "opponent_points": 1.0
      },
      {
        "opening": "english",
        "complete": true,
        "jev_points": 2,
        "opponent_points": 0
      }
    ],
    "pair_wins": 2,
    "pair_losses": 2,
    "paired_sign_test_two_sided_p": 1,
    "interpretation": "Exploratory only: five fixed opening pairs, selector=jev. Ten games cannot separate small strength differences; compare per-decision referee scores across arms."
  },
  "elapsed_seconds": 23.56
}
