1/72 sources ready
2/72 sources ready
3/72 sources ready
4/72 sources ready
5/72 sources ready
6/72 sources ready
7/72 sources ready
8/72 sources ready
9/72 sources ready
10/72 sources ready
11/72 sources ready
12/72 sources ready
13/72 sources ready
14/72 sources ready
15/72 sources ready
16/72 sources ready
17/72 sources ready
18/72 sources ready
19/72 sources ready
20/72 sources ready
21/72 sources ready
22/72 sources ready
23/72 sources ready
24/72 sources ready
25/72 sources ready
26/72 sources ready
27/72 sources ready
28/72 sources ready
29/72 sources ready
30/72 sources ready
31/72 sources ready
32/72 sources ready
33/72 sources ready
34/72 sources ready
35/72 sources ready
36/72 sources ready
37/72 sources ready
38/72 sources ready
39/72 sources ready
40/72 sources ready
41/72 sources ready
42/72 sources ready
43/72 sources ready
44/72 sources ready
45/72 sources ready
46/72 sources ready
47/72 sources ready
48/72 sources ready
49/72 sources ready
50/72 sources ready
51/72 sources ready
52/72 sources ready
53/72 sources ready
54/72 sources ready
55/72 sources ready
56/72 sources ready
57/72 sources ready
58/72 sources ready
59/72 sources ready
60/72 sources ready
61/72 sources ready
62/72 sources ready
63/72 sources ready
64/72 sources ready
65/72 sources ready
66/72 sources ready
67/72 sources ready
68/72 sources ready
69/72 sources ready
70/72 sources ready
71/72 sources ready
72/72 sources ready
agriculture 농업 기초 기술 4
arabic-1 아랍어Ⅰ 4
biology-1 생명과학Ⅰ 4
biology-2 생명과학Ⅱ 4
chemistry-1 화학Ⅰ 4
chemistry-2 화학Ⅱ 4
chinese-1 중국어Ⅰ 4
commerce-economics 상업 경제 4
earth-science-1 지구과학Ⅰ 4
earth-science-2 지구과학Ⅱ 4
east-asia-history 동아시아사 4
economics 경제 4
english 영어 16
ethics-thought 윤리와 사상 4
fishery-maritime 수산·해운 산업 기초 4
french-1 프랑스어Ⅰ 4
german-1 독일어Ⅰ 4
hanja-1 한문Ⅰ 4
human-development 인간 발달 4
industrial-general 공업 일반 4
japanese-1 일본어Ⅰ 4
korean 국어 40
korean-geography 한국지리 4
korean-history 한국사 8
life-ethics 생활과 윤리 4
math 수학 40
physics-1 물리학Ⅰ 4
physics-2 물리학Ⅱ 4
politics-law 정치와 법 4
russian-1 러시아어Ⅰ 4
social-culture 사회·문화 4
spanish-1 스페인어Ⅰ 4
successful-career 성공적인 직업생활 4
vietnamese-1 베트남어Ⅰ 4
world-geography 세계지리 4
world-history 세계사 4
