23 pages prepared
1 / 23 math-01 reviewed
2 / 23 math-06 reviewed
3 / 23 math-04 JSONDecodeError: Invalid \escape: line 1 column 43 (char 42)
4 / 23 math-02 reviewed
5 / 23 math-03 reviewed
6 / 23 math-09 reviewed
7 / 23 math-05 reviewed
8 / 23 math-13 reviewed
9 / 23 math-10 JSONDecodeError: Invalid \escape: line 1 column 48 (char 47)
10 / 23 math-15 JSONDecodeError: Invalid \escape: line 1 column 45 (char 44)
11 / 23 math-17 reviewed
12 / 23 math-11 reviewed
13 / 23 math-14 reviewed
14 / 23 math-18 reviewed
15 / 23 math-19 JSONDecodeError: Invalid \escape: line 1 column 55 (char 54)
16 / 23 korean-history-02 reviewed
17 / 23 german-1-02 reviewed
18 / 23 german-1-04 reviewed
19 / 23 german-1-01 reviewed
20 / 23 korean-history-04 reviewed
21 / 23 german-1-03 reviewed
22 / 23 korean-history-01 reviewed
23 / 23 korean-history-03 needs_review
