169 pages prepared
1 / 169 korean-03 cached
2 / 169 korean-04 cached
3 / 169 korean-01 cached
4 / 169 korean-02 cached
5 / 169 korean-05 cached
6 / 169 korean-08 cached
7 / 169 korean-09 cached
8 / 169 korean-07 cached
9 / 169 korean-06 cached
10 / 169 korean-10 cached
11 / 169 korean-18 reviewed
12 / 169 math-01 cached
13 / 169 math-02 cached
14 / 169 math-03 cached
15 / 169 math-04 cached
16 / 169 math-05 cached
17 / 169 math-06 cached
18 / 169 math-09 cached
19 / 169 math-10 cached
20 / 169 math-11 cached
21 / 169 math-13 cached
22 / 169 math-14 cached
23 / 169 math-15 cached
24 / 169 math-17 cached
25 / 169 math-18 cached
26 / 169 math-19 cached
27 / 169 korean-14 reviewed
28 / 169 korean-13 reviewed
29 / 169 korean-history-01 cached
30 / 169 korean-history-02 cached
31 / 169 korean-history-03 cached
32 / 169 korean-history-04 cached
33 / 169 korean-20 reviewed
34 / 169 korean-11 reviewed
35 / 169 korean-15 reviewed
36 / 169 korean-16 reviewed
37 / 169 korean-12 reviewed
38 / 169 english-02 reviewed
39 / 169 korean-19 reviewed
40 / 169 east-asia-history-03 reviewed
41 / 169 economics-01 reviewed
42 / 169 economics-03 reviewed
43 / 169 korean-17 reviewed
44 / 169 english-01 reviewed
45 / 169 east-asia-history-01 needs_review
46 / 169 east-asia-history-02 needs_review
47 / 169 east-asia-history-04 reviewed
48 / 169 ethics-thought-01 reviewed
49 / 169 economics-04 reviewed
50 / 169 ethics-thought-04 reviewed
51 / 169 ethics-thought-02 reviewed
52 / 169 economics-02 reviewed
53 / 169 ethics-thought-03 reviewed
54 / 169 life-ethics-01 reviewed
55 / 169 life-ethics-02 reviewed
56 / 169 life-ethics-03 reviewed
57 / 169 life-ethics-04 reviewed
58 / 169 politics-law-01 reviewed
59 / 169 politics-law-04 reviewed
60 / 169 politics-law-02 needs_review
61 / 169 social-culture-01 reviewed
62 / 169 politics-law-03 reviewed
63 / 169 korean-geography-01 needs_review
64 / 169 korean-geography-02 reviewed
65 / 169 social-culture-02 reviewed
66 / 169 social-culture-03 reviewed
67 / 169 korean-geography-04 needs_review
68 / 169 social-culture-04 reviewed
69 / 169 world-history-04 reviewed
70 / 169 world-history-02 reviewed
71 / 169 world-history-01 reviewed
72 / 169 world-geography-01 reviewed
73 / 169 korean-geography-03 needs_review
74 / 169 world-history-03 reviewed
75 / 169 world-geography-04 needs_review
76 / 169 world-geography-03 needs_review
77 / 169 biology-2-02 reviewed
78 / 169 biology-2-01 reviewed
79 / 169 biology-1-01 reviewed
80 / 169 biology-1-03 reviewed
81 / 169 world-geography-02 needs_review
82 / 169 biology-1-04 reviewed
83 / 169 biology-2-03 reviewed
84 / 169 biology-1-02 reviewed
85 / 169 chemistry-1-01 reviewed
86 / 169 chemistry-1-04 reviewed
87 / 169 biology-2-04 reviewed
88 / 169 chemistry-2-02 reviewed
89 / 169 chemistry-2-03 reviewed
90 / 169 chemistry-1-03 reviewed
91 / 169 chemistry-1-02 needs_review
92 / 169 chemistry-2-01 needs_review
93 / 169 earth-science-1-02 reviewed
94 / 169 earth-science-1-01 needs_review
95 / 169 earth-science-2-01 needs_review
96 / 169 chemistry-2-04 needs_review
97 / 169 earth-science-1-03 reviewed
98 / 169 earth-science-2-02 reviewed
99 / 169 earth-science-2-03 reviewed
100 / 169 earth-science-2-04 reviewed
101 / 169 physics-1-01 reviewed
102 / 169 earth-science-1-04 reviewed
103 / 169 physics-2-01 reviewed
104 / 169 agriculture-01 AssertionError: 
105 / 169 physics-2-04 reviewed
106 / 169 physics-2-02 reviewed
107 / 169 physics-1-04 reviewed
108 / 169 agriculture-02 reviewed
109 / 169 physics-1-02 needs_review
110 / 169 commerce-economics-01 reviewed
111 / 169 commerce-economics-03 reviewed
112 / 169 agriculture-03 reviewed
113 / 169 agriculture-04 reviewed
114 / 169 physics-2-03 needs_review
115 / 169 fishery-maritime-02 reviewed
116 / 169 commerce-economics-04 reviewed
117 / 169 fishery-maritime-01 reviewed
118 / 169 commerce-economics-02 reviewed
119 / 169 physics-1-03 needs_review
120 / 169 fishery-maritime-04 reviewed
121 / 169 fishery-maritime-03 reviewed
122 / 169 human-development-01 reviewed
123 / 169 human-development-03 reviewed
124 / 169 industrial-general-01 reviewed
125 / 169 human-development-04 reviewed
126 / 169 human-development-02 reviewed
127 / 169 industrial-general-03 reviewed
128 / 169 industrial-general-02 reviewed
129 / 169 industrial-general-04 reviewed
130 / 169 successful-career-02 reviewed
131 / 169 successful-career-03 reviewed
132 / 169 successful-career-01 reviewed
133 / 169 successful-career-04 reviewed
134 / 169 chinese-1-01 reviewed
135 / 169 arabic-1-01 reviewed
136 / 169 arabic-1-04 reviewed
137 / 169 german-1-01 cached
138 / 169 german-1-02 cached
139 / 169 german-1-03 cached
140 / 169 german-1-04 cached
141 / 169 chinese-1-04 reviewed
142 / 169 chinese-1-02 reviewed
143 / 169 arabic-1-02 reviewed
144 / 169 arabic-1-03 reviewed
145 / 169 french-1-02 reviewed
146 / 169 chinese-1-03 reviewed
147 / 169 french-1-01 reviewed
148 / 169 french-1-03 reviewed
149 / 169 french-1-04 reviewed
150 / 169 japanese-1-03 reviewed
151 / 169 hanja-1-01 reviewed
152 / 169 japanese-1-04 reviewed
153 / 169 japanese-1-02 reviewed
154 / 169 hanja-1-02 reviewed
155 / 169 russian-1-02 reviewed
156 / 169 russian-1-01 reviewed
157 / 169 russian-1-04 reviewed
158 / 169 russian-1-03 reviewed
159 / 169 hanja-1-04 reviewed
160 / 169 japanese-1-01 needs_review
161 / 169 spanish-1-01 reviewed
162 / 169 spanish-1-03 reviewed
163 / 169 hanja-1-03 needs_review
164 / 169 vietnamese-1-01 reviewed
165 / 169 vietnamese-1-02 reviewed
166 / 169 spanish-1-02 reviewed
167 / 169 vietnamese-1-03 reviewed
168 / 169 spanish-1-04 reviewed
169 / 169 vietnamese-1-04 reviewed
