game 1 ply 1: d3 jev=True changed=True
game 1 ply 3: Bf4 jev=True changed=True
game 1 ply 5: Bg3 jev=True changed=True
game 1 ply 7: Nxg5 jev=True changed=True
game 1 ply 13: Nd5 jev=True changed=False
game 1 ply 15: Nb4 jev=True changed=True
game 1 ply 19: e4 jev=True changed=False
game 1 ply 20: Bxc3+ jev=False changed=False
GAME 1: 0-1 checkmate 22 plies
game 2 ply 2: b6 jev=True changed=True
game 2 ply 4: Bb7 jev=True changed=False
game 2 ply 6: d6 jev=True changed=True
game 2 ply 10: e5 jev=True changed=False
game 2 ply 12: Be7 jev=True changed=False
game 2 ply 14: d5 jev=True changed=True
game 2 ply 16: Bc5 jev=True changed=False
game 2 ply 20: Qd6 jev=True changed=True
game 2 ply 24: bxc5 jev=True changed=False
game 2 ply 26: c4 jev=True changed=True
game 2 ply 30: g6 jev=True changed=True
game 2 ply 34: O-O jev=True changed=True
game 2 ply 36: Rfd8 jev=True changed=True
game 2 ply 40: Qxe4 jev=True changed=True
game 2 ply 42: Rd8+ jev=True changed=True
game 2 ply 46: f5 jev=True changed=False
game 2 ply 48: f4 jev=True changed=True
game 2 ply 50: Rd2 jev=True changed=True
game 2 ply 54: Ke8 jev=True changed=True
game 2 ply 58: Ke6 jev=True changed=False
game 2 ply 60: Kf7 jev=False changed=False
GAME 2: 1/2-1/2 threefold_repetition 60 plies
{"points": {"Weak2 + Jev": 0.5, "Weak4": 1.5}, "calls": 27, "interventions": 18, "jev_total_ms": 10256.59, "jev_mean_ms": 379.87, "tokens": 19348, "random_picks": 0, "random_interventions": 0, "finished_games": 2}
