game 1 ply 1: f4 jev=True changed=True
game 1 ply 3: d3 jev=True changed=False
game 1 ply 7: Bf4 jev=True changed=True
game 1 ply 9: Be5 jev=True changed=True
game 1 ply 15: Qb1 jev=True changed=False
game 1 ply 17: Ne4 jev=True changed=True
game 1 ply 19: Nc3 jev=True changed=False
game 1 ply 20: c5 jev=False changed=False
game 1 ply 21: Nf3 jev=True changed=False
game 1 ply 23: g4 jev=True changed=True
game 1 ply 25: b4 jev=True changed=True
game 1 ply 29: Ne4 jev=True changed=False
game 1 ply 31: d4 jev=True changed=True
game 1 ply 33: Ng3 jev=True changed=True
game 1 ply 39: c3 jev=True changed=False
game 1 ply 40: Qxc3+ jev=False changed=False
game 1 ply 51: Qb5 jev=True changed=False
GAME 1: 0-1 checkmate 56 plies
game 2 ply 2: Ne6 jev=True changed=True
game 2 ply 4: b6 jev=True changed=True
game 2 ply 6: Bb7 jev=True changed=False
game 2 ply 8: Nd4 jev=True changed=False
game 2 ply 10: Ne6 jev=True changed=False
game 2 ply 12: d6 jev=True changed=False
game 2 ply 14: Nd7 jev=True changed=True
game 2 ply 20: f5 jev=True changed=False
game 2 ply 22: c6 jev=True changed=True
game 2 ply 26: e6 jev=True changed=True
game 2 ply 28: Bxb4 jev=True changed=False
game 2 ply 34: Nf8 jev=True changed=False
game 2 ply 40: Ke7 jev=True changed=True
game 2 ply 42: h6 jev=True changed=False
game 2 ply 44: Kf7 jev=True changed=True
game 2 ply 46: Ke8 jev=True changed=False
game 2 ply 48: Kf7 jev=True changed=True
game 2 ply 50: Ke6 jev=True changed=False
game 2 ply 52: c5 jev=True changed=True
game 2 ply 54: Kd5 jev=True changed=False
GAME 2: 1-0 checkmate 57 plies
{"points": {"Weak2 + Jev": 0, "Weak4": 2}, "calls": 35, "interventions": 17, "jev_total_ms": 12968.12, "jev_mean_ms": 370.52, "tokens": 25235, "random_picks": 0, "random_interventions": 0, "finished_games": 2}
