game 1 ply 1: Nc3 jev=True changed=False
game 1 ply 5: e6 jev=True changed=True
game 1 ply 7: Ne4 jev=True changed=True
game 1 ply 9: Nc5 jev=True changed=True
game 1 ply 13: Ng5 jev=True changed=False
game 1 ply 15: Nd4 jev=True changed=False
game 1 ply 17: Nb3 jev=True changed=False
game 1 ply 19: Bc4 jev=True changed=False
game 1 ply 20: Bxg2 jev=False changed=False
game 1 ply 21: Bf7+ jev=True changed=False
game 1 ply 27: Nf7+ jev=True changed=False
game 1 ply 31: Nf7 jev=True changed=True
game 1 ply 33: Ng5 jev=True changed=False
game 1 ply 40: e6 jev=False changed=False
game 1 ply 41: Nh4 jev=True changed=True
game 1 ply 45: d4 jev=True changed=True
game 1 ply 49: Bg5 jev=True changed=False
game 1 ply 53: Kd3 jev=True changed=False
game 1 ply 55: Kc4 jev=True changed=True
GAME 1: 0-1 checkmate 58 plies
game 2 ply 2: d6 jev=True changed=True
game 2 ply 10: Bf5 jev=True changed=True
game 2 ply 12: Bd7 jev=True changed=False
game 2 ply 14: e5 jev=True changed=True
game 2 ply 16: Bd6 jev=True changed=False
game 2 ply 18: Be6 jev=True changed=False
game 2 ply 20: f5 jev=True changed=False
game 2 ply 22: Bb4 jev=True changed=False
game 2 ply 26: g6 jev=True changed=False
game 2 ply 28: Bf7 jev=True changed=True
game 2 ply 30: c5 jev=True changed=False
game 2 ply 32: Kf8 jev=True changed=True
game 2 ply 34: Kg7 jev=True changed=True
game 2 ply 36: c6 jev=True changed=True
game 2 ply 38: Rb8 jev=True changed=True
game 2 ply 40: Bxe6 jev=False changed=False
game 2 ply 42: h5 jev=True changed=False
game 2 ply 44: Rb2 jev=True changed=False
game 2 ply 46: Rb8 jev=True changed=False
game 2 ply 48: Qc7 jev=True changed=False
game 2 ply 50: Kf8 jev=True changed=False
game 2 ply 52: Re8 jev=True changed=True
game 2 ply 54: Qc5 jev=True changed=True
game 2 ply 56: Qe7 jev=True changed=True
game 2 ply 60: Rc8 jev=True changed=True
game 2 ply 62: Rc4 jev=True changed=False
game 2 ply 64: Qe2 jev=True changed=True
game 2 ply 66: Rc8 jev=True changed=True
game 2 ply 68: Rc4 jev=True changed=False
game 2 ply 72: Kd8 jev=True changed=True
game 2 ply 74: Kc7 jev=True changed=True
game 2 ply 76: Rc6 jev=True changed=False
game 2 ply 80: Rxg3 jev=False changed=False
GAME 2: 1-0 checkmate 83 plies
{"points": {"Weak2 + Jev": 0, "Weak4": 2}, "calls": 48, "interventions": 23, "jev_total_ms": 17443.16, "jev_mean_ms": 363.4, "tokens": 33434, "random_picks": 0, "random_interventions": 0, "finished_games": 2}
