game 1 ply 1: Nc5 jev=True changed=True
game 1 ply 3: Nd3 jev=True changed=False
game 1 ply 5: Nf4 jev=True changed=False
game 1 ply 7: a4 jev=True changed=False
game 1 ply 9: Nh5 jev=True changed=True
game 1 ply 15: g3 jev=True changed=False
game 1 ply 19: c3 jev=True changed=True
game 1 ply 20: Qh4 jev=False changed=False
game 1 ply 21: d4 jev=True changed=True
game 1 ply 23: f5 jev=True changed=True
GAME 1: 0-1 checkmate 26 plies
game 2 ply 4: e5 jev=True changed=True
game 2 ply 8: Nf6 jev=True changed=True
game 2 ply 10: Nc4 jev=True changed=True
game 2 ply 12: Nd6 jev=True changed=False
game 2 ply 16: Nde4 jev=True changed=False
game 2 ply 18: Nd5 jev=True changed=False
game 2 ply 20: Nc7 jev=True changed=False
game 2 ply 22: Ne6 jev=True changed=True
game 2 ply 24: Bd6 jev=True changed=False
game 2 ply 26: g6 jev=True changed=False
game 2 ply 30: Rb8 jev=True changed=True
game 2 ply 34: Ne7 jev=True changed=False
game 2 ply 36: Ng7 jev=True changed=True
game 2 ply 40: Nd5 jev=True changed=False
game 2 ply 46: Qe7 jev=True changed=True
game 2 ply 48: Qd8 jev=True changed=True
game 2 ply 50: Qe7 jev=True changed=True
game 2 ply 56: Kd8 jev=True changed=False
game 2 ply 58: b3 jev=True changed=False
game 2 ply 60: b5 jev=True changed=True
game 2 ply 62: b4 jev=True changed=True
game 2 ply 64: d6 jev=True changed=True
game 2 ply 70: Bxf4 jev=True changed=False
game 2 ply 74: Bd6 jev=True changed=False
game 2 ply 76: c4 jev=True changed=False
game 2 ply 80: Ke6 jev=False changed=False
GAME 2: 1-0 checkmate 81 plies
{"points": {"Weak2 + Jev": 0, "Weak4": 2}, "calls": 34, "interventions": 17, "jev_total_ms": 12514.93, "jev_mean_ms": 368.09, "tokens": 24720, "random_picks": 0, "random_interventions": 0, "finished_games": 2}
