game 1 ply 1: Nc3 jev=True changed=False
game 1 ply 3: c5 jev=True changed=True
game 1 ply 7: d3 jev=True changed=True
game 1 ply 9: Bf4 jev=True changed=True
game 1 ply 11: Bg3 jev=True changed=True
game 1 ply 13: Nxg5 jev=True changed=True
game 1 ply 17: f3 jev=True changed=True
game 1 ply 19: b3 jev=True changed=False
game 1 ply 20: Bb4 jev=False changed=False
game 1 ply 21: e4 jev=True changed=False
game 1 ply 23: Kf2 jev=True changed=True
game 1 ply 25: Ke2 jev=True changed=True
game 1 ply 29: Kd1 jev=True changed=False
game 1 ply 31: b4 jev=True changed=True
game 1 ply 33: g4 jev=True changed=False
game 1 ply 35: Bg2 jev=True changed=False
GAME 1: 0-1 checkmate 38 plies
game 2 ply 2: Nf6 jev=True changed=False
game 2 ply 4: f4 jev=True changed=False
game 2 ply 8: Nb4 jev=True changed=False
game 2 ply 12: c5 jev=True changed=False
game 2 ply 20: d5 jev=True changed=False
game 2 ply 24: Ke8 jev=True changed=True
game 2 ply 28: Bg4 jev=True changed=True
game 2 ply 32: Kc6 jev=True changed=True
game 2 ply 38: e5 jev=True changed=False
game 2 ply 40: Kb6 jev=True changed=False
game 2 ply 42: Rc8 jev=True changed=True
game 2 ply 46: Kc6 jev=True changed=True
game 2 ply 48: Kb6 jev=True changed=True
game 2 ply 50: Kc6 jev=True changed=True
game 2 ply 52: Kd6 jev=True changed=True
game 2 ply 54: Kc7 jev=True changed=True
game 2 ply 56: Kb6 jev=True changed=True
game 2 ply 58: Kc6 jev=True changed=True
game 2 ply 60: Kd6 jev=True changed=False
game 2 ply 62: Kc6 jev=True changed=False
game 2 ply 64: Kd6 jev=True changed=True
game 2 ply 66: Kc6 jev=True changed=True
game 2 ply 68: Kd6 jev=True changed=False
game 2 ply 70: Kc6 jev=True changed=False
game 2 ply 74: Kc6 jev=True changed=False
game 2 ply 78: Ke6 jev=True changed=True
game 2 ply 80: Kf5 jev=True changed=True
game 2 ply 82: Kg4 jev=True changed=True
game 2 ply 84: Kf5 jev=True changed=False
game 2 ply 86: Ke6 jev=True changed=False
game 2 ply 88: Kd7 jev=True changed=False
game 2 ply 90: Kc6 jev=True changed=False
game 2 ply 94: Kc6 jev=True changed=False
GAME 2: 1-0 checkmate 97 plies
{"points": {"Weak2 + Jev": 0, "Weak4": 2}, "calls": 48, "interventions": 25, "jev_total_ms": 14730.1, "jev_mean_ms": 306.88, "tokens": 32248, "random_picks": 0, "random_interventions": 0, "finished_games": 2}
