game 1 ply 1: Nc3 jev=True changed=False
game 1 ply 3: Nd5 jev=True changed=True
game 1 ply 7: Bd3 jev=True changed=False
game 1 ply 9: h3 jev=True changed=True
game 1 ply 11: g4 jev=True changed=False
game 1 ply 13: Rb1 jev=True changed=True
game 1 ply 15: Kf1 jev=True changed=True
game 1 ply 17: f4 jev=True changed=True
game 1 ply 19: g5 jev=True changed=True
game 1 ply 20: fxg5 jev=False changed=False
game 1 ply 21: b4 jev=True changed=False
game 1 ply 23: Bb2 jev=True changed=False
game 1 ply 27: Be2 jev=True changed=True
game 1 ply 35: Qe2+ jev=True changed=False
game 1 ply 39: Nf3 jev=True changed=False
game 1 ply 40: Ra3 jev=False changed=False
game 1 ply 41: Qd4 jev=True changed=True
game 1 ply 43: Kg2 jev=True changed=True
game 1 ply 51: Rf2 jev=True changed=True
game 1 ply 55: Kf1 jev=True changed=True
game 1 ply 57: Re2+ jev=True changed=False
game 1 ply 59: Re1 jev=True changed=True
game 1 ply 60: Qc3 jev=False changed=False
game 1 ply 61: Rd1 jev=True changed=True
game 1 ply 63: Ke1 jev=True changed=False
game 1 ply 65: Rc1+ jev=True changed=False
game 1 ply 67: Rb1 jev=True changed=True
game 1 ply 69: Kd2 jev=True changed=False
game 1 ply 73: Kd2 jev=True changed=False
game 1 ply 75: Kc3 jev=True changed=False
game 1 ply 80: Qa1# jev=False changed=False
GAME 1: 0-1 checkmate 80 plies
game 2 ply 2: Nd4 jev=True changed=True
game 2 ply 4: Nf6 jev=True changed=False
game 2 ply 6: Ne4 jev=True changed=False
game 2 ply 10: e6 jev=True changed=True
game 2 ply 12: Nf5 jev=True changed=True
game 2 ply 20: Bg7 jev=True changed=False
game 2 ply 26: d5 jev=True changed=True
game 2 ply 28: Rf4 jev=True changed=False
game 2 ply 34: Kd7 jev=True changed=False
game 2 ply 36: Qxe7 jev=True changed=True
game 2 ply 40: e5 jev=True changed=True
game 2 ply 42: c4 jev=True changed=True
game 2 ply 44: Rb8 jev=True changed=True
game 2 ply 48: Kd6 jev=True changed=True
game 2 ply 52: Be6 jev=True changed=False
game 2 ply 54: Kf6 jev=True changed=True
game 2 ply 56: Ke5 jev=True changed=False
game 2 ply 60: Kxe4 jev=False changed=False
GAME 2: 1-0 checkmate 61 plies
{"points": {"Weak2 + Jev": 0, "Weak4": 2}, "calls": 44, "interventions": 24, "jev_total_ms": 14173.91, "jev_mean_ms": 322.13, "tokens": 29430, "random_picks": 0, "random_interventions": 0, "finished_games": 2}
