game 1 ply 1: e4 jev=True changed=True
game 1 ply 5: c3 jev=True changed=True
game 1 ply 7: Nf3 jev=True changed=True
game 1 ply 9: Nxe5 jev=True changed=False
game 1 ply 11: Bd3 jev=True changed=True
game 1 ply 13: c4 jev=True changed=True
game 1 ply 15: f3 jev=True changed=True
game 1 ply 17: b4 jev=True changed=False
game 1 ply 20: Qxh2 jev=False changed=False
game 1 ply 21: bxc5 jev=True changed=True
game 1 ply 23: d4 jev=True changed=True
game 1 ply 25: Be3 jev=True changed=False
game 1 ply 27: Qd6 jev=True changed=True
game 1 ply 33: c5 jev=True changed=True
game 1 ply 35: Kc3 jev=True changed=True
game 1 ply 37: Kd3 jev=True changed=True
game 1 ply 39: Qb6 jev=True changed=True
game 1 ply 40: h5 jev=False changed=False
game 1 ply 41: Qc7 jev=True changed=True
game 1 ply 43: Kc4 jev=True changed=True
game 1 ply 45: Kd5 jev=True changed=False
GAME 1: 0-1 checkmate 48 plies
game 2 ply 4: e5 jev=True changed=True
game 2 ply 6: Bc5 jev=True changed=False
game 2 ply 10: c6 jev=True changed=True
game 2 ply 12: d5 jev=True changed=False
game 2 ply 14: f5 jev=True changed=True
game 2 ply 16: Bd7 jev=True changed=True
game 2 ply 20: d4 jev=True changed=True
game 2 ply 22: Ke8 jev=True changed=False
game 2 ply 24: Kf7 jev=True changed=False
game 2 ply 26: Kg6 jev=True changed=True
game 2 ply 28: Nf6 jev=True changed=False
game 2 ply 30: Kh5 jev=True changed=False
game 2 ply 32: Kg6 jev=True changed=True
game 2 ply 34: Kh6 jev=True changed=True
GAME 2: 1/2-1/2 threefold_repetition 36 plies
{"points": {"Weak2 + Jev": 0.5, "Weak4": 1.5}, "calls": 33, "interventions": 23, "jev_total_ms": 10302.27, "jev_mean_ms": 312.19, "tokens": 23384, "random_picks": 0, "random_interventions": 0, "finished_games": 2}
