game 1 ply 3: bxc6 jev=True changed=False
game 1 ply 5: cxb7 jev=True changed=True
game 1 ply 7: exf3 jev=True changed=False
game 1 ply 11: Nc3 jev=True changed=False
game 1 ply 13: d4 jev=True changed=True
game 1 ply 15: Bd2 jev=True changed=False
game 1 ply 17: Rb1 jev=True changed=True
game 1 ply 19: a5 jev=True changed=True
game 1 ply 20: Bxd2+ jev=False changed=False
game 1 ply 27: g3 jev=True changed=False
game 1 ply 29: Rb7 jev=True changed=True
game 1 ply 31: Qb1 jev=True changed=True
game 1 ply 33: Qb6 jev=True changed=True
game 1 ply 35: Qb1 jev=True changed=True
game 1 ply 37: Qb3 jev=True changed=True
game 1 ply 40: Bxf2 jev=False changed=False
game 1 ply 41: c4 jev=True changed=True
GAME 1: 0-1 checkmate 46 plies
game 2 ply 2: Nb4 jev=True changed=False
game 2 ply 6: Nf4 jev=True changed=False
game 2 ply 8: Ne6 jev=True changed=False
game 2 ply 10: Ne4 jev=True changed=True
game 2 ply 14: Bc5 jev=True changed=False
game 2 ply 18: f5 jev=True changed=False
game 2 ply 20: g6 jev=True changed=False
game 2 ply 22: g5 jev=True changed=True
game 2 ply 28: Nc5 jev=True changed=False
game 2 ply 32: Rxd8 jev=True changed=True
game 2 ply 34: Kd6 jev=True changed=False
GAME 2: 1-0 checkmate 39 plies
{"points": {"Weak2 + Jev": 0, "Weak4": 2}, "calls": 26, "interventions": 13, "jev_total_ms": 9857.95, "jev_mean_ms": 379.15, "tokens": 18621, "random_picks": 0, "random_interventions": 0, "finished_games": 2}
