game 1 ply 1: b3 jev=True changed=True
game 1 ply 3: d3 jev=True changed=True
game 1 ply 5: Bf4 jev=True changed=True
game 1 ply 7: Nd2 jev=True changed=False
game 1 ply 9: Bxe5 jev=True changed=True
game 1 ply 11: Rc1 jev=True changed=True
game 1 ply 13: e4 jev=True changed=True
game 1 ply 15: Kxd2 jev=True changed=True
game 1 ply 19: c4 jev=True changed=True
game 1 ply 20: Qb6 jev=False changed=False
game 1 ply 21: g4 jev=True changed=True
game 1 ply 23: f3 jev=True changed=True
game 1 ply 25: g5 jev=True changed=True
game 1 ply 27: b4 jev=True changed=True
game 1 ply 29: Ke3 jev=True changed=True
game 1 ply 31: d4 jev=True changed=True
game 1 ply 33: Qxd4 jev=True changed=False
game 1 ply 35: Qa7 jev=True changed=True
game 1 ply 37: Bd3 jev=True changed=False
game 1 ply 40: Qe2+ jev=False changed=False
GAME 1: 0-1 checkmate 42 plies
game 2 ply 2: a5 jev=True changed=False
game 2 ply 4: d6 jev=True changed=True
game 2 ply 6: Be6 jev=True changed=False
game 2 ply 8: Ng4 jev=True changed=True
game 2 ply 10: b6 jev=True changed=False
game 2 ply 12: Ra6 jev=True changed=True
game 2 ply 14: Nxf2 jev=True changed=False
game 2 ply 16: d5 jev=True changed=True
game 2 ply 18: d4 jev=True changed=True
game 2 ply 20: Nxd4 jev=False changed=False
game 2 ply 22: Nxb3 jev=True changed=False
game 2 ply 24: c5 jev=True changed=False
game 2 ply 30: Kf6 jev=True changed=True
game 2 ply 40: Bxa4 jev=False changed=False
game 2 ply 42: Bb3 jev=True changed=True
game 2 ply 44: Be6 jev=True changed=False
game 2 ply 46: g5 jev=True changed=True
game 2 ply 50: g4 jev=True changed=True
game 2 ply 52: Bd7 jev=True changed=False
GAME 2: 1-0 checkmate 59 plies
{"points": {"Weak2 + Jev": 0, "Weak4": 2}, "calls": 35, "interventions": 24, "jev_total_ms": 12784.9, "jev_mean_ms": 365.28, "tokens": 25385, "random_picks": 0, "random_interventions": 0, "finished_games": 2}
