game 1 ply 7: Nc3 jev=True changed=False
game 1 ply 17: Be2 jev=True changed=True
game 1 ply 20: Qxg3+ jev=False changed=False
game 1 ply 21: Kd2 jev=True changed=False
game 1 ply 23: Kc3 jev=True changed=False
game 1 ply 25: Be2 jev=True changed=False
game 1 ply 27: e4 jev=True changed=True
game 1 ply 29: Bd2 jev=True changed=False
game 1 ply 31: Kb4 jev=True changed=True
game 1 ply 33: Ra4 jev=True changed=True
game 1 ply 35: Ka3 jev=True changed=True
game 1 ply 37: Kb4 jev=True changed=True
game 1 ply 40: Qxb6+ jev=False changed=False
GAME 1: 0-1 checkmate 42 plies
game 2 ply 2: Ne6 jev=True changed=True
game 2 ply 4: Nf4 jev=True changed=True
game 2 ply 8: Ne4 jev=True changed=True
game 2 ply 12: Nf6 jev=True changed=False
game 2 ply 14: c5 jev=True changed=True
game 2 ply 16: a6 jev=True changed=True
game 2 ply 18: d5 jev=True changed=True
game 2 ply 20: Nd7 jev=True changed=True
game 2 ply 22: e5 jev=True changed=False
game 2 ply 28: Bf6 jev=True changed=False
game 2 ply 30: Be7 jev=True changed=True
game 2 ply 32: Bf6 jev=True changed=False
GAME 2: 1/2-1/2 threefold_repetition 34 plies
{"points": {"Weak2 + Jev": 0.5, "Weak4": 1.5}, "calls": 23, "interventions": 14, "jev_total_ms": 8237.59, "jev_mean_ms": 358.16, "tokens": 16693, "random_picks": 0, "random_interventions": 0, "finished_games": 2}
