game 1 ply 1: d3 jev=True changed=True
game 1 ply 3: Bf4 jev=True changed=True
game 1 ply 5: Bg3 jev=True changed=True
game 1 ply 7: Nxg5 jev=True changed=True
game 1 ply 13: Nd5 jev=True changed=False
game 1 ply 17: e4 jev=True changed=False
game 1 ply 19: g4 jev=True changed=True
game 1 ply 20: Nf4 jev=False changed=False
game 1 ply 21: c4 jev=True changed=False
game 1 ply 27: Kc2 jev=True changed=True
game 1 ply 29: c5 jev=True changed=True
game 1 ply 31: Kb3 jev=True changed=True
game 1 ply 33: e5 jev=True changed=True
game 1 ply 35: e6 jev=True changed=False
GAME 1: 0-1 checkmate 38 plies
game 2 ply 2: d6 jev=True changed=True
game 2 ply 4: Nd4 jev=True changed=True
game 2 ply 6: Ne6 jev=True changed=True
game 2 ply 8: c5 jev=True changed=False
game 2 ply 12: Bd7 jev=True changed=False
game 2 ply 14: c4 jev=True changed=False
game 2 ply 18: Bc6 jev=True changed=False
game 2 ply 20: Nxg5 jev=False changed=False
game 2 ply 24: Bf5 jev=True changed=True
game 2 ply 26: Be6 jev=True changed=False
game 2 ply 28: Bd5 jev=True changed=False
game 2 ply 30: Be6 jev=True changed=True
game 2 ply 36: e5 jev=True changed=True
game 2 ply 40: f5 jev=True changed=True
game 2 ply 42: Be7 jev=True changed=False
game 2 ply 44: Kf8 jev=True changed=True
game 2 ply 46: g6 jev=True changed=True
game 2 ply 48: Rb8 jev=True changed=True
game 2 ply 54: Rc8 jev=True changed=True
game 2 ply 60: Ke7 jev=False changed=False
GAME 2: 1-0 checkmate 63 plies
{"points": {"Weak2 + Jev": 0, "Weak4": 2}, "calls": 31, "interventions": 20, "jev_total_ms": 11220.13, "jev_mean_ms": 361.94, "tokens": 22338, "random_picks": 0, "random_interventions": 0, "finished_games": 2}
