game 1 ply 1: e3 jev=True changed=True
game 1 ply 5: Bd3 jev=True changed=True
game 1 ply 9: d4 jev=True changed=True
game 1 ply 11: c4 jev=True changed=True
game 1 ply 13: Bd2 jev=True changed=True
game 1 ply 17: Kf1 jev=True changed=True
game 1 ply 19: b3 jev=True changed=True
game 1 ply 20: a5 jev=False changed=False
game 1 ply 21: d5 jev=True changed=True
game 1 ply 29: g3 jev=True changed=True
game 1 ply 31: g4 jev=True changed=True
game 1 ply 33: g5 jev=True changed=True
GAME 1: 0-1 checkmate 36 plies
game 2 ply 2: Nf6 jev=True changed=False
game 2 ply 4: e5 jev=True changed=True
game 2 ply 8: b5 jev=True changed=True
game 2 ply 10: Nb4 jev=True changed=False
game 2 ply 12: c5 jev=True changed=True
game 2 ply 14: d4 jev=True changed=False
game 2 ply 16: Bxe4 jev=True changed=True
game 2 ply 20: f5 jev=True changed=True
game 2 ply 22: g5 jev=True changed=True
game 2 ply 30: dxe3 jev=True changed=True
game 2 ply 36: Kc7 jev=True changed=False
game 2 ply 38: Kd8 jev=True changed=True
game 2 ply 40: Ke7 jev=True changed=True
game 2 ply 42: gxh4 jev=True changed=True
game 2 ply 44: Kd6 jev=True changed=True
game 2 ply 46: Ng3 jev=True changed=True
GAME 2: 1-0 checkmate 49 plies
{"points": {"Weak2 + Jev": 0, "Weak4": 2}, "calls": 27, "interventions": 23, "jev_total_ms": 11759.16, "jev_mean_ms": 435.52, "tokens": 18968, "random_picks": 0, "random_interventions": 0, "finished_games": 2}
