game 1 ply 1: Nc3 jev=True changed=False
game 1 ply 3: c5 jev=True changed=True
game 1 ply 7: d3 jev=True changed=True
game 1 ply 9: Bf4 jev=True changed=True
game 1 ply 11: Ne5 jev=True changed=True
game 1 ply 13: Nxc6 jev=True changed=True
game 1 ply 15: Be5 jev=True changed=False
game 1 ply 19: d4 jev=True changed=True
game 1 ply 20: f6 jev=False changed=False
game 1 ply 21: Bf4 jev=True changed=False
game 1 ply 23: Be3 jev=True changed=False
game 1 ply 25: Rc1 jev=True changed=True
game 1 ply 31: e4 jev=True changed=False
game 1 ply 35: Bc4 jev=True changed=False
game 1 ply 40: exd5 jev=False changed=False
game 1 ply 43: f4 jev=True changed=True
game 1 ply 45: b3 jev=True changed=True
game 1 ply 47: Ra1 jev=True changed=True
game 1 ply 49: h4 jev=True changed=False
game 1 ply 51: Rc1 jev=True changed=True
game 1 ply 55: Kf1 jev=True changed=True
game 1 ply 57: Ke1 jev=True changed=False
game 1 ply 59: Ra1 jev=True changed=True
game 1 ply 60: Qc3+ jev=False changed=False
game 1 ply 61: Kd1 jev=True changed=False
game 1 ply 63: Kc2 jev=True changed=False
game 1 ply 65: Kb3 jev=True changed=True
game 1 ply 67: a5 jev=True changed=False
game 1 ply 69: Qd2 jev=True changed=True
GAME 1: 0-1 checkmate 74 plies
game 2 ply 2: Nf6 jev=True changed=False
game 2 ply 4: e6 jev=True changed=True
game 2 ply 6: Ne4 jev=True changed=True
game 2 ply 8: Nxc3 jev=True changed=False
game 2 ply 10: Bc5 jev=True changed=False
game 2 ply 14: f5 jev=True changed=False
game 2 ply 16: g6 jev=True changed=True
game 2 ply 20: O-O jev=True changed=False
game 2 ply 24: c5 jev=True changed=False
game 2 ply 26: e5 jev=True changed=True
game 2 ply 28: Kf7 jev=True changed=False
game 2 ply 30: d5 jev=True changed=True
game 2 ply 32: Bd7 jev=True changed=False
game 2 ply 34: c4 jev=True changed=True
game 2 ply 36: b5 jev=True changed=False
game 2 ply 40: Ke7 jev=True changed=False
game 2 ply 42: Kd6 jev=True changed=False
game 2 ply 44: Kc5 jev=True changed=False
game 2 ply 46: Rab8 jev=True changed=True
game 2 ply 48: Rbd8 jev=True changed=True
game 2 ply 50: Kd6 jev=True changed=False
game 2 ply 52: Ke5 jev=True changed=False
game 2 ply 54: Rd6 jev=True changed=True
game 2 ply 56: Rdf6 jev=True changed=True
game 2 ply 58: Rf1+ jev=True changed=False
game 2 ply 60: Kd6 jev=True changed=False
GAME 2: 1-0 checkmate 63 plies
{"points": {"Weak2 + Jev": 0, "Weak4": 2}, "calls": 52, "interventions": 25, "jev_total_ms": 16372.38, "jev_mean_ms": 314.85, "tokens": 35298, "random_picks": 0, "random_interventions": 0, "finished_games": 2}
