game 1 ply 1: d3 jev=True changed=True
game 1 ply 3: Bf4 jev=True changed=True
game 1 ply 5: e3 jev=True changed=True
game 1 ply 7: Be2 jev=True changed=False
game 1 ply 9: Ne5 jev=True changed=True
game 1 ply 15: d4 jev=True changed=True
game 1 ply 19: Na3 jev=True changed=True
game 1 ply 20: g6 jev=False changed=False
game 1 ply 21: Bd3 jev=True changed=False
game 1 ply 25: c3 jev=True changed=True
game 1 ply 27: f4 jev=True changed=True
game 1 ply 29: Nc2 jev=True changed=False
game 1 ply 31: Kf1 jev=True changed=True
game 1 ply 33: Bb5+ jev=True changed=True
game 1 ply 40: Qxd1+ jev=False changed=False
game 1 ply 41: Rxd1 jev=True changed=False
game 1 ply 43: Rb1 jev=True changed=True
game 1 ply 45: Na3 jev=True changed=True
game 1 ply 47: Re1 jev=True changed=True
game 1 ply 51: Kd3 jev=True changed=True
game 1 ply 53: Ke2 jev=True changed=True
game 1 ply 55: Kf3 jev=True changed=True
game 1 ply 57: Rd1 jev=True changed=True
game 1 ply 59: e4 jev=True changed=True
game 1 ply 60: Bxe4+ jev=False changed=False
game 1 ply 63: Nc4 jev=True changed=False
game 1 ply 65: Kh4 jev=True changed=True
game 1 ply 71: Nc4 jev=True changed=False
game 1 ply 75: Kg2 jev=True changed=False
game 1 ply 77: Kf1 jev=True changed=False
game 1 ply 79: Ke1 jev=True changed=False
game 1 ply 80: Rd4 jev=False changed=False
game 1 ply 81: Kf1 jev=True changed=True
game 1 ply 83: Ke2 jev=True changed=False
game 1 ply 85: Ke3 jev=True changed=True
game 1 ply 87: Kd2 jev=True changed=False
GAME 1: 0-1 checkmate 90 plies
game 2 ply 2: b6 jev=True changed=True
game 2 ply 4: d6 jev=True changed=True
game 2 ply 6: Bf5 jev=True changed=True
game 2 ply 8: Bd7 jev=True changed=False
game 2 ply 14: Be6 jev=True changed=True
game 2 ply 16: d5 jev=True changed=False
game 2 ply 18: Kd8 jev=True changed=True
game 2 ply 20: Ne4 jev=True changed=False
game 2 ply 22: Nd6 jev=True changed=False
game 2 ply 24: Bd7 jev=True changed=False
game 2 ply 26: Bc8 jev=True changed=False
game 2 ply 32: e5 jev=True changed=False
game 2 ply 34: Ke8 jev=True changed=True
game 2 ply 36: Kd8 jev=True changed=True
game 2 ply 40: Ke7 jev=True changed=True
game 2 ply 42: Bf5 jev=True changed=False
game 2 ply 44: Bh7 jev=True changed=True
game 2 ply 48: f6 jev=True changed=True
game 2 ply 50: Kd6 jev=True changed=False
game 2 ply 52: Kc5 jev=True changed=False
game 2 ply 56: Kb4 jev=True changed=True
game 2 ply 58: Kc4 jev=True changed=False
game 2 ply 60: Kb4 jev=False changed=False
GAME 2: 1-0 checkmate 61 plies
{"points": {"Weak2 + Jev": 0, "Weak4": 2}, "calls": 54, "interventions": 32, "jev_total_ms": 17495.9, "jev_mean_ms": 324.0, "tokens": 36551, "random_picks": 0, "random_interventions": 0, "finished_games": 2}
