game 1 ply 1: b3 jev=True changed=True
game 1 ply 3: d3 jev=True changed=True
game 1 ply 5: Bf4 jev=True changed=True
game 1 ply 7: Nd2 jev=True changed=False
game 1 ply 9: Bxe5 jev=True changed=True
game 1 ply 11: Rc1 jev=True changed=True
game 1 ply 15: e4 jev=True changed=True
game 1 ply 17: f4 jev=True changed=True
game 1 ply 19: Be2 jev=True changed=True
game 1 ply 20: b4 jev=False changed=False
game 1 ply 21: Bf3 jev=True changed=True
game 1 ply 23: g4 jev=True changed=True
game 1 ply 25: a4 jev=True changed=False
game 1 ply 27: b4 jev=True changed=True
game 1 ply 35: Nc4 jev=True changed=True
game 1 ply 37: Kf2 jev=True changed=True
game 1 ply 39: Ne3 jev=True changed=False
game 1 ply 40: Qa2 jev=False changed=False
game 1 ply 41: e5 jev=True changed=True
game 1 ply 43: e6 jev=True changed=True
game 1 ply 45: Ke2 jev=True changed=True
game 1 ply 47: c6 jev=True changed=False
game 1 ply 49: d4 jev=True changed=True
game 1 ply 51: Kf1 jev=True changed=True
game 1 ply 55: Ke1 jev=True changed=False
game 1 ply 57: Kf2 jev=True changed=True
game 1 ply 59: Kg1 jev=True changed=True
game 1 ply 60: Qxd4+ jev=False changed=False
game 1 ply 61: Kf1 jev=True changed=False
GAME 1: 0-1 checkmate 66 plies
game 2 ply 2: b6 jev=True changed=True
game 2 ply 4: Bb7 jev=True changed=False
game 2 ply 6: d6 jev=True changed=True
game 2 ply 10: e5 jev=True changed=False
game 2 ply 12: Be7 jev=True changed=False
game 2 ply 14: d5 jev=True changed=True
game 2 ply 16: Bc5 jev=True changed=False
game 2 ply 20: Qd6 jev=True changed=True
game 2 ply 24: bxc5 jev=True changed=False
game 2 ply 26: c4 jev=True changed=True
game 2 ply 30: g6 jev=True changed=True
game 2 ply 34: Rf8 jev=True changed=True
game 2 ply 36: Rh8 jev=True changed=True
game 2 ply 38: Rf8 jev=True changed=True
game 2 ply 40: Rh8 jev=True changed=True
game 2 ply 42: Qxe4 jev=True changed=True
game 2 ply 44: c3 jev=True changed=False
game 2 ply 48: c6 jev=True changed=True
game 2 ply 50: f6 jev=True changed=True
game 2 ply 52: g5 jev=True changed=True
game 2 ply 58: Ra6 jev=True changed=True
game 2 ply 60: Rxc6 jev=True changed=False
game 2 ply 62: Kd8 jev=True changed=True
game 2 ply 64: Ke8 jev=True changed=True
game 2 ply 66: Kd7 jev=True changed=True
game 2 ply 68: Kc8 jev=True changed=True
game 2 ply 72: Kb7 jev=True changed=False
game 2 ply 74: Kc6 jev=True changed=True
game 2 ply 76: Kd5 jev=True changed=False
game 2 ply 78: Ke4 jev=True changed=True
game 2 ply 80: Kd5 jev=True changed=True
game 2 ply 84: Kc6 jev=True changed=True
game 2 ply 86: Kd5 jev=True changed=True
game 2 ply 88: Kc4 jev=True changed=False
game 2 ply 90: Kb3 jev=True changed=False
game 2 ply 92: Ka4 jev=True changed=True
game 2 ply 94: Kb3 jev=True changed=True
game 2 ply 98: Ka4 jev=True changed=True
game 2 ply 100: Kb3 jev=True changed=True
game 2 ply 102: Ka4 jev=True changed=True
game 2 ply 104: Kb3 jev=True changed=True
game 2 ply 106: Kc2 jev=True changed=False
game 2 ply 108: Kd3 jev=True changed=True
GAME 2: 1-0 checkmate 111 plies
{"points": {"Weak2 + Jev": 0, "Weak4": 2}, "calls": 69, "interventions": 51, "jev_total_ms": 22301.88, "jev_mean_ms": 323.22, "tokens": 45392, "random_picks": 0, "random_interventions": 0, "finished_games": 2}
