game 1 ply 1: Nf3 jev=True changed=False
game 1 ply 3: Ne5 jev=True changed=False
game 1 ply 5: Nxc6 jev=True changed=False
game 1 ply 7: Nf4 jev=True changed=True
game 1 ply 9: Nh5 jev=True changed=True
game 1 ply 13: Ng3 jev=True changed=True
game 1 ply 15: e3 jev=True changed=True
game 1 ply 17: Be2 jev=True changed=False
game 1 ply 19: f4 jev=True changed=True
game 1 ply 20: gxf4 jev=False changed=False
game 1 ply 23: Nh5 jev=True changed=True
game 1 ply 25: Rb1 jev=True changed=True
game 1 ply 27: g4 jev=True changed=False
game 1 ply 29: Ng3 jev=True changed=True
game 1 ply 33: b4 jev=True changed=True
game 1 ply 37: g5 jev=True changed=True
game 1 ply 39: Bb2 jev=True changed=False
game 1 ply 40: Qg3+ jev=False changed=False
GAME 1: 0-1 checkmate 54 plies
game 2 ply 4: Nc6 jev=True changed=False
game 2 ply 6: Nd4 jev=True changed=True
game 2 ply 8: Ne6 jev=True changed=True
game 2 ply 10: Bd6 jev=True changed=False
game 2 ply 14: Nf6 jev=True changed=False
game 2 ply 18: Nc7 jev=True changed=False
game 2 ply 20: Ne6 jev=True changed=True
game 2 ply 22: fxe6 jev=True changed=True
game 2 ply 24: d5 jev=True changed=True
game 2 ply 26: Kf7 jev=True changed=True
game 2 ply 28: Ke7 jev=True changed=False
game 2 ply 30: g6 jev=True changed=True
game 2 ply 34: h6 jev=True changed=True
game 2 ply 36: Kg7 jev=True changed=True
game 2 ply 40: b6 jev=True changed=False
game 2 ply 42: e5 jev=True changed=True
GAME 2: 1-0 checkmate 47 plies
{"points": {"Weak2 + Jev": 0, "Weak4": 2}, "calls": 32, "interventions": 20, "jev_total_ms": 11501.15, "jev_mean_ms": 359.41, "tokens": 23055, "random_picks": 0, "random_interventions": 0, "finished_games": 2}
