game 1 ply 1: d4 jev=True changed=True
game 1 ply 3: Nc3 jev=True changed=True
game 1 ply 5: Bf4 jev=True changed=True
game 1 ply 7: Nd2 jev=True changed=False
game 1 ply 11: Be5 jev=True changed=False
game 1 ply 13: Bxg7 jev=True changed=True
game 1 ply 15: e4 jev=True changed=True
game 1 ply 19: Bc4 jev=True changed=True
game 1 ply 20: Qxd4 jev=False changed=False
game 1 ply 25: cxd4 jev=True changed=True
game 1 ply 27: a5 jev=True changed=True
game 1 ply 29: f4 jev=True changed=False
game 1 ply 31: a6 jev=True changed=True
game 1 ply 33: g3 jev=True changed=True
game 1 ply 35: Kd1 jev=True changed=True
game 1 ply 37: Kc1 jev=True changed=True
game 1 ply 39: Kb1 jev=True changed=True
game 1 ply 40: c2+ jev=False changed=False
game 1 ply 43: Re1 jev=True changed=True
game 1 ply 51: g4 jev=True changed=True
game 1 ply 53: Kg2 jev=True changed=True
game 1 ply 55: Kg3 jev=True changed=True
GAME 1: 0-1 checkmate 58 plies
game 2 ply 2: Be4 jev=True changed=False
game 2 ply 6: Nbd7 jev=True changed=True
game 2 ply 10: Ne5 jev=True changed=False
game 2 ply 12: Neg4 jev=True changed=True
game 2 ply 14: Nh6 jev=True changed=False
game 2 ply 16: Bxg4 jev=True changed=True
game 2 ply 20: Nh6 jev=True changed=False
game 2 ply 28: c5 jev=True changed=True
game 2 ply 30: f5 jev=True changed=True
game 2 ply 34: Kc7 jev=True changed=False
game 2 ply 36: Kc6 jev=True changed=True
game 2 ply 40: b5 jev=True changed=True
game 2 ply 42: Kb7 jev=True changed=False
game 2 ply 44: Kb6 jev=True changed=True
game 2 ply 48: Kd6 jev=True changed=True
GAME 2: 1-0 checkmate 51 plies
{"points": {"Weak2 + Jev": 0, "Weak4": 2}, "calls": 35, "interventions": 26, "jev_total_ms": 12045.78, "jev_mean_ms": 344.17, "tokens": 24114, "random_picks": 0, "random_interventions": 0, "finished_games": 2}
