game 1 ply 1: e4 jev=True changed=True
game 1 ply 5: Nf3 jev=True changed=True
game 1 ply 9: Bc4 jev=True changed=False
game 1 ply 11: Bd5 jev=True changed=False
game 1 ply 13: Bc4 jev=True changed=False
game 1 ply 20: dxc6 jev=False changed=False
game 1 ply 21: Ra4 jev=True changed=True
game 1 ply 25: Ra1 jev=True changed=True
game 1 ply 27: Qh5 jev=True changed=True
game 1 ply 31: b3 jev=True changed=True
game 1 ply 35: Ra4 jev=True changed=True
game 1 ply 37: Bg5 jev=True changed=False
game 1 ply 39: f3 jev=True changed=True
game 1 ply 40: h6 jev=False changed=False
game 1 ply 41: Bc1 jev=True changed=False
game 1 ply 43: Bg5 jev=True changed=False
game 1 ply 45: h3 jev=True changed=False
game 1 ply 49: fxe4 jev=True changed=True
game 1 ply 53: Bf4 jev=True changed=False
game 1 ply 55: Bc7 jev=True changed=True
game 1 ply 60: Rxf4# jev=False changed=False
GAME 1: 0-1 checkmate 60 plies
game 2 ply 2: Nd4 jev=True changed=True
game 2 ply 6: c5 jev=True changed=False
game 2 ply 8: h6 jev=True changed=True
game 2 ply 10: Bd6 jev=True changed=False
game 2 ply 12: f5 jev=True changed=True
game 2 ply 14: Bf8 jev=True changed=True
GAME 2: 1-0 checkmate 17 plies
{"points": {"Weak2 + Jev": 0, "Weak4": 2}, "calls": 24, "interventions": 14, "jev_total_ms": 7804.73, "jev_mean_ms": 325.2, "tokens": 16820, "random_picks": 0, "random_interventions": 0, "finished_games": 2}
