game 1 ply 1: Nc3 jev=True changed=False
game 1 ply 3: d3 jev=True changed=True
game 1 ply 7: Bg5 jev=True changed=True
game 1 ply 11: Ne4 jev=True changed=False
game 1 ply 13: Nc3 jev=True changed=True
game 1 ply 15: e4 jev=True changed=False
game 1 ply 17: f4 jev=True changed=True
game 1 ply 19: g4 jev=True changed=True
game 1 ply 20: Bxc3+ jev=False changed=False
game 1 ply 23: Be2 jev=True changed=False
game 1 ply 25: Bf3 jev=True changed=False
game 1 ply 27: h4 jev=True changed=True
game 1 ply 31: Rb1 jev=True changed=True
game 1 ply 33: Rb3 jev=True changed=True
game 1 ply 35: Rb1 jev=True changed=True
game 1 ply 37: Rb3 jev=True changed=True
game 1 ply 39: e5 jev=True changed=True
game 1 ply 40: Bxb3 jev=False changed=False
game 1 ply 43: Bc6 jev=True changed=False
game 1 ply 45: Qa4 jev=True changed=True
game 1 ply 47: Kd1 jev=True changed=False
game 1 ply 49: Ke1 jev=True changed=True
game 1 ply 51: Kf2 jev=True changed=True
GAME 1: 0-1 checkmate 54 plies
game 2 ply 2: d6 jev=True changed=True
game 2 ply 6: Nb4 jev=True changed=False
game 2 ply 8: Bg4 jev=True changed=True
game 2 ply 10: Bxf3 jev=True changed=False
game 2 ply 12: b6 jev=True changed=True
game 2 ply 18: e5 jev=True changed=False
game 2 ply 20: exd4 jev=False changed=False
game 2 ply 22: Be7 jev=True changed=False
game 2 ply 24: Bf6 jev=True changed=False
game 2 ply 26: Bd4 jev=True changed=False
game 2 ply 28: Bxe3 jev=True changed=True
game 2 ply 30: Qh4+ jev=True changed=False
game 2 ply 32: Qxf2+ jev=True changed=False
game 2 ply 34: f6 jev=True changed=True
game 2 ply 36: Ra6 jev=True changed=True
game 2 ply 38: Ra7 jev=True changed=True
game 2 ply 40: Ra8 jev=True changed=True
game 2 ply 46: Kd7 jev=True changed=True
game 2 ply 48: Ke6 jev=True changed=True
game 2 ply 54: Rb4 jev=True changed=True
game 2 ply 56: Rb3 jev=True changed=True
game 2 ply 58: Rb2+ jev=True changed=False
game 2 ply 60: Rb6 jev=True changed=True
game 2 ply 62: Rb3 jev=True changed=True
game 2 ply 64: Ke5 jev=True changed=True
game 2 ply 66: Kd6 jev=True changed=False
game 2 ply 68: Kc5 jev=True changed=False
game 2 ply 70: Rb4 jev=True changed=True
game 2 ply 72: Rb2+ jev=True changed=False
game 2 ply 74: Rb7 jev=True changed=True
game 2 ply 76: Rb3 jev=True changed=False
game 2 ply 78: Kb4 jev=True changed=False
game 2 ply 80: Kc3 jev=True changed=False
game 2 ply 84: Kb4 jev=True changed=True
game 2 ply 86: Ka3 jev=True changed=False
GAME 2: 1-0 checkmate 89 plies
{"points": {"Weak2 + Jev": 0, "Weak4": 2}, "calls": 55, "interventions": 32, "jev_total_ms": 15656.45, "jev_mean_ms": 284.66, "tokens": 35939, "random_picks": 0, "random_interventions": 0, "finished_games": 2}
