game 1 ply 5: Nf3 jev=True changed=False
game 1 ply 7: d3 jev=True changed=True
game 1 ply 13: Rb1 jev=True changed=True
game 1 ply 17: Be3 jev=True changed=False
game 1 ply 20: Bxd2+ jev=False changed=False
game 1 ply 21: Qxd2 jev=True changed=False
game 1 ply 25: f4 jev=True changed=False
game 1 ply 29: g4 jev=True changed=False
game 1 ply 31: Qc5 jev=True changed=True
game 1 ply 35: d4 jev=True changed=False
game 1 ply 37: Kd1 jev=True changed=False
game 1 ply 39: Kc1 jev=True changed=False
game 1 ply 40: Nxh1 jev=False changed=False
game 1 ply 41: Bg2 jev=True changed=True
game 1 ply 45: Kd2 jev=True changed=True
game 1 ply 47: Bf3 jev=True changed=False
game 1 ply 49: a5 jev=True changed=False
game 1 ply 51: Ke1 jev=True changed=True
game 1 ply 53: Kd2 jev=True changed=True
game 1 ply 55: Ke1 jev=True changed=True
game 1 ply 57: Kf2 jev=True changed=True
game 1 ply 60: Kxc6 jev=False changed=False
game 1 ply 61: h5 jev=True changed=False
game 1 ply 63: Kf3 jev=True changed=True
game 1 ply 65: Kg3 jev=True changed=True
GAME 1: 0-1 checkmate 70 plies
game 2 ply 2: Nc6 jev=True changed=False
game 2 ply 4: Nd4 jev=True changed=False
game 2 ply 8: b6 jev=True changed=True
game 2 ply 12: Bb7 jev=True changed=False
game 2 ply 14: f6 jev=True changed=True
game 2 ply 18: c5 jev=True changed=True
game 2 ply 20: Bxc6 jev=True changed=False
game 2 ply 30: Bd6 jev=True changed=False
game 2 ply 32: g6 jev=True changed=True
game 2 ply 34: g5 jev=True changed=False
game 2 ply 36: g4 jev=True changed=False
game 2 ply 38: g3 jev=True changed=False
game 2 ply 40: a6 jev=True changed=True
game 2 ply 42: g2 jev=True changed=False
game 2 ply 44: b5 jev=True changed=True
game 2 ply 50: Bf5 jev=True changed=True
game 2 ply 52: Be4 jev=True changed=False
game 2 ply 54: Bf5 jev=True changed=True
game 2 ply 56: Rc8 jev=True changed=True
game 2 ply 58: Bb4 jev=True changed=False
game 2 ply 60: Bd6 jev=True changed=False
game 2 ply 62: Bb4 jev=True changed=False
GAME 2: 1/2-1/2 threefold_repetition 65 plies
{"points": {"Weak2 + Jev": 0.5, "Weak4": 1.5}, "calls": 44, "interventions": 20, "jev_total_ms": 14996.15, "jev_mean_ms": 340.82, "tokens": 29108, "random_picks": 0, "random_interventions": 0, "finished_games": 2}
