game 1 ply 3: d4 jev=True changed=True
game 1 ply 5: c6 jev=True changed=True
game 1 ply 9: Bf4 jev=True changed=True
game 1 ply 11: Qb3 jev=True changed=True
game 1 ply 15: Nxa4 jev=True changed=False
game 1 ply 17: Qa3 jev=True changed=False
game 1 ply 19: Be5 jev=True changed=True
game 1 ply 20: Qb8 jev=False changed=False
game 1 ply 21: Nf3 jev=True changed=False
game 1 ply 25: e4 jev=True changed=True
game 1 ply 27: Bc4 jev=True changed=False
game 1 ply 29: g4 jev=True changed=False
game 1 ply 31: Nh4 jev=True changed=True
game 1 ply 35: Nf4 jev=True changed=True
game 1 ply 37: f3 jev=True changed=True
game 1 ply 39: Rc1 jev=True changed=True
game 1 ply 40: gxf3 jev=False changed=False
game 1 ply 41: Bf1 jev=True changed=True
game 1 ply 43: Kd1 jev=True changed=True
game 1 ply 49: Ke2 jev=True changed=True
game 1 ply 53: Kg2 jev=True changed=True
GAME 1: 0-1 checkmate 56 plies
game 2 ply 2: c5 jev=True changed=True
game 2 ply 4: Neg4 jev=True changed=True
game 2 ply 8: Nf5 jev=True changed=False
game 2 ply 10: d5 jev=True changed=True
game 2 ply 12: Nd6 jev=True changed=False
game 2 ply 14: Nxc4 jev=True changed=True
game 2 ply 16: Be6 jev=True changed=False
game 2 ply 18: b5 jev=True changed=False
game 2 ply 20: g5 jev=True changed=True
game 2 ply 24: Nd7 jev=True changed=False
game 2 ply 26: f6 jev=True changed=False
game 2 ply 28: Bf7 jev=True changed=False
game 2 ply 30: e5 jev=True changed=True
game 2 ply 34: Bb4 jev=True changed=True
game 2 ply 36: Bxf7 jev=True changed=True
game 2 ply 38: Bxc3+ jev=True changed=True
game 2 ply 40: Qh4+ jev=False changed=False
game 2 ply 42: Qg5+ jev=True changed=True
game 2 ply 44: Nc5 jev=True changed=False
game 2 ply 46: Bb3+ jev=True changed=False
game 2 ply 48: Ne6 jev=True changed=True
game 2 ply 52: Be6 jev=True changed=True
game 2 ply 54: Ng6 jev=True changed=False
game 2 ply 56: Ba2+ jev=True changed=False
game 2 ply 60: Nh4 jev=False changed=False
GAME 2: 1-0 checkmate 63 plies
{"points": {"Weak2 + Jev": 0, "Weak4": 2}, "calls": 42, "interventions": 26, "jev_total_ms": 13848.91, "jev_mean_ms": 329.74, "tokens": 29361, "random_picks": 0, "random_interventions": 0, "finished_games": 2}
