game 1 ply 1: e4 jev=True changed=True
game 1 ply 5: d4 jev=True changed=False
game 1 ply 9: Bf4 jev=True changed=True
game 1 ply 13: Bc4 jev=True changed=False
game 1 ply 15: Nf3 jev=True changed=False
game 1 ply 17: c3 jev=True changed=False
game 1 ply 19: b4 jev=True changed=False
game 1 ply 20: Qxc3+ jev=False changed=False
game 1 ply 21: Nd2 jev=True changed=True
game 1 ply 23: Rb1 jev=True changed=True
game 1 ply 25: axb5 jev=True changed=False
game 1 ply 27: f4 jev=True changed=False
game 1 ply 31: Nf3 jev=True changed=False
game 1 ply 33: Rc1 jev=True changed=True
game 1 ply 35: Nd2 jev=True changed=False
game 1 ply 37: b6 jev=True changed=True
game 1 ply 40: Qxh1+ jev=False changed=False
game 1 ply 43: b7 jev=True changed=True
game 1 ply 47: Rb1 jev=True changed=True
game 1 ply 49: Qb3 jev=True changed=False
game 1 ply 51: Kd3 jev=True changed=True
GAME 1: 0-1 checkmate 54 plies
game 2 ply 2: c5 jev=True changed=False
game 2 ply 6: Ng4 jev=True changed=True
game 2 ply 8: d6 jev=True changed=True
game 2 ply 14: f5 jev=True changed=True
game 2 ply 16: h5 jev=True changed=False
game 2 ply 18: N4h6 jev=True changed=False
game 2 ply 20: Nf7 jev=False changed=False
game 2 ply 24: e5 jev=True changed=False
game 2 ply 26: Kf7 jev=True changed=True
GAME 2: 1-0 checkmate 29 plies
{"points": {"Weak2 + Jev": 0, "Weak4": 2}, "calls": 27, "interventions": 13, "jev_total_ms": 10334.11, "jev_mean_ms": 382.74, "tokens": 19249, "random_picks": 0, "random_interventions": 0, "finished_games": 2}
