game 1 ply 1: Ne5 jev=True changed=False
game 1 ply 3: Nxc6 jev=True changed=False
game 1 ply 5: f4 jev=True changed=False
game 1 ply 7: d3 jev=True changed=True
game 1 ply 9: Be3 jev=True changed=False
game 1 ply 13: Bd4 jev=True changed=False
game 1 ply 17: d4 jev=True changed=True
game 1 ply 19: Ne4 jev=True changed=False
game 1 ply 20: Bxf4 jev=False changed=False
game 1 ply 21: e3 jev=True changed=True
game 1 ply 23: Bd3 jev=True changed=False
game 1 ply 25: c4 jev=True changed=False
game 1 ply 27: c5 jev=True changed=False
game 1 ply 29: Rc1 jev=True changed=True
game 1 ply 37: Ke1 jev=True changed=False
game 1 ply 40: Rxh1+ jev=False changed=False
game 1 ply 41: Kg2 jev=True changed=True
game 1 ply 43: Rxd1 jev=True changed=False
game 1 ply 45: Bxf5 jev=True changed=True
game 1 ply 47: Bxh3 jev=True changed=True
game 1 ply 49: Ne4 jev=True changed=True
game 1 ply 51: Bf5 jev=True changed=False
game 1 ply 53: Rc1 jev=True changed=True
game 1 ply 57: Nc3 jev=True changed=False
game 1 ply 60: Rg8 jev=False changed=False
GAME 1: 0-1 checkmate 62 plies
game 2 ply 2: cxd4 jev=True changed=False
game 2 ply 4: e5 jev=True changed=True
game 2 ply 6: Nc6 jev=True changed=False
game 2 ply 8: Bc5 jev=True changed=False
game 2 ply 10: Kf8 jev=True changed=True
game 2 ply 14: Ng4+ jev=True changed=True
game 2 ply 18: Ne7 jev=True changed=False
game 2 ply 20: Qxe7 jev=False changed=False
game 2 ply 24: Nf6 jev=True changed=True
game 2 ply 26: d6 jev=True changed=True
game 2 ply 28: Be6 jev=True changed=False
game 2 ply 32: f6 jev=True changed=True
game 2 ply 34: Rae8 jev=True changed=True
game 2 ply 36: h4 jev=True changed=True
game 2 ply 38: Bc4 jev=True changed=True
game 2 ply 40: Be6 jev=True changed=False
game 2 ply 42: Bc4 jev=True changed=True
game 2 ply 44: Be6 jev=True changed=False
game 2 ply 46: Rc8+ jev=True changed=False
game 2 ply 48: Rc4 jev=True changed=True
game 2 ply 52: Rg4 jev=True changed=True
game 2 ply 56: Re2 jev=True changed=True
game 2 ply 58: Kd8 jev=True changed=False
game 2 ply 60: Bc8 jev=False changed=False
game 2 ply 64: e4 jev=True changed=False
game 2 ply 66: Kc7 jev=True changed=True
game 2 ply 68: Kd7 jev=True changed=True
game 2 ply 70: Ke8 jev=True changed=True
game 2 ply 72: Rc3 jev=True changed=False
game 2 ply 76: d5 jev=True changed=False
game 2 ply 80: Rd8 jev=False changed=False
game 2 ply 84: Kc7 jev=True changed=False
game 2 ply 86: Kb6 jev=True changed=True
game 2 ply 90: f5 jev=True changed=False
game 2 ply 92: Kb6 jev=True changed=True
game 2 ply 94: Ka5 jev=True changed=False
game 2 ply 96: Kb5 jev=True changed=True
game 2 ply 98: Ka4 jev=True changed=False
game 2 ply 100: Kb4 jev=False changed=False
game 2 ply 102: Kc4 jev=True changed=True
game 2 ply 104: Kd3 jev=True changed=True
GAME 2: 1-0 checkmate 107 plies
{"points": {"Weak2 + Jev": 0, "Weak4": 2}, "calls": 59, "interventions": 30, "jev_total_ms": 18989.84, "jev_mean_ms": 321.86, "tokens": 38621, "random_picks": 0, "random_interventions": 0, "finished_games": 2}
