game 1 ply 1: Nc3 jev=True changed=False
game 1 ply 3: g4 jev=True changed=True
game 1 ply 5: Nh2 jev=True changed=True
game 1 ply 7: a5 jev=True changed=True
game 1 ply 9: Nb5 jev=True changed=False
game 1 ply 13: c4 jev=True changed=False
game 1 ply 20: bxc6 jev=False changed=False
game 1 ply 21: e4 jev=True changed=False
game 1 ply 23: Bc4 jev=True changed=False
game 1 ply 27: d4 jev=True changed=True
game 1 ply 29: Be3 jev=True changed=False
game 1 ply 31: Bf4 jev=True changed=False
game 1 ply 37: Bxf7+ jev=True changed=True
game 1 ply 39: Bc7 jev=True changed=True
game 1 ply 40: g5 jev=False changed=False
game 1 ply 45: Be5 jev=True changed=False
GAME 1: 0-1 checkmate 48 plies
game 2 ply 2: Nf6 jev=True changed=False
game 2 ply 4: e5 jev=True changed=True
game 2 ply 8: b5 jev=True changed=True
game 2 ply 10: Nb4 jev=True changed=False
game 2 ply 12: c5 jev=True changed=True
game 2 ply 14: d4 jev=True changed=False
game 2 ply 16: Bxe4 jev=True changed=True
game 2 ply 20: f5 jev=True changed=True
game 2 ply 22: g5 jev=True changed=True
game 2 ply 30: dxe3 jev=True changed=True
game 2 ply 36: Kc7 jev=True changed=False
game 2 ply 38: Kd8 jev=True changed=True
game 2 ply 40: Ke7 jev=True changed=True
game 2 ply 42: exf2+ jev=True changed=False
game 2 ply 48: Kd6 jev=True changed=False
game 2 ply 52: Kd7 jev=True changed=False
GAME 2: 1-0 checkmate 55 plies
{"points": {"Weak2 + Jev": 0, "Weak4": 2}, "calls": 30, "interventions": 15, "jev_total_ms": 12195.2, "jev_mean_ms": 406.51, "tokens": 21091, "random_picks": 0, "random_interventions": 0, "finished_games": 2}
