game 1 ply 1: Nf3 jev=True changed=False
game 1 ply 3: d3 jev=True changed=True
game 1 ply 7: Nb5 jev=True changed=False
game 1 ply 9: Bg5 jev=True changed=True
game 1 ply 11: Bxf6 jev=True changed=False
game 1 ply 13: f3 jev=True changed=True
game 1 ply 15: h5 jev=True changed=True
game 1 ply 19: f4 jev=True changed=True
game 1 ply 20: Bb4+ jev=False changed=False
game 1 ply 21: c3 jev=True changed=True
game 1 ply 29: d4 jev=True changed=False
game 1 ply 31: e4 jev=True changed=True
game 1 ply 33: Kg1 jev=True changed=True
game 1 ply 35: Qb2 jev=True changed=True
game 1 ply 40: Qg5 jev=False changed=False
game 1 ply 41: Bd3 jev=True changed=False
game 1 ply 43: Kg3 jev=True changed=True
game 1 ply 47: Kf4 jev=True changed=True
game 1 ply 49: Kf5 jev=True changed=True
GAME 1: 0-1 checkmate 56 plies
game 2 ply 2: cxd4 jev=True changed=False
game 2 ply 4: e5 jev=True changed=False
game 2 ply 8: Nc6 jev=True changed=False
game 2 ply 10: Nd4 jev=True changed=False
game 2 ply 12: Bc5 jev=True changed=False
game 2 ply 20: Ne4+ jev=True changed=True
game 2 ply 22: Qb3 jev=True changed=True
game 2 ply 24: Kd8 jev=True changed=False
GAME 2: 1-0 checkmate 27 plies
{"points": {"Weak2 + Jev": 0, "Weak4": 2}, "calls": 25, "interventions": 14, "jev_total_ms": 7331.21, "jev_mean_ms": 293.25, "tokens": 17637, "random_picks": 0, "random_interventions": 0, "finished_games": 2}
