game 1 ply 1: Ne5 jev=True changed=True
game 1 ply 5: d4 jev=True changed=False
game 1 ply 7: f4 jev=True changed=False
game 1 ply 9: Be3 jev=True changed=False
game 1 ply 11: g4 jev=True changed=False
GAME 1: 0-1 checkmate 14 plies
game 2 ply 2: Nxc3 jev=True changed=False
game 2 ply 4: Nc6 jev=True changed=False
game 2 ply 6: f5 jev=True changed=False
game 2 ply 8: g5 jev=True changed=False
game 2 ply 10: Bg7 jev=True changed=False
game 2 ply 12: h6 jev=True changed=True
game 2 ply 14: Bf6 jev=True changed=False
game 2 ply 16: e6 jev=True changed=False
game 2 ply 18: Ne5 jev=True changed=False
game 2 ply 20: d5 jev=True changed=False
game 2 ply 22: Bd7 jev=True changed=True
game 2 ply 26: d4 jev=True changed=False
game 2 ply 28: Ra6 jev=True changed=True
game 2 ply 36: fxe4 jev=True changed=True
game 2 ply 38: Kd8 jev=True changed=False
game 2 ply 40: Qxb7 jev=False changed=False
game 2 ply 44: Ke8 jev=True changed=True
game 2 ply 46: Kf7 jev=True changed=True
GAME 2: 1-0 checkmate 51 plies
{"points": {"Weak2 + Jev": 0, "Weak4": 2}, "calls": 22, "interventions": 7, "jev_total_ms": 27700.02, "jev_mean_ms": 1259.09, "tokens": 16121, "random_picks": 0, "random_interventions": 0, "finished_games": 2}
