game 1 ply 1: Ne5 jev=True changed=False
game 1 ply 3: Nxc6 jev=True changed=False
game 1 ply 5: f4 jev=True changed=False
game 1 ply 7: e3 jev=True changed=True
game 1 ply 9: Ne2 jev=True changed=True
game 1 ply 11: d4 jev=True changed=True
game 1 ply 15: Be3 jev=True changed=True
game 1 ply 17: Qb1 jev=True changed=False
game 1 ply 20: Nxg2+ jev=False changed=False
game 1 ply 21: Kd1 jev=True changed=False
game 1 ply 27: Bd3 jev=True changed=True
game 1 ply 29: c4 jev=True changed=True
game 1 ply 31: h3 jev=True changed=False
game 1 ply 33: Qa2 jev=True changed=True
game 1 ply 35: Rb1 jev=True changed=False
game 1 ply 39: Kc1 jev=True changed=False
game 1 ply 40: Qxd3 jev=False changed=False
game 1 ply 45: Kc1 jev=True changed=False
game 1 ply 49: Qc6+ jev=True changed=False
game 1 ply 51: Qxe6 jev=True changed=True
game 1 ply 53: Ke1 jev=True changed=True
game 1 ply 55: Kd2 jev=True changed=False
game 1 ply 57: Qxf5 jev=True changed=False
game 1 ply 59: Kd3 jev=True changed=True
game 1 ply 60: Ke7 jev=False changed=False
game 1 ply 61: Qg6 jev=True changed=False
game 1 ply 63: Kc2 jev=True changed=False
game 1 ply 67: Ke2 jev=True changed=True
game 1 ply 69: Kd1 jev=True changed=False
game 1 ply 71: Ke1 jev=True changed=True
game 1 ply 73: Kd2 jev=True changed=False
game 1 ply 75: Kd3 jev=True changed=True
game 1 ply 77: Kc4 jev=True changed=False
game 1 ply 79: Kb5 jev=True changed=True
game 1 ply 80: Ra7 jev=False changed=False
game 1 ply 81: Kc4 jev=True changed=True
GAME 1: 0-1 checkmate 88 plies
game 2 ply 2: cxd4 jev=True changed=False
game 2 ply 4: e5 jev=True changed=False
game 2 ply 6: Nc6 jev=True changed=False
game 2 ply 8: Bc5 jev=True changed=False
game 2 ply 10: Kf8 jev=True changed=True
game 2 ply 14: Ng4+ jev=True changed=True
game 2 ply 18: Ne7 jev=True changed=False
game 2 ply 20: Qxe7 jev=False changed=False
game 2 ply 24: Nf6 jev=True changed=True
game 2 ply 26: d6 jev=True changed=True
game 2 ply 28: Bg4 jev=True changed=True
game 2 ply 32: Bf5 jev=True changed=True
game 2 ply 34: Bd7 jev=True changed=False
game 2 ply 36: Kd8 jev=True changed=False
game 2 ply 38: Rb8 jev=True changed=True
game 2 ply 40: Bxa4 jev=False changed=False
game 2 ply 44: Kc7 jev=True changed=False
game 2 ply 48: Rb2 jev=True changed=True
game 2 ply 50: Bc2+ jev=True changed=False
game 2 ply 54: R8b4 jev=True changed=True
game 2 ply 56: Bf5 jev=True changed=False
game 2 ply 58: Rb8 jev=True changed=True
game 2 ply 60: Bd7 jev=True changed=False
game 2 ply 62: Re2 jev=True changed=True
game 2 ply 64: Kd6 jev=True changed=True
game 2 ply 66: Kc5 jev=True changed=False
game 2 ply 68: Rbb2 jev=True changed=True
game 2 ply 70: Bg4 jev=True changed=True
game 2 ply 72: Bf3 jev=True changed=False
game 2 ply 74: Kb4 jev=True changed=False
game 2 ply 76: Ka3 jev=True changed=False
GAME 2: 1-0 checkmate 79 plies
{"points": {"Weak2 + Jev": 0, "Weak4": 2}, "calls": 61, "interventions": 29, "jev_total_ms": 18863.26, "jev_mean_ms": 309.23, "tokens": 39645, "random_picks": 0, "random_interventions": 0, "finished_games": 2}
