game 1 ply 1: Nf5 jev=True changed=True
game 1 ply 3: Ne3 jev=True changed=False
game 1 ply 5: Nb5 jev=True changed=False
game 1 ply 7: c4 jev=True changed=True
game 1 ply 11: d4 jev=True changed=True
game 1 ply 13: Nc4 jev=True changed=False
game 1 ply 15: Nd2 jev=True changed=True
game 1 ply 17: e4 jev=True changed=True
game 1 ply 19: Bd3 jev=True changed=False
game 1 ply 20: Be6 jev=False changed=False
game 1 ply 23: f4 jev=True changed=True
game 1 ply 25: g4 jev=True changed=True
game 1 ply 27: O-O jev=True changed=False
game 1 ply 37: b4 jev=True changed=True
game 1 ply 39: Qe4+ jev=True changed=True
game 1 ply 40: Kd7 jev=False changed=False
game 1 ply 41: Qd5+ jev=True changed=True
game 1 ply 43: Qc4+ jev=True changed=True
game 1 ply 47: bxa5 jev=True changed=False
game 1 ply 49: Rc2+ jev=True changed=True
game 1 ply 51: a4 jev=True changed=False
game 1 ply 53: h4 jev=True changed=False
game 1 ply 55: Rb1 jev=True changed=True
game 1 ply 57: Rcb2 jev=True changed=True
game 1 ply 60: Rxa4 jev=False changed=False
game 1 ply 61: Rb3 jev=True changed=True
game 1 ply 63: Kg2 jev=True changed=True
game 1 ply 65: Kf1 jev=True changed=True
game 1 ply 67: Rb1 jev=True changed=False
game 1 ply 69: Ke2 jev=True changed=False
game 1 ply 71: Kd2 jev=True changed=False
game 1 ply 73: Kc3 jev=True changed=True
game 1 ply 75: Kc4 jev=True changed=True
game 1 ply 77: Kd4 jev=True changed=True
game 1 ply 79: Ke3 jev=True changed=True
game 1 ply 80: g4 jev=False changed=False
game 1 ply 81: Kd4 jev=True changed=True
game 1 ply 83: Ke3 jev=True changed=True
game 1 ply 85: Kd4 jev=True changed=True
game 1 ply 87: Kc4 jev=True changed=False
GAME 1: 0-1 checkmate 90 plies
game 2 ply 2: g6 jev=True changed=True
game 2 ply 4: Nc6 jev=True changed=False
game 2 ply 8: Bd6 jev=True changed=True
game 2 ply 10: Nd4 jev=True changed=True
game 2 ply 12: Ne6 jev=True changed=True
game 2 ply 18: Qd8 jev=True changed=False
game 2 ply 20: Qg5 jev=False changed=False
GAME 2: 1/2-1/2 threefold_repetition 21 plies
{"points": {"Weak2 + Jev": 0.5, "Weak4": 1.5}, "calls": 42, "interventions": 28, "jev_total_ms": 12310.58, "jev_mean_ms": 293.11, "tokens": 27628, "random_picks": 0, "random_interventions": 0, "finished_games": 2}
