game 1 ply 1: d4 jev=True changed=True
game 1 ply 3: Nf3 jev=True changed=True
game 1 ply 5: Be3 jev=True changed=False
game 1 ply 7: Bd2 jev=True changed=False
game 1 ply 9: e4 jev=True changed=True
game 1 ply 13: Be3 jev=True changed=True
game 1 ply 15: Bg1 jev=True changed=True
game 1 ply 17: b4 jev=True changed=False
game 1 ply 19: Be3 jev=True changed=False
game 1 ply 20: Bxc3+ jev=False changed=False
game 1 ply 21: Kf1 jev=True changed=True
game 1 ply 23: Kg1 jev=True changed=True
game 1 ply 27: Ne5 jev=True changed=False
game 1 ply 29: f5 jev=True changed=True
game 1 ply 35: Kf1 jev=True changed=True
game 1 ply 37: Nf3 jev=True changed=False
game 1 ply 40: Qxf3+ jev=False changed=False
game 1 ply 41: Kg1 jev=True changed=True
game 1 ply 43: Kf1 jev=True changed=True
game 1 ply 45: Ke2 jev=True changed=False
game 1 ply 47: Kd3 jev=True changed=True
game 1 ply 49: Kc4 jev=True changed=True
game 1 ply 51: Kb3 jev=True changed=False
game 1 ply 53: Ka3 jev=True changed=True
game 1 ply 55: Kb2 jev=True changed=True
game 1 ply 57: Kc2 jev=True changed=True
game 1 ply 59: Kd2 jev=True changed=True
game 1 ply 60: g4 jev=False changed=False
game 1 ply 61: Ke2 jev=True changed=True
game 1 ply 63: h3 jev=True changed=True
game 1 ply 65: Kd2 jev=True changed=False
game 1 ply 67: Ke2 jev=True changed=True
GAME 1: 0-1 checkmate 70 plies
game 2 ply 2: Nc6 jev=True changed=False
game 2 ply 4: Ne4 jev=True changed=True
game 2 ply 6: d5 jev=True changed=False
game 2 ply 10: Bf5 jev=True changed=True
game 2 ply 14: e5 jev=True changed=False
game 2 ply 20: Qf6 jev=True changed=True
game 2 ply 22: Bd6 jev=True changed=False
game 2 ply 26: Qe6 jev=True changed=True
game 2 ply 28: Rc8 jev=True changed=True
game 2 ply 30: Rd8 jev=True changed=True
game 2 ply 32: Qh3 jev=True changed=False
game 2 ply 34: c5 jev=True changed=True
game 2 ply 36: Kf8 jev=True changed=True
game 2 ply 38: Kg8 jev=True changed=True
game 2 ply 40: Rf8 jev=True changed=True
game 2 ply 42: f5 jev=True changed=False
game 2 ply 44: Rb8 jev=True changed=True
game 2 ply 46: Kf8 jev=True changed=False
game 2 ply 48: Ke8 jev=True changed=False
game 2 ply 50: Kf7 jev=True changed=True
game 2 ply 52: Ke6 jev=True changed=True
game 2 ply 56: Ke4 jev=True changed=True
game 2 ply 58: Kf3 jev=True changed=True
game 2 ply 60: Qxg3+ jev=True changed=True
GAME 2: 1-0 checkmate 67 plies
{"points": {"Weak2 + Jev": 0, "Weak4": 2}, "calls": 53, "interventions": 36, "jev_total_ms": 14969.43, "jev_mean_ms": 282.44, "tokens": 35793, "random_picks": 0, "random_interventions": 0, "finished_games": 2}
