game 1 ply 1: Nc3 jev=True changed=False
game 1 ply 5: d4 jev=True changed=True
game 1 ply 7: Nb5 jev=True changed=False
game 1 ply 9: Bf4 jev=True changed=True
game 1 ply 11: Ne5 jev=True changed=True
game 1 ply 13: Na7 jev=True changed=True
game 1 ply 20: Qxc8 jev=False changed=False
game 1 ply 21: Bc3 jev=True changed=False
game 1 ply 27: Nc4 jev=True changed=False
game 1 ply 29: Ne3 jev=True changed=False
game 1 ply 31: Kc1 jev=True changed=False
game 1 ply 39: e3 jev=True changed=True
game 1 ply 40: c5 jev=False changed=False
game 1 ply 41: Be2 jev=True changed=False
game 1 ply 43: Bf3 jev=True changed=False
game 1 ply 47: g3 jev=True changed=True
game 1 ply 49: Kd1 jev=True changed=True
game 1 ply 51: Ke1 jev=True changed=True
GAME 1: 0-1 checkmate 54 plies
game 2 ply 2: d6 jev=True changed=True
game 2 ply 4: Nbd7 jev=True changed=True
game 2 ply 6: e6 jev=True changed=True
game 2 ply 8: Be7 jev=True changed=False
game 2 ply 10: g6 jev=True changed=True
game 2 ply 12: Kf8 jev=True changed=True
game 2 ply 14: Qe8 jev=True changed=True
game 2 ply 16: Qd8 jev=True changed=True
game 2 ply 18: Qe8 jev=True changed=True
game 2 ply 20: Nxe4 jev=False changed=False
game 2 ply 22: Nf6 jev=True changed=False
game 2 ply 28: e4 jev=True changed=True
game 2 ply 32: e3 jev=True changed=False
game 2 ply 34: Bd2 jev=True changed=True
game 2 ply 36: e5 jev=True changed=False
game 2 ply 38: Bxh3 jev=True changed=False
game 2 ply 40: Bxe3 jev=True changed=True
game 2 ply 46: c5 jev=True changed=False
game 2 ply 48: g5 jev=True changed=True
game 2 ply 54: Kf8 jev=True changed=False
game 2 ply 56: Kg7 jev=True changed=False
game 2 ply 58: Rd8 jev=True changed=True
game 2 ply 60: Kf6 jev=True changed=False
game 2 ply 62: Rd2 jev=True changed=True
game 2 ply 64: Rb2 jev=True changed=False
game 2 ply 66: Rc2 jev=True changed=True
game 2 ply 68: Ke5 jev=True changed=False
game 2 ply 70: Rf2+ jev=True changed=True
game 2 ply 72: Qd7 jev=True changed=False
GAME 2: 1-0 checkmate 75 plies
{"points": {"Weak2 + Jev": 0, "Weak4": 2}, "calls": 44, "interventions": 24, "jev_total_ms": 14157.18, "jev_mean_ms": 321.75, "tokens": 30729, "random_picks": 0, "random_interventions": 0, "finished_games": 2}
