game 1 ply 1: d4 jev=True changed=True
game 1 ply 3: b4 jev=True changed=False
game 1 ply 5: Bg5 jev=True changed=True
game 1 ply 7: Bf4 jev=True changed=False
game 1 ply 11: Nf3 jev=True changed=False
game 1 ply 13: Bd2 jev=True changed=True
game 1 ply 20: Kf8 jev=False changed=False
game 1 ply 21: Ne4 jev=True changed=False
game 1 ply 23: f4 jev=True changed=True
game 1 ply 25: Nc3 jev=True changed=False
game 1 ply 27: Nd5 jev=True changed=False
game 1 ply 29: Nb4 jev=True changed=False
game 1 ply 33: Kg1 jev=True changed=True
game 1 ply 37: g3 jev=True changed=True
game 1 ply 39: Rh3 jev=True changed=True
game 1 ply 40: Bd7 jev=False changed=False
game 1 ply 41: Rh1 jev=True changed=False
game 1 ply 43: Bg2 jev=True changed=True
game 1 ply 47: e4 jev=True changed=False
game 1 ply 49: Rh3 jev=True changed=True
game 1 ply 51: g4 jev=True changed=False
game 1 ply 53: Re3 jev=True changed=True
game 1 ply 55: Kf2 jev=True changed=False
game 1 ply 57: Ra3 jev=True changed=True
game 1 ply 59: h5 jev=True changed=False
game 1 ply 60: Nf6 jev=False changed=False
game 1 ply 61: Re3 jev=True changed=True
game 1 ply 63: Kg3 jev=True changed=True
game 1 ply 65: Kf4 jev=True changed=True
game 1 ply 67: Rc3 jev=True changed=True
game 1 ply 69: Kf5 jev=True changed=True
GAME 1: 0-1 checkmate 72 plies
game 2 ply 2: b6 jev=True changed=True
game 2 ply 6: Nc4 jev=True changed=True
game 2 ply 8: Nd6 jev=True changed=False
game 2 ply 12: Ne4 jev=True changed=False
game 2 ply 16: Bb7 jev=True changed=False
game 2 ply 18: c6 jev=True changed=True
game 2 ply 20: Nxg4 jev=False changed=False
game 2 ply 22: d5 jev=True changed=False
game 2 ply 24: f5 jev=True changed=False
game 2 ply 32: f4 jev=True changed=True
game 2 ply 36: e5 jev=True changed=False
game 2 ply 38: h5 jev=True changed=False
game 2 ply 40: Kd7 jev=True changed=False
game 2 ply 42: Rc8 jev=True changed=True
game 2 ply 44: Ke6 jev=True changed=True
GAME 2: 1-0 checkmate 51 plies
{"points": {"Weak2 + Jev": 0, "Weak4": 2}, "calls": 42, "interventions": 22, "jev_total_ms": 12353.14, "jev_mean_ms": 294.12, "tokens": 28214, "random_picks": 0, "random_interventions": 0, "finished_games": 2}
