game 1 ply 1: f4 jev=True changed=True
game 1 ply 3: Nxc6 jev=True changed=False
game 1 ply 5: a4 jev=True changed=False
game 1 ply 7: e3 jev=True changed=True
game 1 ply 9: Be2 jev=True changed=False
game 1 ply 11: Qxe2 jev=True changed=False
game 1 ply 13: b3 jev=True changed=True
game 1 ply 17: c3 jev=True changed=True
game 1 ply 19: fxg5 jev=True changed=False
game 1 ply 20: Qxg5 jev=False changed=False
game 1 ply 21: d3 jev=True changed=True
game 1 ply 23: Bd2 jev=True changed=True
game 1 ply 25: Kf1 jev=True changed=True
game 1 ply 27: Kg1 jev=True changed=True
game 1 ply 29: b4 jev=True changed=True
game 1 ply 31: e4 jev=True changed=True
game 1 ply 35: Bf4 jev=True changed=True
game 1 ply 39: a5 jev=True changed=True
game 1 ply 40: Qxf4+ jev=False changed=False
game 1 ply 45: g3 jev=True changed=True
game 1 ply 51: g4 jev=True changed=True
game 1 ply 53: gxh5 jev=True changed=False
game 1 ply 55: Ke1 jev=True changed=True
game 1 ply 57: Kd1 jev=True changed=True
game 1 ply 59: Kc1 jev=True changed=True
game 1 ply 60: f5 jev=False changed=False
game 1 ply 61: Kb1 jev=True changed=True
game 1 ply 63: h3 jev=True changed=True
game 1 ply 65: Kc1 jev=True changed=True
GAME 1: 0-1 checkmate 68 plies
game 2 ply 2: Nc6 jev=True changed=False
game 2 ply 4: Nd4 jev=True changed=False
game 2 ply 8: Ne4 jev=True changed=True
game 2 ply 12: Nd5 jev=True changed=True
game 2 ply 14: f5 jev=True changed=False
game 2 ply 20: exd3 jev=False changed=False
game 2 ply 28: c1=Q+ jev=True changed=True
game 2 ply 30: d5 jev=True changed=False
game 2 ply 32: Rb8 jev=True changed=True
game 2 ply 34: Bf5 jev=True changed=True
game 2 ply 36: Be4 jev=True changed=True
game 2 ply 40: d4 jev=True changed=False
game 2 ply 42: Be6 jev=True changed=False
game 2 ply 44: Ke8 jev=True changed=True
game 2 ply 46: g5 jev=True changed=True
GAME 2: 1-0 checkmate 53 plies
{"points": {"Weak2 + Jev": 0, "Weak4": 2}, "calls": 40, "interventions": 28, "jev_total_ms": 12676.41, "jev_mean_ms": 316.91, "tokens": 27204, "random_picks": 0, "random_interventions": 0, "finished_games": 2}
