game 1 ply 1: e4 jev=True changed=True
game 1 ply 5: c4 jev=True changed=False
game 1 ply 7: h3 jev=True changed=True
game 1 ply 9: Bd3 jev=True changed=False
game 1 ply 11: g4 jev=True changed=False
game 1 ply 13: Rb1 jev=True changed=True
game 1 ply 15: Kf1 jev=True changed=True
game 1 ply 17: f4 jev=True changed=True
game 1 ply 19: g5 jev=True changed=True
game 1 ply 20: fxg5 jev=False changed=False
game 1 ply 21: b4 jev=True changed=False
game 1 ply 23: Bb2 jev=True changed=False
game 1 ply 27: Be2 jev=True changed=True
game 1 ply 35: Re2+ jev=True changed=True
game 1 ply 37: Nf3 jev=True changed=False
game 1 ply 40: Qxd5 jev=False changed=False
game 1 ply 43: Rxe8+ jev=True changed=False
game 1 ply 45: Ne2 jev=True changed=False
game 1 ply 49: Qe1+ jev=True changed=False
game 1 ply 53: d4 jev=True changed=False
game 1 ply 55: Ke2 jev=True changed=True
game 1 ply 57: d5 jev=True changed=True
game 1 ply 59: Kd3 jev=True changed=True
game 1 ply 60: Nxd5 jev=False changed=False
game 1 ply 61: Nf3 jev=True changed=False
game 1 ply 65: Ne6 jev=True changed=False
game 1 ply 67: Nd4 jev=True changed=False
game 1 ply 71: Nd4 jev=True changed=False
game 1 ply 73: Kc4 jev=True changed=True
game 1 ply 75: Kb5 jev=True changed=True
game 1 ply 77: Nc6 jev=True changed=True
game 1 ply 79: Nd8 jev=True changed=True
game 1 ply 80: b3 jev=False changed=False
game 1 ply 81: Nb7+ jev=True changed=False
GAME 1: 0-1 checkmate 86 plies
game 2 ply 4: e5 jev=True changed=False
game 2 ply 6: Bd6 jev=True changed=False
game 2 ply 8: f5 jev=True changed=True
game 2 ply 10: Bf8 jev=True changed=True
game 2 ply 12: g6 jev=True changed=True
game 2 ply 16: Bg7 jev=True changed=True
game 2 ply 18: b6 jev=True changed=True
game 2 ply 20: Qxg5 jev=False changed=False
game 2 ply 26: Be5 jev=True changed=False
game 2 ply 28: Nf6 jev=True changed=False
game 2 ply 30: Kd8 jev=True changed=False
game 2 ply 32: Bb7 jev=True changed=True
game 2 ply 34: Bc6 jev=True changed=True
game 2 ply 36: a6 jev=True changed=True
game 2 ply 40: d6 jev=True changed=True
game 2 ply 42: g5 jev=True changed=True
game 2 ply 44: Kc7 jev=True changed=True
game 2 ply 46: Rae8+ jev=True changed=False
game 2 ply 50: g4 jev=True changed=True
game 2 ply 52: g3 jev=True changed=True
game 2 ply 54: a5 jev=True changed=True
game 2 ply 56: Kb8 jev=True changed=True
game 2 ply 58: Ka7 jev=True changed=True
game 2 ply 60: Ka8 jev=True changed=True
game 2 ply 64: Ka6 jev=True changed=True
GAME 2: 1-0 checkmate 67 plies
{"points": {"Weak2 + Jev": 0, "Weak4": 2}, "calls": 54, "interventions": 33, "jev_total_ms": 15973.75, "jev_mean_ms": 295.81, "tokens": 35570, "random_picks": 0, "random_interventions": 0, "finished_games": 2}
