game 1 ply 1: Nc3 jev=True changed=False
game 1 ply 5: Nc3 jev=True changed=False
game 1 ply 7: Nxd5 jev=True changed=False
game 1 ply 9: Bd2 jev=True changed=True
game 1 ply 11: Ne5 jev=True changed=True
game 1 ply 13: Nc6 jev=True changed=True
game 1 ply 17: e4 jev=True changed=False
game 1 ply 19: Bxa6 jev=True changed=True
game 1 ply 20: Bxa6 jev=False changed=False
game 1 ply 23: Rc1 jev=True changed=True
game 1 ply 29: Bd4 jev=True changed=False
game 1 ply 33: Qh5+ jev=True changed=False
game 1 ply 35: f4 jev=True changed=True
game 1 ply 37: Qd1 jev=True changed=False
game 1 ply 39: h4 jev=True changed=True
game 1 ply 40: Qe4+ jev=False changed=False
game 1 ply 41: Kf1 jev=True changed=True
game 1 ply 45: Kd2 jev=True changed=False
game 1 ply 47: c4 jev=True changed=True
game 1 ply 49: Kc3 jev=True changed=True
game 1 ply 51: Ra1 jev=True changed=False
game 1 ply 53: Kb4 jev=True changed=True
GAME 1: 0-1 checkmate 58 plies
game 2 ply 4: Ng4 jev=True changed=False
game 2 ply 6: Nd5 jev=True changed=False
game 2 ply 10: f5 jev=True changed=True
game 2 ply 12: Nb4 jev=True changed=False
game 2 ply 14: Nc6 jev=True changed=False
game 2 ply 16: Na5 jev=True changed=False
game 2 ply 20: Nc5 jev=True changed=False
game 2 ply 26: d6 jev=True changed=True
game 2 ply 30: f4 jev=True changed=False
GAME 2: 1-0 checkmate 35 plies
{"points": {"Weak2 + Jev": 0, "Weak4": 2}, "calls": 29, "interventions": 13, "jev_total_ms": 9604.15, "jev_mean_ms": 331.18, "tokens": 20373, "random_picks": 0, "random_interventions": 0, "finished_games": 2}
