game 1 ply 1: a4 jev=True changed=True
game 1 ply 3: d3 jev=True changed=True
game 1 ply 5: Bg5 jev=True changed=True
game 1 ply 7: Bf4 jev=True changed=False
game 1 ply 9: Bg3 jev=True changed=True
game 1 ply 11: Nxh4 jev=True changed=False
game 1 ply 15: Bd2 jev=True changed=False
game 1 ply 17: Nd5 jev=True changed=False
game 1 ply 19: Bxb4 jev=True changed=False
game 1 ply 20: Nxb4 jev=False changed=False
game 1 ply 23: e4 jev=True changed=False
game 1 ply 27: c3 jev=True changed=True
game 1 ply 31: f4 jev=True changed=True
game 1 ply 35: Kf2 jev=True changed=True
game 1 ply 37: Ke3 jev=True changed=True
game 1 ply 39: Kf3 jev=True changed=True
game 1 ply 40: Bg4+ jev=False changed=False
game 1 ply 49: d4 jev=True changed=True
game 1 ply 59: Rc1 jev=True changed=True
game 1 ply 60: b5 jev=False changed=False
game 1 ply 61: Re1 jev=True changed=True
game 1 ply 65: Rd1 jev=True changed=True
game 1 ply 67: Rxd5 jev=True changed=True
GAME 1: 0-1 checkmate 72 plies
game 2 ply 2: d6 jev=True changed=True
game 2 ply 4: Bf5 jev=True changed=True
game 2 ply 8: e6 jev=True changed=True
game 2 ply 10: Be7 jev=True changed=False
game 2 ply 12: Nd4 jev=True changed=False
game 2 ply 14: Ne4 jev=True changed=True
game 2 ply 18: Rc8 jev=True changed=True
game 2 ply 20: f5 jev=True changed=False
game 2 ply 22: Kg8 jev=True changed=True
game 2 ply 24: fxe4 jev=True changed=False
GAME 2: 1-0 checkmate 27 plies
{"points": {"Weak2 + Jev": 0, "Weak4": 2}, "calls": 30, "interventions": 20, "jev_total_ms": 10177.94, "jev_mean_ms": 339.26, "tokens": 21456, "random_picks": 0, "random_interventions": 0, "finished_games": 2}
