game 1 ply 1: Nd5 jev=True changed=False
game 1 ply 3: Nxf6+ jev=True changed=False
game 1 ply 5: c4 jev=True changed=False
game 1 ply 9: d3 jev=True changed=True
game 1 ply 15: e3 jev=True changed=True
game 1 ply 19: Qf3 jev=True changed=True
game 1 ply 20: Ra5 jev=False changed=False
game 1 ply 21: b3 jev=True changed=True
game 1 ply 23: h4 jev=True changed=True
game 1 ply 25: hxg5 jev=True changed=False
game 1 ply 27: g4 jev=True changed=True
game 1 ply 29: Qd5 jev=True changed=True
game 1 ply 31: e4 jev=True changed=True
game 1 ply 35: Kd1 jev=True changed=False
game 1 ply 37: Kc2 jev=True changed=True
game 1 ply 39: Kd1 jev=True changed=True
game 1 ply 40: Qf3+ jev=False changed=False
game 1 ply 41: Kc2 jev=True changed=True
GAME 1: 1/2-1/2 threefold_repetition 43 plies
game 2 ply 2: fxe4 jev=True changed=False
game 2 ply 4: d5 jev=True changed=False
game 2 ply 6: Nf6 jev=True changed=True
game 2 ply 8: Bf5 jev=True changed=True
game 2 ply 14: e5 jev=True changed=False
game 2 ply 16: Qd6 jev=True changed=True
game 2 ply 18: Qxf8 jev=True changed=False
game 2 ply 20: c5 jev=True changed=True
game 2 ply 22: Kf7 jev=True changed=True
game 2 ply 24: Ke6 jev=True changed=False
game 2 ply 26: Kd7 jev=True changed=False
game 2 ply 28: Kc8 jev=True changed=True
game 2 ply 30: Kd8 jev=True changed=True
game 2 ply 32: Ke7 jev=True changed=True
game 2 ply 34: d4 jev=True changed=False
game 2 ply 36: Ke6 jev=True changed=True
game 2 ply 38: Ne8 jev=True changed=False
game 2 ply 40: Ke5 jev=True changed=True
game 2 ply 42: Kf6 jev=True changed=True
game 2 ply 44: Ke7 jev=True changed=False
game 2 ply 46: Kd8 jev=True changed=False
game 2 ply 48: Ke7 jev=True changed=True
game 2 ply 52: Kf7 jev=True changed=True
game 2 ply 54: Qxd6 jev=True changed=False
game 2 ply 56: Ke7 jev=True changed=True
game 2 ply 58: Kd8 jev=True changed=True
game 2 ply 60: Kc7 jev=True changed=True
game 2 ply 62: Kb7 jev=True changed=True
game 2 ply 64: Rb8 jev=True changed=True
game 2 ply 66: Rd8 jev=True changed=True
game 2 ply 68: Ka6 jev=True changed=True
game 2 ply 70: Kb5 jev=True changed=True
game 2 ply 72: Ka4 jev=True changed=True
game 2 ply 74: Kb3 jev=True changed=False
game 2 ply 76: Kc4 jev=True changed=True
game 2 ply 78: Kd3 jev=True changed=True
game 2 ply 80: Ra8 jev=False changed=False
GAME 2: 1-0 checkmate 81 plies
{"points": {"Weak2 + Jev": 0.5, "Weak4": 1.5}, "calls": 52, "interventions": 35, "jev_total_ms": 15403.5, "jev_mean_ms": 296.22, "tokens": 34835, "random_picks": 0, "random_interventions": 0, "finished_games": 2}
