game 1 ply 1: Nc3 jev=True changed=False
game 1 ply 3: Nd5 jev=True changed=True
game 1 ply 5: Nxe7 jev=True changed=True
game 1 ply 7: Nf3 jev=True changed=True
game 1 ply 9: Bd3 jev=True changed=False
game 1 ply 11: b4 jev=True changed=False
game 1 ply 13: a5 jev=True changed=True
game 1 ply 17: Bb2 jev=True changed=False
game 1 ply 20: Nxe5 jev=False changed=False
game 1 ply 21: g3 jev=True changed=True
game 1 ply 23: Qb3 jev=True changed=True
game 1 ply 25: Bb1 jev=True changed=True
game 1 ply 29: d4 jev=True changed=True
game 1 ply 31: f4 jev=True changed=True
game 1 ply 33: Kd1 jev=True changed=False
game 1 ply 35: Bd3 jev=True changed=False
game 1 ply 37: e5 jev=True changed=True
game 1 ply 39: Ke2 jev=True changed=True
game 1 ply 40: dxe5 jev=False changed=False
game 1 ply 41: fxe5 jev=True changed=False
game 1 ply 43: Bf5 jev=True changed=True
GAME 1: 0-1 checkmate 46 plies
game 2 ply 2: Nf6 jev=True changed=True
game 2 ply 6: Nc6 jev=True changed=False
game 2 ply 12: Nd6 jev=True changed=True
game 2 ply 16: Nd4 jev=True changed=False
game 2 ply 18: Qe5 jev=True changed=True
game 2 ply 20: Kd8 jev=True changed=False
game 2 ply 22: Ke7 jev=True changed=True
game 2 ply 26: Ke6 jev=True changed=True
game 2 ply 28: d5 jev=True changed=True
game 2 ply 30: Qc7 jev=True changed=True
game 2 ply 32: Ke5 jev=True changed=False
game 2 ply 34: Kf6 jev=True changed=True
game 2 ply 36: c4 jev=True changed=True
game 2 ply 38: Nf5 jev=True changed=False
game 2 ply 40: Kg7 jev=False changed=False
game 2 ply 42: Kf6 jev=True changed=False
game 2 ply 44: Ke6 jev=True changed=False
game 2 ply 46: Kd7 jev=True changed=False
GAME 2: 1-0 checkmate 51 plies
{"points": {"Weak2 + Jev": 0, "Weak4": 2}, "calls": 36, "interventions": 21, "jev_total_ms": 10363.85, "jev_mean_ms": 287.88, "tokens": 25071, "random_picks": 0, "random_interventions": 0, "finished_games": 2}
