game 1 ply 1: Nd5 jev=True changed=False
game 1 ply 3: Nxf6+ jev=True changed=False
game 1 ply 5: e4 jev=True changed=True
game 1 ply 9: c4 jev=True changed=True
game 1 ply 11: Bd3 jev=True changed=False
game 1 ply 13: b4 jev=True changed=True
game 1 ply 15: g3 jev=True changed=True
game 1 ply 17: f3 jev=True changed=True
game 1 ply 20: f5 jev=False changed=False
game 1 ply 25: Bd5 jev=True changed=True
game 1 ply 29: Bxe4 jev=True changed=False
game 1 ply 33: Kf2 jev=True changed=True
game 1 ply 35: b6 jev=True changed=True
game 1 ply 37: Ke3 jev=True changed=True
game 1 ply 39: d4 jev=True changed=False
game 1 ply 40: Bf4+ jev=False changed=False
game 1 ply 41: Kd3 jev=True changed=False
game 1 ply 43: Kc3 jev=True changed=True
game 1 ply 45: d5 jev=True changed=True
game 1 ply 49: Kb4 jev=True changed=True
game 1 ply 51: Kb5 jev=True changed=True
game 1 ply 53: Ka6 jev=True changed=True
GAME 1: 0-1 checkmate 58 plies
game 2 ply 4: Nf6 jev=True changed=True
game 2 ply 6: Ne4 jev=True changed=True
game 2 ply 8: Nf6 jev=True changed=True
game 2 ply 10: Bd6 jev=True changed=False
game 2 ply 12: e5 jev=True changed=True
game 2 ply 14: Bf8 jev=True changed=True
game 2 ply 18: Ng4 jev=True changed=False
game 2 ply 20: Bxg7 jev=True changed=False
game 2 ply 24: f5 jev=True changed=False
game 2 ply 26: d6 jev=True changed=True
game 2 ply 28: Be6 jev=True changed=False
game 2 ply 30: Rb8 jev=True changed=True
game 2 ply 38: d5 jev=True changed=False
game 2 ply 40: Rb3 jev=True changed=True
game 2 ply 46: Nd6 jev=True changed=False
game 2 ply 48: Rb4 jev=True changed=True
game 2 ply 50: Kd8 jev=True changed=False
game 2 ply 52: Qe6 jev=True changed=False
game 2 ply 56: Kc8 jev=True changed=False
game 2 ply 60: Rxg3 jev=False changed=False
game 2 ply 62: Kd8 jev=True changed=True
game 2 ply 66: Rc2+ jev=True changed=True
game 2 ply 72: Rc2+ jev=True changed=False
GAME 2: 1-0 checkmate 75 plies
{"points": {"Weak2 + Jev": 0, "Weak4": 2}, "calls": 42, "interventions": 25, "jev_total_ms": 13741.8, "jev_mean_ms": 327.19, "tokens": 28821, "random_picks": 0, "random_interventions": 0, "finished_games": 2}
