game 1 ply 1: Ne5 jev=True changed=True
game 1 ply 5: Bb2 jev=True changed=True
game 1 ply 7: d4 jev=True changed=True
game 1 ply 11: Na4 jev=True changed=False
game 1 ply 19: Bd4 jev=True changed=True
game 1 ply 20: c5 jev=False changed=False
game 1 ply 21: Bf6 jev=True changed=True
game 1 ply 23: g3 jev=True changed=True
game 1 ply 25: e4 jev=True changed=True
game 1 ply 27: f3 jev=True changed=True
game 1 ply 29: Be2 jev=True changed=False
game 1 ply 31: Kc1 jev=True changed=True
game 1 ply 33: Rb1 jev=True changed=True
game 1 ply 35: Be5 jev=True changed=False
game 1 ply 40: Rxa2 jev=False changed=False
game 1 ply 43: Bf4 jev=True changed=True
game 1 ply 45: Be5 jev=True changed=False
game 1 ply 47: Bd4 jev=True changed=True
game 1 ply 49: Be5 jev=True changed=True
game 1 ply 51: Bd4 jev=True changed=True
game 1 ply 53: Be5 jev=True changed=True
game 1 ply 57: Ke2 jev=True changed=True
game 1 ply 60: Ra5 jev=False changed=False
GAME 1: 0-1 checkmate 62 plies
game 2 ply 2: Bg7 jev=True changed=False
game 2 ply 4: b5 jev=True changed=True
game 2 ply 6: d5 jev=True changed=True
game 2 ply 8: Bf5 jev=True changed=True
game 2 ply 10: c5 jev=True changed=True
game 2 ply 12: a5 jev=True changed=False
game 2 ply 20: e6 jev=True changed=True
game 2 ply 26: Bf6 jev=True changed=True
game 2 ply 28: Be5 jev=True changed=True
game 2 ply 32: Nc6 jev=True changed=False
game 2 ply 34: Ke7 jev=True changed=False
game 2 ply 40: Bxc3+ jev=False changed=False
game 2 ply 42: Rd8+ jev=True changed=True
game 2 ply 46: Kf6 jev=True changed=True
game 2 ply 50: Bf4+ jev=True changed=True
game 2 ply 56: Bxe5 jev=True changed=True
GAME 2: 0-1 checkmate 58 plies
{"points": {"Weak2 + Jev": 1, "Weak4": 1}, "calls": 35, "interventions": 27, "jev_total_ms": 10894.52, "jev_mean_ms": 311.27, "tokens": 23690, "random_picks": 0, "random_interventions": 0, "finished_games": 2}
