game 1 ply 3: Nc3 jev=True changed=False
game 1 ply 5: Ne4 jev=True changed=True
game 1 ply 7: Bd3 jev=True changed=False
game 1 ply 9: Nc3 jev=True changed=True
game 1 ply 11: Ne4 jev=True changed=False
game 1 ply 13: Nd6+ jev=True changed=False
game 1 ply 17: f4 jev=True changed=True
game 1 ply 20: Nf6 jev=False changed=False
game 1 ply 21: b4 jev=True changed=False
game 1 ply 25: Bd3 jev=True changed=False
game 1 ply 27: Bb2 jev=True changed=False
game 1 ply 29: Kf2 jev=True changed=True
game 1 ply 31: Ke3 jev=True changed=True
game 1 ply 33: Rb1 jev=True changed=True
game 1 ply 35: Ke4 jev=True changed=False
game 1 ply 39: Kf4 jev=True changed=True
game 1 ply 40: Qxb1 jev=False changed=False
game 1 ply 43: c5 jev=True changed=True
game 1 ply 45: Ke5 jev=True changed=True
GAME 1: 0-1 checkmate 48 plies
game 2 ply 2: Ne4 jev=True changed=False
game 2 ply 4: Nxc3 jev=True changed=False
game 2 ply 6: Ne6 jev=True changed=True
game 2 ply 8: c5 jev=True changed=True
game 2 ply 10: a5 jev=True changed=False
game 2 ply 12: h6 jev=True changed=True
game 2 ply 14: Nf4 jev=True changed=False
game 2 ply 18: d5 jev=True changed=True
game 2 ply 20: Rxc8 jev=True changed=False
game 2 ply 24: e6 jev=True changed=True
game 2 ply 26: Be7 jev=True changed=False
game 2 ply 28: g5 jev=True changed=False
game 2 ply 30: Ra8 jev=True changed=True
game 2 ply 32: b6 jev=True changed=False
game 2 ply 34: Rb8 jev=True changed=True
game 2 ply 36: Rc8 jev=True changed=True
game 2 ply 38: Ra8 jev=True changed=False
game 2 ply 40: Rb8 jev=True changed=True
game 2 ply 42: Rc8 jev=True changed=True
game 2 ply 44: Rc6 jev=True changed=True
game 2 ply 46: Rc8 jev=True changed=True
game 2 ply 48: Rc6 jev=True changed=True
GAME 2: 1/2-1/2 threefold_repetition 50 plies
{"points": {"Weak2 + Jev": 0.5, "Weak4": 1.5}, "calls": 39, "interventions": 22, "jev_total_ms": 10700.04, "jev_mean_ms": 274.36, "tokens": 28331, "random_picks": 0, "random_interventions": 0, "finished_games": 2}
