game 1 ply 1: d4 jev=True changed=True
game 1 ply 3: Nf3 jev=True changed=True
game 1 ply 5: Nd5 jev=True changed=True
game 1 ply 7: Nxf6+ jev=True changed=False
game 1 ply 13: Bd2 jev=True changed=False
game 1 ply 20: bxa6 jev=False changed=False
game 1 ply 21: Ne4 jev=True changed=False
game 1 ply 23: Nc3 jev=True changed=False
game 1 ply 25: f4 jev=True changed=False
game 1 ply 27: e3 jev=True changed=True
game 1 ply 29: Bc4 jev=True changed=False
game 1 ply 31: Ne2 jev=True changed=False
game 1 ply 40: Bc6 jev=False changed=False
game 1 ply 43: Nc3 jev=True changed=False
game 1 ply 45: Kd1 jev=True changed=True
game 1 ply 47: Ke1 jev=True changed=True
game 1 ply 49: Kd1 jev=True changed=True
game 1 ply 51: Ne2 jev=True changed=False
game 1 ply 53: Nd4 jev=True changed=False
game 1 ply 55: Ke1 jev=True changed=True
game 1 ply 57: Kf1 jev=True changed=True
game 1 ply 59: Ke1 jev=True changed=True
game 1 ply 60: c5 jev=False changed=False
game 1 ply 61: Kf1 jev=True changed=True
game 1 ply 63: Ke1 jev=True changed=True
game 1 ply 65: Kd1 jev=True changed=True
game 1 ply 67: Ke2 jev=True changed=True
game 1 ply 69: Kd2 jev=True changed=True
game 1 ply 71: Kc3 jev=True changed=True
GAME 1: 0-1 checkmate 74 plies
game 2 ply 2: Nc4 jev=True changed=False
game 2 ply 4: Nd6 jev=True changed=False
game 2 ply 6: c6 jev=True changed=True
game 2 ply 8: b5 jev=True changed=True
game 2 ply 10: bxa4 jev=True changed=True
game 2 ply 18: Be7 jev=True changed=True
game 2 ply 20: cxb5 jev=False changed=False
game 2 ply 22: d5 jev=True changed=False
game 2 ply 24: Kd8 jev=True changed=False
game 2 ply 26: Bc5 jev=True changed=True
game 2 ply 28: d6 jev=True changed=True
game 2 ply 30: Ke8 jev=True changed=True
game 2 ply 32: Bf5 jev=True changed=True
game 2 ply 34: d4 jev=True changed=True
game 2 ply 38: h5 jev=True changed=True
game 2 ply 40: h4 jev=False changed=False
game 2 ply 42: Kd7 jev=True changed=True
game 2 ply 44: g5 jev=True changed=True
game 2 ply 46: Kc8 jev=True changed=False
game 2 ply 52: Ne8 jev=True changed=True
game 2 ply 54: Nf6 jev=True changed=False
game 2 ply 56: Ke8 jev=True changed=True
game 2 ply 58: Kf7 jev=True changed=True
game 2 ply 60: Ke6 jev=True changed=False
game 2 ply 62: Kf7 jev=True changed=True
game 2 ply 64: Nxd5 jev=True changed=False
game 2 ply 66: Kf6 jev=True changed=True
game 2 ply 68: Ke5 jev=True changed=False
game 2 ply 72: Kc5 jev=True changed=False
game 2 ply 74: Kd6 jev=True changed=True
game 2 ply 76: Kc5 jev=True changed=False
game 2 ply 78: Kd6 jev=True changed=True
game 2 ply 80: Kc5 jev=True changed=False
game 2 ply 82: Kd6 jev=True changed=True
game 2 ply 84: Kc5 jev=True changed=False
game 2 ply 86: Kd6 jev=True changed=True
GAME 2: 1-0 checkmate 89 plies
{"points": {"Weak2 + Jev": 0, "Weak4": 2}, "calls": 60, "interventions": 37, "jev_total_ms": 16416.85, "jev_mean_ms": 273.61, "tokens": 38536, "random_picks": 0, "random_interventions": 0, "finished_games": 2}
