game 1 ply 1: f4 jev=True changed=True
game 1 ply 3: Nxc6 jev=True changed=False
game 1 ply 5: h4 jev=True changed=True
game 1 ply 7: a4 jev=True changed=False
game 1 ply 9: d4 jev=True changed=True
game 1 ply 13: Bd2 jev=True changed=False
game 1 ply 15: e3 jev=True changed=True
game 1 ply 19: Ne2 jev=True changed=True
game 1 ply 20: Ne4 jev=False changed=False
game 1 ply 25: Rd6 jev=True changed=True
GAME 1: 0-1 checkmate 28 plies
game 2 ply 2: Nc6 jev=True changed=False
game 2 ply 4: Nd4 jev=True changed=False
game 2 ply 8: Nd5 jev=True changed=True
game 2 ply 12: Nb4 jev=True changed=False
game 2 ply 16: e6 jev=True changed=True
game 2 ply 20: Bd6 jev=True changed=False
game 2 ply 22: Be5 jev=True changed=False
game 2 ply 28: d5 jev=True changed=False
game 2 ply 30: f5 jev=True changed=False
game 2 ply 32: e5 jev=True changed=True
game 2 ply 34: f4 jev=True changed=True
game 2 ply 40: Kf7 jev=True changed=True
game 2 ply 42: Ke7 jev=True changed=False
game 2 ply 44: Kf6 jev=True changed=True
game 2 ply 46: Ke5 jev=True changed=False
game 2 ply 48: Kd6 jev=True changed=False
game 2 ply 50: Kc5 jev=True changed=False
game 2 ply 52: Qxe4 jev=True changed=True
game 2 ply 54: Qb1+ jev=True changed=True
game 2 ply 56: Qb4+ jev=True changed=True
game 2 ply 58: Qe1+ jev=True changed=False
game 2 ply 60: d4+ jev=False changed=False
GAME 2: 1-0 checkmate 67 plies
{"points": {"Weak2 + Jev": 0, "Weak4": 2}, "calls": 30, "interventions": 15, "jev_total_ms": 9019.68, "jev_mean_ms": 300.66, "tokens": 20355, "random_picks": 0, "random_interventions": 0, "finished_games": 2}
