game 1 ply 1: Nf3 jev=True changed=False
game 1 ply 3: h4 jev=True changed=False
game 1 ply 5: Nd5 jev=True changed=False
game 1 ply 9: Ne4 jev=True changed=False
game 1 ply 11: c4 jev=True changed=False
game 1 ply 13: d4 jev=True changed=True
game 1 ply 17: dxc5 jev=True changed=False
game 1 ply 20: Qxb4+ jev=False changed=False
game 1 ply 25: Bc7 jev=True changed=True
game 1 ply 29: Kd1 jev=True changed=True
game 1 ply 33: Bf4 jev=True changed=True
game 1 ply 35: Kb1 jev=True changed=False
game 1 ply 37: g4 jev=True changed=False
game 1 ply 39: Kc1 jev=True changed=True
game 1 ply 40: Qxh1 jev=False changed=False
game 1 ply 43: Kd2 jev=True changed=True
game 1 ply 47: e4 jev=True changed=False
game 1 ply 49: Kc3 jev=True changed=True
game 1 ply 51: Kd2 jev=True changed=True
game 1 ply 53: Kc3 jev=True changed=True
game 1 ply 55: Kd2 jev=True changed=True
game 1 ply 57: Kc3 jev=True changed=True
game 1 ply 59: Kd2 jev=True changed=False
game 1 ply 60: a2 jev=False changed=False
game 1 ply 61: c6 jev=True changed=False
GAME 1: 0-1 checkmate 64 plies
game 2 ply 2: Nc6 jev=True changed=False
game 2 ply 6: Ng4 jev=True changed=False
game 2 ply 10: d5 jev=True changed=True
game 2 ply 12: Nxd3+ jev=True changed=False
game 2 ply 14: Bf5 jev=True changed=True
game 2 ply 16: e5 jev=True changed=False
game 2 ply 18: Bb4 jev=True changed=True
game 2 ply 20: b5 jev=True changed=False
game 2 ply 22: Bd7 jev=True changed=True
game 2 ply 24: Be6 jev=True changed=True
game 2 ply 26: Kf8 jev=True changed=True
game 2 ply 28: d4 jev=True changed=True
game 2 ply 30: Bb3 jev=True changed=False
game 2 ply 34: Kg8 jev=True changed=True
game 2 ply 36: f5 jev=True changed=False
game 2 ply 38: f4 jev=True changed=False
game 2 ply 40: g5 jev=True changed=False
game 2 ply 42: Kf7 jev=True changed=False
game 2 ply 44: f3 jev=True changed=False
game 2 ply 46: Qb6 jev=True changed=True
game 2 ply 48: Qxc5 jev=True changed=False
game 2 ply 50: Rad8 jev=True changed=True
game 2 ply 52: Ra8 jev=True changed=False
game 2 ply 54: Rhd8 jev=True changed=True
game 2 ply 56: Rac8 jev=True changed=False
game 2 ply 58: Ra8 jev=True changed=False
game 2 ply 60: Rac8 jev=True changed=False
game 2 ply 62: Ke7 jev=True changed=False
game 2 ply 64: Re8 jev=True changed=True
game 2 ply 66: Rcd8 jev=True changed=False
game 2 ply 70: Kc8 jev=True changed=True
game 2 ply 72: Rxd8 jev=True changed=True
game 2 ply 74: Re8 jev=True changed=True
game 2 ply 76: Rd8 jev=True changed=True
game 2 ply 78: Re8 jev=True changed=True
game 2 ply 80: Kc7 jev=False changed=False
game 2 ply 82: Kd6 jev=True changed=True
GAME 2: 1-0 checkmate 87 plies
{"points": {"Weak2 + Jev": 0, "Weak4": 2}, "calls": 58, "interventions": 29, "jev_total_ms": 16619.96, "jev_mean_ms": 286.55, "tokens": 39147, "random_picks": 0, "random_interventions": 0, "finished_games": 2}
