game 1 ply 1: e4 jev=True changed=True
game 1 ply 5: Bc4 jev=True changed=False
game 1 ply 7: Bd5 jev=True changed=True
game 1 ply 9: Bc4 jev=True changed=False
game 1 ply 11: a4 jev=True changed=False
game 1 ply 13: Be2 jev=True changed=False
game 1 ply 17: d4 jev=True changed=True
game 1 ply 20: c5 jev=False changed=False
game 1 ply 25: Kg1 jev=True changed=True
game 1 ply 29: Bf4 jev=True changed=False
game 1 ply 31: f3 jev=True changed=True
game 1 ply 33: Bd6 jev=True changed=True
game 1 ply 35: f4 jev=True changed=True
game 1 ply 37: f5 jev=True changed=True
game 1 ply 39: g4 jev=True changed=False
game 1 ply 40: Ne1 jev=False changed=False
game 1 ply 41: Bf4 jev=True changed=True
game 1 ply 43: Bc7 jev=True changed=True
game 1 ply 45: Bd6 jev=True changed=False
game 1 ply 47: Bc7 jev=True changed=True
game 1 ply 51: g5 jev=True changed=False
game 1 ply 55: Kf1 jev=True changed=True
game 1 ply 57: Kg1 jev=True changed=True
game 1 ply 59: h3 jev=True changed=False
game 1 ply 60: a4 jev=False changed=False
game 1 ply 61: Kh2 jev=True changed=True
game 1 ply 65: Rc1 jev=True changed=True
game 1 ply 67: Ra1 jev=True changed=False
game 1 ply 69: Kg1 jev=True changed=False
game 1 ply 71: Rc1 jev=True changed=True
game 1 ply 73: Ra1 jev=True changed=False
game 1 ply 75: Rc1 jev=True changed=True
game 1 ply 80: b2 jev=False changed=False
GAME 1: 0-1 checkmate 84 plies
game 2 ply 2: e6 jev=True changed=True
game 2 ply 4: Nf6 jev=True changed=True
game 2 ply 6: Nd5 jev=True changed=True
game 2 ply 10: Bd6 jev=True changed=True
game 2 ply 12: Bb4 jev=True changed=True
game 2 ply 14: Nf4 jev=True changed=False
game 2 ply 18: Be7 jev=True changed=True
game 2 ply 20: Bf6 jev=True changed=True
game 2 ply 22: c5 jev=True changed=False
game 2 ply 24: Kf8 jev=True changed=True
game 2 ply 26: Nxf4 jev=True changed=False
game 2 ply 30: Bf6 jev=True changed=False
game 2 ply 34: f5 jev=True changed=True
game 2 ply 36: b5 jev=True changed=False
game 2 ply 38: c4 jev=True changed=True
game 2 ply 40: f4 jev=True changed=True
game 2 ply 44: Bb7 jev=True changed=True
GAME 2: 1-0 checkmate 55 plies
{"points": {"Weak2 + Jev": 0, "Weak4": 2}, "calls": 46, "interventions": 29, "jev_total_ms": 14022.3, "jev_mean_ms": 304.83, "tokens": 31339, "random_picks": 0, "random_interventions": 0, "finished_games": 2}
