game 1 ply 1: d3 jev=True changed=True
game 1 ply 3: Bf4 jev=True changed=True
game 1 ply 5: Bg3 jev=True changed=True
game 1 ply 7: Bxf4 jev=True changed=False
game 1 ply 9: h4 jev=True changed=False
game 1 ply 11: b3 jev=True changed=False
game 1 ply 13: Nh2 jev=True changed=True
game 1 ply 15: Nf3 jev=True changed=False
game 1 ply 19: f3 jev=True changed=True
game 1 ply 20: Nd5 jev=False changed=False
game 1 ply 21: Nxd5 jev=True changed=False
game 1 ply 23: c3 jev=True changed=True
game 1 ply 25: h5 jev=True changed=False
game 1 ply 27: Rc1 jev=True changed=True
game 1 ply 29: Ra1 jev=True changed=False
game 1 ply 31: Rb1 jev=True changed=True
game 1 ply 35: e3 jev=True changed=True
game 1 ply 37: Kg1 jev=True changed=True
game 1 ply 40: Qh4# jev=False changed=False
GAME 1: 0-1 checkmate 40 plies
game 2 ply 2: a5 jev=True changed=False
game 2 ply 4: d6 jev=True changed=True
game 2 ply 6: Be6 jev=True changed=False
game 2 ply 8: Ng4 jev=True changed=True
game 2 ply 10: b6 jev=True changed=False
game 2 ply 12: Ra6 jev=True changed=True
game 2 ply 14: Nxf2 jev=True changed=False
game 2 ply 16: d5 jev=True changed=True
game 2 ply 18: d4 jev=True changed=True
game 2 ply 20: Nxd4 jev=False changed=False
game 2 ply 22: Nxc2 jev=True changed=True
game 2 ply 24: c5 jev=True changed=False
game 2 ply 30: Kf6 jev=True changed=True
game 2 ply 36: c4 jev=True changed=True
game 2 ply 38: e5 jev=True changed=False
game 2 ply 40: Ke6 jev=True changed=False
game 2 ply 42: Kf7 jev=True changed=True
GAME 2: 1-0 checkmate 49 plies
{"points": {"Weak2 + Jev": 0, "Weak4": 2}, "calls": 33, "interventions": 19, "jev_total_ms": 10581.77, "jev_mean_ms": 320.66, "tokens": 24522, "random_picks": 0, "random_interventions": 0, "finished_games": 2}
