game 1 ply 1: Nc3 jev=True changed=False
game 1 ply 3: d5 jev=True changed=False
game 1 ply 7: Bf4 jev=True changed=True
game 1 ply 9: Be3 jev=True changed=False
game 1 ply 11: Ne4 jev=True changed=False
game 1 ply 13: Ng3 jev=True changed=True
game 1 ply 15: Ne4 jev=True changed=False
game 1 ply 17: Nc3 jev=True changed=False
game 1 ply 19: Bd4 jev=True changed=False
game 1 ply 20: c5 jev=False changed=False
game 1 ply 23: e3 jev=True changed=True
game 1 ply 29: Bc4 jev=True changed=False
game 1 ply 31: f3 jev=True changed=True
game 1 ply 35: g4 jev=True changed=False
game 1 ply 40: Be4 jev=False changed=False
game 1 ply 41: O-O+ jev=True changed=False
game 1 ply 43: g5 jev=True changed=True
game 1 ply 45: c4 jev=True changed=True
game 1 ply 51: c5 jev=True changed=False
game 1 ply 53: Rd1 jev=True changed=True
game 1 ply 55: Rd8 jev=True changed=True
game 1 ply 57: Rd1 jev=True changed=False
game 1 ply 59: Rd8 jev=True changed=True
game 1 ply 60: Rxa4 jev=False changed=False
game 1 ply 61: Re8+ jev=True changed=False
game 1 ply 63: Rd8+ jev=True changed=False
game 1 ply 65: Rc8 jev=True changed=True
game 1 ply 67: Rd8 jev=True changed=True
game 1 ply 69: Rd1 jev=True changed=True
game 1 ply 71: Kd2 jev=True changed=False
game 1 ply 73: Rc1 jev=True changed=True
game 1 ply 75: Rcd1 jev=True changed=False
game 1 ply 77: Ke2+ jev=True changed=True
game 1 ply 79: Rxd3+ jev=True changed=False
game 1 ply 80: Bxd3+ jev=False changed=False
game 1 ply 81: Kd2 jev=True changed=True
game 1 ply 83: Kc2 jev=True changed=True
game 1 ply 85: Kb2 jev=True changed=True
game 1 ply 87: Kc1 jev=True changed=True
GAME 1: 0-1 checkmate 90 plies
game 2 ply 4: Ne4 jev=True changed=False
game 2 ply 6: b6 jev=True changed=True
game 2 ply 8: c6 jev=True changed=True
game 2 ply 10: Bb7 jev=True changed=False
game 2 ply 12: e6 jev=True changed=True
game 2 ply 14: Be7 jev=True changed=False
game 2 ply 16: g5 jev=True changed=False
game 2 ply 20: Be7 jev=True changed=False
game 2 ply 22: c5 jev=True changed=True
game 2 ply 24: Bc6 jev=True changed=False
game 2 ply 26: f5 jev=True changed=True
game 2 ply 32: d6 jev=True changed=False
game 2 ply 34: Ke8 jev=True changed=False
game 2 ply 36: c4 jev=True changed=True
game 2 ply 38: d5 jev=True changed=True
game 2 ply 40: f4 jev=True changed=True
game 2 ply 50: Kf7 jev=True changed=True
GAME 2: 1-0 checkmate 55 plies
{"points": {"Weak2 + Jev": 0, "Weak4": 2}, "calls": 52, "interventions": 27, "jev_total_ms": 15578.88, "jev_mean_ms": 299.59, "tokens": 35065, "random_picks": 0, "random_interventions": 0, "finished_games": 2}
