game 1 ply 1: c4 jev=True changed=True
game 1 ply 3: Nxf6+ jev=True changed=False
game 1 ply 5: b3 jev=True changed=True
game 1 ply 9: d3 jev=True changed=True
game 1 ply 15: e3 jev=True changed=False
game 1 ply 19: Qf3 jev=True changed=True
game 1 ply 20: Ra3 jev=False changed=False
game 1 ply 21: Be2 jev=True changed=False
game 1 ply 23: h4 jev=True changed=True
game 1 ply 25: hxg5 jev=True changed=False
game 1 ply 27: Rc1 jev=True changed=True
game 1 ply 29: Bf1 jev=True changed=True
game 1 ply 31: g3 jev=True changed=True
game 1 ply 35: e4 jev=True changed=True
game 1 ply 37: Be2 jev=True changed=False
game 1 ply 39: Rd1 jev=True changed=True
game 1 ply 40: Be6 jev=False changed=False
game 1 ply 41: f4 jev=True changed=True
game 1 ply 45: Rc1 jev=True changed=True
game 1 ply 47: Rd1 jev=True changed=True
game 1 ply 49: Rb1 jev=True changed=False
game 1 ply 51: Bf3 jev=True changed=False
game 1 ply 53: Be2 jev=True changed=False
game 1 ply 55: e5 jev=True changed=False
game 1 ply 59: Rc1 jev=True changed=True
game 1 ply 60: Rxe5 jev=False changed=False
game 1 ply 61: Rd1 jev=True changed=True
game 1 ply 63: Rb1 jev=True changed=True
game 1 ply 69: Kc1 jev=True changed=False
game 1 ply 73: Ka1 jev=True changed=False
game 1 ply 75: Re1+ jev=True changed=True
game 1 ply 80: Bxc4 jev=False changed=False
game 1 ply 81: Rg7+ jev=True changed=False
game 1 ply 83: Rg6+ jev=True changed=False
game 1 ply 85: Rg7+ jev=True changed=False
game 1 ply 87: Rc7 jev=True changed=True
game 1 ply 89: Rc6 jev=True changed=True
game 1 ply 91: Rc7 jev=True changed=True
game 1 ply 95: Kb2 jev=True changed=True
GAME 1: 0-1 checkmate 98 plies
game 2 ply 2: e6 jev=True changed=True
game 2 ply 4: Nf6 jev=True changed=True
game 2 ply 6: Nd5 jev=True changed=True
game 2 ply 12: Nf4 jev=True changed=True
game 2 ply 14: Nxd3+ jev=True changed=False
game 2 ply 16: c5 jev=True changed=False
game 2 ply 18: g6 jev=True changed=False
game 2 ply 20: Bd7 jev=True changed=False
game 2 ply 22: Bc6 jev=True changed=False
game 2 ply 26: Be7 jev=True changed=False
game 2 ply 28: d5 jev=True changed=True
game 2 ply 30: Kf7 jev=True changed=False
game 2 ply 32: exd5 jev=True changed=False
game 2 ply 34: Rb8 jev=True changed=True
game 2 ply 36: d4 jev=True changed=True
game 2 ply 38: Ke8 jev=True changed=False
game 2 ply 40: f4 jev=True changed=True
game 2 ply 44: Bf2 jev=True changed=True
game 2 ply 46: Kf7 jev=True changed=True
game 2 ply 48: g5 jev=True changed=True
game 2 ply 50: Ke7 jev=True changed=False
game 2 ply 52: Kd6 jev=True changed=False
game 2 ply 54: Kd5 jev=True changed=True
game 2 ply 56: Rb3 jev=True changed=True
game 2 ply 58: Kc6 jev=True changed=True
game 2 ply 60: Qh4 jev=True changed=False
game 2 ply 62: Kd6 jev=True changed=True
game 2 ply 66: Kd5 jev=True changed=True
game 2 ply 68: Ke6 jev=True changed=True
game 2 ply 70: Kd5 jev=True changed=False
game 2 ply 72: Ke6 jev=True changed=True
GAME 2: 1/2-1/2 threefold_repetition 74 plies
{"points": {"Weak2 + Jev": 0.5, "Weak4": 1.5}, "calls": 66, "interventions": 39, "jev_total_ms": 19012.92, "jev_mean_ms": 288.07, "tokens": 43967, "random_picks": 0, "random_interventions": 0, "finished_games": 2}
