game 1 ply 1: g4 jev=True changed=False
game 1 ply 5: a5 jev=True changed=True
game 1 ply 9: Bg2 jev=True changed=False
game 1 ply 11: Nc3 jev=True changed=False
game 1 ply 13: Nd5 jev=True changed=False
game 1 ply 15: Nf4 jev=True changed=True
game 1 ply 19: e3 jev=True changed=True
game 1 ply 20: Nd3+ jev=False changed=False
game 1 ply 21: Kf1 jev=True changed=True
game 1 ply 23: c5 jev=True changed=True
game 1 ply 25: e4 jev=True changed=True
game 1 ply 27: e5 jev=True changed=True
game 1 ply 33: f3 jev=True changed=False
game 1 ply 35: Qb3 jev=True changed=True
game 1 ply 40: Qe1# jev=False changed=False
GAME 1: 0-1 checkmate 40 plies
game 2 ply 2: Nxc3 jev=True changed=False
game 2 ply 4: f5 jev=True changed=True
game 2 ply 6: g5 jev=True changed=True
game 2 ply 8: Bg7 jev=True changed=True
game 2 ply 10: a5 jev=True changed=False
game 2 ply 12: Bf6 jev=True changed=False
game 2 ply 14: e6 jev=True changed=True
game 2 ply 16: Ra6 jev=True changed=True
game 2 ply 18: h5 jev=True changed=False
game 2 ply 20: Ne5 jev=True changed=False
game 2 ply 24: O-O jev=True changed=True
game 2 ply 26: Qe7 jev=True changed=True
game 2 ply 28: Qxc5 jev=True changed=False
game 2 ply 30: Kf7 jev=True changed=False
game 2 ply 34: Bc4 jev=True changed=False
GAME 2: 1-0 checkmate 37 plies
{"points": {"Weak2 + Jev": 0, "Weak4": 2}, "calls": 28, "interventions": 15, "jev_total_ms": 9285.36, "jev_mean_ms": 331.62, "tokens": 20800, "random_picks": 0, "random_interventions": 0, "finished_games": 2}
