game 1 ply 1: Nf3 jev=True changed=False
game 1 ply 3: Nxf6+ jev=True changed=False
game 1 ply 5: Nd4 jev=True changed=True
game 1 ply 7: Nxc6 jev=True changed=False
game 1 ply 9: e4 jev=True changed=False
game 1 ply 13: f4 jev=True changed=True
game 1 ply 17: c3 jev=True changed=True
game 1 ply 20: f5 jev=False changed=False
game 1 ply 21: g3 jev=True changed=False
game 1 ply 25: Ke3 jev=True changed=False
GAME 1: 0-1 checkmate 32 plies
game 2 ply 2: c3 jev=True changed=True
game 2 ply 4: d5 jev=True changed=True
game 2 ply 6: Nc6 jev=True changed=True
game 2 ply 8: Nf6 jev=True changed=True
game 2 ply 10: Bf5 jev=True changed=True
game 2 ply 12: Qb6 jev=True changed=False
game 2 ply 18: Ne4 jev=True changed=True
game 2 ply 20: Nf6 jev=True changed=True
game 2 ply 22: e5 jev=True changed=False
game 2 ply 24: Nd7 jev=True changed=False
game 2 ply 30: Kd8 jev=True changed=False
game 2 ply 32: Kc7 jev=True changed=False
game 2 ply 36: Nc5 jev=True changed=False
game 2 ply 38: f5 jev=True changed=False
game 2 ply 40: g5 jev=True changed=True
game 2 ply 42: Ra6 jev=True changed=True
game 2 ply 44: Rb6 jev=True changed=True
game 2 ply 46: Kb8 jev=True changed=True
game 2 ply 48: Kc7 jev=True changed=True
game 2 ply 50: Kd6 jev=True changed=True
game 2 ply 56: Ke7 jev=True changed=False
game 2 ply 60: Nf6 jev=True changed=False
game 2 ply 62: Kd6 jev=True changed=False
game 2 ply 64: Ke7 jev=True changed=True
game 2 ply 66: Kd8 jev=True changed=False
game 2 ply 68: Kc8 jev=True changed=True
game 2 ply 70: Kb7 jev=True changed=False
game 2 ply 72: Ka7 jev=True changed=False
GAME 2: 1-0 checkmate 75 plies
{"points": {"Weak2 + Jev": 0, "Weak4": 2}, "calls": 37, "interventions": 18, "jev_total_ms": 11033.78, "jev_mean_ms": 298.21, "tokens": 25412, "random_picks": 0, "random_interventions": 0, "finished_games": 2}
