game 1 ply 1: d3 jev=True changed=True
game 1 ply 5: Nb5 jev=True changed=False
game 1 ply 7: Bg5 jev=True changed=True
game 1 ply 13: f4 jev=True changed=False
game 1 ply 15: g4 jev=True changed=False
game 1 ply 17: e4 jev=True changed=True
game 1 ply 19: c4 jev=True changed=True
game 1 ply 20: Qa5+ jev=False changed=False
GAME 1: 0-1 checkmate 24 plies
game 2 ply 2: a5 jev=True changed=False
game 2 ply 4: d6 jev=True changed=True
game 2 ply 8: Bg4 jev=True changed=True
game 2 ply 10: Be6 jev=True changed=False
game 2 ply 12: Ne5 jev=True changed=True
game 2 ply 16: f5 jev=True changed=True
game 2 ply 20: Kf7 jev=False changed=False
game 2 ply 22: Be6 jev=True changed=True
game 2 ply 26: e6 jev=True changed=False
game 2 ply 30: d5 jev=True changed=True
game 2 ply 32: Be7 jev=True changed=False
game 2 ply 34: Bd6 jev=True changed=False
game 2 ply 36: Be5 jev=True changed=False
game 2 ply 38: d4 jev=True changed=True
game 2 ply 40: g6 jev=True changed=True
game 2 ply 44: Rb8 jev=True changed=True
game 2 ply 46: b6 jev=True changed=False
game 2 ply 48: Ba6 jev=True changed=True
game 2 ply 50: Rbd8 jev=True changed=True
game 2 ply 52: Bc8 jev=True changed=False
game 2 ply 54: Bd6 jev=True changed=False
game 2 ply 58: Rhf8 jev=True changed=True
game 2 ply 60: Rfe8 jev=True changed=False
game 2 ply 62: Bd7 jev=True changed=True
game 2 ply 64: e5 jev=True changed=True
game 2 ply 66: c4 jev=True changed=False
game 2 ply 70: Rxd5 jev=True changed=True
game 2 ply 72: e4 jev=True changed=False
game 2 ply 74: Kg8 jev=True changed=True
game 2 ply 78: Re8 jev=True changed=True
game 2 ply 80: Bc6 jev=True changed=False
game 2 ply 82: Be4 jev=True changed=False
game 2 ply 86: Re2+ jev=True changed=True
game 2 ply 90: Bc4 jev=True changed=False
game 2 ply 92: Bd3 jev=True changed=False
game 2 ply 94: Bc4 jev=True changed=False
game 2 ply 96: Bd3 jev=True changed=False
game 2 ply 98: Bc4 jev=True changed=False
game 2 ply 100: Bd5 jev=True changed=False
game 2 ply 102: Bb7 jev=True changed=True
game 2 ply 104: Bd5 jev=True changed=False
game 2 ply 106: Bb7 jev=True changed=True
GAME 2: 1/2-1/2 threefold_repetition 108 plies
{"points": {"Weak2 + Jev": 0.5, "Weak4": 1.5}, "calls": 48, "interventions": 24, "jev_total_ms": 13847.06, "jev_mean_ms": 288.48, "tokens": 31887, "random_picks": 0, "random_interventions": 0, "finished_games": 2}
