game 1 ply 1: a3 random=True changed=True
game 1 ply 3: b3 random=True changed=True
game 1 ply 5: e3 random=True changed=False
game 1 ply 7: Bb2 random=True changed=True
game 1 ply 9: Nb1 random=True changed=True
game 1 ply 11: Be2 random=True changed=True
game 1 ply 17: Nc3 random=True changed=False
game 1 ply 19: Qd1 random=True changed=True
game 1 ply 20: f5 random=False changed=False
game 1 ply 21: Nd5 random=True changed=True
game 1 ply 23: a4 random=True changed=True
game 1 ply 25: d3 random=True changed=True
game 1 ply 27: f3 random=True changed=True
game 1 ply 29: h3 random=True changed=True
game 1 ply 31: Ne2 random=True changed=True
game 1 ply 33: Ra3 random=True changed=True
game 1 ply 35: Ra1 random=True changed=True
game 1 ply 37: Ra2 random=True changed=True
game 1 ply 39: Ndc3 random=True changed=False
game 1 ply 40: Bc6 random=False changed=False
game 1 ply 41: Ra3 random=True changed=True
game 1 ply 45: cxb5 random=True changed=True
game 1 ply 47: Ra2 random=True changed=True
game 1 ply 51: Kd1 random=True changed=False
game 1 ply 55: Kc2 random=True changed=True
game 1 ply 60: Qxe5 random=False changed=False
game 1 ply 63: Bc3 random=True changed=False
game 1 ply 67: Ne4 random=True changed=False
game 1 ply 69: Rb2 random=True changed=True
game 1 ply 71: Nxc5 random=True changed=False
game 1 ply 73: Ka1 random=True changed=True
game 1 ply 75: Rc1 random=True changed=True
game 1 ply 77: Ra2 random=True changed=True
game 1 ply 79: Rd2 random=True changed=False
game 1 ply 80: Rd6 random=False changed=False
game 1 ply 81: Kb2 random=True changed=True
game 1 ply 83: b6 random=True changed=False
game 1 ply 87: Rxg5 random=True changed=True
game 1 ply 89: Rg4 random=True changed=True
game 1 ply 95: f4 random=True changed=True
game 1 ply 97: Rxa5 random=True changed=True
game 1 ply 99: Ra7+ random=True changed=False
game 1 ply 100: Kc8 random=False changed=False
game 1 ply 101: a5 random=True changed=False
game 1 ply 103: Rh7 random=True changed=True
game 1 ply 105: Rxd3 random=True changed=False
game 1 ply 107: Kc1 random=True changed=True
game 1 ply 109: Kb1 random=True changed=False
game 1 ply 111: Kb2 random=True changed=True
game 1 ply 113: Kb1 random=True changed=True
game 1 ply 115: Kb2 random=True changed=True
GAME 1: 1/2-1/2 threefold_repetition 116 plies
game 2 ply 2: Nc6 random=True changed=False
game 2 ply 4: Bd6 random=True changed=True
game 2 ply 6: Nd4 random=True changed=True
game 2 ply 8: c5 random=True changed=True
game 2 ply 10: g5 random=True changed=True
game 2 ply 12: b6 random=True changed=True
game 2 ply 14: a5 random=True changed=True
game 2 ply 16: Nc6 random=True changed=False
game 2 ply 18: b5 random=True changed=True
game 2 ply 20: Nxd5 random=False changed=False
game 2 ply 30: d6 random=True changed=False
game 2 ply 40: Qh4+ random=False changed=False
GAME 2: 1/2-1/2 threefold_repetition 40 plies
{"points": {"Weak4 + Random": 1.0, "Weak4": 1.0}, "calls": 0, "interventions": 0, "jev_total_ms": 0, "jev_mean_ms": null, "tokens": 0, "random_picks": 56, "random_interventions": 40, "finished_games": 2}
