game 1 ply 1: Bg5 random=True changed=False
game 1 ply 3: Bf4 random=True changed=True
game 1 ply 5: Qd3 random=True changed=True
game 1 ply 9: Be5 random=True changed=False
game 1 ply 11: Bf4 random=True changed=False
game 1 ply 13: Bg5 random=True changed=True
game 1 ply 15: a3 random=True changed=True
game 1 ply 17: Qxc3 random=True changed=True
game 1 ply 19: h4 random=True changed=True
game 1 ply 20: d6 random=False changed=False
game 1 ply 21: e3 random=True changed=True
game 1 ply 23: Be2 random=True changed=True
game 1 ply 25: Bf3 random=True changed=True
game 1 ply 27: g3 random=True changed=True
game 1 ply 29: Ne2 random=True changed=False
game 1 ply 31: Rb1 random=True changed=True
game 1 ply 33: Nf4 random=True changed=False
game 1 ply 35: Bxf6 random=True changed=True
game 1 ply 37: d5 random=True changed=False
game 1 ply 39: Be4 random=True changed=False
game 1 ply 40: Bf5 random=False changed=False
game 1 ply 43: Rd1 random=True changed=False
game 1 ply 45: Rh3 random=True changed=True
game 1 ply 51: exd4 random=True changed=False
game 1 ply 53: Ke2 random=True changed=False
game 1 ply 59: Kd2 random=True changed=False
game 1 ply 60: cxd6 random=False changed=False
game 1 ply 63: Rc1 random=True changed=False
game 1 ply 65: Rc2 random=True changed=False
game 1 ply 67: Rc1 random=True changed=False
game 1 ply 69: Rc2 random=True changed=False
GAME 1: 1/2-1/2 threefold_repetition 71 plies
game 2 ply 2: Ne4 random=True changed=False
game 2 ply 4: c6 random=True changed=True
game 2 ply 10: b5 random=True changed=True
game 2 ply 16: Nc6 random=True changed=True
game 2 ply 18: Nb8 random=True changed=True
game 2 ply 20: f6 random=True changed=False
game 2 ply 22: a6 random=True changed=True
game 2 ply 26: dxe6 random=True changed=False
game 2 ply 30: Be7 random=True changed=True
game 2 ply 34: Re8 random=True changed=True
game 2 ply 40: Rxa6 random=False changed=False
game 2 ply 42: Nxa6 random=True changed=False
game 2 ply 44: Nc5 random=True changed=False
game 2 ply 46: Ba6 random=True changed=True
game 2 ply 48: Bxe2+ random=True changed=False
game 2 ply 50: h6 random=True changed=True
game 2 ply 52: Ne4 random=True changed=False
game 2 ply 54: Ke7 random=True changed=True
game 2 ply 56: Kd8 random=True changed=False
game 2 ply 58: Kd7 random=True changed=True
game 2 ply 60: Kc8 random=True changed=False
game 2 ply 62: h5 random=True changed=True
game 2 ply 64: Kb8 random=True changed=False
game 2 ply 66: Kb7 random=True changed=False
game 2 ply 68: Nc5 random=True changed=True
game 2 ply 70: Kb6 random=True changed=False
game 2 ply 72: Kc7 random=True changed=True
game 2 ply 74: Kb8 random=True changed=True
game 2 ply 78: Kb7 random=True changed=False
game 2 ply 80: Nf8 random=False changed=False
game 2 ply 82: Ka8 random=True changed=True
GAME 2: 1-0 checkmate 89 plies
{"points": {"Weak4 + Random": 0.5, "Weak4": 1.5}, "calls": 0, "interventions": 0, "jev_total_ms": 0, "jev_mean_ms": null, "tokens": 0, "random_picks": 57, "random_interventions": 29, "finished_games": 2}
