game 1 ply 3: Bc4 random=True changed=True
game 1 ply 5: c3 random=True changed=True
game 1 ply 7: Bd3 random=True changed=False
game 1 ply 9: Qxf3 random=True changed=True
game 1 ply 11: c4 random=True changed=True
game 1 ply 13: g4 random=True changed=True
game 1 ply 19: Nc3 random=True changed=True
game 1 ply 20: g5 random=False changed=False
game 1 ply 21: d3 random=True changed=True
game 1 ply 23: Nxb5 random=True changed=False
game 1 ply 27: Ke2 random=True changed=True
game 1 ply 29: Be3 random=True changed=False
game 1 ply 33: Bc1 random=True changed=True
game 1 ply 35: Nb1 random=True changed=False
game 1 ply 37: a3 random=True changed=True
game 1 ply 39: a4 random=True changed=True
game 1 ply 40: c3+ random=False changed=False
game 1 ply 41: Kd1 random=True changed=False
game 1 ply 45: Qh5+ random=True changed=True
game 1 ply 60: Qb2 random=False changed=False
GAME 1: 0-1 checkmate 62 plies
game 2 ply 2: Bc5 random=True changed=True
game 2 ply 4: bxc6 random=True changed=False
game 2 ply 6: Bd4 random=True changed=False
game 2 ply 10: d6 random=True changed=False
game 2 ply 12: Be6 random=True changed=True
game 2 ply 14: a6 random=True changed=True
game 2 ply 16: Rb8 random=True changed=True
game 2 ply 20: Rxb2 random=False changed=False
game 2 ply 22: Rb7 random=True changed=True
game 2 ply 26: g6 random=True changed=False
game 2 ply 28: Rb8 random=True changed=True
game 2 ply 34: h6 random=True changed=True
game 2 ply 36: e5 random=True changed=False
game 2 ply 38: Ne7 random=True changed=True
game 2 ply 40: c5 random=True changed=False
game 2 ply 42: g5 random=True changed=True
game 2 ply 46: Rf8 random=True changed=True
game 2 ply 48: Nc6 random=True changed=False
game 2 ply 50: Rf7 random=True changed=True
game 2 ply 54: Kd7 random=True changed=True
game 2 ply 58: Nc6 random=True changed=False
game 2 ply 60: Rxf5 random=True changed=False
game 2 ply 62: Ne7 random=True changed=True
game 2 ply 68: a5 random=True changed=False
game 2 ply 72: a4 random=True changed=False
game 2 ply 74: a3+ random=True changed=True
game 2 ply 76: c6 random=True changed=False
game 2 ply 80: Kf8 random=True changed=True
GAME 2: 1-0 checkmate 89 plies
{"points": {"Weak4 + Random": 0, "Weak4": 2}, "calls": 0, "interventions": 0, "jev_total_ms": 0, "jev_mean_ms": null, "tokens": 0, "random_picks": 44, "random_interventions": 27, "finished_games": 2}
