game 1 ply 1: Qb3 random=True changed=True
game 1 ply 3: Qxc4 random=True changed=False
game 1 ply 7: Nc3 random=True changed=False
game 1 ply 9: g4 random=True changed=True
game 1 ply 17: Qc2 random=True changed=True
game 1 ply 20: g5 random=False changed=False
game 1 ply 21: a3 random=True changed=False
game 1 ply 23: Rh5 random=True changed=True
game 1 ply 25: Bd2 random=True changed=True
game 1 ply 27: Bd3 random=True changed=True
game 1 ply 29: Nc3 random=True changed=False
game 1 ply 31: Rh2 random=True changed=False
game 1 ply 37: Ke2 random=True changed=True
game 1 ply 39: Bd3 random=True changed=True
game 1 ply 40: Nf6 random=False changed=False
game 1 ply 41: Rh2 random=True changed=False
game 1 ply 43: Rh3 random=True changed=True
game 1 ply 53: Bh1 random=True changed=False
game 1 ply 57: Kxe3 random=True changed=True
game 1 ply 59: Bc3 random=True changed=False
game 1 ply 60: Qg5+ random=False changed=False
game 1 ply 61: Kd4 random=True changed=True
game 1 ply 63: Kc4 random=True changed=False
game 1 ply 67: Kd3 random=True changed=True
game 1 ply 71: Kd4 random=True changed=True
game 1 ply 73: Kc4 random=True changed=False
GAME 1: 1/2-1/2 threefold_repetition 75 plies
game 2 ply 2: Bd7 random=True changed=True
game 2 ply 4: dxc4 random=True changed=False
game 2 ply 10: h5 random=True changed=True
game 2 ply 14: hxg4 random=True changed=False
game 2 ply 16: Nd7 random=True changed=True
game 2 ply 18: Bxf1 random=True changed=True
game 2 ply 20: axb4 random=True changed=False
game 2 ply 24: Bxb4 random=True changed=False
game 2 ply 26: Bd2 random=True changed=True
game 2 ply 28: Bf4 random=True changed=False
game 2 ply 30: f5 random=True changed=True
game 2 ply 38: Bd6 random=True changed=True
game 2 ply 40: Kf8 random=True changed=True
game 2 ply 42: Nb6 random=True changed=False
game 2 ply 44: Ke8 random=True changed=False
game 2 ply 46: Qf6 random=True changed=False
game 2 ply 50: Na4 random=True changed=True
game 2 ply 52: Rg8+ random=True changed=True
game 2 ply 54: Nc3 random=True changed=False
game 2 ply 56: Ne4 random=True changed=True
game 2 ply 60: b5 random=True changed=True
game 2 ply 62: Kd8 random=True changed=True
game 2 ply 64: Kc7 random=True changed=True
game 2 ply 66: Kc8 random=True changed=False
game 2 ply 68: Re8+ random=True changed=True
game 2 ply 70: Rh8 random=True changed=True
game 2 ply 72: b4 random=True changed=False
game 2 ply 74: Rh5 random=True changed=True
game 2 ply 76: Rb5 random=True changed=False
game 2 ply 78: Rb6 random=True changed=True
game 2 ply 80: Rb5 random=True changed=False
game 2 ply 82: Rb6 random=True changed=True
game 2 ply 84: Rb7 random=True changed=True
GAME 2: 1/2-1/2 threefold_repetition 85 plies
{"points": {"Weak4 + Random": 1.0, "Weak4": 1.0}, "calls": 0, "interventions": 0, "jev_total_ms": 0, "jev_mean_ms": null, "tokens": 0, "random_picks": 56, "random_interventions": 33, "finished_games": 2}
