game 1 ply 3: a4 random=True changed=True
game 1 ply 5: Bd3 random=True changed=True
game 1 ply 7: e5 random=True changed=False
game 1 ply 11: Ne5 random=True changed=False
game 1 ply 15: c3 random=True changed=True
game 1 ply 17: Qb3 random=True changed=False
game 1 ply 19: Qd1 random=True changed=True
game 1 ply 20: Qe7+ random=False changed=False
game 1 ply 23: f4 random=True changed=True
game 1 ply 25: Kxe2 random=True changed=False
game 1 ply 27: g3 random=True changed=False
game 1 ply 29: f5 random=True changed=True
game 1 ply 31: Kf1 random=True changed=True
game 1 ply 33: Bc4 random=True changed=True
game 1 ply 35: Be2 random=True changed=True
game 1 ply 39: d4 random=True changed=False
game 1 ply 40: cxd4 random=False changed=False
game 1 ply 45: Bg4+ random=True changed=False
game 1 ply 47: Bd2 random=True changed=True
game 1 ply 49: Ra3 random=True changed=True
game 1 ply 51: Bf3 random=True changed=False
game 1 ply 55: b3 random=True changed=False
game 1 ply 57: Rxf8 random=True changed=True
game 1 ply 59: Ke1 random=True changed=True
game 1 ply 60: Rf3 random=False changed=False
game 1 ply 61: Ke2 random=True changed=True
game 1 ply 63: h4 random=True changed=True
game 1 ply 67: Kd2 random=True changed=False
game 1 ply 71: Kd1 random=True changed=False
game 1 ply 73: Rg1 random=True changed=True
game 1 ply 79: Kb2 random=True changed=False
game 1 ply 80: Be3 random=False changed=False
game 1 ply 83: Rc8+ random=True changed=False
game 1 ply 85: Rd8+ random=True changed=False
game 1 ply 87: Kb3 random=True changed=True
game 1 ply 89: Rc8+ random=True changed=True
game 1 ply 91: Rf8 random=True changed=True
game 1 ply 93: Rb8 random=True changed=True
game 1 ply 95: Bd8 random=True changed=True
game 1 ply 99: Kd1 random=True changed=True
game 1 ply 100: Rxa4 random=False changed=False
game 1 ply 101: Rxb7 random=True changed=False
game 1 ply 103: Ke2 random=True changed=True
game 1 ply 107: Kd2 random=True changed=True
game 1 ply 109: Kc2 random=True changed=True
game 1 ply 111: Kb1 random=True changed=False
game 1 ply 113: Kc2 random=True changed=True
game 1 ply 115: Kb3 random=True changed=True
game 1 ply 119: Rh7 random=True changed=True
game 1 ply 120: Rb2+ random=False changed=False
game 1 ply 125: Ka1 random=True changed=True
game 1 ply 129: Ka3 random=True changed=False
game 1 ply 135: Kb1 random=True changed=True
GAME 1: 1/2-1/2 threefold_repetition 137 plies
game 2 ply 4: f6 random=True changed=False
game 2 ply 6: h5 random=True changed=True
game 2 ply 8: a5 random=True changed=False
game 2 ply 10: e6 random=True changed=False
game 2 ply 12: Be7 random=True changed=False
game 2 ply 14: g6 random=True changed=True
game 2 ply 16: Na6 random=True changed=True
game 2 ply 18: Nb4 random=True changed=True
game 2 ply 20: b6 random=True changed=False
game 2 ply 22: Ra7 random=True changed=False
game 2 ply 24: Ra8 random=True changed=False
game 2 ply 26: Rb8 random=True changed=True
game 2 ply 28: Rb7 random=True changed=True
game 2 ply 30: Rc7 random=True changed=True
game 2 ply 32: Rb7 random=True changed=True
game 2 ply 34: Rb8 random=True changed=True
game 2 ply 36: Ra8 random=True changed=False
game 2 ply 38: Ra7 random=True changed=False
game 2 ply 40: Rc7 random=True changed=True
game 2 ply 42: Rb7 random=True changed=True
game 2 ply 44: Rc7 random=True changed=True
game 2 ply 46: Rc8 random=True changed=True
game 2 ply 48: Nd3 random=True changed=True
game 2 ply 50: Qxd7 random=True changed=False
game 2 ply 52: Ne5 random=True changed=True
game 2 ply 54: Nxf3 random=True changed=False
game 2 ply 56: f5 random=True changed=True
game 2 ply 58: Rh7 random=True changed=True
game 2 ply 60: Qb7 random=True changed=True
game 2 ply 62: Kf7 random=True changed=False
game 2 ply 64: Qa8 random=True changed=True
game 2 ply 66: Qb7 random=True changed=False
game 2 ply 70: Qa8 random=True changed=False
game 2 ply 72: Bf6 random=True changed=False
game 2 ply 74: exd3+ random=True changed=True
game 2 ply 78: Qf3 random=True changed=False
game 2 ply 80: Qxe2+ random=True changed=False
game 2 ply 82: Ne4 random=True changed=False
game 2 ply 84: Rb8 random=True changed=True
game 2 ply 86: Kf6 random=True changed=False
game 2 ply 88: Rbb7 random=True changed=True
game 2 ply 90: Ke5 random=True changed=True
game 2 ply 92: hxg4 random=True changed=False
game 2 ply 94: Kf5 random=True changed=True
game 2 ply 96: Kf6 random=True changed=True
game 2 ply 100: Nf5 random=False changed=False
game 2 ply 102: Kf7 random=True changed=True
game 2 ply 104: gxf5 random=True changed=True
game 2 ply 106: d5 random=True changed=False
game 2 ply 108: Rb8 random=True changed=True
game 2 ply 112: Ra8 random=True changed=True
game 2 ply 114: Raa7 random=True changed=True
game 2 ply 116: Ra8 random=True changed=True
game 2 ply 120: Kg7 random=True changed=True
game 2 ply 126: Rd8 random=True changed=False
game 2 ply 128: Kh6 random=True changed=True
game 2 ply 134: Kg3 random=True changed=True
game 2 ply 136: Kg4 random=True changed=True
game 2 ply 138: Rd4 random=True changed=True
game 2 ply 140: Rd7 random=True changed=True
game 2 ply 142: Rd3 random=True changed=False
game 2 ply 146: Rb4 random=True changed=True
game 2 ply 150: c4 random=True changed=True
game 2 ply 152: Ra3 random=True changed=True
game 2 ply 154: a4 random=True changed=True
game 2 ply 156: Kf3 random=True changed=False
game 2 ply 160: Rb2+ random=False changed=False
game 2 ply 162: b5 random=True changed=False
game 2 ply 164: Ke4 random=True changed=True
game 2 ply 168: Kd5 random=True changed=False
game 2 ply 172: Kd5 random=True changed=True
game 2 ply 174: Kc6 random=True changed=True
game 2 ply 178: Kd5 random=True changed=True
game 2 ply 180: Kc6 random=False changed=False
game 2 ply 182: Kb5 random=True changed=False
game 2 ply 184: Kc4 random=True changed=True
game 2 ply 186: Kd5 random=True changed=True
GAME 2: 1/2-1/2 threefold_repetition 190 plies
{"points": {"Weak4 + Random": 1.0, "Weak4": 1.0}, "calls": 0, "interventions": 0, "jev_total_ms": 0, "jev_mean_ms": null, "tokens": 0, "random_picks": 121, "random_interventions": 77, "finished_games": 2}
