game 1 ply 1: d3 random=True changed=True
game 1 ply 3: Be3 random=True changed=False
game 1 ply 5: h4 random=True changed=False
game 1 ply 9: a5 random=True changed=True
game 1 ply 13: g4 random=True changed=True
game 1 ply 17: Ra3 random=True changed=True
game 1 ply 19: Ra1 random=True changed=False
game 1 ply 20: Nge5 random=False changed=False
game 1 ply 23: Ra4 random=True changed=True
game 1 ply 25: Ra3 random=True changed=True
game 1 ply 29: Nb3 random=True changed=True
game 1 ply 31: Nc5 random=True changed=True
game 1 ply 33: Nb3 random=True changed=True
game 1 ply 35: e4 random=True changed=True
game 1 ply 39: Bg2 random=True changed=True
game 1 ply 40: Ne5 random=False changed=False
game 1 ply 49: Nd2 random=True changed=True
game 1 ply 51: e5 random=True changed=True
game 1 ply 53: f3 random=True changed=True
game 1 ply 55: Qb1 random=True changed=False
game 1 ply 59: Na3 random=True changed=True
game 1 ply 60: Bxf3 random=False changed=False
game 1 ply 61: Kf1 random=True changed=True
game 1 ply 63: Nc2 random=True changed=False
GAME 1: 0-1 checkmate 66 plies
game 2 ply 2: h5 random=True changed=False
game 2 ply 4: a5 random=True changed=False
game 2 ply 6: b5 random=True changed=False
game 2 ply 8: Nb8 random=True changed=True
game 2 ply 10: d6 random=True changed=True
game 2 ply 12: Nfd7 random=True changed=True
game 2 ply 14: Bb7 random=True changed=False
game 2 ply 16: Nc5 random=True changed=True
game 2 ply 20: Rxa5 random=False changed=False
game 2 ply 22: Nc5 random=True changed=True
game 2 ply 24: Ba8 random=True changed=False
game 2 ply 28: Nd3+ random=True changed=True
game 2 ply 32: Ne5 random=True changed=False
game 2 ply 34: Ng6 random=True changed=True
game 2 ply 36: e5 random=True changed=True
game 2 ply 38: f6 random=True changed=True
game 2 ply 40: Qd7 random=True changed=True
game 2 ply 44: Nf4 random=True changed=True
game 2 ply 46: Be7 random=True changed=False
game 2 ply 48: Ne6 random=True changed=False
game 2 ply 50: g6 random=True changed=False
game 2 ply 52: Kf8 random=True changed=True
game 2 ply 56: Kf7 random=True changed=True
game 2 ply 58: Kg7 random=True changed=True
game 2 ply 60: c6 random=True changed=True
game 2 ply 62: Qxc6 random=True changed=True
game 2 ply 64: Kf7 random=True changed=False
game 2 ply 66: Kg8 random=True changed=True
game 2 ply 68: Qb6 random=True changed=False
game 2 ply 70: Bf8 random=True changed=True
game 2 ply 72: Kg7 random=True changed=False
game 2 ply 74: Kf7 random=True changed=False
game 2 ply 76: Ke8 random=True changed=True
game 2 ply 80: Kd8 random=False changed=False
game 2 ply 82: Kd7 random=True changed=True
game 2 ply 86: Kc6 random=True changed=False
game 2 ply 90: Kc5 random=True changed=True
game 2 ply 92: Kc4 random=True changed=True
game 2 ply 94: Kb4 random=True changed=False
GAME 2: 1-0 checkmate 97 plies
{"points": {"Weak2 + Random": 0, "Weak4": 2}, "calls": 0, "interventions": 0, "jev_total_ms": 0, "jev_mean_ms": null, "tokens": 0, "random_picks": 58, "random_interventions": 38, "finished_games": 2}
