game 1 ply 1: f4 random=True changed=True
game 1 ply 3: d3 random=True changed=False
game 1 ply 7: Be3 random=True changed=False
game 1 ply 9: Bc5 random=True changed=False
game 1 ply 13: Nf3 random=True changed=False
game 1 ply 15: Qb1 random=True changed=False
game 1 ply 19: b3 random=True changed=True
game 1 ply 20: Be6 random=False changed=False
game 1 ply 21: b4 random=True changed=True
game 1 ply 25: g3 random=True changed=True
game 1 ply 27: Nb5 random=True changed=True
game 1 ply 29: Rg1 random=True changed=True
game 1 ply 31: c4 random=True changed=False
game 1 ply 33: Bg2 random=True changed=False
game 1 ply 37: e3 random=True changed=True
game 1 ply 39: e4 random=True changed=True
game 1 ply 40: h5 random=False changed=False
game 1 ply 41: Ra2 random=True changed=True
game 1 ply 45: Kf2 random=True changed=True
game 1 ply 47: g4 random=True changed=True
game 1 ply 49: Ra3 random=True changed=True
game 1 ply 51: c5 random=True changed=False
game 1 ply 55: Ra1 random=True changed=False
game 1 ply 57: Rb1 random=True changed=True
game 1 ply 60: Ke7 random=False changed=False
game 1 ply 61: Rb6 random=True changed=True
game 1 ply 63: Rb1 random=True changed=False
game 1 ply 65: Rb6 random=True changed=True
game 1 ply 67: Ra6 random=True changed=False
game 1 ply 73: Re6+ random=True changed=True
game 1 ply 80: Rh3+ random=False changed=False
GAME 1: 0-1 checkmate 82 plies
game 2 ply 2: Nc6 random=True changed=True
game 2 ply 4: a5 random=True changed=False
game 2 ply 6: h5 random=True changed=False
game 2 ply 8: Ra6 random=True changed=True
game 2 ply 10: b5 random=True changed=True
game 2 ply 16: Bf5 random=True changed=True
game 2 ply 18: Qc8 random=True changed=False
game 2 ply 20: Bh7 random=True changed=True
game 2 ply 24: c6 random=True changed=False
game 2 ply 28: f6 random=True changed=True
game 2 ply 30: g6 random=True changed=True
game 2 ply 32: Rb8 random=True changed=True
game 2 ply 34: Rb7 random=True changed=True
game 2 ply 36: Rb8 random=True changed=True
game 2 ply 38: Ra8 random=True changed=True
game 2 ply 40: Bg7 random=True changed=False
game 2 ply 42: e5 random=True changed=False
game 2 ply 46: Bf6 random=True changed=False
game 2 ply 50: Qa6 random=True changed=False
game 2 ply 52: Qb5 random=True changed=True
game 2 ply 54: Bd8 random=True changed=True
game 2 ply 56: Kd7 random=True changed=True
game 2 ply 60: Kb7 random=True changed=False
game 2 ply 64: Ka6 random=True changed=True
game 2 ply 68: Kb5 random=True changed=True
game 2 ply 70: Ka4 random=True changed=False
game 2 ply 74: Kc3 random=True changed=False
game 2 ply 76: Kd3 random=True changed=True
game 2 ply 80: Kxe5 random=False changed=False
game 2 ply 82: Ke4 random=True changed=True
game 2 ply 84: Qd1+ random=True changed=True
game 2 ply 86: Qe2+ random=True changed=True
game 2 ply 88: Qe1+ random=True changed=True
game 2 ply 90: Qd2+ random=True changed=False
game 2 ply 94: hxg4+ random=True changed=False
game 2 ply 96: Kd3 random=True changed=True
game 2 ply 98: Kc2 random=True changed=True
game 2 ply 100: Qxc6 random=False changed=False
game 2 ply 102: Kb3 random=True changed=True
GAME 2: 1-0 checkmate 105 plies
{"points": {"Weak2 + Random": 0, "Weak4": 2}, "calls": 0, "interventions": 0, "jev_total_ms": 0, "jev_mean_ms": null, "tokens": 0, "random_picks": 64, "random_interventions": 40, "finished_games": 2}
