game 1 ply 1: Bd3 random=True changed=True
game 1 ply 3: Be2 random=True changed=True
game 1 ply 5: c4 random=True changed=False
game 1 ply 7: Ne5 random=True changed=False
game 1 ply 11: Nc3 random=True changed=False
game 1 ply 15: d4 random=True changed=False
game 1 ply 20: dxc5 random=False changed=False
game 1 ply 23: Bg5 random=True changed=True
game 1 ply 27: h4 random=True changed=True
game 1 ply 29: b4 random=True changed=True
game 1 ply 31: f4 random=True changed=True
game 1 ply 33: a5 random=True changed=True
game 1 ply 35: Bf3 random=True changed=False
game 1 ply 37: Kg2 random=True changed=True
game 1 ply 40: Rxd5 random=False changed=False
game 1 ply 43: Bd2 random=True changed=False
game 1 ply 45: Bc3 random=True changed=False
game 1 ply 47: Kf1 random=True changed=True
game 1 ply 49: Bb2 random=True changed=True
game 1 ply 53: b7 random=True changed=True
game 1 ply 55: Kg1 random=True changed=True
game 1 ply 59: Bd4 random=True changed=False
game 1 ply 60: Rd3 random=False changed=False
game 1 ply 61: Bc5 random=True changed=True
game 1 ply 63: Kg2 random=True changed=False
game 1 ply 69: Qe2+ random=True changed=False
game 1 ply 73: Bd4 random=True changed=True
game 1 ply 75: Qb5+ random=True changed=True
game 1 ply 77: f3 random=True changed=True
game 1 ply 79: Qa5+ random=True changed=False
game 1 ply 80: Kb7 random=False changed=False
game 1 ply 81: Qb5+ random=True changed=True
game 1 ply 83: Qa5+ random=True changed=False
game 1 ply 85: Qa7+ random=True changed=False
game 1 ply 87: Qa5 random=True changed=True
GAME 1: 1/2-1/2 threefold_repetition 87 plies
game 2 ply 2: d6 random=True changed=True
game 2 ply 10: Bf5 random=True changed=True
game 2 ply 12: Bc8 random=True changed=True
game 2 ply 14: Qd7 random=True changed=True
game 2 ply 16: Bb7 random=True changed=True
game 2 ply 18: e5 random=True changed=True
game 2 ply 20: c5 random=True changed=True
game 2 ply 24: Bd6 random=True changed=False
game 2 ply 28: Bb4 random=True changed=False
game 2 ply 34: Ke7 random=True changed=True
game 2 ply 36: Kd6 random=True changed=False
game 2 ply 40: h5 random=True changed=False
game 2 ply 42: Ke8 random=True changed=True
GAME 2: 1-0 checkmate 45 plies
{"points": {"Weak2 + Random": 0.5, "Weak4": 1.5}, "calls": 0, "interventions": 0, "jev_total_ms": 0, "jev_mean_ms": null, "tokens": 0, "random_picks": 44, "random_interventions": 27, "finished_games": 2}
