game 1 ply 1: Ng3 random=True changed=True
game 1 ply 3: h4 random=True changed=True
game 1 ply 5: b3 random=True changed=True
game 1 ply 7: a4 random=True changed=True
game 1 ply 11: d3 random=True changed=False
game 1 ply 17: Ra3 random=True changed=True
game 1 ply 19: e3 random=True changed=True
game 1 ply 20: Ne4+ random=False changed=False
game 1 ply 21: Ke1 random=True changed=False
game 1 ply 23: c3 random=True changed=True
game 1 ply 25: Ke2 random=True changed=True
game 1 ply 27: Kf3 random=True changed=True
game 1 ply 29: g4 random=True changed=True
game 1 ply 33: Nf3 random=True changed=False
game 1 ply 39: Ra2 random=True changed=True
game 1 ply 40: Bxb3 random=False changed=False
game 1 ply 41: Rd2 random=True changed=True
game 1 ply 43: Nf3 random=True changed=False
game 1 ply 45: Rg2 random=True changed=True
game 1 ply 49: Ng1 random=True changed=True
game 1 ply 51: Bg2 random=True changed=False
game 1 ply 53: Rf7 random=True changed=False
game 1 ply 57: Bg2 random=True changed=True
game 1 ply 60: Be3 random=False changed=False
game 1 ply 63: Be4 random=True changed=False
game 1 ply 65: Rb6 random=True changed=False
game 1 ply 69: Rb1 random=True changed=True
game 1 ply 71: Rb2 random=True changed=True
game 1 ply 75: Ra2 random=True changed=False
game 1 ply 77: Ra3 random=True changed=True
game 1 ply 79: Ra4 random=True changed=True
game 1 ply 80: Rh6+ random=False changed=False
game 1 ply 85: Kf3 random=True changed=True
game 1 ply 87: Kf2 random=True changed=True
game 1 ply 89: Ra2 random=True changed=True
game 1 ply 91: Ke1 random=True changed=False
GAME 1: 0-1 checkmate 94 plies
game 2 ply 4: d5 random=True changed=True
game 2 ply 6: Bf5 random=True changed=False
game 2 ply 8: Be4 random=True changed=False
game 2 ply 10: Bxg2 random=True changed=True
game 2 ply 12: Nd4 random=True changed=True
game 2 ply 14: Nb5 random=True changed=True
game 2 ply 16: Nd6 random=True changed=False
game 2 ply 18: g6 random=True changed=True
game 2 ply 20: c5 random=True changed=True
game 2 ply 22: Bg7 random=True changed=True
game 2 ply 24: b5 random=True changed=True
game 2 ply 30: h5 random=True changed=True
game 2 ply 32: Ke6 random=True changed=True
game 2 ply 34: Kf6 random=True changed=True
game 2 ply 36: Ra6 random=True changed=True
game 2 ply 38: Ra7 random=True changed=True
game 2 ply 40: Kf7 random=True changed=True
game 2 ply 42: Ra6 random=True changed=True
game 2 ply 44: Ra7 random=True changed=True
game 2 ply 46: Ra8 random=True changed=True
game 2 ply 48: Ra7 random=True changed=True
game 2 ply 50: Rb7 random=True changed=True
GAME 2: 1-0 checkmate 53 plies
{"points": {"Weak2 + Random": 0, "Weak4": 2}, "calls": 0, "interventions": 0, "jev_total_ms": 0, "jev_mean_ms": null, "tokens": 0, "random_picks": 54, "random_interventions": 41, "finished_games": 2}
