game 1 ply 1: Nc3 random=True changed=False
game 1 ply 3: b3 random=True changed=True
game 1 ply 7: Ng1 random=True changed=True
game 1 ply 9: cxd5 random=True changed=False
game 1 ply 11: e3 random=True changed=True
game 1 ply 13: Ra2 random=True changed=False
game 1 ply 19: f3 random=True changed=True
game 1 ply 20: Be6 random=False changed=False
game 1 ply 21: g4 random=True changed=False
game 1 ply 23: e4 random=True changed=False
game 1 ply 29: h3 random=True changed=True
game 1 ply 31: f4 random=True changed=True
game 1 ply 33: Kg2 random=True changed=True
game 1 ply 40: Qg3# random=False changed=False
GAME 1: 0-1 checkmate 40 plies
game 2 ply 2: b6 random=True changed=True
game 2 ply 4: fxe4 random=True changed=False
game 2 ply 6: e6 random=True changed=True
game 2 ply 8: Ne5 random=True changed=True
game 2 ply 10: Nf7 random=True changed=True
game 2 ply 14: Bb7 random=True changed=False
game 2 ply 18: Ra6 random=True changed=True
game 2 ply 20: Ra7 random=False changed=False
game 2 ply 22: Bd6 random=True changed=True
game 2 ply 24: Qb8 random=True changed=True
game 2 ply 28: Nf6 random=True changed=False
game 2 ply 30: Ke8 random=True changed=True
game 2 ply 36: c6 random=True changed=True
game 2 ply 40: d6 random=False changed=False
game 2 ply 42: Kc8 random=True changed=False
game 2 ply 44: Kb7 random=True changed=False
GAME 2: 1-0 checkmate 47 plies
{"points": {"Weak2 + Random": 0, "Weak4": 2}, "calls": 0, "interventions": 0, "jev_total_ms": 0, "jev_mean_ms": null, "tokens": 0, "random_picks": 26, "random_interventions": 16, "finished_games": 2}
