game 1 ply 1: Nf3 random=True changed=True
game 1 ply 3: Ne5 random=True changed=True
game 1 ply 5: Nc3 random=True changed=False
game 1 ply 9: f4 random=True changed=True
game 1 ply 13: Bxa6 random=True changed=True
game 1 ply 15: Nb7 random=True changed=True
game 1 ply 17: Nxa5 random=True changed=False
game 1 ply 19: Na2 random=True changed=True
game 1 ply 20: Nxe4 random=False changed=False
game 1 ply 21: g4 random=True changed=True
game 1 ply 23: b3 random=True changed=True
game 1 ply 25: b4 random=True changed=True
GAME 1: 0-1 checkmate 34 plies
game 2 ply 2: e5 random=True changed=True
game 2 ply 4: Nd4 random=True changed=True
game 2 ply 6: Be7 random=True changed=False
game 2 ply 10: Nf6 random=True changed=False
game 2 ply 14: d5 random=True changed=True
game 2 ply 20: f5 random=True changed=True
game 2 ply 22: Kd7 random=True changed=False
game 2 ply 24: Kc6 random=True changed=False
game 2 ply 26: Kb6 random=True changed=False
game 2 ply 28: Qe7 random=True changed=True
game 2 ply 30: Kc6 random=True changed=True
game 2 ply 32: Kd6 random=True changed=True
game 2 ply 34: Ke5 random=True changed=True
game 2 ply 36: Kf4 random=True changed=True
game 2 ply 38: Kf5 random=True changed=False
game 2 ply 40: Kg4 random=False changed=False
GAME 2: 1-0 checkmate 43 plies
{"points": {"Weak2 + Random": 0, "Weak4": 2}, "calls": 0, "interventions": 0, "jev_total_ms": 0, "jev_mean_ms": null, "tokens": 0, "random_picks": 26, "random_interventions": 18, "finished_games": 2}
