game 1 ply 1: e4 random=True changed=True
game 1 ply 5: c4 random=True changed=False
game 1 ply 7: f4 random=True changed=True
game 1 ply 9: e5 random=True changed=True
game 1 ply 11: cxd5 random=True changed=False
game 1 ply 13: Bd3 random=True changed=False
game 1 ply 17: d4 random=True changed=False
game 1 ply 19: axb5 random=True changed=True
game 1 ply 20: Qxg1+ random=False changed=False
game 1 ply 21: Ke2 random=True changed=True
game 1 ply 23: Ke1 random=True changed=True
game 1 ply 25: Ke2 random=True changed=True
game 1 ply 29: Bd2 random=True changed=False
game 1 ply 31: Ra2 random=True changed=False
game 1 ply 33: Ra3 random=True changed=False
game 1 ply 35: Rd3 random=True changed=True
game 1 ply 37: Be3 random=True changed=False
game 1 ply 39: Kd2 random=True changed=True
game 1 ply 40: Rxb5 random=False changed=False
game 1 ply 41: Kd1 random=True changed=True
game 1 ply 43: Kd2 random=True changed=True
game 1 ply 45: Bd4 random=True changed=True
game 1 ply 47: Bxb2 random=True changed=False
game 1 ply 51: Kd4 random=True changed=True
game 1 ply 53: Kc3 random=True changed=True
game 1 ply 55: Kc4 random=True changed=False
game 1 ply 57: Kd3 random=True changed=False
game 1 ply 60: Qd2# random=False changed=False
GAME 1: 0-1 checkmate 60 plies
game 2 ply 4: e5 random=True changed=True
game 2 ply 6: c5 random=True changed=True
game 2 ply 8: Ne7 random=True changed=False
game 2 ply 12: d5 random=True changed=True
game 2 ply 14: b5 random=True changed=True
game 2 ply 16: Nc6 random=True changed=True
game 2 ply 18: Ke7 random=True changed=True
game 2 ply 20: Bf5 random=True changed=True
game 2 ply 24: Kf6 random=True changed=True
game 2 ply 26: h6 random=True changed=True
game 2 ply 28: Kf5 random=True changed=True
game 2 ply 30: Bd6 random=True changed=False
game 2 ply 32: Rc8 random=True changed=True
GAME 2: 1-0 checkmate 35 plies
{"points": {"Weak2 + Random": 0, "Weak4": 2}, "calls": 0, "interventions": 0, "jev_total_ms": 0, "jev_mean_ms": null, "tokens": 0, "random_picks": 38, "random_interventions": 25, "finished_games": 2}
