game 1 ply 3: bxc6 random=True changed=False
game 1 ply 5: gxf3 random=True changed=True
game 1 ply 7: Nc3 random=True changed=False
game 1 ply 9: Nb1 random=True changed=True
game 1 ply 11: c4 random=True changed=True
game 1 ply 13: Bb2 random=True changed=False
game 1 ply 15: Nc3 random=True changed=False
game 1 ply 19: h4 random=True changed=True
game 1 ply 20: Nf4 random=False changed=False
game 1 ply 21: e4 random=True changed=False
game 1 ply 23: c5 random=True changed=True
game 1 ply 27: Be2 random=True changed=True
game 1 ply 29: e5 random=True changed=True
game 1 ply 37: d3 random=True changed=True
game 1 ply 39: Bb2 random=True changed=False
game 1 ply 40: Rc2+ random=False changed=False
game 1 ply 41: Ke1 random=True changed=True
game 1 ply 49: Rae1+ random=True changed=False
game 1 ply 55: Kh2 random=True changed=True
game 1 ply 57: Kg2 random=True changed=False
game 1 ply 59: Kf1 random=True changed=False
game 1 ply 60: Qf3+ random=False changed=False
GAME 1: 0-1 checkmate 62 plies
game 2 ply 2: Nb4 random=True changed=False
game 2 ply 6: Nb4 random=True changed=True
game 2 ply 8: a5 random=True changed=True
game 2 ply 10: Nc2+ random=True changed=True
game 2 ply 14: h6 random=True changed=True
game 2 ply 16: b6 random=True changed=True
game 2 ply 18: Bb7 random=True changed=False
game 2 ply 20: h5 random=True changed=True
game 2 ply 22: d6 random=True changed=False
game 2 ply 24: h4 random=True changed=True
game 2 ply 26: Ra7 random=True changed=True
game 2 ply 28: Qa8 random=True changed=True
game 2 ply 30: Qc8 random=True changed=True
game 2 ply 32: c5 random=True changed=False
game 2 ply 34: Nh7 random=True changed=True
game 2 ply 38: Qxc5 random=True changed=False
game 2 ply 40: Nf6 random=True changed=False
game 2 ply 42: Rc8 random=True changed=True
game 2 ply 46: Rd8 random=True changed=True
game 2 ply 50: Ke7 random=True changed=True
game 2 ply 52: Ke8 random=True changed=True
game 2 ply 60: Rc8 random=True changed=False
GAME 2: 1-0 checkmate 63 plies
{"points": {"Weak2 + Random": 0, "Weak4": 2}, "calls": 0, "interventions": 0, "jev_total_ms": 0, "jev_mean_ms": null, "tokens": 0, "random_picks": 41, "random_interventions": 25, "finished_games": 2}
