game 1 ply 1: a3 random=True changed=True
game 1 ply 3: a4 random=True changed=False
game 1 ply 5: d3 random=True changed=True
game 1 ply 7: Bd2 random=True changed=True
game 1 ply 9: Bf4 random=True changed=True
game 1 ply 11: Bxc7 random=True changed=False
game 1 ply 15: e3 random=True changed=True
game 1 ply 20: Qxe5 random=False changed=False
game 1 ply 21: Ra3 random=True changed=True
game 1 ply 23: g3 random=True changed=True
game 1 ply 27: Bg2 random=True changed=False
game 1 ply 29: f4 random=True changed=False
game 1 ply 33: h5 random=True changed=True
game 1 ply 37: Qc1 random=True changed=True
game 1 ply 40: Qxe5 random=False changed=False
game 1 ply 41: Qb1 random=True changed=True
game 1 ply 43: c3 random=True changed=False
game 1 ply 45: Ke1 random=True changed=True
game 1 ply 47: Kd2 random=True changed=False
game 1 ply 51: d5 random=True changed=True
game 1 ply 53: Kc2 random=True changed=True
game 1 ply 55: e4 random=True changed=True
game 1 ply 57: c4 random=True changed=False
game 1 ply 59: Kd2 random=True changed=True
game 1 ply 60: Rb1 random=False changed=False
GAME 1: 0-1 checkmate 62 plies
game 2 ply 2: a5 random=True changed=False
game 2 ply 4: b6 random=True changed=True
game 2 ply 6: Bb7 random=True changed=False
game 2 ply 8: d6 random=True changed=True
game 2 ply 10: g5 random=True changed=True
game 2 ply 12: Bg7 random=True changed=True
game 2 ply 14: Bxf6 random=True changed=False
game 2 ply 18: d5 random=True changed=True
game 2 ply 20: Bxc6 random=False changed=False
game 2 ply 22: Kf7 random=True changed=False
game 2 ply 24: h5 random=True changed=True
game 2 ply 26: Ra7 random=True changed=True
game 2 ply 28: Kg8 random=True changed=True
GAME 2: 1-0 checkmate 31 plies
{"points": {"Weak2 + Random": 0, "Weak4": 2}, "calls": 0, "interventions": 0, "jev_total_ms": 0, "jev_mean_ms": null, "tokens": 0, "random_picks": 34, "random_interventions": 23, "finished_games": 2}
