game 1 ply 7: b4 random=True changed=True
game 1 ply 11: Nf3 random=True changed=True
game 1 ply 13: cxd5 random=True changed=True
game 1 ply 15: d3 random=True changed=True
game 1 ply 19: Nc4 random=True changed=False
game 1 ply 20: Nd7 random=False changed=False
game 1 ply 23: Nd2 random=True changed=False
game 1 ply 27: g4 random=True changed=True
game 1 ply 31: d4 random=True changed=False
game 1 ply 35: Kf1 random=True changed=True
game 1 ply 37: Nf3 random=True changed=True
game 1 ply 40: f6 random=False changed=False
game 1 ply 41: Bh4 random=True changed=True
game 1 ply 43: Bf2 random=True changed=False
game 1 ply 45: h4 random=True changed=True
game 1 ply 49: Ne1 random=True changed=True
game 1 ply 51: Rh2 random=True changed=False
game 1 ply 59: Bd4 random=True changed=False
game 1 ply 60: Ne4+ random=False changed=False
game 1 ply 61: Ke3 random=True changed=False
game 1 ply 65: h5 random=True changed=True
game 1 ply 69: b6 random=True changed=True
game 1 ply 71: Bf5 random=True changed=True
game 1 ply 73: Kd3 random=True changed=True
game 1 ply 77: h6 random=True changed=True
game 1 ply 79: Kc2 random=True changed=True
game 1 ply 80: Rxh3 random=False changed=False
game 1 ply 81: Kc1 random=True changed=True
game 1 ply 83: Kc2 random=True changed=True
game 1 ply 85: Kc1 random=True changed=False
game 1 ply 87: Kd1 random=True changed=True
game 1 ply 89: Ke1 random=True changed=True
game 1 ply 91: Kf1 random=True changed=True
game 1 ply 93: Ke2 random=True changed=True
game 1 ply 95: Ke1 random=True changed=True
GAME 1: 0-1 checkmate 98 plies
game 2 ply 2: Nc6 random=True changed=True
game 2 ply 4: h5 random=True changed=True
game 2 ply 6: a5 random=True changed=False
game 2 ply 8: e6 random=True changed=True
game 2 ply 12: g6 random=True changed=True
game 2 ply 14: Ra6 random=True changed=True
game 2 ply 16: Ra8 random=True changed=True
game 2 ply 18: Na7 random=True changed=True
game 2 ply 20: Rb8 random=True changed=True
game 2 ply 24: c6 random=True changed=True
game 2 ply 28: b6 random=True changed=True
game 2 ply 32: Ke7 random=True changed=False
game 2 ply 34: Qc7 random=True changed=True
game 2 ply 38: Ne4 random=True changed=True
game 2 ply 40: Ng3 random=True changed=True
game 2 ply 42: Kd8 random=True changed=True
game 2 ply 52: Bf5 random=True changed=False
game 2 ply 54: Kb5 random=True changed=False
game 2 ply 56: Ka6 random=True changed=False
game 2 ply 58: Ka7 random=True changed=True
game 2 ply 60: b5 random=True changed=True
game 2 ply 62: Ka6 random=True changed=False
game 2 ply 64: Kb7 random=True changed=True
game 2 ply 66: Kc7 random=True changed=False
GAME 2: 1-0 checkmate 69 plies
{"points": {"Weak2 + Random": 0, "Weak4": 2}, "calls": 0, "interventions": 0, "jev_total_ms": 0, "jev_mean_ms": null, "tokens": 0, "random_picks": 55, "random_interventions": 40, "finished_games": 2}
