game 1 ply 1: d3 random=True changed=True
game 1 ply 3: Bd2 random=True changed=True
game 1 ply 5: h4 random=True changed=True
game 1 ply 9: e4 random=True changed=False
game 1 ply 11: b3 random=True changed=True
game 1 ply 13: Ke2 random=True changed=False
game 1 ply 15: Ra2 random=True changed=False
game 1 ply 19: Ne5 random=True changed=True
game 1 ply 20: Bxa3 random=False changed=False
game 1 ply 21: g4 random=True changed=True
game 1 ply 23: c3 random=True changed=False
game 1 ply 29: Qe2 random=True changed=True
GAME 1: 0-1 checkmate 32 plies
game 2 ply 2: b6 random=True changed=True
game 2 ply 4: Bb7 random=True changed=False
game 2 ply 6: d6 random=True changed=True
game 2 ply 8: g5 random=True changed=True
game 2 ply 10: Bg7 random=True changed=True
game 2 ply 12: Bxf6 random=True changed=False
game 2 ply 16: f6 random=True changed=True
game 2 ply 18: e6 random=True changed=True
game 2 ply 20: Qb8 random=True changed=False
game 2 ply 24: d5 random=True changed=True
game 2 ply 26: Qc8 random=True changed=True
game 2 ply 28: Qd8 random=True changed=True
game 2 ply 30: Kf7 random=True changed=True
game 2 ply 34: Rc8 random=True changed=True
game 2 ply 36: d4 random=True changed=False
game 2 ply 40: Kg6 random=True changed=True
game 2 ply 44: Kh6 random=True changed=True
GAME 2: 1-0 checkmate 47 plies
{"points": {"Weak2 + Random": 0, "Weak4": 2}, "calls": 0, "interventions": 0, "jev_total_ms": 0, "jev_mean_ms": null, "tokens": 0, "random_picks": 28, "random_interventions": 20, "finished_games": 2}
