game 1 ply 1: b3 random=True changed=True
game 1 ply 3: Ng1 random=True changed=True
game 1 ply 5: Na2 random=True changed=True
game 1 ply 7: h4 random=True changed=True
game 1 ply 11: Bb2 random=True changed=False
game 1 ply 13: f4 random=True changed=False
game 1 ply 15: a5 random=True changed=True
game 1 ply 20: cxd4 random=False changed=False
game 1 ply 21: c4 random=True changed=False
game 1 ply 25: c5 random=True changed=False
game 1 ply 27: d3 random=True changed=False
game 1 ply 31: Qxf1 random=True changed=False
game 1 ply 33: g3 random=True changed=False
game 1 ply 35: Qc1 random=True changed=False
game 1 ply 37: Qb2 random=True changed=True
game 1 ply 39: Ke1 random=True changed=False
game 1 ply 40: Qxg1+ random=False changed=False
game 1 ply 43: Qxd4 random=True changed=True
game 1 ply 49: Kb3 random=True changed=True
game 1 ply 55: Kb2 random=True changed=True
GAME 1: 0-1 checkmate 58 plies
game 2 ply 2: b5 random=True changed=True
game 2 ply 4: Nb8 random=True changed=True
game 2 ply 6: Bd7 random=True changed=False
game 2 ply 8: a5 random=True changed=True
game 2 ply 10: Nf6 random=True changed=False
game 2 ply 14: e5 random=True changed=True
game 2 ply 16: Nh5 random=True changed=True
game 2 ply 18: Bc5 random=True changed=False
game 2 ply 20: Bf8 random=True changed=True
game 2 ply 22: Bc5 random=True changed=False
GAME 2: 1/2-1/2 threefold_repetition 24 plies
{"points": {"Weak2 + Random": 0.5, "Weak4": 1.5}, "calls": 0, "interventions": 0, "jev_total_ms": 0, "jev_mean_ms": null, "tokens": 0, "random_picks": 28, "random_interventions": 15, "finished_games": 2}
