game 1 ply 1: Nc3 random=True changed=False
game 1 ply 3: b3 random=True changed=True
game 1 ply 5: d3 random=True changed=True
game 1 ply 7: Bb2 random=True changed=True
game 1 ply 9: g4 random=True changed=True
game 1 ply 11: e4 random=True changed=False
game 1 ply 15: Qe3 random=True changed=True
game 1 ply 17: Ke2 random=True changed=True
game 1 ply 19: fxe3 random=True changed=False
game 1 ply 20: Bc5 random=False changed=False
game 1 ply 21: Bg2 random=True changed=True
game 1 ply 23: b4 random=True changed=True
game 1 ply 25: Na2 random=True changed=True
game 1 ply 27: h4 random=True changed=True
GAME 1: 0-1 checkmate 32 plies
game 2 ply 2: f5 random=True changed=True
game 2 ply 4: b6 random=True changed=True
game 2 ply 8: e6 random=True changed=True
game 2 ply 14: g5 random=True changed=True
game 2 ply 18: Bb7 random=True changed=True
game 2 ply 20: Nge7 random=True changed=True
game 2 ply 22: Nf5 random=True changed=False
game 2 ply 24: Ke7 random=True changed=True
game 2 ply 26: hxg4 random=True changed=False
game 2 ply 28: d6 random=True changed=False
game 2 ply 30: Ng7 random=True changed=True
game 2 ply 32: Ne8 random=True changed=False
game 2 ply 34: Nf6 random=True changed=False
game 2 ply 36: Rab8 random=True changed=True
game 2 ply 38: Ra8 random=True changed=False
game 2 ply 40: Ra7 random=True changed=True
GAME 2: 1/2-1/2 threefold_repetition 42 plies
{"points": {"Weak2 + Random": 0.5, "Weak4": 1.5}, "calls": 0, "interventions": 0, "jev_total_ms": 0, "jev_mean_ms": null, "tokens": 0, "random_picks": 29, "random_interventions": 20, "finished_games": 2}
