game 1 ply 1: h4 random=True changed=False
game 1 ply 3: e3 random=True changed=True
game 1 ply 5: Bb5 random=True changed=True
game 1 ply 7: Bxc6 random=True changed=False
game 1 ply 9: Ne5 random=True changed=False
game 1 ply 15: Nh2 random=True changed=True
game 1 ply 17: b4 random=True changed=True
game 1 ply 20: Qxf1# random=False changed=False
GAME 1: 0-1 checkmate 20 plies
game 2 ply 2: a5 random=True changed=False
game 2 ply 4: d6 random=True changed=True
game 2 ply 6: Bd7 random=True changed=True
game 2 ply 8: e5 random=True changed=True
game 2 ply 10: Be6 random=True changed=True
game 2 ply 12: b5 random=True changed=False
game 2 ply 14: Ne7 random=True changed=True
game 2 ply 18: g5 random=True changed=True
game 2 ply 20: f5 random=True changed=True
game 2 ply 22: Nc8 random=True changed=True
game 2 ply 24: Bg4 random=True changed=True
game 2 ply 30: c5 random=True changed=False
game 2 ply 32: Be7 random=True changed=True
game 2 ply 34: Bf6 random=True changed=False
game 2 ply 36: Qg6 random=True changed=False
game 2 ply 38: Be6 random=True changed=False
game 2 ply 40: Qg3+ random=False changed=False
game 2 ply 42: Qg5 random=True changed=True
game 2 ply 44: Qe3 random=True changed=False
game 2 ply 46: Rg8 random=True changed=True
game 2 ply 48: Qd4 random=True changed=True
game 2 ply 50: Qg1 random=True changed=True
game 2 ply 54: Qxf1+ random=True changed=True
game 2 ply 58: Kf8 random=True changed=True
game 2 ply 60: Rg3 random=True changed=False
GAME 2: 1-0 checkmate 63 plies
{"points": {"Weak2 + Random": 0, "Weak4": 2}, "calls": 0, "interventions": 0, "jev_total_ms": 0, "jev_mean_ms": null, "tokens": 0, "random_picks": 31, "random_interventions": 20, "finished_games": 2}
