game 1 ply 1: a4 random=True changed=False
game 1 ply 3: e3 random=True changed=True
game 1 ply 5: Bc4 random=True changed=False
game 1 ply 7: Bd3 random=True changed=True
game 1 ply 9: Rb1 random=True changed=True
game 1 ply 11: Bf1 random=True changed=True
game 1 ply 13: b3 random=True changed=True
game 1 ply 17: a5 random=True changed=True
game 1 ply 19: d3 random=True changed=True
game 1 ply 20: Nc6 random=False changed=False
game 1 ply 21: Bb2 random=True changed=False
game 1 ply 23: b4 random=True changed=False
game 1 ply 25: g3 random=True changed=True
game 1 ply 31: d4 random=True changed=True
game 1 ply 33: Qd2 random=True changed=True
game 1 ply 35: Qd3 random=True changed=True
game 1 ply 37: Kf1 random=True changed=True
game 1 ply 39: Kg1 random=True changed=True
game 1 ply 40: Nxb1 random=False changed=False
game 1 ply 41: Rh2 random=True changed=False
GAME 1: 0-1 checkmate 50 plies
game 2 ply 2: a5 random=True changed=True
game 2 ply 4: b6 random=True changed=True
game 2 ply 6: d6 random=True changed=True
game 2 ply 8: Be6 random=True changed=False
game 2 ply 10: Bd7 random=True changed=False
game 2 ply 14: d5 random=True changed=False
game 2 ply 16: Be6 random=True changed=False
game 2 ply 18: h5 random=True changed=True
game 2 ply 20: c5 random=True changed=False
game 2 ply 24: Ke8 random=True changed=True
game 2 ply 26: g6 random=True changed=True
game 2 ply 30: Kc8 random=True changed=False
game 2 ply 32: Kb7 random=True changed=False
game 2 ply 34: Bg7 random=True changed=False
game 2 ply 36: Kb8 random=True changed=True
game 2 ply 40: Nh7 random=False changed=False
game 2 ply 46: Ne6 random=True changed=False
game 2 ply 48: Nf8 random=True changed=True
game 2 ply 50: Ka7 random=True changed=False
game 2 ply 54: Ka7 random=True changed=False
game 2 ply 56: Kb6 random=True changed=True
game 2 ply 58: Ka6 random=True changed=False
game 2 ply 60: Ka7 random=True changed=False
game 2 ply 62: Ka8 random=True changed=True
game 2 ply 64: Ka7 random=True changed=False
game 2 ply 66: Kb6 random=True changed=True
game 2 ply 68: Kb7 random=True changed=True
game 2 ply 70: Ka6 random=True changed=False
game 2 ply 72: Kb5 random=True changed=True
game 2 ply 74: Kc6 random=True changed=True
game 2 ply 76: Kb6 random=True changed=True
game 2 ply 80: Kb6 random=False changed=False
GAME 2: 1-0 checkmate 81 plies
{"points": {"Weak2 + Random": 0, "Weak4": 2}, "calls": 0, "interventions": 0, "jev_total_ms": 0, "jev_mean_ms": null, "tokens": 0, "random_picks": 48, "random_interventions": 28, "finished_games": 2}
