game 1 ply 1: Nf3 random=True changed=False
game 1 ply 3: Ne5 random=True changed=False
game 1 ply 5: Nxc6 random=True changed=False
game 1 ply 7: Ne3 random=True changed=True
game 1 ply 11: Nf5 random=True changed=False
game 1 ply 15: d4 random=True changed=True
game 1 ply 17: Rxc1 random=True changed=False
game 1 ply 20: Bb7 random=False changed=False
game 1 ply 21: g4 random=True changed=True
game 1 ply 23: a3 random=True changed=True
game 1 ply 33: g5 random=True changed=True
game 1 ply 35: e3 random=True changed=True
game 1 ply 37: Bg2 random=True changed=True
game 1 ply 39: f3 random=True changed=True
game 1 ply 40: Ra2+ random=False changed=False
game 1 ply 41: Kc1 random=True changed=False
game 1 ply 45: h4 random=True changed=False
game 1 ply 47: Kd1 random=True changed=True
game 1 ply 49: Ke1 random=True changed=True
game 1 ply 51: Kf2 random=True changed=True
game 1 ply 53: Kg2 random=True changed=True
game 1 ply 57: Kg2 random=True changed=False
game 1 ply 59: Kf2 random=True changed=True
game 1 ply 60: Qxc5 random=False changed=False
game 1 ply 61: Ke2 random=True changed=True
game 1 ply 63: Kd1 random=True changed=False
game 1 ply 67: Kb3 random=True changed=True
game 1 ply 69: Ka2 random=True changed=False
game 1 ply 71: Kb1 random=True changed=True
game 1 ply 73: Ka2 random=True changed=True
game 1 ply 75: Kb1 random=True changed=True
game 1 ply 77: Kb2 random=True changed=True
game 1 ply 79: Ka1 random=True changed=False
game 1 ply 80: Nb4 random=False changed=False
GAME 1: 0-1 checkmate 82 plies
game 2 ply 4: Nc6 random=True changed=False
game 2 ply 6: Bd6 random=True changed=False
game 2 ply 10: h5 random=True changed=False
game 2 ply 12: Rb8 random=True changed=True
game 2 ply 14: Rh6 random=True changed=True
game 2 ply 16: Ra8 random=True changed=True
game 2 ply 18: Ra6 random=True changed=True
game 2 ply 20: g5 random=True changed=True
game 2 ply 24: h4 random=True changed=True
game 2 ply 28: Ra8 random=True changed=True
game 2 ply 36: Ke8 random=True changed=True
game 2 ply 40: Nc6 random=False changed=False
game 2 ply 42: Nge7 random=True changed=True
game 2 ply 44: Ra8 random=True changed=True
game 2 ply 46: Rb8 random=True changed=True
game 2 ply 52: Nc6 random=True changed=False
game 2 ply 54: Nd4 random=True changed=False
game 2 ply 56: Kf8 random=True changed=True
game 2 ply 58: f6 random=True changed=True
game 2 ply 60: Rb4 random=True changed=True
game 2 ply 62: Rh7 random=True changed=True
game 2 ply 64: Rbb7 random=True changed=True
game 2 ply 66: Ke8 random=True changed=False
game 2 ply 68: Rb2 random=True changed=True
game 2 ply 70: Nf3+ random=True changed=True
game 2 ply 74: Kf7 random=True changed=True
game 2 ply 78: Kg6 random=True changed=True
game 2 ply 80: Nxf2 random=True changed=True
game 2 ply 86: Kg5 random=True changed=True
game 2 ply 90: Kg5 random=True changed=False
game 2 ply 92: Rb3 random=True changed=True
game 2 ply 94: Rb2 random=True changed=True
game 2 ply 96: h3 random=True changed=False
game 2 ply 98: Ra2 random=True changed=False
game 2 ply 100: Kh4 random=True changed=True
game 2 ply 102: Re2+ random=True changed=True
GAME 2: 1-0 checkmate 105 plies
{"points": {"Weak2 + Random": 0, "Weak4": 2}, "calls": 0, "interventions": 0, "jev_total_ms": 0, "jev_mean_ms": null, "tokens": 0, "random_picks": 65, "random_interventions": 45, "finished_games": 2}
