game 1 ply 1: d4 random=True changed=True
game 1 ply 3: Nc3 random=True changed=True
game 1 ply 5: Bf4 random=True changed=True
game 1 ply 7: Nd2 random=True changed=False
game 1 ply 11: Be3 random=True changed=True
game 1 ply 15: f3 random=True changed=True
game 1 ply 20: Ke8 random=False changed=False
GAME 1: 1/2-1/2 threefold_repetition 25 plies
game 2 ply 2: Bd7 random=True changed=True
game 2 ply 4: Ne4 random=True changed=False
game 2 ply 6: Nd6 random=True changed=False
game 2 ply 8: b5 random=True changed=True
game 2 ply 10: a5 random=True changed=False
game 2 ply 14: e5 random=True changed=True
game 2 ply 18: Nc8 random=True changed=True
game 2 ply 20: Bc5 random=True changed=True
game 2 ply 22: Be7 random=True changed=True
game 2 ply 30: Bf5 random=True changed=True
game 2 ply 34: Bd6 random=True changed=True
game 2 ply 36: Kh6 random=True changed=True
game 2 ply 40: g5 random=False changed=False
GAME 2: 1-0 checkmate 41 plies
{"points": {"Weak2 + Random": 0.5, "Weak4": 1.5}, "calls": 0, "interventions": 0, "jev_total_ms": 0, "jev_mean_ms": null, "tokens": 0, "random_picks": 18, "random_interventions": 14, "finished_games": 2}
