game 1 ply 1: e4 random=True changed=True
game 1 ply 5: Nf3 random=True changed=True
game 1 ply 9: Bc4 random=True changed=False
game 1 ply 11: f4 random=True changed=True
game 1 ply 13: Bd5 random=True changed=False
game 1 ply 15: Ba2 random=True changed=True
game 1 ply 17: Kf1 random=True changed=False
game 1 ply 19: Ke1 random=True changed=False
game 1 ply 20: d3 random=False changed=False
game 1 ply 33: Kf1 random=True changed=True
game 1 ply 37: Bb3 random=True changed=False
game 1 ply 39: Ke2 random=True changed=True
game 1 ply 40: Qe4+ random=False changed=False
game 1 ply 41: Kd1 random=True changed=False
game 1 ply 43: Ke1 random=True changed=True
game 1 ply 47: h4 random=True changed=True
game 1 ply 51: b4 random=True changed=True
game 1 ply 53: Ra2 random=True changed=True
game 1 ply 55: Ke1 random=True changed=True
game 1 ply 57: d3 random=True changed=False
game 1 ply 59: a5 random=True changed=False
game 1 ply 60: Qxc1+ random=False changed=False
game 1 ply 65: Kf4 random=True changed=False
GAME 1: 0-1 checkmate 68 plies
game 2 ply 2: Nd4 random=True changed=True
game 2 ply 6: c5 random=True changed=False
game 2 ply 8: h5 random=True changed=False
game 2 ply 10: f5 random=True changed=True
game 2 ply 16: Be7 random=True changed=True
game 2 ply 18: Bd6 random=True changed=True
game 2 ply 20: b6 random=True changed=True
game 2 ply 30: Qb4 random=True changed=True
game 2 ply 34: Ke6 random=True changed=False
game 2 ply 36: Kf5 random=True changed=False
GAME 2: 1-0 checkmate 39 plies
{"points": {"Weak2 + Random": 0, "Weak4": 2}, "calls": 0, "interventions": 0, "jev_total_ms": 0, "jev_mean_ms": null, "tokens": 0, "random_picks": 30, "random_interventions": 17, "finished_games": 2}
