game 1 ply 1: Nc3 random=True changed=False
game 1 ply 3: d3 random=True changed=True
game 1 ply 7: Be3 random=True changed=False
game 1 ply 9: h4 random=True changed=False
game 1 ply 11: b3 random=True changed=False
game 1 ply 13: g4 random=True changed=False
game 1 ply 15: Bc5 random=True changed=False
game 1 ply 20: Qxc3+ random=False changed=False
game 1 ply 27: Kd2 random=True changed=True
game 1 ply 29: Rg1 random=True changed=False
game 1 ply 33: Kd1 random=True changed=True
game 1 ply 35: Ke1 random=True changed=True
game 1 ply 40: Ra8 random=False changed=False
game 1 ply 41: Bb6 random=True changed=True
game 1 ply 43: Be3 random=True changed=True
game 1 ply 49: Ke3 random=True changed=True
game 1 ply 51: Bg7 random=True changed=True
game 1 ply 53: Ke4 random=True changed=False
game 1 ply 55: Bf6 random=True changed=True
game 1 ply 57: Ke3 random=True changed=False
game 1 ply 59: a5 random=True changed=False
game 1 ply 60: Bf5 random=False changed=False
game 1 ply 61: h5 random=True changed=False
game 1 ply 63: Kd2 random=True changed=True
game 1 ply 65: e3 random=True changed=True
game 1 ply 67: Be5 random=True changed=False
game 1 ply 69: Bf4 random=True changed=True
GAME 1: 0-1 checkmate 72 plies
game 2 ply 2: b6 random=True changed=True
game 2 ply 6: Nb4 random=True changed=False
game 2 ply 8: h5 random=True changed=True
game 2 ply 10: d6 random=True changed=True
game 2 ply 14: Bb7 random=True changed=True
game 2 ply 20: Qd7 random=False changed=False
game 2 ply 24: f5 random=True changed=False
game 2 ply 26: f4 random=True changed=True
game 2 ply 28: e6 random=True changed=True
game 2 ply 30: g5 random=True changed=True
game 2 ply 32: Be7 random=True changed=False
game 2 ply 34: Rg8 random=True changed=True
game 2 ply 38: Bxg5 random=True changed=False
game 2 ply 40: Ke7 random=True changed=True
game 2 ply 42: Kf7 random=True changed=True
GAME 2: 1-0 checkmate 45 plies
{"points": {"Weak2 + Random": 0, "Weak4": 2}, "calls": 0, "interventions": 0, "jev_total_ms": 0, "jev_mean_ms": null, "tokens": 0, "random_picks": 38, "random_interventions": 22, "finished_games": 2}
