game 1 ply 5: Nf3 random=True changed=False
game 1 ply 7: h4 random=True changed=True
game 1 ply 11: Nb1 random=True changed=True
game 1 ply 13: Na3 random=True changed=False
game 1 ply 17: c4 random=True changed=False
game 1 ply 19: d3 random=True changed=True
game 1 ply 20: h6 random=False changed=False
game 1 ply 21: Bd2 random=True changed=True
GAME 1: 1/2-1/2 threefold_repetition 31 plies
game 2 ply 2: h5 random=True changed=True
game 2 ply 4: g5 random=True changed=False
game 2 ply 6: g4 random=True changed=True
game 2 ply 10: Nc6 random=True changed=False
game 2 ply 12: bxc6 random=True changed=False
game 2 ply 16: Nh7 random=True changed=True
game 2 ply 20: Ke7 random=False changed=False
game 2 ply 22: a6 random=True changed=True
game 2 ply 24: a5 random=True changed=True
game 2 ply 26: c5 random=True changed=False
game 2 ply 28: Kf6 random=True changed=False
game 2 ply 30: d5 random=True changed=False
game 2 ply 34: Ke6 random=True changed=True
game 2 ply 36: Kd6 random=True changed=False
game 2 ply 38: Kd7 random=True changed=True
game 2 ply 40: c4 random=True changed=True
game 2 ply 42: Ke7 random=True changed=True
game 2 ply 44: Kd7 random=True changed=False
game 2 ply 46: f5 random=True changed=True
game 2 ply 48: f4 random=True changed=True
game 2 ply 50: Kc7 random=True changed=True
game 2 ply 54: Kd7 random=True changed=True
game 2 ply 56: Kc7 random=True changed=True
game 2 ply 58: Bg4 random=True changed=True
game 2 ply 60: Bh5 random=True changed=True
game 2 ply 62: Kd8 random=True changed=True
game 2 ply 64: Kd7 random=True changed=True
game 2 ply 66: Kc8 random=True changed=True
game 2 ply 68: Kd7 random=True changed=True
game 2 ply 70: Kc8 random=True changed=True
game 2 ply 72: Kd8 random=True changed=True
game 2 ply 74: Kc7 random=True changed=False
game 2 ply 76: Kc8 random=True changed=True
GAME 2: 1-0 checkmate 79 plies
{"points": {"Weak2 + Random": 0.5, "Weak4": 1.5}, "calls": 0, "interventions": 0, "jev_total_ms": 0, "jev_mean_ms": null, "tokens": 0, "random_picks": 39, "random_interventions": 27, "finished_games": 2}
