game 1 ply 3: d4 random=True changed=True
game 1 ply 5: Bf4 random=True changed=False
game 1 ply 9: b4 random=True changed=True
game 1 ply 11: Nf3 random=True changed=True
game 1 ply 13: Be3 random=True changed=False
game 1 ply 15: Ne4 random=True changed=False
game 1 ply 17: Nc3 random=True changed=False
game 1 ply 20: exd5 random=False changed=False
game 1 ply 21: h4 random=True changed=True
game 1 ply 25: Ra2 random=True changed=True
game 1 ply 27: Bd2 random=True changed=True
game 1 ply 29: Kxd2 random=True changed=True
game 1 ply 31: g4 random=True changed=True
game 1 ply 33: Ne1 random=True changed=True
game 1 ply 39: Nd3 random=True changed=False
game 1 ply 40: Qa6 random=False changed=False
game 1 ply 43: Nc5 random=True changed=True
game 1 ply 45: Kc1 random=True changed=True
game 1 ply 49: Ne5 random=True changed=False
game 1 ply 53: Kb1 random=True changed=True
game 1 ply 55: Ka1 random=True changed=False
game 1 ply 57: Kb2 random=True changed=True
game 1 ply 59: Bg2 random=True changed=True
game 1 ply 60: c3+ random=False changed=False
game 1 ply 61: Kb3 random=True changed=True
game 1 ply 63: Bxd5+ random=True changed=True
game 1 ply 67: Kb2 random=True changed=False
game 1 ply 69: Ka1 random=True changed=False
game 1 ply 71: Kb1 random=True changed=False
game 1 ply 73: Ka2 random=True changed=True
game 1 ply 75: Kb1 random=True changed=False
game 1 ply 77: Kc1 random=True changed=True
game 1 ply 79: Kb1 random=True changed=False
GAME 1: 1/2-1/2 threefold_repetition 79 plies
game 2 ply 2: h5 random=True changed=True
game 2 ply 4: Neg4 random=True changed=True
game 2 ply 8: Nf5 random=True changed=False
game 2 ply 12: b6 random=True changed=True
game 2 ply 14: a5 random=True changed=False
game 2 ply 16: Nd6 random=True changed=False
game 2 ply 18: Nb7 random=True changed=True
game 2 ply 20: g6 random=True changed=False
game 2 ply 24: Bg7 random=True changed=True
game 2 ply 32: Ra6 random=True changed=True
game 2 ply 34: b5 random=True changed=True
game 2 ply 36: c6 random=True changed=True
game 2 ply 40: Ra8 random=True changed=True
game 2 ply 42: Ra7 random=True changed=True
game 2 ply 46: a4 random=True changed=True
game 2 ply 48: f5 random=True changed=True
game 2 ply 50: Kg7 random=True changed=True
game 2 ply 52: Kxh8 random=True changed=True
game 2 ply 54: Ra8 random=True changed=True
game 2 ply 56: Qg8 random=True changed=False
GAME 2: 1-0 checkmate 59 plies
{"points": {"Weak2 + Random": 0.5, "Weak4": 1.5}, "calls": 0, "interventions": 0, "jev_total_ms": 0, "jev_mean_ms": null, "tokens": 0, "random_picks": 50, "random_interventions": 33, "finished_games": 2}
