game 1 ply 1: f4 random=True changed=True
game 1 ply 3: Ne3 random=True changed=True
game 1 ply 7: Nf3 random=True changed=False
game 1 ply 9: Nxd5 random=True changed=False
game 1 ply 11: d4 random=True changed=False
game 1 ply 15: Be3 random=True changed=False
game 1 ply 19: b3 random=True changed=True
game 1 ply 20: Ng4+ random=False changed=False
game 1 ply 21: Kg3 random=True changed=True
game 1 ply 23: Qc1 random=True changed=True
game 1 ply 27: c4 random=True changed=True
game 1 ply 35: Kf2 random=True changed=False
game 1 ply 39: g4 random=True changed=True
game 1 ply 40: Bc6 random=False changed=False
game 1 ply 43: Be2 random=True changed=True
game 1 ply 51: Nf5 random=True changed=False
game 1 ply 53: h4 random=True changed=True
game 1 ply 55: h5 random=True changed=True
game 1 ply 57: c5 random=True changed=False
game 1 ply 59: Bc4 random=True changed=False
game 1 ply 60: Rxc5 random=False changed=False
game 1 ply 61: g5+ random=True changed=False
game 1 ply 63: Bf7 random=True changed=True
game 1 ply 65: Ke3 random=True changed=True
game 1 ply 67: Ba2 random=True changed=True
game 1 ply 69: Be6 random=True changed=False
game 1 ply 71: Kd2 random=True changed=False
game 1 ply 73: Kc2 random=True changed=True
game 1 ply 75: Kb2 random=True changed=True
game 1 ply 77: Ka2 random=True changed=True
game 1 ply 79: Kb2 random=True changed=True
game 1 ply 80: a3+ random=False changed=False
game 1 ply 81: Kc1 random=True changed=True
game 1 ply 83: Kd1 random=True changed=True
game 1 ply 85: Kd2 random=True changed=True
GAME 1: 0-1 checkmate 88 plies
game 2 ply 2: c6 random=True changed=True
game 2 ply 8: f5 random=True changed=True
game 2 ply 12: e6 random=True changed=True
game 2 ply 14: g5 random=True changed=True
game 2 ply 18: Ne7 random=True changed=True
game 2 ply 20: d5 random=True changed=True
game 2 ply 22: h5 random=True changed=True
game 2 ply 24: Rg8 random=True changed=True
game 2 ply 26: Bg7 random=True changed=True
game 2 ply 28: Rf8 random=True changed=False
game 2 ply 32: Kd7 random=True changed=True
game 2 ply 34: b6 random=True changed=True
game 2 ply 36: Rf1+ random=True changed=True
game 2 ply 40: Qd8 random=False changed=False
game 2 ply 44: Bg4 random=True changed=True
game 2 ply 48: Kb7 random=True changed=True
game 2 ply 52: Ka6 random=True changed=True
game 2 ply 54: Kb7 random=True changed=True
game 2 ply 56: Ka7 random=True changed=True
game 2 ply 58: Bh3 random=True changed=True
game 2 ply 60: Ka6 random=False changed=False
GAME 2: 1-0 checkmate 63 plies
{"points": {"Weak2 + Random": 0, "Weak4": 2}, "calls": 0, "interventions": 0, "jev_total_ms": 0, "jev_mean_ms": null, "tokens": 0, "random_picks": 50, "random_interventions": 38, "finished_games": 2}
