game 1 ply 1: h4 random=True changed=True
game 1 ply 3: Ne4 random=True changed=True
game 1 ply 5: b3 random=True changed=True
game 1 ply 9: Ng1 random=True changed=True
game 1 ply 11: f4 random=True changed=False
game 1 ply 13: Bb2 random=True changed=True
game 1 ply 15: Bc3 random=True changed=True
game 1 ply 19: Bc3 random=True changed=True
game 1 ply 20: Nd5 random=False changed=False
game 1 ply 23: d3 random=True changed=True
game 1 ply 35: c3 random=True changed=False
game 1 ply 40: Qe3# random=False changed=False
GAME 1: 0-1 checkmate 40 plies
game 2 ply 2: c4 random=True changed=True
game 2 ply 4: Ng8 random=True changed=True
game 2 ply 6: Na6 random=True changed=True
game 2 ply 8: f5 random=True changed=True
game 2 ply 10: b6 random=True changed=True
game 2 ply 14: d5 random=True changed=True
game 2 ply 16: Be6 random=True changed=False
game 2 ply 18: Bc8 random=True changed=True
game 2 ply 20: Bf5 random=True changed=False
game 2 ply 22: b5 random=True changed=True
game 2 ply 34: a6 random=True changed=True
GAME 2: 1-0 checkmate 37 plies
{"points": {"Weak2 + Random": 0, "Weak4": 2}, "calls": 0, "interventions": 0, "jev_total_ms": 0, "jev_mean_ms": null, "tokens": 0, "random_picks": 21, "random_interventions": 17, "finished_games": 2}
