game 1 ply 1: e3 random=True changed=True
game 1 ply 3: Bd3 random=True changed=True
game 1 ply 7: Nc3 random=True changed=False
game 1 ply 11: b4 random=True changed=False
game 1 ply 13: Bb2 random=True changed=False
game 1 ply 17: d4 random=True changed=False
game 1 ply 19: a5 random=True changed=True
game 1 ply 20: bxa5 random=False changed=False
game 1 ply 21: c3 random=True changed=True
game 1 ply 23: g3 random=True changed=True
game 1 ply 25: e4 random=True changed=False
game 1 ply 27: Ra2 random=True changed=True
game 1 ply 29: Qa4 random=True changed=True
game 1 ply 31: d5 random=True changed=True
game 1 ply 33: Ra3 random=True changed=True
game 1 ply 35: Qxb4 random=True changed=True
game 1 ply 39: f4 random=True changed=False
game 1 ply 40: Rxa3 random=False changed=False
GAME 1: 0-1 checkmate 42 plies
game 2 ply 2: b5 random=True changed=True
game 2 ply 4: Nb8 random=True changed=True
game 2 ply 6: Bg6 random=True changed=True
game 2 ply 8: Bxh5 random=True changed=False
game 2 ply 10: a5 random=True changed=True
game 2 ply 14: f5 random=True changed=True
game 2 ply 16: Nf6 random=True changed=False
game 2 ply 18: Nbd7 random=True changed=True
game 2 ply 20: Nxd5 random=False changed=False
game 2 ply 22: Nb6 random=True changed=True
game 2 ply 24: h5 random=True changed=False
game 2 ply 26: e5 random=True changed=True
game 2 ply 28: Kf7 random=True changed=True
game 2 ply 30: Kg6 random=True changed=True
game 2 ply 32: Kf6 random=True changed=False
game 2 ply 34: Ke6 random=True changed=False
game 2 ply 38: Bd6 random=True changed=False
game 2 ply 40: Bxe5 random=False changed=False
game 2 ply 42: Kf6 random=True changed=True
game 2 ply 46: Kf7 random=True changed=True
game 2 ply 48: Nxc8 random=True changed=True
game 2 ply 50: Ne7 random=True changed=True
game 2 ply 52: Kf8 random=True changed=True
game 2 ply 54: Ng6 random=True changed=True
game 2 ply 56: Kg8 random=True changed=True
game 2 ply 58: Rh5 random=True changed=True
game 2 ply 60: Nf8 random=True changed=False
game 2 ply 62: Kh8 random=True changed=True
game 2 ply 64: Ng6 random=True changed=True
GAME 2: 1-0 checkmate 69 plies
{"points": {"Weak2 + Random": 0, "Weak4": 2}, "calls": 0, "interventions": 0, "jev_total_ms": 0, "jev_mean_ms": null, "tokens": 0, "random_picks": 43, "random_interventions": 30, "finished_games": 2}
