game 1 ply 1: b3 random=True changed=True
game 1 ply 3: Nf3 random=True changed=False
game 1 ply 7: Nb1 random=True changed=True
game 1 ply 9: Bb2 random=True changed=False
game 1 ply 11: g3 random=True changed=True
game 1 ply 13: Bg2 random=True changed=False
game 1 ply 15: d3 random=True changed=True
game 1 ply 17: Nd2 random=True changed=False
game 1 ply 20: dxc3 random=False changed=False
game 1 ply 21: Bxc3 random=True changed=False
game 1 ply 23: Ra2 random=True changed=False
game 1 ply 27: f3 random=True changed=True
game 1 ply 35: Raa1 random=True changed=True
game 1 ply 37: Ra3 random=True changed=True
game 1 ply 39: Rc3 random=True changed=True
game 1 ply 40: Ra8 random=False changed=False
game 1 ply 41: e3 random=True changed=False
game 1 ply 43: Rc2 random=True changed=True
game 1 ply 45: Rcc1 random=True changed=True
game 1 ply 47: Rb1 random=True changed=True
game 1 ply 49: Rb5 random=True changed=True
game 1 ply 51: Kc1 random=True changed=True
game 1 ply 53: Re1 random=True changed=False
game 1 ply 55: d4 random=True changed=True
game 1 ply 59: Rb1 random=True changed=False
game 1 ply 60: Rc7+ random=False changed=False
game 1 ply 61: Kd2 random=True changed=True
game 1 ply 63: Rf1 random=True changed=True
GAME 1: 0-1 checkmate 68 plies
game 2 ply 2: cxd4 random=True changed=False
game 2 ply 4: Ng8 random=True changed=True
game 2 ply 6: d6 random=True changed=True
game 2 ply 8: Be6 random=True changed=True
game 2 ply 10: Bd7 random=True changed=True
game 2 ply 14: h5 random=True changed=True
game 2 ply 16: f5 random=True changed=True
game 2 ply 18: a4 random=True changed=True
game 2 ply 20: Rxa4 random=False changed=False
game 2 ply 22: Qb6 random=True changed=True
game 2 ply 24: Qc5 random=True changed=False
game 2 ply 28: Kd7 random=True changed=False
game 2 ply 34: Qxc2 random=True changed=True
game 2 ply 40: Nxf5 random=True changed=False
game 2 ply 42: Ne7 random=True changed=True
game 2 ply 44: Qc1 random=True changed=True
game 2 ply 46: Qa1 random=True changed=True
game 2 ply 48: b6 random=True changed=False
game 2 ply 50: Kc7 random=True changed=True
game 2 ply 52: Ng8 random=True changed=True
GAME 2: 1-0 checkmate 57 plies
{"points": {"Weak2 + Random": 0, "Weak4": 2}, "calls": 0, "interventions": 0, "jev_total_ms": 0, "jev_mean_ms": null, "tokens": 0, "random_picks": 44, "random_interventions": 30, "finished_games": 2}
