game 1 ply 1: Nd4 random=True changed=True
game 1 ply 5: g4 random=True changed=True
game 1 ply 9: d4 random=True changed=True
game 1 ply 15: Na3 random=True changed=True
game 1 ply 19: Be3 random=True changed=False
game 1 ply 20: Nc4 random=False changed=False
game 1 ply 23: Bg2 random=True changed=False
game 1 ply 25: Bf3 random=True changed=True
game 1 ply 29: h4 random=True changed=False
game 1 ply 35: b3 random=True changed=True
game 1 ply 37: f3 random=True changed=True
game 1 ply 40: Qc3 random=False changed=False
game 1 ply 41: Rb1 random=True changed=True
game 1 ply 43: Ra1 random=True changed=True
game 1 ply 45: e4 random=True changed=True
game 1 ply 47: d5 random=True changed=False
game 1 ply 51: Ra2 random=True changed=False
game 1 ply 53: Rb2 random=True changed=True
game 1 ply 55: Ra2 random=True changed=False
game 1 ply 57: Rd2 random=True changed=True
game 1 ply 59: Rd1 random=True changed=True
game 1 ply 60: Rxa4 random=False changed=False
game 1 ply 63: Rd1 random=True changed=True
game 1 ply 65: Ra1 random=True changed=False
game 1 ply 67: Rg1 random=True changed=True
game 1 ply 71: Kf1 random=True changed=False
game 1 ply 77: Kd3 random=True changed=True
game 1 ply 79: d6 random=True changed=False
game 1 ply 80: cxd6 random=False changed=False
game 1 ply 81: Kc3 random=True changed=True
game 1 ply 83: Kc2 random=True changed=True
GAME 1: 0-1 checkmate 86 plies
game 2 ply 2: Nxc3 random=True changed=False
game 2 ply 4: f5 random=True changed=True
game 2 ply 6: Nc6 random=True changed=False
game 2 ply 8: g5 random=True changed=False
game 2 ply 10: b6 random=True changed=True
game 2 ply 18: e5 random=True changed=True
game 2 ply 20: exf4 random=False changed=False
game 2 ply 22: Rg4 random=True changed=False
game 2 ply 26: Bc5 random=True changed=False
game 2 ply 28: Ke7 random=True changed=False
game 2 ply 32: Kd8 random=True changed=False
game 2 ply 34: h5 random=True changed=False
game 2 ply 36: Ke8 random=True changed=True
game 2 ply 40: d6 random=True changed=True
game 2 ply 42: d5 random=True changed=False
game 2 ply 44: Ke7 random=True changed=True
game 2 ply 46: Kd6 random=True changed=False
game 2 ply 48: Ke5 random=True changed=True
game 2 ply 50: Rf3 random=True changed=True
game 2 ply 52: Kf6 random=True changed=True
game 2 ply 60: Kf4 random=False changed=False
GAME 2: 1-0 checkmate 61 plies
{"points": {"Weak2 + Random": 0, "Weak4": 2}, "calls": 0, "interventions": 0, "jev_total_ms": 0, "jev_mean_ms": null, "tokens": 0, "random_picks": 46, "random_interventions": 27, "finished_games": 2}
