game 1 ply 1: h4 random=True changed=True
game 1 ply 3: d3 random=True changed=True
game 1 ply 7: Nb5 random=True changed=False
game 1 ply 9: Bg5 random=True changed=True
game 1 ply 11: Bc1 random=True changed=True
game 1 ply 15: bxc3 random=True changed=False
game 1 ply 20: gxh6 random=False changed=False
game 1 ply 21: g4 random=True changed=True
game 1 ply 25: Ke1 random=True changed=True
game 1 ply 29: Ke1 random=True changed=True
game 1 ply 33: Nc2 random=True changed=False
game 1 ply 37: h5 random=True changed=True
game 1 ply 39: Bg2 random=True changed=True
game 1 ply 40: Rc8 random=False changed=False
game 1 ply 41: d4 random=True changed=True
GAME 1: 0-1 checkmate 48 plies
game 2 ply 2: cxd4 random=True changed=False
game 2 ply 4: b6 random=True changed=True
game 2 ply 8: Nh5 random=True changed=True
game 2 ply 10: Nc7 random=True changed=True
game 2 ply 12: Bb7 random=True changed=False
game 2 ply 14: Ra7 random=True changed=False
game 2 ply 16: Qa8 random=True changed=False
game 2 ply 20: Bxf3 random=False changed=False
game 2 ply 24: g6 random=True changed=True
game 2 ply 28: Rb7 random=True changed=True
game 2 ply 32: Bg7 random=True changed=False
game 2 ply 34: Ke8 random=True changed=True
game 2 ply 38: dxe6 random=True changed=False
game 2 ply 40: Bxb2 random=False changed=False
game 2 ply 46: Bd4 random=True changed=False
game 2 ply 48: Kf8 random=True changed=True
game 2 ply 50: h5 random=True changed=False
game 2 ply 52: h4 random=True changed=False
game 2 ply 54: Bb2+ random=True changed=False
GAME 2: 1-0 checkmate 59 plies
{"points": {"Weak2 + Random": 0, "Weak4": 2}, "calls": 0, "interventions": 0, "jev_total_ms": 0, "jev_mean_ms": null, "tokens": 0, "random_picks": 30, "random_interventions": 17, "finished_games": 2}
