game 1 ply 1: d4 random=True changed=True
game 1 ply 3: Bd2 random=True changed=True
game 1 ply 7: h4 random=True changed=True
game 1 ply 9: Be3 random=True changed=True
game 1 ply 17: Kf3 random=True changed=True
game 1 ply 19: Ke3 random=True changed=False
game 1 ply 20: Qc3+ random=False changed=False
GAME 1: 0-1 checkmate 22 plies
game 2 ply 2: c5 random=True changed=True
game 2 ply 4: cxd4 random=True changed=False
game 2 ply 6: b6 random=True changed=False
game 2 ply 8: Bb7 random=True changed=False
game 2 ply 10: d6 random=True changed=False
game 2 ply 12: Ng4 random=True changed=True
game 2 ply 16: Bc6 random=True changed=True
game 2 ply 20: h4 random=True changed=True
game 2 ply 22: Ra7 random=True changed=True
game 2 ply 26: g5 random=True changed=False
game 2 ply 38: Bg7 random=True changed=True
game 2 ply 40: Kf7 random=True changed=False
game 2 ply 42: Kxe7 random=True changed=False
game 2 ply 44: Kf7 random=True changed=True
game 2 ply 46: Kxg7 random=True changed=False
game 2 ply 48: Kg8 random=True changed=True
game 2 ply 54: Qb2+ random=True changed=False
GAME 2: 1-0 checkmate 57 plies
{"points": {"Weak2 + Random": 0, "Weak4": 2}, "calls": 0, "interventions": 0, "jev_total_ms": 0, "jev_mean_ms": null, "tokens": 0, "random_picks": 23, "random_interventions": 13, "finished_games": 2}
