game 1 ply 1: Bb2 random=True changed=True
game 1 ply 3: Nc3 random=True changed=False
game 1 ply 7: Nd4 random=True changed=True
game 1 ply 9: Nf3 random=True changed=True
game 1 ply 11: a3 random=True changed=True
game 1 ply 13: h4 random=True changed=False
game 1 ply 15: e3 random=True changed=True
game 1 ply 17: Bd3 random=True changed=True
game 1 ply 19: Bxa6 random=True changed=False
game 1 ply 20: Rxa6 random=False changed=False
game 1 ply 21: g3 random=True changed=True
game 1 ply 27: Qe2 random=True changed=True
game 1 ply 29: d3 random=True changed=False
game 1 ply 31: Bb2 random=True changed=False
game 1 ply 37: c3 random=True changed=True
game 1 ply 39: Rc1 random=True changed=True
game 1 ply 40: Qa3 random=False changed=False
game 1 ply 41: Rc2 random=True changed=True
game 1 ply 43: Qd2 random=True changed=True
game 1 ply 45: Qd1 random=True changed=False
game 1 ply 47: Re2 random=True changed=True
game 1 ply 49: Qc2 random=True changed=False
game 1 ply 53: f4 random=True changed=False
game 1 ply 55: Rf2 random=True changed=True
game 1 ply 59: Kg1 random=True changed=True
game 1 ply 60: Bc3 random=False changed=False
game 1 ply 61: Rc2 random=True changed=False
game 1 ply 63: e4 random=True changed=False
game 1 ply 65: Kg2 random=True changed=True
game 1 ply 67: Kg1 random=True changed=True
game 1 ply 69: Kh2 random=True changed=True
game 1 ply 73: Rb1 random=True changed=False
game 1 ply 75: Kh1 random=True changed=False
game 1 ply 77: Rb3 random=True changed=False
game 1 ply 80: Qxb2 random=False changed=False
GAME 1: 0-1 checkmate 82 plies
game 2 ply 2: d6 random=True changed=True
game 2 ply 4: Be6 random=True changed=False
game 2 ply 6: Nfd7 random=True changed=False
game 2 ply 14: h6 random=True changed=True
game 2 ply 18: Ne5 random=True changed=False
game 2 ply 20: Bxe4 random=False changed=False
game 2 ply 22: d5 random=True changed=True
game 2 ply 28: Qd6 random=True changed=True
game 2 ply 30: a5 random=True changed=False
game 2 ply 36: c5 random=True changed=False
game 2 ply 38: Ke8 random=True changed=True
game 2 ply 40: Qb6 random=True changed=False
game 2 ply 44: Ke8 random=True changed=True
game 2 ply 50: Qc7 random=True changed=True
game 2 ply 52: e6 random=True changed=False
game 2 ply 60: Nb8 random=False changed=False
game 2 ply 62: Kd7 random=True changed=False
game 2 ply 64: Bc5 random=True changed=False
game 2 ply 66: Kc8 random=True changed=True
GAME 2: 1-0 checkmate 71 plies
{"points": {"Weak2 + Random": 0, "Weak4": 2}, "calls": 0, "interventions": 0, "jev_total_ms": 0, "jev_mean_ms": null, "tokens": 0, "random_picks": 48, "random_interventions": 26, "finished_games": 2}
