game 1 ply 1: d4 random=True changed=True
game 1 ply 3: b3 random=True changed=True
game 1 ply 5: Be3 random=True changed=False
game 1 ply 9: f3 random=True changed=True
game 1 ply 11: Rh3 random=True changed=True
game 1 ply 15: Rg3 random=True changed=False
game 1 ply 17: c3 random=True changed=False
game 1 ply 19: Ra2 random=True changed=True
game 1 ply 20: f5 random=False changed=False
game 1 ply 21: Ra1 random=True changed=True
game 1 ply 23: Ra2 random=True changed=True
game 1 ply 27: Rh3 random=True changed=True
game 1 ply 29: g4 random=True changed=False
game 1 ply 33: h5 random=True changed=True
game 1 ply 35: Ra3 random=True changed=True
game 1 ply 37: Ra1 random=True changed=True
game 1 ply 40: Rxb3 random=False changed=False
game 1 ply 41: Ra2 random=True changed=True
game 1 ply 45: Ra1 random=True changed=True
game 1 ply 47: Ra2 random=True changed=True
game 1 ply 49: f4 random=True changed=True
game 1 ply 51: Rc2 random=True changed=True
game 1 ply 53: Ra2 random=True changed=True
game 1 ply 55: Rh4 random=True changed=True
game 1 ply 57: Ra1 random=True changed=True
game 1 ply 59: Ra2 random=True changed=False
game 1 ply 60: d4 random=False changed=False
game 1 ply 61: Nf3 random=True changed=False
game 1 ply 63: h6 random=True changed=False
game 1 ply 67: Ra3 random=True changed=False
game 1 ply 69: Rd3 random=True changed=False
game 1 ply 71: Kg1 random=True changed=True
game 1 ply 73: Kf1 random=True changed=False
game 1 ply 80: Rf2# random=False changed=False
GAME 1: 0-1 checkmate 80 plies
game 2 ply 2: b6 random=True changed=True
game 2 ply 6: c5 random=True changed=False
game 2 ply 8: a5 random=True changed=True
game 2 ply 14: d5 random=True changed=True
game 2 ply 16: Bd7 random=True changed=True
game 2 ply 18: Bc6 random=True changed=False
game 2 ply 20: h5 random=True changed=True
game 2 ply 22: Bd7 random=True changed=False
game 2 ply 24: Ra2 random=True changed=True
game 2 ply 26: Qa5+ random=True changed=False
game 2 ply 28: Qa3 random=True changed=False
game 2 ply 34: Qb2 random=True changed=True
game 2 ply 36: e5 random=True changed=True
game 2 ply 40: Rxb2 random=False changed=False
game 2 ply 42: dxc4 random=True changed=True
game 2 ply 44: Ke6 random=True changed=True
game 2 ply 46: Kf5 random=True changed=True
game 2 ply 50: Kh7 random=True changed=True
game 2 ply 52: Be3 random=True changed=False
game 2 ply 54: Bh6 random=True changed=True
game 2 ply 56: Bc1 random=True changed=True
game 2 ply 58: Be3 random=True changed=False
game 2 ply 60: Ra8 random=True changed=True
game 2 ply 68: Kh8 random=True changed=True
game 2 ply 72: Kh8 random=True changed=True
game 2 ply 76: Ra1+ random=True changed=False
game 2 ply 78: Rc1+ random=True changed=True
game 2 ply 80: Bf2 random=True changed=True
game 2 ply 84: Kh8 random=True changed=True
game 2 ply 88: Kg8 random=True changed=False
GAME 2: 1/2-1/2 threefold_repetition 90 plies
{"points": {"Weak2 + Random": 0.5, "Weak4": 1.5}, "calls": 0, "interventions": 0, "jev_total_ms": 0, "jev_mean_ms": null, "tokens": 0, "random_picks": 59, "random_interventions": 40, "finished_games": 2}
