game 1 ply 1: h4 random=True changed=True
game 1 ply 3: Nxc6 random=True changed=False
game 1 ply 5: f4 random=True changed=True
game 1 ply 7: g4 random=True changed=True
game 1 ply 9: a3 random=True changed=True
game 1 ply 13: Rh2 random=True changed=True
game 1 ply 15: Bg2 random=True changed=False
game 1 ply 19: Ra2 random=True changed=True
game 1 ply 20: Bd6 random=False changed=False
game 1 ply 21: Ra1 random=True changed=True
game 1 ply 23: Ra2 random=True changed=True
game 1 ply 25: Ra1 random=True changed=True
game 1 ply 27: Ra2 random=True changed=True
game 1 ply 29: Rg1 random=True changed=True
game 1 ply 37: c3 random=True changed=False
game 1 ply 40: Qxh3+ random=False changed=False
game 1 ply 41: Kf2 random=True changed=True
game 1 ply 43: Kf1 random=True changed=False
game 1 ply 45: Kg2 random=True changed=True
game 1 ply 47: Kf1 random=True changed=False
game 1 ply 49: Ke1 random=True changed=False
GAME 1: 1/2-1/2 threefold_repetition 51 plies
game 2 ply 2: Nc6 random=True changed=False
game 2 ply 4: Nd4 random=True changed=False
game 2 ply 8: Ne4 random=True changed=True
game 2 ply 12: d5 random=True changed=False
game 2 ply 14: Be6 random=True changed=False
game 2 ply 16: Nh5 random=True changed=True
game 2 ply 20: exd3 random=False changed=False
game 2 ply 22: a4 random=True changed=True
game 2 ply 26: Qa7 random=True changed=False
game 2 ply 30: d2+ random=True changed=False
game 2 ply 32: Qd6+ random=True changed=True
game 2 ply 34: b6 random=True changed=True
game 2 ply 36: g5 random=True changed=True
game 2 ply 38: Bxf7 random=True changed=True
game 2 ply 40: Bg6+ random=True changed=True
game 2 ply 42: b5 random=True changed=True
game 2 ply 44: h5 random=True changed=True
game 2 ply 46: Bh7 random=True changed=True
game 2 ply 48: Ra5 random=True changed=False
game 2 ply 50: Bf5 random=True changed=False
game 2 ply 52: e6 random=True changed=False
game 2 ply 54: Be4 random=True changed=False
game 2 ply 58: Qd7 random=True changed=True
game 2 ply 60: Kd8 random=True changed=False
game 2 ply 62: Kc8 random=True changed=True
game 2 ply 64: Qd8 random=True changed=False
game 2 ply 66: Kd7 random=True changed=True
game 2 ply 68: Kc8 random=True changed=False
GAME 2: 1-0 checkmate 71 plies
{"points": {"Weak2 + Random": 0.5, "Weak4": 1.5}, "calls": 0, "interventions": 0, "jev_total_ms": 0, "jev_mean_ms": null, "tokens": 0, "random_picks": 46, "random_interventions": 27, "finished_games": 2}
