game 1 ply 1: f4 random=True changed=True
game 1 ply 5: g4 random=True changed=True
game 1 ply 7: Bg2 random=True changed=True
game 1 ply 9: Be4 random=True changed=True
game 1 ply 11: Bg2 random=True changed=True
game 1 ply 13: c3 random=True changed=True
game 1 ply 15: h4 random=True changed=False
game 1 ply 17: Ra3 random=True changed=True
game 1 ply 19: Bxb7 random=True changed=True
game 1 ply 20: Ra7 random=False changed=False
game 1 ply 25: Ra1 random=True changed=True
game 1 ply 29: Bb5 random=True changed=True
GAME 1: 0-1 checkmate 36 plies
game 2 ply 4: e5 random=True changed=False
game 2 ply 6: Bd6 random=True changed=False
game 2 ply 8: a5 random=True changed=False
game 2 ply 10: Bf8 random=True changed=True
game 2 ply 12: g5 random=True changed=False
game 2 ply 20: h5 random=True changed=True
game 2 ply 22: Bg7 random=True changed=False
game 2 ply 24: f6 random=True changed=True
game 2 ply 28: Ne7 random=True changed=False
game 2 ply 32: b5 random=True changed=False
GAME 2: 1-0 checkmate 35 plies
{"points": {"Weak2 + Random": 0, "Weak4": 2}, "calls": 0, "interventions": 0, "jev_total_ms": 0, "jev_mean_ms": null, "tokens": 0, "random_picks": 21, "random_interventions": 13, "finished_games": 2}
