game 1 ply 1: Bf4 random=True changed=True
game 1 ply 3: Bg5 random=True changed=True
game 1 ply 5: Bd2 random=True changed=False
game 1 ply 9: c3 random=True changed=True
game 1 ply 13: Nxe5 random=True changed=False
game 1 ply 15: g4 random=True changed=True
game 1 ply 17: gxh5 random=True changed=False
game 1 ply 19: e4 random=True changed=True
game 1 ply 20: Rg5 random=False changed=False
game 1 ply 23: Bc4 random=True changed=False
game 1 ply 25: Nd2 random=True changed=True
game 1 ply 27: h4 random=True changed=True
game 1 ply 29: a4 random=True changed=False
game 1 ply 31: Nf3 random=True changed=False
game 1 ply 33: Ra3 random=True changed=True
game 1 ply 35: Ra1 random=True changed=False
game 1 ply 37: Ra2 random=True changed=False
game 1 ply 40: Kf7 random=False changed=False
game 1 ply 41: Bc6 random=True changed=True
game 1 ply 45: Bd3 random=True changed=True
game 1 ply 51: Ke2 random=True changed=True
game 1 ply 55: Qf3+ random=True changed=True
game 1 ply 57: Bc6 random=True changed=True
game 1 ply 60: c4 random=False changed=False
game 1 ply 61: Rb2 random=True changed=True
game 1 ply 63: Rbb1 random=True changed=True
game 1 ply 71: Qxa5 random=True changed=False
game 1 ply 75: Kc1 random=True changed=False
game 1 ply 77: Kc2 random=True changed=True
game 1 ply 80: Qxd2# random=False changed=False
GAME 1: 0-1 checkmate 80 plies
game 2 ply 4: Nh5 random=True changed=True
game 2 ply 6: Nc6 random=True changed=True
game 2 ply 10: c5 random=True changed=True
game 2 ply 18: a5 random=True changed=False
game 2 ply 20: f5 random=True changed=True
game 2 ply 22: d5 random=True changed=False
game 2 ply 26: Bb7 random=True changed=False
game 2 ply 28: Kf7 random=True changed=True
game 2 ply 30: g5 random=True changed=True
game 2 ply 32: d4 random=True changed=True
game 2 ply 38: Be4 random=True changed=True
game 2 ply 40: Bxc2 random=False changed=False
game 2 ply 42: Bg6 random=True changed=True
game 2 ply 44: Be7 random=True changed=True
game 2 ply 46: g4 random=True changed=True
game 2 ply 50: h6 random=True changed=True
game 2 ply 52: Ra6 random=True changed=True
game 2 ply 54: Ra8 random=True changed=True
game 2 ply 56: Ra6 random=True changed=True
game 2 ply 58: Ra7 random=True changed=True
game 2 ply 60: Ra8 random=True changed=True
game 2 ply 62: Ra6 random=True changed=True
game 2 ply 64: Ra8 random=True changed=True
game 2 ply 66: h5 random=True changed=False
game 2 ply 68: Ra6 random=True changed=True
game 2 ply 70: Rc6 random=True changed=True
game 2 ply 72: Rc7 random=True changed=True
game 2 ply 74: Rc6 random=True changed=True
game 2 ply 76: Rc1 random=True changed=True
game 2 ply 80: Rd8 random=True changed=True
game 2 ply 82: Rc8+ random=True changed=False
game 2 ply 84: h4 random=True changed=False
game 2 ply 86: h3 random=True changed=True
game 2 ply 88: Kg8 random=True changed=True
game 2 ply 90: Bd8 random=True changed=True
game 2 ply 92: Kf8 random=True changed=False
game 2 ply 94: Kf7 random=True changed=True
game 2 ply 96: Kf8 random=True changed=True
game 2 ply 98: Ba5 random=True changed=True
game 2 ply 100: Bd8 random=True changed=True
game 2 ply 102: Ke7 random=True changed=False
game 2 ply 104: Ba5 random=True changed=True
game 2 ply 106: Ke6 random=True changed=True
game 2 ply 108: Kd5 random=True changed=False
game 2 ply 110: Ke6 random=True changed=True
game 2 ply 112: Kd7 random=True changed=True
game 2 ply 114: Kc8 random=True changed=True
game 2 ply 116: Kd7 random=True changed=False
game 2 ply 118: Kd8 random=True changed=True
game 2 ply 120: Kc8 random=False changed=False
GAME 2: 1-0 checkmate 121 plies
{"points": {"Weak2 + Random": 0, "Weak4": 2}, "calls": 0, "interventions": 0, "jev_total_ms": 0, "jev_mean_ms": null, "tokens": 0, "random_picks": 74, "random_interventions": 54, "finished_games": 2}
