game 1 ply 1: b3 random=True changed=True
game 1 ply 3: a4 random=True changed=True
game 1 ply 5: h4 random=True changed=True
game 1 ply 9: Bb2 random=True changed=False
game 1 ply 11: Bc3 random=True changed=False
game 1 ply 13: d3 random=True changed=False
game 1 ply 17: c3 random=True changed=False
game 1 ply 19: e3 random=True changed=True
game 1 ply 20: d6 random=False changed=False
game 1 ply 21: Be2 random=True changed=False
game 1 ply 23: b4 random=True changed=False
game 1 ply 25: Nd4 random=True changed=True
game 1 ply 31: Bxh5 random=True changed=True
game 1 ply 35: f4 random=True changed=False
game 1 ply 40: hxg4 random=False changed=False
game 1 ply 41: Nf5 random=True changed=False
game 1 ply 45: d4 random=True changed=False
game 1 ply 47: Ke2 random=True changed=True
game 1 ply 51: Ra3 random=True changed=True
game 1 ply 55: Kd1 random=True changed=False
game 1 ply 59: Rb7 random=True changed=False
game 1 ply 60: Ra1+ random=False changed=False
game 1 ply 61: Ke2 random=True changed=True
GAME 1: 0-1 checkmate 64 plies
game 2 ply 2: b6 random=True changed=True
game 2 ply 4: Bb7 random=True changed=False
game 2 ply 6: d6 random=True changed=True
game 2 ply 8: b5 random=True changed=True
game 2 ply 10: Ne4 random=True changed=False
game 2 ply 14: f6 random=True changed=True
game 2 ply 16: h5 random=True changed=True
game 2 ply 18: g5 random=True changed=True
game 2 ply 20: a4 random=True changed=True
game 2 ply 24: Ra7 random=True changed=True
game 2 ply 26: Bg7 random=True changed=False
game 2 ply 28: Ra6 random=True changed=True
game 2 ply 30: Kf8 random=True changed=True
game 2 ply 32: e5 random=True changed=True
game 2 ply 34: Kf7 random=True changed=True
game 2 ply 36: Kf8 random=True changed=True
game 2 ply 38: Kf7 random=True changed=True
game 2 ply 40: Rxh5 random=False changed=False
game 2 ply 42: Ke7 random=True changed=False
game 2 ply 44: f5 random=True changed=False
game 2 ply 46: Kd7 random=True changed=True
GAME 2: 1-0 checkmate 51 plies
{"points": {"Weak2 + Random": 0, "Weak4": 2}, "calls": 0, "interventions": 0, "jev_total_ms": 0, "jev_mean_ms": null, "tokens": 0, "random_picks": 40, "random_interventions": 24, "finished_games": 2}
