game 1 ply 1: h4 random=True changed=True
game 1 ply 3: Nd4 random=True changed=True
game 1 ply 5: f4 random=True changed=False
game 1 ply 7: Nf3 random=True changed=True
game 1 ply 9: e3 random=True changed=True
game 1 ply 13: Bf1 random=True changed=True
game 1 ply 17: Nd4 random=True changed=False
game 1 ply 19: Qh5+ random=True changed=False
game 1 ply 20: g6 random=False changed=False
game 1 ply 21: Qd1 random=True changed=False
game 1 ply 27: c4 random=True changed=True
game 1 ply 31: d3 random=True changed=True
game 1 ply 35: Bd2 random=True changed=False
game 1 ply 39: Qc2 random=True changed=True
game 1 ply 40: Nf6 random=False changed=False
game 1 ply 41: Qc1 random=True changed=True
game 1 ply 43: Bxa5 random=True changed=True
GAME 1: 0-1 checkmate 48 plies
game 2 ply 2: f4 random=True changed=True
game 2 ply 4: d5 random=True changed=True
game 2 ply 6: Nb8 random=True changed=True
game 2 ply 8: Nf6 random=True changed=True
game 2 ply 10: f3 random=True changed=True
game 2 ply 12: Nc6 random=True changed=False
game 2 ply 14: Bf5 random=True changed=False
game 2 ply 16: e6 random=True changed=True
game 2 ply 20: Kxe7 random=True changed=True
game 2 ply 22: b6 random=True changed=True
game 2 ply 24: Ra7 random=True changed=True
game 2 ply 26: Ra8 random=True changed=True
game 2 ply 28: h5 random=True changed=False
game 2 ply 30: Kd8 random=True changed=True
game 2 ply 32: Be7 random=True changed=True
game 2 ply 34: Bd6 random=True changed=False
game 2 ply 36: Ke8 random=True changed=True
game 2 ply 40: Nxd5 random=False changed=False
game 2 ply 42: g6 random=True changed=False
game 2 ply 44: h4 random=True changed=False
game 2 ply 46: Ke7 random=True changed=True
game 2 ply 48: Ra7 random=True changed=True
game 2 ply 50: Ke6 random=True changed=False
game 2 ply 52: Ra6 random=True changed=False
game 2 ply 54: Kf7 random=True changed=True
game 2 ply 56: b5 random=True changed=False
game 2 ply 58: Rb6 random=True changed=True
game 2 ply 60: Kg8 random=True changed=True
GAME 2: 1-0 checkmate 63 plies
{"points": {"Weak2 + Random": 0, "Weak4": 2}, "calls": 0, "interventions": 0, "jev_total_ms": 0, "jev_mean_ms": null, "tokens": 0, "random_picks": 42, "random_interventions": 28, "finished_games": 2}
