game 1 ply 1: Nc3 random=True changed=False
game 1 ply 3: Nf3 random=True changed=True
game 1 ply 5: Bd3 random=True changed=False
game 1 ply 9: Ne2 random=True changed=True
game 1 ply 13: b3 random=True changed=False
game 1 ply 15: f3 random=True changed=True
game 1 ply 17: Bb2 random=True changed=False
game 1 ply 19: g4 random=True changed=False
game 1 ply 20: h4 random=False changed=False
game 1 ply 21: f4 random=True changed=True
game 1 ply 23: b4 random=True changed=False
game 1 ply 25: Nc1 random=True changed=False
game 1 ply 29: bxc5 random=True changed=True
game 1 ply 31: Nb3 random=True changed=False
game 1 ply 33: Ra3 random=True changed=True
game 1 ply 35: Be2 random=True changed=True
game 1 ply 37: d3 random=True changed=True
game 1 ply 39: Ra2 random=True changed=True
game 1 ply 40: Bf4 random=False changed=False
game 1 ply 43: exf5 random=True changed=False
game 1 ply 45: f6 random=True changed=False
game 1 ply 47: Qa1 random=True changed=True
GAME 1: 0-1 checkmate 50 plies
game 2 ply 2: Nf6 random=True changed=True
game 2 ply 6: d6 random=True changed=True
game 2 ply 12: Ng5 random=True changed=True
game 2 ply 18: Be6 random=True changed=False
game 2 ply 20: Bxc4 random=True changed=False
game 2 ply 24: Nf6 random=True changed=False
game 2 ply 28: Ra7 random=True changed=True
game 2 ply 30: Ke8 random=True changed=True
game 2 ply 32: Nc6 random=True changed=False
game 2 ply 34: Nd8 random=True changed=True
game 2 ply 36: Nc6 random=True changed=False
game 2 ply 38: Nd8 random=True changed=True
game 2 ply 40: Bg7 random=True changed=True
game 2 ply 42: Kf8 random=True changed=False
game 2 ply 44: c4 random=True changed=True
game 2 ply 46: b6 random=True changed=False
game 2 ply 48: Qe6 random=True changed=True
game 2 ply 54: Ng7 random=True changed=True
game 2 ply 56: f5 random=True changed=False
game 2 ply 60: Kf7 random=True changed=False
game 2 ply 62: Ne6 random=True changed=False
game 2 ply 64: f4 random=True changed=False
game 2 ply 66: Kg6 random=True changed=True
game 2 ply 68: Kg7 random=True changed=True
game 2 ply 70: Kh6 random=True changed=True
game 2 ply 72: Kh7 random=True changed=True
game 2 ply 74: Kg6 random=True changed=False
game 2 ply 76: Kh6 random=True changed=False
game 2 ply 80: Kh6 random=False changed=False
GAME 2: 1-0 checkmate 85 plies
{"points": {"Weak2 + Random": 0, "Weak4": 2}, "calls": 0, "interventions": 0, "jev_total_ms": 0, "jev_mean_ms": null, "tokens": 0, "random_picks": 48, "random_interventions": 25, "finished_games": 2}
