game 1 ply 1: Ne4 random=True changed=True
game 1 ply 3: h4 random=True changed=True
game 1 ply 5: Nc3 random=True changed=False
game 1 ply 7: d3 random=True changed=True
game 1 ply 11: Nb1 random=True changed=True
game 1 ply 13: Bd2 random=True changed=True
game 1 ply 15: g3 random=True changed=True
game 1 ply 17: b3 random=True changed=True
game 1 ply 19: Ra2 random=True changed=True
game 1 ply 20: Nb4 random=False changed=False
game 1 ply 23: Bg2 random=True changed=True
game 1 ply 29: f4 random=True changed=True
game 1 ply 33: Nd2 random=True changed=False
game 1 ply 37: Nc4 random=True changed=True
game 1 ply 39: e3 random=True changed=True
game 1 ply 40: fxe3 random=False changed=False
game 1 ply 41: c3 random=True changed=False
game 1 ply 43: Ra1 random=True changed=True
game 1 ply 45: Ra2 random=True changed=False
game 1 ply 47: b4 random=True changed=True
game 1 ply 49: Rc2 random=True changed=False
game 1 ply 57: Kd1 random=True changed=False
game 1 ply 60: Qxf1# random=False changed=False
GAME 1: 0-1 checkmate 60 plies
game 2 ply 4: Bd6 random=True changed=False
game 2 ply 6: Bf4 random=True changed=False
game 2 ply 10: Nf6 random=True changed=False
game 2 ply 12: Kf8 random=True changed=True
game 2 ply 14: h5 random=True changed=True
game 2 ply 16: b6 random=True changed=True
game 2 ply 18: Rxc8 random=True changed=False
game 2 ply 20: Ra8 random=True changed=True
game 2 ply 22: Ra6 random=True changed=True
game 2 ply 24: g6 random=True changed=True
game 2 ply 26: Ra8 random=True changed=True
game 2 ply 28: d6 random=True changed=False
game 2 ply 30: Ra6 random=True changed=False
game 2 ply 32: Qa8 random=True changed=True
game 2 ply 36: g5 random=True changed=True
game 2 ply 38: Ne8 random=True changed=True
game 2 ply 40: Ng7 random=True changed=True
game 2 ply 42: Nf5 random=True changed=True
game 2 ply 44: Nfe7 random=True changed=False
game 2 ply 46: d5 random=True changed=True
game 2 ply 48: Nb4 random=True changed=False
game 2 ply 50: b5 random=True changed=True
game 2 ply 52: Rd6 random=True changed=True
game 2 ply 54: f6 random=True changed=True
game 2 ply 58: Ke8 random=True changed=False
game 2 ply 60: Kf7 random=True changed=True
game 2 ply 62: a4 random=True changed=False
game 2 ply 64: Nxd3+ random=True changed=True
game 2 ply 68: c4 random=True changed=False
game 2 ply 70: Qa7 random=True changed=False
game 2 ply 72: Ra8 random=True changed=False
game 2 ply 74: Ke8 random=True changed=False
game 2 ply 76: Kd8 random=True changed=False
game 2 ply 80: Kc8 random=False changed=False
GAME 2: 1-0 checkmate 81 plies
{"points": {"Weak2 + Random": 0, "Weak4": 2}, "calls": 0, "interventions": 0, "jev_total_ms": 0, "jev_mean_ms": null, "tokens": 0, "random_picks": 53, "random_interventions": 32, "finished_games": 2}
