game 1 ply 1: Nd4 random=True changed=False
game 1 ply 3: Nf5 random=True changed=False
game 1 ply 7: a4 random=True changed=True
game 1 ply 9: Na2 random=True changed=True
game 1 ply 11: Bb2 random=True changed=True
game 1 ply 15: a5 random=True changed=True
game 1 ply 17: f4 random=True changed=True
game 1 ply 19: gxf3 random=True changed=True
game 1 ply 20: Nc6 random=False changed=False
game 1 ply 23: c4 random=True changed=False
game 1 ply 25: d3 random=True changed=True
game 1 ply 29: h4 random=True changed=True
game 1 ply 33: Bg2 random=True changed=True
game 1 ply 37: f4 random=True changed=True
game 1 ply 40: Bxb7 random=False changed=False
game 1 ply 41: e3 random=True changed=True
game 1 ply 45: Kf2 random=True changed=True
game 1 ply 47: d4 random=True changed=False
game 1 ply 51: Kf1 random=True changed=True
game 1 ply 53: Qd2 random=True changed=False
GAME 1: 0-1 checkmate 58 plies
game 2 ply 2: h5 random=True changed=True
game 2 ply 4: a6 random=True changed=True
game 2 ply 6: Bg7 random=True changed=True
game 2 ply 8: a5 random=True changed=True
game 2 ply 14: d5 random=True changed=True
game 2 ply 20: Rh7 random=True changed=True
game 2 ply 24: Nd7 random=True changed=True
game 2 ply 28: c5 random=True changed=True
game 2 ply 32: Nc5 random=True changed=True
game 2 ply 36: Kf7 random=True changed=False
game 2 ply 38: Ne4 random=True changed=True
game 2 ply 40: Nxc3 random=False changed=False
game 2 ply 42: Bb7 random=True changed=True
game 2 ply 44: Kf8 random=True changed=True
GAME 2: 1-0 checkmate 49 plies
{"points": {"Weak2 + Random": 0, "Weak4": 2}, "calls": 0, "interventions": 0, "jev_total_ms": 0, "jev_mean_ms": null, "tokens": 0, "random_picks": 31, "random_interventions": 25, "finished_games": 2}
