game 1 ply 3: Bd3 random=True changed=True
game 1 ply 7: Nc3 random=True changed=False
game 1 ply 11: b4 random=True changed=True
game 1 ply 13: Nf3 random=True changed=False
game 1 ply 17: g4 random=True changed=True
game 1 ply 19: d3 random=True changed=False
game 1 ply 20: Qxg4 random=False changed=False
game 1 ply 21: Qe2+ random=True changed=True
game 1 ply 23: Bb2 random=True changed=False
game 1 ply 27: Kg1 random=True changed=True
game 1 ply 31: Kg1 random=True changed=True
game 1 ply 33: Nd2 random=True changed=True
game 1 ply 35: Qe1 random=True changed=True
game 1 ply 37: Nc4 random=True changed=False
game 1 ply 40: Nxe1+ random=False changed=False
game 1 ply 41: Rhxe1 random=True changed=True
game 1 ply 43: Red1+ random=True changed=True
game 1 ply 47: Kh1 random=True changed=True
game 1 ply 51: Kf1 random=True changed=False
game 1 ply 55: Nd2 random=True changed=True
game 1 ply 57: Kg1 random=True changed=True
game 1 ply 60: Qg2# random=False changed=False
GAME 1: 0-1 checkmate 60 plies
game 2 ply 2: Ng8 random=True changed=True
game 2 ply 4: a5 random=True changed=False
game 2 ply 8: e6 random=True changed=True
game 2 ply 12: Bb4 random=True changed=True
game 2 ply 14: b6 random=True changed=True
game 2 ply 16: Nxf6 random=True changed=False
game 2 ply 18: Ng8 random=True changed=False
game 2 ply 20: g5 random=True changed=True
game 2 ply 22: Bc5 random=True changed=False
game 2 ply 28: c6 random=True changed=True
game 2 ply 32: d5 random=True changed=True
game 2 ply 34: Nf6 random=True changed=False
game 2 ply 38: Kg7 random=True changed=True
game 2 ply 40: Qxc8 random=False changed=False
game 2 ply 46: f6 random=True changed=True
game 2 ply 50: f5 random=True changed=False
game 2 ply 52: f4 random=True changed=False
game 2 ply 56: h4 random=True changed=False
game 2 ply 58: Kf7 random=True changed=False
game 2 ply 60: Kg7 random=True changed=True
game 2 ply 64: Kg8 random=True changed=True
game 2 ply 66: g4 random=True changed=True
game 2 ply 68: Kg7 random=True changed=True
game 2 ply 70: Kf7 random=True changed=True
GAME 2: 1-0 checkmate 73 plies
{"points": {"Weak2 + Random": 0, "Weak4": 2}, "calls": 0, "interventions": 0, "jev_total_ms": 0, "jev_mean_ms": null, "tokens": 0, "random_picks": 42, "random_interventions": 27, "finished_games": 2}
