game 1 ply 1: f4 random=True changed=True
game 1 ply 5: Bb2 random=True changed=False
game 1 ply 9: h4 random=True changed=True
game 1 ply 11: a5 random=True changed=True
game 1 ply 13: Rh2 random=True changed=False
game 1 ply 17: Nf3 random=True changed=False
game 1 ply 19: e4 random=True changed=True
game 1 ply 20: Ngxe4 random=False changed=False
game 1 ply 23: Bc4 random=True changed=True
game 1 ply 25: Be2 random=True changed=True
game 1 ply 27: Bxa6 random=True changed=True
game 1 ply 31: c3 random=True changed=True
game 1 ply 35: d4 random=True changed=False
game 1 ply 37: g3 random=True changed=False
game 1 ply 40: Qxf3+ random=False changed=False
game 1 ply 43: Ke1 random=True changed=False
game 1 ply 47: Rc2 random=True changed=True
game 1 ply 51: Ra2 random=True changed=False
game 1 ply 55: Ke1 random=True changed=False
GAME 1: 1/2-1/2 threefold_repetition 59 plies
game 2 ply 2: Neg4 random=True changed=True
game 2 ply 6: a6 random=True changed=True
game 2 ply 8: b6 random=True changed=False
game 2 ply 12: Ra7 random=True changed=True
game 2 ply 14: c6 random=True changed=True
game 2 ply 16: Nf5 random=True changed=False
game 2 ply 18: Nfh6 random=True changed=True
game 2 ply 20: Nf5 random=False changed=False
game 2 ply 24: Ra8 random=True changed=True
game 2 ply 26: Bb7 random=True changed=False
game 2 ply 28: Qc7 random=True changed=True
game 2 ply 32: h5 random=True changed=True
game 2 ply 34: g6 random=True changed=False
game 2 ply 38: Qb8 random=True changed=True
game 2 ply 40: Qc7 random=False changed=False
GAME 2: 1-0 checkmate 41 plies
{"points": {"Weak2 + Random": 0.5, "Weak4": 1.5}, "calls": 0, "interventions": 0, "jev_total_ms": 0, "jev_mean_ms": null, "tokens": 0, "random_picks": 30, "random_interventions": 18, "finished_games": 2}
