game 1 ply 1: f4 random=True changed=True
game 1 ply 3: Nc4 random=True changed=True
game 1 ply 5: Ne3 random=True changed=False
game 1 ply 7: g4 random=True changed=True
game 1 ply 9: gxh5 random=True changed=True
game 1 ply 15: Ng2 random=True changed=True
game 1 ply 19: Kf1 random=True changed=False
game 1 ply 20: Qc4+ random=False changed=False
game 1 ply 21: Kf2 random=True changed=True
game 1 ply 23: Kg1 random=True changed=True
game 1 ply 25: Bb2 random=True changed=False
game 1 ply 27: Bc1 random=True changed=True
game 1 ply 29: c4 random=True changed=True
game 1 ply 31: a4 random=True changed=False
game 1 ply 35: d4 random=True changed=True
game 1 ply 39: Nd5 random=True changed=False
game 1 ply 40: Rb8 random=False changed=False
game 1 ply 45: a5 random=True changed=True
game 1 ply 47: Bd2 random=True changed=True
game 1 ply 49: Nc3 random=True changed=True
game 1 ply 51: f5 random=True changed=True
game 1 ply 53: h3 random=True changed=True
game 1 ply 55: Kf2 random=True changed=True
game 1 ply 57: Ke1 random=True changed=True
game 1 ply 60: Rxh1 random=False changed=False
game 1 ply 61: Kg3 random=True changed=True
game 1 ply 63: Kf2 random=True changed=True
game 1 ply 65: h4 random=True changed=False
game 1 ply 67: Ke1 random=True changed=True
game 1 ply 69: Kd1 random=True changed=False
game 1 ply 71: Ke1 random=True changed=True
game 1 ply 73: Kd1 random=True changed=False
game 1 ply 75: Kc1 random=True changed=False
game 1 ply 77: Kb2 random=True changed=True
game 1 ply 79: Kc1 random=True changed=True
game 1 ply 80: a6 random=False changed=False
game 1 ply 81: Kc2 random=True changed=True
game 1 ply 83: Kb2 random=True changed=True
game 1 ply 85: Kc3 random=True changed=True
GAME 1: 0-1 checkmate 90 plies
game 2 ply 2: g5 random=True changed=True
game 2 ply 6: Na6 random=True changed=True
game 2 ply 8: e6 random=True changed=True
game 2 ply 10: Bg7 random=True changed=True
game 2 ply 12: Kf8 random=True changed=True
game 2 ply 14: Qxc8 random=True changed=True
game 2 ply 16: Kg8 random=True changed=True
game 2 ply 18: d5 random=True changed=True
game 2 ply 20: gxf3 random=False changed=False
game 2 ply 22: b5 random=True changed=True
game 2 ply 24: c4 random=True changed=True
game 2 ply 28: Nc5 random=True changed=False
game 2 ply 30: a5 random=True changed=False
game 2 ply 32: h4 random=True changed=True
game 2 ply 36: Ra7 random=True changed=True
game 2 ply 38: Ra6 random=True changed=True
game 2 ply 40: Ra8 random=True changed=True
game 2 ply 42: a4 random=True changed=True
game 2 ply 44: h3 random=True changed=True
game 2 ply 50: Qf8 random=True changed=True
game 2 ply 52: Qc8 random=True changed=True
game 2 ply 54: Qd8 random=True changed=True
game 2 ply 58: Nd5 random=True changed=False
game 2 ply 60: Kxg7 random=False changed=False
game 2 ply 62: Rh4 random=True changed=False
game 2 ply 66: Nxc7 random=True changed=True
GAME 2: 1-0 checkmate 71 plies
{"points": {"Weak2 + Random": 0, "Weak4": 2}, "calls": 0, "interventions": 0, "jev_total_ms": 0, "jev_mean_ms": null, "tokens": 0, "random_picks": 59, "random_interventions": 46, "finished_games": 2}
