game 1 ply 1: b3 random=True changed=True
game 1 ply 3: Bb2 random=True changed=True
game 1 ply 5: e4 random=True changed=True
game 1 ply 11: Bc3 random=True changed=True
game 1 ply 13: h4 random=True changed=True
game 1 ply 17: Ke1 random=True changed=False
game 1 ply 20: Qd4+ random=False changed=False
game 1 ply 21: Kf3 random=True changed=True
GAME 1: 1/2-1/2 threefold_repetition 23 plies
game 2 ply 2: a6 random=True changed=True
game 2 ply 4: cxd4 random=True changed=False
game 2 ply 6: b6 random=True changed=True
game 2 ply 8: d6 random=True changed=True
game 2 ply 10: Bb7 random=True changed=True
game 2 ply 12: Ra7 random=True changed=True
game 2 ply 14: g6 random=True changed=True
game 2 ply 16: Bg7 random=True changed=True
game 2 ply 20: fxe6 random=False changed=False
game 2 ply 22: Nbd7 random=True changed=True
game 2 ply 24: Qc7 random=True changed=True
game 2 ply 26: Qc6 random=True changed=True
game 2 ply 32: Kd8 random=True changed=False
game 2 ply 36: Ng8 random=True changed=True
game 2 ply 40: e5 random=True changed=True
game 2 ply 42: Bc8 random=True changed=True
game 2 ply 44: e4 random=True changed=True
game 2 ply 46: Kb7 random=True changed=False
game 2 ply 48: Kc7 random=True changed=True
game 2 ply 50: Kb7 random=True changed=False
game 2 ply 52: Ka7 random=True changed=True
game 2 ply 56: Kb7 random=True changed=True
game 2 ply 60: e3 random=True changed=False
game 2 ply 62: Nf6 random=True changed=True
game 2 ply 64: Kc6 random=True changed=True
game 2 ply 66: Kc7 random=True changed=True
game 2 ply 68: Bd7 random=True changed=True
game 2 ply 70: Kc8 random=True changed=True
game 2 ply 72: Kc7 random=True changed=True
game 2 ply 74: Kd8 random=True changed=True
game 2 ply 80: Kb7 random=True changed=False
game 2 ply 82: Ka6 random=True changed=False
game 2 ply 84: Kb7 random=True changed=True
game 2 ply 86: Kb8 random=True changed=True
game 2 ply 88: Ka8 random=True changed=True
game 2 ply 90: Kb7 random=True changed=True
game 2 ply 92: Kb8 random=True changed=True
game 2 ply 94: Ka7 random=True changed=False
game 2 ply 96: Ka8 random=True changed=False
game 2 ply 98: Kb8 random=True changed=True
game 2 ply 100: Ka7 random=False changed=False
GAME 2: 1-0 checkmate 105 plies
{"points": {"Weak2 + Random": 0.5, "Weak4": 1.5}, "calls": 0, "interventions": 0, "jev_total_ms": 0, "jev_mean_ms": null, "tokens": 0, "random_picks": 46, "random_interventions": 36, "finished_games": 2}
