game 1 ply 1: a4 random=True changed=False
game 1 ply 3: Ne3 random=True changed=True
game 1 ply 5: c4 random=True changed=False
game 1 ply 7: b3 random=True changed=True
game 1 ply 13: d3 random=True changed=True
game 1 ply 15: Be3 random=True changed=False
game 1 ply 17: Ra3 random=True changed=True
game 1 ply 19: Ra2 random=True changed=True
game 1 ply 20: Nb4 random=False changed=False
game 1 ply 21: Ra1 random=True changed=False
game 1 ply 23: Ra3 random=True changed=False
game 1 ply 31: d4 random=True changed=False
game 1 ply 33: d5 random=True changed=False
game 1 ply 35: g3 random=True changed=True
game 1 ply 37: e4 random=True changed=False
game 1 ply 39: f3 random=True changed=True
game 1 ply 40: Qc5 random=False changed=False
game 1 ply 41: Ra1 random=True changed=True
game 1 ply 43: Kd1 random=True changed=True
game 1 ply 45: Kc2 random=True changed=True
game 1 ply 47: Kb1 random=True changed=False
game 1 ply 49: Kb2 random=True changed=True
game 1 ply 55: c5 random=True changed=True
GAME 1: 0-1 checkmate 58 plies
game 2 ply 2: e6 random=True changed=True
game 2 ply 4: Bd6 random=True changed=True
game 2 ply 6: Bc5 random=True changed=False
game 2 ply 10: Bd4 random=True changed=True
game 2 ply 12: Bf6 random=True changed=True
game 2 ply 14: d5 random=True changed=True
game 2 ply 16: c5 random=True changed=False
game 2 ply 18: Bd7 random=True changed=False
game 2 ply 20: Bc6 random=True changed=False
game 2 ply 22: Ra6 random=True changed=True
game 2 ply 24: Ra8 random=True changed=True
game 2 ply 26: Ra6 random=True changed=True
game 2 ply 28: g6 random=True changed=False
game 2 ply 30: Ra8 random=True changed=False
game 2 ply 32: Ra6 random=True changed=False
game 2 ply 34: Ra8 random=True changed=False
GAME 2: 1/2-1/2 threefold_repetition 35 plies
{"points": {"Weak2 + Random": 0.5, "Weak4": 1.5}, "calls": 0, "interventions": 0, "jev_total_ms": 0, "jev_mean_ms": null, "tokens": 0, "random_picks": 37, "random_interventions": 20, "finished_games": 2}
