game 1 ply 1: d3 random=True changed=True
game 1 ply 3: Be3 random=True changed=False
game 1 ply 5: g3 random=True changed=True
game 1 ply 7: Bd2 random=True changed=True
game 1 ply 13: Bc1 random=True changed=True
game 1 ply 17: Be3 random=True changed=False
game 1 ply 20: gxh6 random=False changed=False
game 1 ply 21: f4 random=True changed=True
game 1 ply 23: e4 random=True changed=False
game 1 ply 29: Qg4+ random=True changed=True
game 1 ply 31: Qh5+ random=True changed=True
game 1 ply 35: Qd5+ random=True changed=False
GAME 1: 1/2-1/2 threefold_repetition 36 plies
game 2 ply 2: a6 random=True changed=True
game 2 ply 4: h5 random=True changed=False
game 2 ply 6: b6 random=True changed=True
game 2 ply 8: a5 random=True changed=True
game 2 ply 10: Bb7 random=True changed=False
game 2 ply 12: Ra7 random=True changed=True
game 2 ply 14: Ra6 random=True changed=False
game 2 ply 16: Ra8 random=True changed=True
game 2 ply 20: Ra6 random=True changed=True
game 2 ply 22: e6 random=True changed=True
game 2 ply 28: Ba8 random=True changed=True
game 2 ply 30: Ra7 random=True changed=False
game 2 ply 32: Rb7 random=True changed=True
game 2 ply 34: d5 random=True changed=False
game 2 ply 38: Kd7 random=True changed=False
game 2 ply 40: Kc6 random=True changed=False
game 2 ply 50: Ka6 random=True changed=False
game 2 ply 52: Ka7 random=True changed=False
game 2 ply 58: Be4 random=True changed=True
game 2 ply 60: Bxc2 random=True changed=True
game 2 ply 62: Rbd8 random=True changed=True
game 2 ply 64: Rde8+ random=True changed=True
game 2 ply 66: Bd3+ random=True changed=False
game 2 ply 68: Ka7 random=True changed=True
game 2 ply 70: Ka6 random=True changed=False
game 2 ply 72: Bc2 random=True changed=True
game 2 ply 74: Bh7 random=True changed=True
game 2 ply 78: Bf5 random=True changed=True
game 2 ply 80: Be4 random=True changed=True
game 2 ply 82: Reg8+ random=True changed=False
game 2 ply 84: Ra8 random=True changed=True
game 2 ply 86: Bd3 random=True changed=True
game 2 ply 88: Be2 random=True changed=True
game 2 ply 90: Ka7 random=True changed=True
game 2 ply 92: Rhe8 random=True changed=True
game 2 ply 94: Ka6 random=True changed=False
game 2 ply 98: Bd3 random=True changed=True
game 2 ply 100: Ka7 random=True changed=True
game 2 ply 102: Ka6 random=True changed=True
game 2 ply 104: Be4 random=True changed=False
game 2 ply 106: Ka5 random=True changed=False
game 2 ply 112: b4 random=True changed=False
game 2 ply 114: b3 random=True changed=False
game 2 ply 116: Ka3 random=True changed=False
game 2 ply 118: Ka4 random=True changed=True
game 2 ply 120: Ka5 random=True changed=True
GAME 2: 1/2-1/2 threefold_repetition 122 plies
{"points": {"Weak2 + Random": 1.0, "Weak4": 1.0}, "calls": 0, "interventions": 0, "jev_total_ms": 0, "jev_mean_ms": null, "tokens": 0, "random_picks": 57, "random_interventions": 35, "finished_games": 2}
