game 1 ply 1: Bf4 random=True changed=True
game 1 ply 3: Bd2 random=True changed=False
game 1 ply 5: c4 random=True changed=True
game 1 ply 7: Be3 random=True changed=False
game 1 ply 9: b4 random=True changed=False
game 1 ply 11: Nfd2 random=True changed=True
game 1 ply 15: h4 random=True changed=True
game 1 ply 17: g4 random=True changed=True
game 1 ply 19: f3 random=True changed=True
game 1 ply 20: Nxd2 random=False changed=False
game 1 ply 21: Nxd2 random=True changed=True
game 1 ply 23: f4 random=True changed=True
game 1 ply 25: Ra2 random=True changed=False
game 1 ply 29: h5 random=True changed=False
game 1 ply 31: e4 random=True changed=True
game 1 ply 33: Bd3 random=True changed=True
game 1 ply 37: Kg1 random=True changed=True
game 1 ply 39: Rb2 random=True changed=True
game 1 ply 40: Qe3+ random=False changed=False
game 1 ply 41: Kf1 random=True changed=False
game 1 ply 45: Kf2 random=True changed=True
game 1 ply 47: Ke1 random=True changed=False
GAME 1: 0-1 checkmate 50 plies
game 2 ply 4: Ng8 random=True changed=True
game 2 ply 6: b6 random=True changed=True
game 2 ply 8: c6 random=True changed=False
game 2 ply 10: c5 random=True changed=True
game 2 ply 12: e6 random=True changed=True
game 2 ply 14: Be7 random=True changed=True
game 2 ply 16: g5 random=True changed=True
game 2 ply 20: Bh4+ random=False changed=False
game 2 ply 24: h5 random=True changed=True
game 2 ply 32: Qf3+ random=True changed=True
game 2 ply 34: Qxe4 random=True changed=False
game 2 ply 36: Ke7 random=True changed=True
game 2 ply 38: f5 random=True changed=True
game 2 ply 40: h4 random=True changed=True
game 2 ply 42: f4 random=True changed=True
game 2 ply 44: f3 random=True changed=True
GAME 2: 1-0 checkmate 47 plies
{"points": {"Weak2 + Random": 0, "Weak4": 2}, "calls": 0, "interventions": 0, "jev_total_ms": 0, "jev_mean_ms": null, "tokens": 0, "random_picks": 35, "random_interventions": 26, "finished_games": 2}
