game 1 ply 1: c4 random=True changed=True
game 1 ply 3: Ne3 random=True changed=True
game 1 ply 5: Nc2 random=True changed=True
game 1 ply 7: cxd5 random=True changed=False
game 1 ply 9: h4 random=True changed=True
game 1 ply 11: Ng5 random=True changed=False
game 1 ply 15: Nc3 random=True changed=True
game 1 ply 20: Qxd5 random=False changed=False
game 1 ply 21: Qa4+ random=True changed=True
game 1 ply 27: h5 random=True changed=True
game 1 ply 29: e3 random=True changed=True
game 1 ply 31: b3 random=True changed=True
game 1 ply 39: Bd3 random=True changed=True
game 1 ply 40: Nd6 random=False changed=False
game 1 ply 43: Bd3 random=True changed=True
game 1 ply 45: Bc2 random=True changed=False
game 1 ply 51: a4 random=True changed=False
game 1 ply 53: Bg4 random=True changed=True
game 1 ply 55: Kf1 random=True changed=True
game 1 ply 59: Bd5 random=True changed=True
game 1 ply 60: Rd8 random=False changed=False
game 1 ply 61: Bc4 random=True changed=True
game 1 ply 63: e4 random=True changed=False
game 1 ply 65: Bb2 random=True changed=False
game 1 ply 69: Kh2 random=True changed=True
game 1 ply 77: Bd3 random=True changed=False
game 1 ply 79: e5 random=True changed=True
game 1 ply 80: Rxh5+ random=False changed=False
game 1 ply 83: e6 random=True changed=True
GAME 1: 0-1 checkmate 88 plies
game 2 ply 2: h5 random=True changed=False
game 2 ply 4: e6 random=True changed=True
game 2 ply 6: Nf6 random=True changed=True
game 2 ply 8: Rh6 random=True changed=True
game 2 ply 12: b6 random=True changed=True
game 2 ply 14: Rh7 random=True changed=True
game 2 ply 16: Rh6 random=True changed=False
game 2 ply 18: Rg6 random=True changed=False
game 2 ply 20: Rh6 random=False changed=False
GAME 2: 1/2-1/2 threefold_repetition 20 plies
{"points": {"Weak2 + Random": 0.5, "Weak4": 1.5}, "calls": 0, "interventions": 0, "jev_total_ms": 0, "jev_mean_ms": null, "tokens": 0, "random_picks": 33, "random_interventions": 23, "finished_games": 2}
