game 1 ply 1: h4 random=True changed=True
game 1 ply 3: g4 random=True changed=True
game 1 ply 5: g5 random=True changed=False
game 1 ply 7: Nc3 random=True changed=False
game 1 ply 11: Bg2 random=True changed=True
game 1 ply 13: Bf3 random=True changed=False
game 1 ply 17: b3 random=True changed=False
game 1 ply 19: Bb2 random=True changed=False
game 1 ply 20: c6 random=False changed=False
game 1 ply 21: h5 random=True changed=True
game 1 ply 23: e3 random=True changed=False
game 1 ply 25: Kf1 random=True changed=True
game 1 ply 27: Qc1 random=True changed=False
game 1 ply 33: Ke1 random=True changed=False
game 1 ply 35: c5 random=True changed=True
game 1 ply 37: b4 random=True changed=False
game 1 ply 40: Ra8 random=False changed=False
game 1 ply 41: Ra2 random=True changed=True
game 1 ply 43: a5 random=True changed=False
game 1 ply 45: Ra3 random=True changed=True
game 1 ply 47: Ra1 random=True changed=True
game 1 ply 49: Ra3 random=True changed=True
game 1 ply 51: e4 random=True changed=False
game 1 ply 53: d5 random=True changed=True
game 1 ply 55: dxc6 random=True changed=True
game 1 ply 57: Ra4 random=True changed=True
game 1 ply 59: Ra3 random=True changed=True
game 1 ply 60: Bc1 random=False changed=False
game 1 ply 61: Ra2 random=True changed=True
game 1 ply 63: Ra1 random=True changed=True
game 1 ply 67: Ra2 random=True changed=False
game 1 ply 77: Kc3 random=True changed=True
game 1 ply 79: Kb4 random=True changed=True
game 1 ply 80: Qb5+ random=False changed=False
game 1 ply 81: Kc3 random=True changed=True
game 1 ply 83: Kb3 random=True changed=True
game 1 ply 85: Kc4 random=True changed=True
game 1 ply 87: Kc3 random=True changed=True
GAME 1: 0-1 checkmate 92 plies
game 2 ply 2: Nxc3 random=True changed=False
game 2 ply 4: a5 random=True changed=False
game 2 ply 6: h5 random=True changed=True
game 2 ply 8: Nxd4 random=True changed=False
game 2 ply 10: d6 random=True changed=True
game 2 ply 12: c5 random=True changed=True
game 2 ply 14: Bd7 random=True changed=True
game 2 ply 18: g5 random=True changed=True
game 2 ply 20: Qd7 random=False changed=False
game 2 ply 28: Kc6 random=True changed=False
game 2 ply 30: e5 random=True changed=False
game 2 ply 32: Bh6 random=True changed=False
game 2 ply 38: h4 random=True changed=True
game 2 ply 40: Kb6 random=True changed=False
game 2 ply 44: Ka6 random=True changed=True
game 2 ply 46: Kb6 random=True changed=True
game 2 ply 48: Ka5 random=True changed=True
game 2 ply 50: Ka4 random=True changed=True
game 2 ply 52: Ka5 random=True changed=True
game 2 ply 54: Kb4 random=True changed=True
game 2 ply 56: Ka5 random=True changed=True
game 2 ply 58: d5 random=True changed=False
game 2 ply 60: Kb4 random=True changed=True
game 2 ply 62: Ka5 random=True changed=True
game 2 ply 64: Rg6 random=True changed=True
game 2 ply 70: Kb7 random=True changed=False
game 2 ply 74: Ka8 random=True changed=False
game 2 ply 78: Kc8 random=True changed=True
game 2 ply 80: Kb8 random=False changed=False
GAME 2: 1/2-1/2 threefold_repetition 80 plies
{"points": {"Weak2 + Random": 0.5, "Weak4": 1.5}, "calls": 0, "interventions": 0, "jev_total_ms": 0, "jev_mean_ms": null, "tokens": 0, "random_picks": 61, "random_interventions": 39, "finished_games": 2}
