game 1 ply 1: f4 random=True changed=True
game 1 ply 3: Nc5 random=True changed=True
game 1 ply 7: h4 random=True changed=True
game 1 ply 9: Ra2 random=True changed=True
game 1 ply 11: Ra1 random=True changed=True
game 1 ply 15: g3 random=True changed=True
game 1 ply 20: Bxd4 random=False changed=False
game 1 ply 23: Bd2 random=True changed=False
game 1 ply 27: Kd1 random=True changed=False
game 1 ply 40: Kc6 random=False changed=False
game 1 ply 41: c3 random=True changed=True
game 1 ply 43: Ka2 random=True changed=False
game 1 ply 47: g4 random=True changed=False
game 1 ply 49: c4 random=True changed=False
game 1 ply 51: Kb2 random=True changed=True
game 1 ply 55: h5 random=True changed=False
game 1 ply 57: Ka3 random=True changed=True
game 1 ply 60: fxg6 random=False changed=False
game 1 ply 63: Rb1 random=True changed=True
game 1 ply 65: Rd1 random=True changed=True
game 1 ply 67: Ka2 random=True changed=False
game 1 ply 69: Kb1 random=True changed=True
game 1 ply 71: Kb2 random=True changed=True
game 1 ply 73: Ka1 random=True changed=False
game 1 ply 75: Kb1 random=True changed=True
game 1 ply 77: Ka1 random=True changed=False
game 1 ply 79: Ka2 random=True changed=False
game 1 ply 80: Nc3+ random=False changed=False
game 1 ply 81: Kb2 random=True changed=True
game 1 ply 83: Kb1 random=True changed=True
game 1 ply 85: Ka2 random=True changed=False
game 1 ply 87: Ka3 random=True changed=False
game 1 ply 89: Ka2 random=True changed=False
game 1 ply 91: c5 random=True changed=True
GAME 1: 0-1 checkmate 98 plies
game 2 ply 2: c3 random=True changed=True
game 2 ply 4: e5 random=True changed=True
game 2 ply 8: d5 random=True changed=True
game 2 ply 10: Kf8 random=True changed=True
game 2 ply 12: Be6 random=True changed=False
game 2 ply 14: Ne7 random=True changed=True
game 2 ply 16: Bg4 random=True changed=True
game 2 ply 18: b5 random=True changed=True
game 2 ply 20: Nd7 random=True changed=False
game 2 ply 24: a4 random=True changed=True
game 2 ply 32: Ra7 random=True changed=True
game 2 ply 34: d4 random=True changed=False
game 2 ply 36: Bc4 random=True changed=True
game 2 ply 40: Ra8 random=True changed=True
game 2 ply 42: Ra6 random=True changed=True
game 2 ply 44: Ke7 random=True changed=True
game 2 ply 46: Ke8 random=True changed=True
game 2 ply 48: Kd7 random=True changed=False
game 2 ply 54: Ra7 random=True changed=True
game 2 ply 56: Kd7 random=True changed=True
game 2 ply 58: Kc7 random=True changed=False
game 2 ply 60: Kb6 random=True changed=True
game 2 ply 62: Nd7 random=True changed=False
game 2 ply 64: Kc7 random=True changed=True
GAME 2: 1-0 checkmate 71 plies
{"points": {"Weak2 + Random": 0, "Weak4": 2}, "calls": 0, "interventions": 0, "jev_total_ms": 0, "jev_mean_ms": null, "tokens": 0, "random_picks": 54, "random_interventions": 35, "finished_games": 2}
