game 1 ply 1: b3 random=True changed=True
game 1 ply 5: Nb5 random=True changed=False
game 1 ply 7: Bb2 random=True changed=False
game 1 ply 9: Nxd4 random=True changed=False
game 1 ply 13: g4 random=True changed=True
game 1 ply 17: b4 random=True changed=False
game 1 ply 19: c4 random=True changed=False
game 1 ply 20: h5 random=False changed=False
game 1 ply 23: e4 random=True changed=False
game 1 ply 25: Bd3 random=True changed=False
game 1 ply 27: Bb1 random=True changed=True
game 1 ply 29: Ke2 random=True changed=False
game 1 ply 31: Ke1 random=True changed=False
game 1 ply 33: Ke2 random=True changed=False
game 1 ply 35: Kf1 random=True changed=True
game 1 ply 37: d4 random=True changed=True
game 1 ply 39: Ke1 random=True changed=False
game 1 ply 40: Ng2+ random=False changed=False
game 1 ply 45: Ra3 random=True changed=True
game 1 ply 51: Ke2 random=True changed=True
game 1 ply 53: Kf3 random=True changed=True
game 1 ply 55: Bxd3 random=True changed=False
game 1 ply 60: Kxe7 random=False changed=False
game 1 ply 63: Bb5 random=True changed=True
game 1 ply 65: Be2 random=True changed=True
game 1 ply 67: Bd3 random=True changed=False
game 1 ply 69: h3 random=True changed=True
game 1 ply 71: Ke2 random=True changed=False
game 1 ply 75: h5 random=True changed=True
game 1 ply 77: f3 random=True changed=True
game 1 ply 79: Kf1 random=True changed=True
game 1 ply 80: Bxh5 random=False changed=False
game 1 ply 81: Rb1 random=True changed=False
game 1 ply 83: Rb5 random=True changed=True
game 1 ply 85: Kg2 random=True changed=True
game 1 ply 87: Kg1 random=True changed=True
game 1 ply 89: Rb1 random=True changed=False
game 1 ply 91: Rb5 random=True changed=True
game 1 ply 93: Rb6 random=True changed=True
game 1 ply 95: Kf2 random=True changed=False
game 1 ply 97: Ke3 random=True changed=True
game 1 ply 99: Ke2 random=True changed=True
game 1 ply 100: Ra2+ random=False changed=False
game 1 ply 101: Ke1 random=True changed=True
game 1 ply 103: Ke2 random=True changed=True
game 1 ply 105: Ke1 random=True changed=True
GAME 1: 1/2-1/2 threefold_repetition 107 plies
game 2 ply 2: h5 random=True changed=True
game 2 ply 4: a6 random=True changed=True
game 2 ply 6: Nh7 random=True changed=True
game 2 ply 8: Nf6 random=True changed=False
game 2 ply 10: Ng8 random=True changed=True
GAME 2: 1/2-1/2 threefold_repetition 12 plies
{"points": {"Weak2 + Random": 1.0, "Weak4": 1.0}, "calls": 0, "interventions": 0, "jev_total_ms": 0, "jev_mean_ms": null, "tokens": 0, "random_picks": 46, "random_interventions": 28, "finished_games": 2}
