game 1 ply 1: Nf3 jev=True changed=False
game 1 ply 3: b3 jev=True changed=True
game 1 ply 5: Bb2 jev=True changed=True
game 1 ply 7: a4 jev=True changed=False
game 1 ply 9: Nxb5 jev=True changed=True
game 1 ply 11: Nc3 jev=True changed=True
game 1 ply 19: e4 jev=True changed=False
game 1 ply 20: g5 jev=False changed=False
game 1 ply 21: Bc4 jev=True changed=False
GAME 1: 1/2-1/2 threefold_repetition 30 plies
game 2 ply 2: Nc6 jev=True changed=False
game 2 ply 4: Bc5 jev=True changed=False
game 2 ply 6: d5 jev=True changed=True
game 2 ply 8: Nb4 jev=True changed=False
game 2 ply 10: Bd4 jev=True changed=True
game 2 ply 14: Be5 jev=True changed=False
game 2 ply 18: Nbd5 jev=True changed=True
game 2 ply 20: Qa5+ jev=False changed=False
game 2 ply 24: Bf5 jev=True changed=True
game 2 ply 26: Ke6 jev=True changed=False
GAME 2: 0-1 checkmate 32 plies
{"points": {"Weak + Jev": 1.5, "Weak": 0.5}, "calls": 17, "interventions": 8, "jev_total_ms": 4383.43, "jev_mean_ms": 257.85, "tokens": 12900, "random_picks": 0, "random_interventions": 0, "finished_games": 2}
