game 1 ply 1: Nc3 jev=True changed=False
game 1 ply 3: Nf3 jev=True changed=True
game 1 ply 5: Bf4 jev=True changed=True
game 1 ply 7: e4 jev=True changed=True
game 1 ply 9: Bd3 jev=True changed=False
game 1 ply 11: b4 jev=True changed=True
game 1 ply 13: Nb5 jev=True changed=False
game 1 ply 15: g4 jev=True changed=True
game 1 ply 17: Ng5 jev=True changed=True
game 1 ply 19: cxd5 jev=True changed=False
game 1 ply 20: Na5 jev=False changed=False
game 1 ply 21: d6 jev=True changed=True
game 1 ply 23: a4 jev=True changed=False
game 1 ply 25: Nxa3 jev=True changed=True
game 1 ply 27: Nxf7 jev=True changed=False
game 1 ply 29: Bc4+ jev=True changed=True
game 1 ply 31: Bxd6 jev=True changed=True
game 1 ply 35: d5 jev=True changed=True
game 1 ply 37: Kf1 jev=True changed=True
game 1 ply 40: Rae8+ jev=False changed=False
game 1 ply 41: Kd3 jev=True changed=True
game 1 ply 43: Kc3 jev=True changed=True
game 1 ply 51: Rxg7 jev=True changed=True
game 1 ply 53: Kb3 jev=True changed=True
game 1 ply 55: Kc4 jev=True changed=True
game 1 ply 60: g3 jev=False changed=False
game 1 ply 65: Rd6+ jev=True changed=True
game 1 ply 69: Nd6 jev=True changed=True
GAME 1: 0-1 checkmate 74 plies
game 2 ply 2: Nc6 jev=True changed=False
game 2 ply 4: Bg7 jev=True changed=True
game 2 ply 6: a6 jev=True changed=True
game 2 ply 8: b6 jev=True changed=True
game 2 ply 12: Bb7 jev=True changed=False
game 2 ply 14: d6 jev=True changed=True
game 2 ply 18: Nc6 jev=True changed=False
game 2 ply 20: Nxg4 jev=False changed=False
game 2 ply 22: Nxd4 jev=True changed=True
game 2 ply 24: Nf6 jev=True changed=False
game 2 ply 26: Ne6 jev=True changed=True
game 2 ply 28: c5 jev=True changed=True
game 2 ply 30: Bc6 jev=True changed=False
game 2 ply 32: h6 jev=True changed=True
game 2 ply 34: Kg8 jev=True changed=True
game 2 ply 36: Nc7 jev=True changed=False
game 2 ply 38: Rb8 jev=True changed=True
game 2 ply 40: a5 jev=True changed=False
game 2 ply 42: Rc8 jev=True changed=True
game 2 ply 44: Ra8 jev=True changed=False
game 2 ply 46: Rb8 jev=True changed=True
game 2 ply 48: Rc8 jev=True changed=True
game 2 ply 50: Ra8 jev=True changed=False
game 2 ply 52: Rb8 jev=True changed=True
game 2 ply 54: e5 jev=True changed=False
game 2 ply 60: d5 jev=True changed=True
game 2 ply 66: Nxg7 jev=True changed=True
game 2 ply 74: Qf2+ jev=True changed=True
game 2 ply 78: Qf2+ jev=True changed=True
game 2 ply 80: Qb2+ jev=True changed=False
game 2 ply 86: Qa3+ jev=True changed=False
game 2 ply 88: Qb2+ jev=True changed=True
game 2 ply 90: Qd4+ jev=True changed=True
game 2 ply 92: Qb2+ jev=True changed=True
game 2 ply 94: Rd8+ jev=True changed=False
game 2 ply 98: Nf5+ jev=True changed=False
game 2 ply 100: Qd4+ jev=True changed=True
game 2 ply 102: Qe4+ jev=True changed=True
game 2 ply 104: Qb4+ jev=True changed=True
game 2 ply 106: Qa3+ jev=True changed=False
game 2 ply 108: Qd3+ jev=True changed=True
game 2 ply 112: Nd4 jev=True changed=False
game 2 ply 114: Qa4 jev=True changed=True
game 2 ply 116: c4 jev=True changed=False
game 2 ply 118: Qa6 jev=True changed=True
game 2 ply 120: c3 jev=True changed=False
GAME 2: 0-1 checkmate 122 plies
{"points": {"Weak + Jev": 1, "Weak": 1}, "calls": 70, "interventions": 46, "jev_total_ms": 19251.41, "jev_mean_ms": 275.02, "tokens": 46574, "random_picks": 0, "random_interventions": 0, "finished_games": 2}
