game 1 ply 1: Nc3 jev=True changed=False
game 1 ply 3: Bc4 jev=True changed=False
game 1 ply 5: d4 jev=True changed=True
game 1 ply 7: Nb5 jev=True changed=False
game 1 ply 11: Kd1 jev=True changed=False
game 1 ply 15: Bf4 jev=True changed=False
game 1 ply 17: Nxc7+ jev=True changed=False
game 1 ply 19: Bxd5 jev=True changed=True
game 1 ply 20: Ra7 jev=False changed=False
game 1 ply 23: Nxd4 jev=True changed=True
game 1 ply 25: Kc1 jev=True changed=True
game 1 ply 27: Nxc6 jev=True changed=False
game 1 ply 29: Bxe3 jev=True changed=True
game 1 ply 31: Nxa7 jev=True changed=False
game 1 ply 37: Nd6+ jev=True changed=False
game 1 ply 40: Qxd6 jev=False changed=False
game 1 ply 43: Qxh7 jev=True changed=True
game 1 ply 45: Qxf5 jev=True changed=False
game 1 ply 47: Bd4 jev=True changed=True
game 1 ply 49: Qf8+ jev=True changed=True
game 1 ply 55: c4 jev=True changed=True
game 1 ply 57: b4 jev=True changed=False
game 1 ply 59: f4 jev=True changed=False
game 1 ply 60: Kb7 jev=False changed=False
game 1 ply 61: a3 jev=True changed=True
game 1 ply 63: b5 jev=True changed=True
game 1 ply 65: b6 jev=True changed=True
game 1 ply 67: c5 jev=True changed=True
game 1 ply 69: c6+ jev=True changed=True
game 1 ply 71: b7 jev=True changed=True
game 1 ply 73: f5 jev=True changed=True
GAME 1: 1-0 checkmate 77 plies
game 2 ply 2: Nf6 jev=True changed=True
game 2 ply 4: Bc5 jev=True changed=False
game 2 ply 6: d5 jev=True changed=True
game 2 ply 8: Nb4 jev=True changed=False
game 2 ply 12: Kd8 jev=True changed=False
game 2 ply 16: Bd4 jev=True changed=True
game 2 ply 18: Qe4 jev=True changed=False
game 2 ply 20: Bg4 jev=True changed=True
game 2 ply 22: Bf5 jev=True changed=True
game 2 ply 24: b6 jev=True changed=True
game 2 ply 26: Nbxd5 jev=True changed=False
game 2 ply 32: Qf3+ jev=True changed=False
game 2 ply 34: Ne4 jev=True changed=True
GAME 2: 0-1 checkmate 38 plies
{"points": {"Weak + Jev": 2, "Weak": 0}, "calls": 41, "interventions": 23, "jev_total_ms": 11670.78, "jev_mean_ms": 284.65, "tokens": 28020, "random_picks": 0, "random_interventions": 0, "finished_games": 2}
