game 1 ply 1: cxd5 jev=True changed=False
game 1 ply 3: Nc3 jev=True changed=False
game 1 ply 7: Bf4 jev=True changed=True
game 1 ply 15: Qc5+ jev=True changed=False
game 1 ply 17: Nf3 jev=True changed=False
game 1 ply 19: Ne5+ jev=True changed=False
game 1 ply 20: Kc8 jev=False changed=False
game 1 ply 21: h4 jev=True changed=True
game 1 ply 23: e3 jev=True changed=True
game 1 ply 25: Qc6 jev=True changed=True
game 1 ply 27: Bd3 jev=True changed=False
game 1 ply 33: Nc6 jev=True changed=False
game 1 ply 37: Qc5 jev=True changed=True
game 1 ply 39: Be5 jev=True changed=True
game 1 ply 40: h6 jev=False changed=False
game 1 ply 41: f4 jev=True changed=True
game 1 ply 43: g3 jev=True changed=True
game 1 ply 45: Rc1 jev=True changed=True
game 1 ply 47: Ra1 jev=True changed=True
game 1 ply 49: Rc1 jev=True changed=True
game 1 ply 51: Kd1 jev=True changed=True
game 1 ply 53: Ra1 jev=True changed=True
game 1 ply 55: Rc1 jev=True changed=True
game 1 ply 59: Ra1 jev=True changed=False
game 1 ply 60: Kb7 jev=False changed=False
game 1 ply 61: Rc1 jev=True changed=True
game 1 ply 63: Ba6 jev=True changed=True
game 1 ply 65: Qb6+ jev=True changed=True
GAME 1: 1-0 checkmate 67 plies
game 2 ply 2: exd5 jev=True changed=False
game 2 ply 6: Nc6 jev=True changed=False
game 2 ply 12: Nf6 jev=True changed=True
game 2 ply 14: Bd7 jev=True changed=False
game 2 ply 16: Ne4 jev=True changed=False
game 2 ply 20: Bf5 jev=False changed=False
game 2 ply 22: Bd7 jev=True changed=True
game 2 ply 24: Be6 jev=True changed=False
game 2 ply 26: f5 jev=True changed=False
game 2 ply 28: Bd7 jev=True changed=True
game 2 ply 30: Qe7 jev=True changed=True
game 2 ply 38: h5 jev=True changed=True
game 2 ply 40: Kc8 jev=True changed=True
game 2 ply 42: Kb7 jev=True changed=True
game 2 ply 44: Kb8 jev=True changed=True
game 2 ply 46: Kc8 jev=True changed=True
game 2 ply 48: Rd8 jev=True changed=True
game 2 ply 50: c5 jev=True changed=True
game 2 ply 52: Rd5 jev=True changed=True
game 2 ply 56: Kd6 jev=True changed=True
game 2 ply 58: Ke6 jev=True changed=True
game 2 ply 60: g6 jev=False changed=False
game 2 ply 62: Rc5 jev=True changed=False
game 2 ply 64: Rc1+ jev=True changed=True
game 2 ply 68: Kxf5 jev=True changed=True
game 2 ply 70: Ke4 jev=True changed=False
game 2 ply 72: Kf5 jev=True changed=True
game 2 ply 74: Kg4 jev=True changed=True
game 2 ply 80: Kg3 jev=True changed=True
game 2 ply 82: Kf2 jev=True changed=False
game 2 ply 88: Kf3 jev=True changed=True
game 2 ply 90: Rxa6 jev=True changed=False
game 2 ply 92: Ra3+ jev=True changed=False
game 2 ply 94: Ra4+ jev=True changed=False
game 2 ply 96: Rxe4 jev=True changed=False
game 2 ply 98: Ke3 jev=True changed=True
game 2 ply 100: Kf3 jev=True changed=True
game 2 ply 104: Kf5 jev=True changed=False
game 2 ply 106: Kg4 jev=True changed=True
game 2 ply 108: Kf5 jev=True changed=False
game 2 ply 110: Kg4 jev=True changed=True
game 2 ply 114: Kf4 jev=True changed=True
game 2 ply 116: Kf5 jev=True changed=True
game 2 ply 118: Ke4 jev=True changed=False
game 2 ply 120: Kxd4 jev=False changed=False
game 2 ply 122: Kc3 jev=True changed=False
game 2 ply 124: Kb4 jev=True changed=True
game 2 ply 126: Ka4 jev=True changed=False
game 2 ply 128: Kb3 jev=True changed=True
game 2 ply 130: Ka4 jev=True changed=True
game 2 ply 132: Kb3 jev=True changed=True
game 2 ply 134: Kc2 jev=True changed=True
game 2 ply 136: Kd1 jev=True changed=True
game 2 ply 138: Kc1 jev=True changed=False
game 2 ply 140: Kd1 jev=True changed=True
game 2 ply 142: Kc1 jev=True changed=False
game 2 ply 146: Kc3 jev=True changed=True
game 2 ply 148: Kd2 jev=True changed=True
game 2 ply 150: Kc3 jev=True changed=True
game 2 ply 152: Kd2 jev=True changed=True
game 2 ply 154: Ke1 jev=True changed=True
game 2 ply 156: Kd2 jev=True changed=False
game 2 ply 158: Kd1 jev=True changed=False
game 2 ply 160: Ke2 jev=True changed=True
game 2 ply 162: Kd3 jev=True changed=True
game 2 ply 164: Kc4 jev=True changed=False
game 2 ply 166: Kb4 jev=True changed=False
game 2 ply 168: Kc5 jev=True changed=True
game 2 ply 170: Kb4 jev=True changed=False
game 2 ply 172: Kc5 jev=True changed=True
game 2 ply 174: Kb5 jev=True changed=False
game 2 ply 176: Ka5 jev=True changed=False
game 2 ply 178: Kb5 jev=True changed=True
game 2 ply 180: Ka5 jev=True changed=False
game 2 ply 182: Kb5 jev=True changed=True
game 2 ply 184: Ka4 jev=True changed=False
game 2 ply 186: Kb3 jev=True changed=True
game 2 ply 188: Ka4 jev=True changed=True
game 2 ply 190: Kb3 jev=True changed=True
game 2 ply 192: Kc2 jev=True changed=True
game 2 ply 194: Kc1 jev=True changed=True
game 2 ply 196: Kd1 jev=True changed=True
game 2 ply 198: Kc1 jev=True changed=False
game 2 ply 200: Kd1 jev=True changed=True
game 2 ply 202: Kc2 jev=True changed=True
game 2 ply 204: Kc1 jev=True changed=True
game 2 ply 206: Kd2 jev=True changed=True
game 2 ply 208: Kc1 jev=True changed=False
game 2 ply 210: Kd1 jev=True changed=True
game 2 ply 212: Ke1 jev=True changed=True
game 2 ply 214: Kd1 jev=True changed=False
GAME 2: 1-0 checkmate 217 plies
{"points": {"Weak + Jev": 1, "Weak": 1}, "calls": 113, "interventions": 73, "jev_total_ms": 30971.87, "jev_mean_ms": 274.09, "tokens": 66366, "random_picks": 0, "random_interventions": 0, "finished_games": 2}
