game 1 ply 1: Nc3 jev=True changed=False
game 1 ply 3: Bc4 jev=True changed=False
game 1 ply 5: d4 jev=True changed=True
game 1 ply 7: Nb5 jev=True changed=False
game 1 ply 9: c3 jev=True changed=True
game 1 ply 11: Nxd6+ jev=True changed=True
game 1 ply 13: Bf4 jev=True changed=False
game 1 ply 17: Nd2 jev=True changed=True
game 1 ply 20: Ne4+ jev=False changed=False
game 1 ply 21: Bd2 jev=True changed=True
game 1 ply 27: f4 jev=True changed=True
game 1 ply 29: Kf1 jev=True changed=True
game 1 ply 31: Kg1 jev=True changed=True
GAME 1: 0-1 checkmate 36 plies
game 2 ply 2: Nf6 jev=True changed=True
game 2 ply 4: Nc6 jev=True changed=True
game 2 ply 8: Be6 jev=True changed=False
game 2 ply 14: Bc4 jev=True changed=True
game 2 ply 16: Qb6 jev=True changed=False
game 2 ply 20: Bd5 jev=True changed=False
game 2 ply 22: Qc3+ jev=True changed=False
game 2 ply 24: Qc4+ jev=True changed=False
game 2 ply 26: Qc3+ jev=True changed=False
game 2 ply 28: Qc4+ jev=True changed=False
game 2 ply 30: f5 jev=True changed=False
game 2 ply 32: Qc3+ jev=True changed=False
game 2 ply 34: Qc4+ jev=True changed=False
game 2 ply 36: Qc3+ jev=True changed=False
game 2 ply 38: e6 jev=True changed=True
game 2 ply 40: Bc4+ jev=True changed=True
game 2 ply 44: Qb2+ jev=True changed=False
game 2 ply 46: Nc3+ jev=True changed=True
GAME 2: 0-1 checkmate 48 plies
{"points": {"Weak + Jev": 1, "Weak": 1}, "calls": 30, "interventions": 14, "jev_total_ms": 8485.6, "jev_mean_ms": 282.85, "tokens": 21841, "random_picks": 0, "random_interventions": 0, "finished_games": 2}
