game 1 ply 1: d3 jev=True changed=True
game 1 ply 3: Bf4 jev=True changed=True
game 1 ply 5: e3 jev=True changed=True
game 1 ply 7: Be2 jev=True changed=False
game 1 ply 9: b3 jev=True changed=True
game 1 ply 11: h4 jev=True changed=False
game 1 ply 13: g3 jev=True changed=False
game 1 ply 15: Rc1 jev=True changed=True
game 1 ply 17: Ra1 jev=True changed=False
game 1 ply 19: Rc1 jev=True changed=True
game 1 ply 20: Ra6 jev=False changed=False
game 1 ply 21: Ra1 jev=True changed=False
GAME 1: 1/2-1/2 threefold_repetition 23 plies
game 2 ply 2: b6 jev=True changed=True
game 2 ply 4: Bb7 jev=True changed=False
game 2 ply 6: d6 jev=True changed=True
game 2 ply 8: e6 jev=True changed=True
game 2 ply 10: Be7 jev=True changed=False
game 2 ply 12: g6 jev=True changed=True
game 2 ply 14: h6 jev=True changed=True
game 2 ply 16: a5 jev=True changed=False
game 2 ply 18: Ra6 jev=True changed=True
game 2 ply 20: Ra7 jev=True changed=True
game 2 ply 22: Ra6 jev=True changed=True
game 2 ply 24: Ra8 jev=True changed=True
GAME 2: 1/2-1/2 threefold_repetition 25 plies
{"points": {"Weak2 + Jev": 1.0, "Weak2": 1.0}, "calls": 23, "interventions": 15, "jev_total_ms": 6262.4, "jev_mean_ms": 272.28, "tokens": 17955, "random_picks": 0, "random_interventions": 0, "finished_games": 2}
