game 1 ply 1: f4 jev=True changed=True
game 1 ply 3: e3 jev=True changed=True
game 1 ply 5: Nf3 jev=True changed=True
game 1 ply 7: Bb5 jev=True changed=True
game 1 ply 9: Nd4 jev=True changed=True
game 1 ply 11: Nf5 jev=True changed=True
game 1 ply 13: Bc4 jev=True changed=False
game 1 ply 15: d3 jev=True changed=True
game 1 ply 17: Bd2 jev=True changed=False
game 1 ply 19: b3 jev=True changed=False
game 1 ply 20: e5 jev=False changed=False
game 1 ply 29: Rg1 jev=True changed=False
game 1 ply 31: Rb1 jev=True changed=True
game 1 ply 33: Rc1 jev=True changed=True
game 1 ply 35: d4 jev=True changed=True
game 1 ply 40: Bxa4 jev=False changed=False
game 1 ply 41: dxe5 jev=True changed=False
game 1 ply 43: Rxg7 jev=True changed=True
game 1 ply 45: Ra1 jev=True changed=True
game 1 ply 49: b4 jev=True changed=True
game 1 ply 53: a6 jev=True changed=False
game 1 ply 55: Be3 jev=True changed=True
game 1 ply 57: Bd4 jev=True changed=True
game 1 ply 59: c4 jev=True changed=False
game 1 ply 60: Bxc4 jev=False changed=False
game 1 ply 61: a7 jev=True changed=False
game 1 ply 63: Ra6 jev=True changed=True
game 1 ply 65: Re6+ jev=True changed=True
game 1 ply 71: Qc5+ jev=True changed=True
game 1 ply 73: Qb5+ jev=True changed=True
game 1 ply 75: Qc5+ jev=True changed=True
game 1 ply 77: Qb5+ jev=True changed=True
GAME 1: 1/2-1/2 threefold_repetition 79 plies
game 2 ply 2: e5 jev=True changed=False
game 2 ply 4: Bb4 jev=True changed=True
game 2 ply 6: Bd6 jev=True changed=True
game 2 ply 8: g6 jev=True changed=True
game 2 ply 10: b6 jev=True changed=True
game 2 ply 12: Bb7 jev=True changed=False
game 2 ply 14: Ne6 jev=True changed=False
game 2 ply 20: Rc8 jev=True changed=True
game 2 ply 22: Ra8 jev=True changed=True
game 2 ply 24: Rc8 jev=True changed=True
game 2 ply 26: Ra8 jev=True changed=True
GAME 2: 1/2-1/2 threefold_repetition 27 plies
{"points": {"Weak2 + Jev": 1.0, "Weak2": 1.0}, "calls": 40, "interventions": 29, "jev_total_ms": 10743.38, "jev_mean_ms": 268.58, "tokens": 28267, "random_picks": 0, "random_interventions": 0, "finished_games": 2}
