game 1 ply 1: Nc3 jev=True changed=False
game 1 ply 3: Bc4 jev=True changed=False
game 1 ply 5: d4 jev=True changed=True
game 1 ply 7: Bf4 jev=True changed=True
game 1 ply 9: b4 jev=True changed=False
game 1 ply 11: Nb5 jev=True changed=False
game 1 ply 13: Bd5 jev=True changed=True
game 1 ply 15: Nfxd4 jev=True changed=True
game 1 ply 17: Be5 jev=True changed=False
game 1 ply 20: h4 jev=False changed=False
game 1 ply 21: c4 jev=True changed=True
game 1 ply 23: Nxc7+ jev=True changed=False
game 1 ply 27: g4 jev=True changed=True
game 1 ply 29: f3 jev=True changed=False
game 1 ply 31: Qc2 jev=True changed=True
game 1 ply 33: Rc1 jev=True changed=True
game 1 ply 35: Qc7 jev=True changed=True
game 1 ply 37: Kd1 jev=True changed=False
game 1 ply 40: Qa6+ jev=False changed=False
game 1 ply 41: Kd2 jev=True changed=False
game 1 ply 43: Ke3 jev=True changed=True
game 1 ply 47: Qe6+ jev=True changed=False
GAME 1: 1-0 checkmate 49 plies
game 2 ply 2: d6 jev=True changed=True
game 2 ply 4: Bg4 jev=True changed=True
game 2 ply 8: Kg6 jev=True changed=True
game 2 ply 12: Nd4 jev=True changed=False
game 2 ply 14: Kf4 jev=True changed=False
game 2 ply 16: Ke5 jev=True changed=False
game 2 ply 18: Ne6 jev=True changed=True
game 2 ply 20: axb4 jev=False changed=False
game 2 ply 26: exf6 jev=True changed=False
game 2 ply 28: Kd7 jev=True changed=False
game 2 ply 30: Ke7 jev=True changed=False
game 2 ply 32: Kf7 jev=True changed=True
game 2 ply 34: Kg8 jev=True changed=True
game 2 ply 36: Be7 jev=True changed=False
game 2 ply 40: Ra5 jev=False changed=False
game 2 ply 42: Qe8 jev=True changed=True
game 2 ply 44: Qd7 jev=True changed=True
game 2 ply 60: Qxh1 jev=False changed=False
game 2 ply 64: Qh1+ jev=True changed=True
game 2 ply 72: Qh1+ jev=True changed=True
GAME 2: 1/2-1/2 threefold_repetition 75 plies
{"points": {"Weak2 + Jev": 1.5, "Weak2": 0.5}, "calls": 37, "interventions": 20, "jev_total_ms": 9776.62, "jev_mean_ms": 264.23, "tokens": 26189, "random_picks": 0, "random_interventions": 0, "finished_games": 2}
