game 1 ply 1: Nc5 jev=True changed=True
game 1 ply 3: c4 jev=True changed=True
game 1 ply 5: a4 jev=True changed=False
game 1 ply 7: Nd3 jev=True changed=False
game 1 ply 9: e3 jev=True changed=True
game 1 ply 11: Be2 jev=True changed=False
game 1 ply 13: b3 jev=True changed=True
game 1 ply 15: Bb2 jev=True changed=False
game 1 ply 19: Bb2 jev=True changed=False
game 1 ply 20: Rxg2 jev=False changed=False
game 1 ply 21: h4 jev=True changed=False
game 1 ply 23: Rb1 jev=True changed=True
game 1 ply 25: Rc1 jev=True changed=True
game 1 ply 27: Ra1 jev=True changed=False
game 1 ply 29: Rb1 jev=True changed=True
game 1 ply 31: Rc1 jev=True changed=True
game 1 ply 33: Ra1 jev=True changed=False
game 1 ply 35: Rb1 jev=True changed=True
game 1 ply 37: Rc1 jev=True changed=True
GAME 1: 1/2-1/2 threefold_repetition 38 plies
game 2 ply 2: Nf6 jev=True changed=False
game 2 ply 4: d6 jev=True changed=True
game 2 ply 6: Be6 jev=True changed=False
game 2 ply 8: g6 jev=True changed=True
game 2 ply 10: Bg7 jev=True changed=False
game 2 ply 12: Ra6 jev=True changed=True
game 2 ply 14: Qa8 jev=True changed=True
game 2 ply 16: Qc8 jev=True changed=True
game 2 ply 18: Qa8 jev=True changed=True
game 2 ply 20: Qc8 jev=True changed=True
game 2 ply 22: Qa8 jev=True changed=False
GAME 2: 1/2-1/2 threefold_repetition 22 plies
{"points": {"Weak2 + Jev": 1.0, "Weak2": 1.0}, "calls": 29, "interventions": 17, "jev_total_ms": 8324.34, "jev_mean_ms": 287.05, "tokens": 22399, "random_picks": 0, "random_interventions": 0, "finished_games": 2}
