game 1 ply 1: Nc3 jev=True changed=False
game 1 ply 3: c5 jev=True changed=True
game 1 ply 5: d3 jev=True changed=True
game 1 ply 7: Bf4 jev=True changed=True
game 1 ply 9: g3 jev=True changed=True
game 1 ply 11: Bg2 jev=True changed=False
game 1 ply 13: h4 jev=True changed=False
game 1 ply 15: b3 jev=True changed=False
game 1 ply 17: Rc1 jev=True changed=True
game 1 ply 19: Ra1 jev=True changed=False
game 1 ply 20: Ra6 jev=False changed=False
game 1 ply 21: Rc1 jev=True changed=True
game 1 ply 23: Ra1 jev=True changed=False
GAME 1: 1/2-1/2 threefold_repetition 25 plies
game 2 ply 2: Nf6 jev=True changed=False
game 2 ply 4: d6 jev=True changed=True
game 2 ply 6: Be6 jev=True changed=False
game 2 ply 8: f4 jev=True changed=True
game 2 ply 10: g6 jev=True changed=True
game 2 ply 14: Bg7 jev=True changed=False
game 2 ply 16: b6 jev=True changed=True
game 2 ply 18: Nxg4 jev=True changed=True
game 2 ply 20: Nxe3 jev=False changed=False
game 2 ply 26: Bf6 jev=True changed=False
game 2 ply 30: h6 jev=True changed=True
game 2 ply 32: Ra6 jev=True changed=True
game 2 ply 36: b3 jev=True changed=False
game 2 ply 38: d5 jev=True changed=True
game 2 ply 40: b2+ jev=False changed=False
game 2 ply 42: Bxd4 jev=True changed=True
game 2 ply 46: Nd4 jev=True changed=False
game 2 ply 48: Nxd5 jev=True changed=False
game 2 ply 50: Kf7 jev=True changed=True
game 2 ply 52: Nf4 jev=True changed=True
game 2 ply 54: Bf5 jev=True changed=True
game 2 ply 56: Ke8 jev=True changed=True
game 2 ply 60: Qa8 jev=True changed=True
game 2 ply 62: Kd7 jev=True changed=False
game 2 ply 64: Kc6 jev=True changed=False
game 2 ply 70: Kc8 jev=True changed=False
game 2 ply 74: Kc8 jev=True changed=False
GAME 2: 1/2-1/2 threefold_repetition 78 plies
{"points": {"Weak2 + Jev": 1.0, "Weak2": 1.0}, "calls": 37, "interventions": 20, "jev_total_ms": 10067.76, "jev_mean_ms": 272.1, "tokens": 26647, "random_picks": 0, "random_interventions": 0, "finished_games": 2}
