game 1 ply 1: Nc3 jev=True changed=False
game 1 ply 3: Nf3 jev=True changed=True
game 1 ply 5: d4 jev=True changed=True
game 1 ply 7: Nb5 jev=True changed=False
game 1 ply 9: Bf4 jev=True changed=False
game 1 ply 17: axb5 jev=True changed=True
game 1 ply 19: Nxd4 jev=True changed=True
game 1 ply 20: Bb7 jev=False changed=False
game 1 ply 25: Ne6+ jev=True changed=True
game 1 ply 27: Nxf8 jev=True changed=True
game 1 ply 29: Rxa5 jev=True changed=False
game 1 ply 35: Qd7+ jev=True changed=True
GAME 1: 1-0 checkmate 37 plies
game 2 ply 2: Nd4 jev=True changed=True
game 2 ply 4: Nf6 jev=True changed=False
game 2 ply 8: e6 jev=True changed=True
game 2 ply 12: Be7 jev=True changed=False
game 2 ply 16: Be7 jev=True changed=True
game 2 ply 18: b6 jev=True changed=False
game 2 ply 20: Bb7 jev=True changed=False
game 2 ply 22: Nxf3 jev=True changed=True
game 2 ply 26: Rb8 jev=True changed=True
game 2 ply 28: Rc8 jev=True changed=False
game 2 ply 30: Qc7 jev=True changed=True
game 2 ply 32: Qa7 jev=True changed=True
game 2 ply 34: g6 jev=True changed=False
game 2 ply 36: Qc7 jev=True changed=True
game 2 ply 38: axb4 jev=True changed=False
game 2 ply 40: b3 jev=True changed=False
game 2 ply 42: Qa7 jev=True changed=False
game 2 ply 44: Qc7 jev=True changed=True
game 2 ply 52: Qb4+ jev=True changed=False
game 2 ply 54: Qd4+ jev=True changed=False
game 2 ply 56: Bb4+ jev=True changed=True
game 2 ply 58: Qc4+ jev=True changed=False
game 2 ply 60: Qd4+ jev=False changed=False
game 2 ply 62: Qc4+ jev=True changed=False
game 2 ply 64: Bc5 jev=True changed=False
game 2 ply 66: Qd4+ jev=True changed=True
game 2 ply 68: Qb4+ jev=True changed=False
game 2 ply 72: Qb4+ jev=True changed=False
GAME 2: 1/2-1/2 threefold_repetition 73 plies
{"points": {"Weak2 + Jev": 1.5, "Weak2": 0.5}, "calls": 38, "interventions": 18, "jev_total_ms": 10272.89, "jev_mean_ms": 270.34, "tokens": 27614, "random_picks": 0, "random_interventions": 0, "finished_games": 2}
