game 1 ply 1: e4 jev=True changed=True
game 1 ply 3: c4 jev=True changed=False
game 1 ply 5: Bd3 jev=True changed=False
game 1 ply 7: g3 jev=True changed=True
game 1 ply 9: g4 jev=True changed=False
game 1 ply 11: h3 jev=True changed=False
game 1 ply 13: Rb1 jev=True changed=True
game 1 ply 15: Kf1 jev=True changed=True
game 1 ply 17: Ke1 jev=True changed=True
game 1 ply 19: Kf1 jev=True changed=True
game 1 ply 20: Ra6 jev=False changed=False
game 1 ply 21: Ke1 jev=True changed=True
GAME 1: 1/2-1/2 threefold_repetition 22 plies
game 2 ply 2: e5 jev=True changed=True
game 2 ply 4: c5 jev=True changed=False
game 2 ply 6: Bd6 jev=True changed=False
game 2 ply 8: g5 jev=True changed=False
game 2 ply 10: h6 jev=True changed=False
game 2 ply 12: Rb8 jev=True changed=True
game 2 ply 14: Kf8 jev=True changed=True
game 2 ply 16: Qe8 jev=True changed=True
game 2 ply 18: Qd8 jev=True changed=True
game 2 ply 20: Qe8 jev=True changed=True
GAME 2: 1/2-1/2 threefold_repetition 21 plies
{"points": {"Weak2 + Jev": 1.0, "Weak2": 1.0}, "calls": 21, "interventions": 13, "jev_total_ms": 5923.27, "jev_mean_ms": 282.06, "tokens": 16357, "random_picks": 0, "random_interventions": 0, "finished_games": 2}
