game 1 ply 3: Nxe5 jev=True changed=False
game 1 ply 5: d4 jev=True changed=True
game 1 ply 9: Nc4 jev=True changed=False
game 1 ply 11: Nbd2 jev=True changed=False
game 1 ply 13: Qb3 jev=True changed=False
game 1 ply 15: Ne5 jev=True changed=True
game 1 ply 17: Ndc4 jev=True changed=True
game 1 ply 20: Bh4+ jev=False changed=False
game 1 ply 23: Ke1 jev=True changed=True
game 1 ply 25: Kd1 jev=True changed=False
game 1 ply 27: Ke1 jev=True changed=True
game 1 ply 31: Kc2 jev=True changed=False
game 1 ply 33: Nxd7 jev=True changed=True
game 1 ply 35: Bb2 jev=True changed=False
game 1 ply 37: e4 jev=True changed=True
game 1 ply 39: Be2 jev=True changed=False
game 1 ply 40: h5 jev=False changed=False
game 1 ply 41: b6 jev=True changed=True
game 1 ply 47: g4 jev=True changed=True
game 1 ply 49: d5+ jev=True changed=False
game 1 ply 51: Rc1 jev=True changed=True
game 1 ply 53: Qb3 jev=True changed=True
game 1 ply 55: Nxb6+ jev=True changed=False
game 1 ply 57: Nxa8 jev=True changed=True
game 1 ply 59: Qd5+ jev=True changed=True
game 1 ply 60: Kf4 jev=False changed=False
game 1 ply 61: Bd6+ jev=True changed=False
game 1 ply 63: Qb3+ jev=True changed=False
game 1 ply 67: Qd5+ jev=True changed=True
game 1 ply 69: Re1 jev=True changed=True
game 1 ply 71: Kd2 jev=True changed=True
game 1 ply 75: Qa7 jev=True changed=True
game 1 ply 79: Rd1 jev=True changed=True
game 1 ply 80: Qxh3 jev=False changed=False
game 1 ply 81: Bc7 jev=True changed=True
game 1 ply 87: Ke2 jev=True changed=True
game 1 ply 89: Kd3 jev=True changed=False
game 1 ply 91: Kc4 jev=True changed=True
game 1 ply 93: Kb5 jev=True changed=True
game 1 ply 97: Kb5 jev=True changed=True
GAME 1: 1/2-1/2 threefold_repetition 99 plies
game 2 ply 2: Nb4 jev=True changed=False
game 2 ply 4: Nbd5 jev=True changed=False
game 2 ply 6: Ne4 jev=True changed=True
game 2 ply 8: Bd6 jev=True changed=False
game 2 ply 10: Bf4 jev=True changed=False
game 2 ply 14: f5 jev=True changed=False
game 2 ply 16: Rb8 jev=True changed=True
game 2 ply 20: Rb8 jev=True changed=True
game 2 ply 22: h6 jev=True changed=True
game 2 ply 26: Ne6 jev=True changed=False
game 2 ply 38: Nf6 jev=True changed=False
game 2 ply 40: Rxg2 jev=False changed=False
game 2 ply 42: Nc5 jev=True changed=True
game 2 ply 44: Bxd6 jev=True changed=True
game 2 ply 50: Ne5 jev=True changed=False
game 2 ply 52: Bc5 jev=True changed=True
game 2 ply 60: Rxf5 jev=True changed=True
game 2 ply 66: Rxb1+ jev=True changed=True
game 2 ply 68: Bd4 jev=True changed=True
game 2 ply 70: d5 jev=True changed=True
game 2 ply 72: Be6 jev=True changed=False
game 2 ply 74: c5 jev=True changed=True
game 2 ply 76: c4 jev=True changed=True
game 2 ply 78: c3 jev=True changed=True
game 2 ply 80: b5 jev=True changed=False
game 2 ply 82: Qa5+ jev=True changed=True
game 2 ply 84: b4 jev=True changed=False
game 2 ply 86: Qa1+ jev=True changed=True
game 2 ply 90: Rxh5 jev=True changed=False
game 2 ply 92: Bf5 jev=True changed=True
game 2 ply 94: Be4 jev=True changed=False
game 2 ply 96: c2 jev=True changed=False
game 2 ply 100: Qb2 jev=True changed=True
GAME 2: 0-1 checkmate 102 plies
{"points": {"Weak2 + Jev": 1.5, "Weak2": 0.5}, "calls": 68, "interventions": 41, "jev_total_ms": 18028.39, "jev_mean_ms": 265.12, "tokens": 45856, "random_picks": 0, "random_interventions": 0, "finished_games": 2}
