game 1 ply 1: b3 jev=True changed=True
game 1 ply 3: a4 jev=True changed=False
game 1 ply 5: e3 jev=True changed=True
game 1 ply 7: Bc4 jev=True changed=False
game 1 ply 9: g3 jev=True changed=True
game 1 ply 11: d3 jev=True changed=True
game 1 ply 13: Bd2 jev=True changed=True
game 1 ply 15: Rb1 jev=True changed=True
game 1 ply 17: Rc1 jev=True changed=True
game 1 ply 19: Be6 jev=True changed=True
game 1 ply 20: Ra6 jev=False changed=False
game 1 ply 21: Ra1 jev=True changed=False
game 1 ply 23: Rb1 jev=True changed=True
game 1 ply 25: Rc1 jev=True changed=True
game 1 ply 27: Qe2 jev=True changed=True
game 1 ply 29: Rd1 jev=True changed=True
game 1 ply 31: Rb1 jev=True changed=True
game 1 ply 33: Rc1 jev=True changed=True
game 1 ply 35: Rd1 jev=True changed=True
game 1 ply 37: Rb1 jev=True changed=True
game 1 ply 39: Rc1 jev=True changed=True
game 1 ply 40: Ra6 jev=False changed=False
game 1 ply 41: Rd1 jev=True changed=True
GAME 1: 1/2-1/2 threefold_repetition 42 plies
game 2 ply 2: a5 jev=True changed=False
game 2 ply 4: d6 jev=True changed=True
game 2 ply 6: Be6 jev=True changed=False
game 2 ply 8: f4 jev=True changed=True
game 2 ply 10: b6 jev=True changed=False
game 2 ply 12: Ra6 jev=True changed=True
game 2 ply 14: Ra8 jev=True changed=True
game 2 ply 16: Ra6 jev=True changed=True
game 2 ply 18: Ra8 jev=True changed=True
GAME 2: 1/2-1/2 threefold_repetition 19 plies
{"points": {"Weak2 + Jev": 1.0, "Weak2": 1.0}, "calls": 30, "interventions": 24, "jev_total_ms": 8287.03, "jev_mean_ms": 276.23, "tokens": 23406, "random_picks": 0, "random_interventions": 0, "finished_games": 2}
