game 1 ply 3: Nc3 jev=True changed=False
game 1 ply 5: Nf3 jev=True changed=True
game 1 ply 7: Bd3 jev=True changed=False
game 1 ply 9: f5 jev=True changed=True
game 1 ply 11: h4 jev=True changed=False
game 1 ply 13: g3 jev=True changed=True
game 1 ply 15: b3 jev=True changed=False
game 1 ply 17: Bb2 jev=True changed=False
game 1 ply 19: Rb1 jev=True changed=True
game 1 ply 20: Ra7 jev=False changed=False
game 1 ply 21: Rc1 jev=True changed=True
game 1 ply 23: Ra1 jev=True changed=False
game 1 ply 25: Rb1 jev=True changed=True
game 1 ply 27: Rc1 jev=True changed=True
game 1 ply 29: Ra1 jev=True changed=False
game 1 ply 31: Rb1 jev=True changed=True
game 1 ply 33: Rc1 jev=True changed=True
GAME 1: 1/2-1/2 threefold_repetition 34 plies
game 2 ply 2: Ne6 jev=True changed=True
game 2 ply 4: Ng5 jev=True changed=True
game 2 ply 6: c5 jev=True changed=True
game 2 ply 8: b6 jev=True changed=True
game 2 ply 10: Bb7 jev=True changed=True
game 2 ply 12: Bc6 jev=True changed=True
game 2 ply 14: Bxg2 jev=True changed=True
game 2 ply 16: e5 jev=True changed=True
game 2 ply 20: cxb4 jev=True changed=False
game 2 ply 24: Kd8 jev=True changed=False
game 2 ply 30: Nf6 jev=True changed=True
game 2 ply 32: Ne8 jev=True changed=False
game 2 ply 34: Bc5 jev=True changed=False
game 2 ply 36: d6 jev=True changed=True
game 2 ply 38: Nf6 jev=True changed=False
game 2 ply 40: a5 jev=True changed=False
game 2 ply 42: Qa6 jev=True changed=True
game 2 ply 44: Qa7 jev=True changed=True
game 2 ply 46: Qa6 jev=True changed=True
game 2 ply 48: h5 jev=True changed=False
game 2 ply 50: g5 jev=True changed=False
game 2 ply 54: Kc8 jev=True changed=True
game 2 ply 56: Bc5 jev=True changed=False
game 2 ply 58: b3 jev=True changed=False
game 2 ply 60: Kd8 jev=True changed=True
GAME 2: 1-0 checkmate 63 plies
{"points": {"Weak2 + Jev": 0.5, "Weak2": 1.5}, "calls": 41, "interventions": 24, "jev_total_ms": 11486.2, "jev_mean_ms": 280.15, "tokens": 30238, "random_picks": 0, "random_interventions": 0, "finished_games": 2}
