game 1 ply 1: d3 jev=True changed=True
game 1 ply 3: Bf4 jev=True changed=True
game 1 ply 5: e3 jev=True changed=True
game 1 ply 7: Be2 jev=True changed=False
game 1 ply 9: h4 jev=True changed=False
game 1 ply 11: g3 jev=True changed=True
game 1 ply 13: b3 jev=True changed=False
game 1 ply 15: Rc1 jev=True changed=True
game 1 ply 17: Ra1 jev=True changed=False
game 1 ply 19: Rc1 jev=True changed=True
game 1 ply 20: Ra7 jev=False changed=False
game 1 ply 21: Ra1 jev=True changed=False
GAME 1: 1/2-1/2 threefold_repetition 22 plies
game 2 ply 2: d6 jev=True changed=True
game 2 ply 4: Bf5 jev=True changed=True
game 2 ply 6: e6 jev=True changed=True
game 2 ply 8: Be7 jev=True changed=False
game 2 ply 10: g6 jev=True changed=True
game 2 ply 12: b6 jev=True changed=True
game 2 ply 14: h5 jev=True changed=False
game 2 ply 16: Rc8 jev=True changed=True
game 2 ply 18: Ra8 jev=True changed=False
game 2 ply 20: Rc8 jev=True changed=True
game 2 ply 22: Ra8 jev=True changed=False
GAME 2: 1/2-1/2 threefold_repetition 23 plies
{"points": {"Weak2 + Jev": 1.0, "Weak2": 1.0}, "calls": 22, "interventions": 13, "jev_total_ms": 6365.42, "jev_mean_ms": 289.34, "tokens": 17173, "random_picks": 0, "random_interventions": 0, "finished_games": 2}
