game 1 ply 1: e3 jev=True changed=True
game 1 ply 3: Bb5 jev=True changed=False
game 1 ply 7: Nd4 jev=True changed=True
game 1 ply 9: Nxc6 jev=True changed=True
game 1 ply 15: d3 jev=True changed=True
game 1 ply 17: Bd2 jev=True changed=False
game 1 ply 19: g3 jev=True changed=True
game 1 ply 20: Bg7 jev=False changed=False
game 1 ply 21: f3 jev=True changed=True
game 1 ply 23: b3 jev=True changed=False
game 1 ply 25: bxc4 jev=True changed=False
game 1 ply 31: c5 jev=True changed=False
game 1 ply 35: Qd6+ jev=True changed=True
game 1 ply 37: Qxe5 jev=True changed=False
game 1 ply 39: Qe7+ jev=True changed=True
game 1 ply 40: Ka6 jev=False changed=False
game 1 ply 41: Qxf7 jev=True changed=True
game 1 ply 49: Ke2 jev=True changed=True
GAME 1: 0-1 checkmate 56 plies
game 2 ply 2: Nf6 jev=True changed=False
game 2 ply 4: e5 jev=True changed=True
game 2 ply 6: Bc5 jev=True changed=False
game 2 ply 8: b5 jev=True changed=True
game 2 ply 10: Nb4 jev=True changed=False
game 2 ply 12: Bd4 jev=True changed=True
game 2 ply 14: Nfxd5 jev=True changed=True
game 2 ply 16: Be4 jev=True changed=False
game 2 ply 20: f6 jev=True changed=False
game 2 ply 22: Rc8 jev=True changed=True
game 2 ply 24: Rb8 jev=True changed=True
game 2 ply 30: cxd6 jev=True changed=False
game 2 ply 36: Qa5+ jev=True changed=False
game 2 ply 38: Nxb4 jev=True changed=True
game 2 ply 40: Nxd3+ jev=False changed=False
game 2 ply 42: Rb2+ jev=True changed=True
game 2 ply 44: Rf2+ jev=True changed=False
game 2 ply 48: Nb4 jev=True changed=True
game 2 ply 50: Be4+ jev=True changed=True
game 2 ply 56: Bd5 jev=True changed=False
game 2 ply 58: Nc6 jev=True changed=False
game 2 ply 60: Nd8 jev=True changed=True
game 2 ply 64: Qe4 jev=True changed=True
game 2 ply 68: Qd3+ jev=True changed=True
game 2 ply 70: Qb1+ jev=True changed=True
game 2 ply 72: Nc6 jev=True changed=False
game 2 ply 74: Qb4+ jev=True changed=True
game 2 ply 76: Qc3+ jev=True changed=True
game 2 ply 78: Qd3+ jev=True changed=True
game 2 ply 80: Qxd4+ jev=False changed=False
game 2 ply 82: Qd1+ jev=True changed=True
game 2 ply 84: Qb3+ jev=True changed=False
game 2 ply 86: Qc3+ jev=True changed=True
game 2 ply 88: Qd3+ jev=True changed=True
game 2 ply 90: Qa3+ jev=True changed=False
GAME 2: 0-1 checkmate 92 plies
{"points": {"Weak2 + Jev": 1, "Weak2": 1}, "calls": 49, "interventions": 30, "jev_total_ms": 12979.05, "jev_mean_ms": 264.88, "tokens": 33051, "random_picks": 0, "random_interventions": 0, "finished_games": 2}
