game 1 ply 1: Nc3 jev=True changed=False
game 1 ply 3: c5 jev=True changed=True
game 1 ply 5: d4 jev=True changed=True
game 1 ply 7: Bf4 jev=True changed=True
game 1 ply 9: e4 jev=True changed=True
game 1 ply 11: Bc4 jev=True changed=False
game 1 ply 13: Bxg5 jev=True changed=True
game 1 ply 17: cxb6 jev=True changed=True
game 1 ply 20: Qxf6 jev=False changed=False
game 1 ply 23: b4 jev=True changed=False
game 1 ply 25: Nd2 jev=True changed=True
game 1 ply 27: Rb1 jev=True changed=True
game 1 ply 29: f4 jev=True changed=False
game 1 ply 33: Nf3 jev=True changed=False
game 1 ply 35: Ke1 jev=True changed=False
game 1 ply 37: Kf2 jev=True changed=True
game 1 ply 39: Rb3 jev=True changed=True
game 1 ply 40: Ne5 jev=False changed=False
game 1 ply 41: Rg3 jev=True changed=True
game 1 ply 43: Rf3 jev=True changed=True
game 1 ply 47: Qa1 jev=True changed=True
game 1 ply 49: Kg3 jev=True changed=True
game 1 ply 51: Kg4 jev=True changed=False
game 1 ply 55: Qe5 jev=True changed=True
game 1 ply 59: Qxb6 jev=True changed=False
game 1 ply 60: Bd5 jev=False changed=False
game 1 ply 65: Qa7+ jev=True changed=True
game 1 ply 67: Qa4+ jev=True changed=False
game 1 ply 71: Qd7 jev=True changed=True
GAME 1: 0-1 checkmate 74 plies
game 2 ply 2: Nf6 jev=True changed=False
game 2 ply 4: e6 jev=True changed=True
game 2 ply 6: Bc5 jev=True changed=False
game 2 ply 8: d6 jev=True changed=True
game 2 ply 10: Bd7 jev=True changed=False
game 2 ply 12: g6 jev=True changed=True
game 2 ply 14: b6 jev=True changed=False
game 2 ply 16: Rb8 jev=True changed=True
game 2 ply 18: Rc8 jev=True changed=True
game 2 ply 20: Qe7 jev=True changed=True
game 2 ply 22: Rd8 jev=True changed=True
game 2 ply 24: Rc8 jev=True changed=True
game 2 ply 26: Rd8 jev=True changed=True
GAME 2: 1/2-1/2 threefold_repetition 27 plies
{"points": {"Weak2 + Jev": 0.5, "Weak2": 1.5}, "calls": 39, "interventions": 26, "jev_total_ms": 11041.95, "jev_mean_ms": 283.13, "tokens": 27604, "random_picks": 0, "random_interventions": 0, "finished_games": 2}
