game 1 ply 1: d3 jev=True changed=True
game 1 ply 3: Bf4 jev=True changed=True
game 1 ply 5: e3 jev=True changed=True
game 1 ply 7: Be2 jev=True changed=False
game 1 ply 9: h4 jev=True changed=False
game 1 ply 11: g3 jev=True changed=True
game 1 ply 13: Rb1 jev=True changed=True
game 1 ply 15: Rc1 jev=True changed=True
game 1 ply 17: b4 jev=True changed=True
game 1 ply 19: Nb5 jev=True changed=False
game 1 ply 20: Rxa4 jev=False changed=False
game 1 ply 21: c4 jev=True changed=True
game 1 ply 25: Nxc7+ jev=True changed=False
game 1 ply 29: Bg2 jev=True changed=True
game 1 ply 31: Qb3 jev=True changed=True
game 1 ply 33: Qb1 jev=True changed=False
game 1 ply 37: Qa1 jev=True changed=False
game 1 ply 39: Qa4 jev=True changed=True
game 1 ply 40: Rb6 jev=False changed=False
game 1 ply 43: Rc1 jev=True changed=False
game 1 ply 47: Kd3 jev=True changed=True
game 1 ply 51: Kd3 jev=True changed=True
GAME 1: 1/2-1/2 threefold_repetition 53 plies
game 2 ply 2: b6 jev=True changed=True
game 2 ply 4: Bb7 jev=True changed=True
game 2 ply 6: d6 jev=True changed=True
game 2 ply 8: e6 jev=True changed=True
game 2 ply 10: Be7 jev=True changed=True
game 2 ply 12: g6 jev=True changed=True
game 2 ply 14: a5 jev=True changed=False
game 2 ply 16: Rb8 jev=True changed=True
game 2 ply 18: Rc8 jev=True changed=True
game 2 ply 20: Ra8 jev=True changed=False
game 2 ply 22: Rb8 jev=True changed=True
game 2 ply 24: Rc8 jev=True changed=True
game 2 ply 26: Ra8 jev=True changed=False
game 2 ply 28: Rb8 jev=True changed=True
game 2 ply 30: Rc8 jev=True changed=True
GAME 2: 1/2-1/2 threefold_repetition 31 plies
{"points": {"Weak2 + Jev": 1.0, "Weak2": 1.0}, "calls": 35, "interventions": 25, "jev_total_ms": 9709.29, "jev_mean_ms": 277.41, "tokens": 26634, "random_picks": 0, "random_interventions": 0, "finished_games": 2}
