game 1 ply 1: e4 jev=True changed=True
game 1 ply 3: Nf3 jev=True changed=True
game 1 ply 5: Bd3 jev=True changed=False
game 1 ply 9: b6 jev=True changed=True
game 1 ply 11: b4 jev=True changed=True
game 1 ply 13: Bb2 jev=True changed=True
game 1 ply 15: a4 jev=True changed=False
game 1 ply 17: Bc3 jev=True changed=False
game 1 ply 20: g5 jev=False changed=False
game 1 ply 25: d4 jev=True changed=True
game 1 ply 29: Bd3 jev=True changed=True
game 1 ply 37: Bf4 jev=True changed=True
game 1 ply 40: Nf6 jev=False changed=False
game 1 ply 41: Ng6+ jev=True changed=True
game 1 ply 45: Ng5+ jev=True changed=True
game 1 ply 47: Qe2+ jev=True changed=True
game 1 ply 53: Bf5 jev=True changed=True
game 1 ply 60: Bd5 jev=False changed=False
game 1 ply 63: Qb6+ jev=True changed=True
game 1 ply 65: Rc2+ jev=True changed=True
game 1 ply 67: Qc7+ jev=True changed=True
game 1 ply 69: Qxc3+ jev=True changed=True
GAME 1: 1-0 checkmate 73 plies
game 2 ply 4: Bd6 jev=True changed=False
game 2 ply 6: Nc6 jev=True changed=False
game 2 ply 8: Nd4 jev=True changed=False
game 2 ply 10: Ne6 jev=True changed=True
game 2 ply 12: f5 jev=True changed=False
game 2 ply 14: Be5 jev=True changed=False
game 2 ply 16: g6 jev=True changed=False
game 2 ply 18: d6 jev=True changed=False
game 2 ply 20: Bd7 jev=True changed=False
game 2 ply 22: Bc6 jev=True changed=False
game 2 ply 26: Nf6 jev=True changed=False
game 2 ply 28: g5 jev=True changed=True
game 2 ply 30: b6 jev=True changed=False
game 2 ply 32: h6 jev=True changed=False
game 2 ply 34: Rb8 jev=True changed=True
game 2 ply 36: Rc8 jev=True changed=True
game 2 ply 38: Rc7 jev=True changed=True
game 2 ply 40: Ra7 jev=True changed=False
game 2 ply 42: Rb7 jev=True changed=True
game 2 ply 44: Rc7 jev=True changed=True
game 2 ply 46: Ra7 jev=True changed=False
game 2 ply 48: Rb7 jev=True changed=True
game 2 ply 50: Rc7 jev=True changed=True
game 2 ply 52: Ra7 jev=True changed=False
GAME 2: 1/2-1/2 threefold_repetition 53 plies
{"points": {"Weak2 + Jev": 1.5, "Weak2": 0.5}, "calls": 43, "interventions": 25, "jev_total_ms": 12223.47, "jev_mean_ms": 284.27, "tokens": 31495, "random_picks": 0, "random_interventions": 0, "finished_games": 2}
