game 1 ply 1: d4 jev=True changed=True
game 1 ply 3: Nc3 jev=True changed=False
game 1 ply 5: Bf4 jev=True changed=True
game 1 ply 7: Ne5 jev=True changed=False
game 1 ply 9: Nxb5 jev=True changed=True
game 1 ply 11: Nc3 jev=True changed=False
game 1 ply 15: Be3 jev=True changed=True
game 1 ply 17: f4 jev=True changed=False
game 1 ply 19: g4 jev=True changed=False
game 1 ply 20: Be6 jev=False changed=False
game 1 ply 21: g5 jev=True changed=True
game 1 ply 27: Ne5 jev=True changed=True
game 1 ply 29: Bg2 jev=True changed=False
game 1 ply 33: Bd4 jev=True changed=False
game 1 ply 35: Bf3 jev=True changed=False
game 1 ply 37: e3 jev=True changed=False
game 1 ply 39: Rc1 jev=True changed=True
game 1 ply 40: Ra6 jev=False changed=False
game 1 ply 41: Rb1 jev=True changed=True
game 1 ply 45: Qg6+ jev=True changed=False
game 1 ply 47: c6 jev=True changed=False
game 1 ply 49: f5 jev=True changed=True
game 1 ply 51: fxe6 jev=True changed=True
game 1 ply 53: Nxd5 jev=True changed=False
game 1 ply 57: Bg7+ jev=True changed=True
game 1 ply 59: Bd4+ jev=True changed=False
game 1 ply 60: Kf8 jev=False changed=False
game 1 ply 61: Bg7+ jev=True changed=True
game 1 ply 63: Bd4+ jev=True changed=False
GAME 1: 1/2-1/2 threefold_repetition 64 plies
game 2 ply 2: Nc6 jev=True changed=False
game 2 ply 4: Nb4 jev=True changed=False
game 2 ply 6: e5 jev=True changed=True
game 2 ply 8: d4 jev=True changed=False
game 2 ply 10: Nbd5 jev=True changed=False
game 2 ply 12: Ne4 jev=True changed=True
game 2 ply 14: Nf4 jev=True changed=False
game 2 ply 16: Ne6 jev=True changed=False
game 2 ply 20: Bd6 jev=True changed=False
game 2 ply 22: Nxf2 jev=True changed=False
game 2 ply 28: Qf5+ jev=True changed=True
game 2 ply 30: Rd8 jev=True changed=True
game 2 ply 32: Kf8 jev=True changed=True
game 2 ply 34: Be5 jev=True changed=False
game 2 ply 36: Bd6 jev=True changed=False
game 2 ply 40: Ng5 jev=True changed=False
game 2 ply 44: f6 jev=True changed=False
game 2 ply 46: Rb8 jev=True changed=True
game 2 ply 48: Rd8 jev=True changed=True
game 2 ply 50: Rb8 jev=True changed=True
game 2 ply 54: Re8+ jev=True changed=True
game 2 ply 56: c5 jev=True changed=False
game 2 ply 60: Kf7 jev=False changed=False
game 2 ply 64: f5 jev=True changed=True
GAME 2: 1-0 checkmate 67 plies
{"points": {"Weak2 + Jev": 0.5, "Weak2": 1.5}, "calls": 49, "interventions": 22, "jev_total_ms": 13663.98, "jev_mean_ms": 278.86, "tokens": 35026, "random_picks": 0, "random_interventions": 0, "finished_games": 2}
