game 1 ply 1: e4 jev=True changed=True
game 1 ply 3: Nf3 jev=True changed=True
game 1 ply 5: axb5 jev=True changed=True
game 1 ply 7: Nxe5 jev=True changed=False
game 1 ply 9: Nd3 jev=True changed=True
game 1 ply 11: c4 jev=True changed=False
game 1 ply 13: e5 jev=True changed=False
game 1 ply 15: f4 jev=True changed=True
game 1 ply 17: g3 jev=True changed=False
game 1 ply 19: Be2 jev=True changed=False
game 1 ply 20: c5 jev=False changed=False
game 1 ply 21: e6 jev=True changed=True
game 1 ply 31: f5 jev=True changed=True
game 1 ply 37: Qxc4 jev=True changed=True
game 1 ply 40: Kf8 jev=False changed=False
game 1 ply 41: Qf5+ jev=True changed=True
game 1 ply 43: Qc5+ jev=True changed=False
game 1 ply 47: Qxg7 jev=True changed=True
game 1 ply 51: Nc4 jev=True changed=False
game 1 ply 53: Kd1 jev=True changed=False
game 1 ply 55: Nxa5+ jev=True changed=True
game 1 ply 59: Qb2+ jev=True changed=True
game 1 ply 60: Kc5 jev=False changed=False
game 1 ply 61: Qb7 jev=True changed=True
game 1 ply 63: g4 jev=True changed=False
game 1 ply 65: Ke1 jev=True changed=True
game 1 ply 67: Kf2 jev=True changed=True
game 1 ply 71: Qc6+ jev=True changed=True
game 1 ply 73: Nb3+ jev=True changed=False
game 1 ply 77: Qa4+ jev=True changed=True
game 1 ply 79: Qxe4+ jev=True changed=False
game 1 ply 80: Kg5 jev=False changed=False
game 1 ply 81: Qd3 jev=True changed=True
game 1 ply 83: Kg1 jev=True changed=True
game 1 ply 85: Kf1 jev=True changed=False
game 1 ply 87: Ke1 jev=True changed=False
GAME 1: 1/2-1/2 threefold_repetition 88 plies
game 2 ply 2: e4 jev=True changed=False
game 2 ply 4: Nd4 jev=True changed=True
game 2 ply 6: c5 jev=True changed=False
game 2 ply 8: Ne6 jev=True changed=True
game 2 ply 10: Bd6 jev=True changed=False
game 2 ply 12: Be5 jev=True changed=False
game 2 ply 14: d6 jev=True changed=True
game 2 ply 16: Bd7 jev=True changed=False
game 2 ply 18: Bc6 jev=True changed=False
game 2 ply 20: Bxc3 jev=False changed=False
game 2 ply 22: Nf6 jev=True changed=False
game 2 ply 24: g5 jev=True changed=False
game 2 ply 26: b6 jev=True changed=False
game 2 ply 28: Ra6 jev=True changed=True
game 2 ply 30: Ra8 jev=True changed=True
game 2 ply 32: Ra6 jev=True changed=True
game 2 ply 34: Ra7 jev=True changed=True
GAME 2: 1/2-1/2 threefold_repetition 35 plies
{"points": {"Weak2 + Jev": 1.0, "Weak2": 1.0}, "calls": 48, "interventions": 26, "jev_total_ms": 12602.21, "jev_mean_ms": 262.55, "tokens": 33268, "random_picks": 0, "random_interventions": 0, "finished_games": 2}
