game 1 ply 1: Nc3 jev=True changed=False
game 1 ply 3: c5 jev=True changed=True
game 1 ply 5: d4 jev=True changed=True
game 1 ply 7: Bf4 jev=True changed=True
game 1 ply 9: e4 jev=True changed=True
game 1 ply 11: Bd3 jev=True changed=True
game 1 ply 13: g4 jev=True changed=True
game 1 ply 15: Ng5 jev=True changed=True
game 1 ply 17: Be5 jev=True changed=True
game 1 ply 19: Bxf6 jev=True changed=True
game 1 ply 20: Qxf6 jev=False changed=False
game 1 ply 21: Nxf7 jev=True changed=True
game 1 ply 25: b3 jev=True changed=False
game 1 ply 27: Rb1 jev=True changed=True
game 1 ply 29: Kf1 jev=True changed=True
game 1 ply 31: Kg1 jev=True changed=False
game 1 ply 35: Qf3+ jev=True changed=False
game 1 ply 37: e5 jev=True changed=True
game 1 ply 39: exd6+ jev=True changed=True
game 1 ply 40: cxd6 jev=False changed=False
game 1 ply 41: Qf4 jev=True changed=True
game 1 ply 43: Kf1 jev=True changed=False
game 1 ply 47: Qf4 jev=True changed=True
game 1 ply 51: Kd3 jev=True changed=True
game 1 ply 53: Kc4 jev=True changed=True
game 1 ply 57: Kd3 jev=True changed=True
game 1 ply 59: Ke2 jev=True changed=True
game 1 ply 60: Qa2+ jev=False changed=False
game 1 ply 61: Kd3 jev=True changed=True
game 1 ply 63: Ke2 jev=True changed=True
GAME 1: 1/2-1/2 threefold_repetition 65 plies
game 2 ply 2: d6 jev=True changed=True
game 2 ply 4: Bf5 jev=True changed=True
game 2 ply 6: e6 jev=True changed=True
game 2 ply 8: Be7 jev=True changed=False
game 2 ply 10: g6 jev=True changed=True
game 2 ply 12: b6 jev=True changed=True
game 2 ply 14: h6 jev=True changed=True
game 2 ply 16: Ra6 jev=True changed=True
game 2 ply 18: Ra8 jev=True changed=True
game 2 ply 20: Ra6 jev=True changed=True
game 2 ply 22: Ra7 jev=True changed=True
GAME 2: 1/2-1/2 threefold_repetition 23 plies
{"points": {"Weak2 + Jev": 1.0, "Weak2": 1.0}, "calls": 38, "interventions": 32, "jev_total_ms": 10722.33, "jev_mean_ms": 282.17, "tokens": 27258, "random_picks": 0, "random_interventions": 0, "finished_games": 2}
