game 1 ply 3: Nf3 jev=True changed=False
game 1 ply 7: Nf3 jev=True changed=True
game 1 ply 9: d3 jev=True changed=True
game 1 ply 11: Be3 jev=True changed=False
game 1 ply 13: Ng5 jev=True changed=True
game 1 ply 15: h3 jev=True changed=False
game 1 ply 17: Rb1 jev=True changed=True
game 1 ply 19: Rb3 jev=True changed=True
game 1 ply 20: Ra7 jev=False changed=False
game 1 ply 21: Ra3 jev=True changed=False
game 1 ply 23: Rb3 jev=True changed=True
game 1 ply 25: Ra3 jev=True changed=False
GAME 1: 1/2-1/2 threefold_repetition 26 plies
game 2 ply 2: b6 jev=True changed=True
game 2 ply 4: c5 jev=True changed=True
game 2 ply 6: Bb7 jev=True changed=True
game 2 ply 8: c4 jev=True changed=True
game 2 ply 10: g6 jev=True changed=True
game 2 ply 12: a6 jev=True changed=True
game 2 ply 14: Bxg2 jev=True changed=True
game 2 ply 16: Kf8 jev=True changed=True
game 2 ply 20: Nxa6 jev=True changed=True
game 2 ply 22: Nc5 jev=True changed=False
game 2 ply 28: Qb8 jev=True changed=False
game 2 ply 30: Bc6 jev=True changed=False
game 2 ply 32: Kg7 jev=True changed=True
game 2 ply 34: Kf8 jev=True changed=False
game 2 ply 38: c5 jev=True changed=False
game 2 ply 40: Be5 jev=True changed=False
game 2 ply 44: Bd6 jev=True changed=False
game 2 ply 46: Ra5 jev=True changed=False
game 2 ply 50: Qa8 jev=True changed=True
game 2 ply 52: Qa5 jev=True changed=False
game 2 ply 54: Ne4 jev=True changed=False
game 2 ply 56: Re5 jev=True changed=True
game 2 ply 60: Qa8 jev=True changed=True
game 2 ply 68: Ke7 jev=True changed=True
game 2 ply 70: Kf6 jev=True changed=True
game 2 ply 72: Ke6 jev=True changed=False
game 2 ply 74: Kf5 jev=True changed=False
game 2 ply 76: Kg4 jev=True changed=False
GAME 2: 1-0 checkmate 79 plies
{"points": {"Weak2 + Jev": 0.5, "Weak2": 1.5}, "calls": 39, "interventions": 21, "jev_total_ms": 10768.06, "jev_mean_ms": 276.1, "tokens": 27503, "random_picks": 0, "random_interventions": 0, "finished_games": 2}
