game 1 ply 3: d4 jev=True changed=False
game 1 ply 9: Nf3 jev=True changed=True
game 1 ply 11: Ne5 jev=True changed=False
game 1 ply 15: Bf4 jev=True changed=True
game 1 ply 17: Ne5 jev=True changed=False
game 1 ply 19: c6 jev=True changed=False
game 1 ply 20: dxc6 jev=False changed=False
game 1 ply 21: e3 jev=True changed=True
game 1 ply 23: Nxf7 jev=True changed=True
game 1 ply 27: Bd3 jev=True changed=True
game 1 ply 29: f4 jev=True changed=False
game 1 ply 31: h3 jev=True changed=False
game 1 ply 33: Rb1 jev=True changed=True
game 1 ply 35: Rb3 jev=True changed=True
game 1 ply 37: Rb1 jev=True changed=True
game 1 ply 39: Rb3 jev=True changed=True
game 1 ply 40: Ra8 jev=False changed=False
game 1 ply 41: Rb1 jev=True changed=True
game 1 ply 43: Rb3 jev=True changed=True
GAME 1: 1/2-1/2 threefold_repetition 43 plies
game 2 ply 2: g5 jev=True changed=True
game 2 ply 4: Bg7 jev=True changed=False
game 2 ply 6: c6 jev=True changed=True
game 2 ply 8: Nc4 jev=True changed=False
game 2 ply 12: e6 jev=True changed=True
game 2 ply 14: Qe7 jev=True changed=True
game 2 ply 16: b5 jev=True changed=True
game 2 ply 18: Bb7 jev=True changed=True
game 2 ply 20: dxc6 jev=False changed=False
game 2 ply 24: a5 jev=True changed=False
game 2 ply 26: Ra6 jev=True changed=True
game 2 ply 28: Ra7 jev=True changed=True
game 2 ply 30: h6 jev=True changed=True
game 2 ply 32: h5 jev=True changed=False
game 2 ply 34: e5 jev=True changed=True
game 2 ply 38: f5 jev=True changed=False
game 2 ply 40: Bxf6 jev=True changed=True
game 2 ply 42: Qxf6 jev=True changed=True
game 2 ply 44: Kf8 jev=True changed=True
game 2 ply 48: Nf6 jev=True changed=True
GAME 2: 1-0 checkmate 53 plies
{"points": {"Weak2 + Jev": 0.5, "Weak2": 1.5}, "calls": 36, "interventions": 25, "jev_total_ms": 9758.63, "jev_mean_ms": 271.07, "tokens": 26225, "random_picks": 0, "random_interventions": 0, "finished_games": 2}
