game 1 ply 1: d4 jev=True changed=False
game 1 ply 5: Nf3 jev=True changed=True
game 1 ply 7: Be3 jev=True changed=False
game 1 ply 9: Ne5 jev=True changed=True
game 1 ply 11: f4 jev=True changed=False
game 1 ply 13: Nd3 jev=True changed=True
game 1 ply 15: Nxe7 jev=True changed=True
game 1 ply 17: c3 jev=True changed=False
game 1 ply 19: Qc2 jev=True changed=True
game 1 ply 20: Bh4+ jev=False changed=False
game 1 ply 21: Kd2 jev=True changed=False
game 1 ply 23: Kc1 jev=True changed=False
game 1 ply 25: h3 jev=True changed=False
game 1 ply 27: Rb1 jev=True changed=True
game 1 ply 29: b4 jev=True changed=False
game 1 ply 31: Nxb4 jev=True changed=True
game 1 ply 37: Qe6+ jev=True changed=False
game 1 ply 39: Nd3 jev=True changed=False
game 1 ply 40: Rxd4 jev=False changed=False
game 1 ply 41: Ne1 jev=True changed=True
game 1 ply 43: Qxf5 jev=True changed=True
game 1 ply 45: Kd1 jev=True changed=True
game 1 ply 47: Kc1 jev=True changed=False
game 1 ply 51: Kc1 jev=True changed=False
game 1 ply 53: Nc2 jev=True changed=False
game 1 ply 57: Ne3 jev=True changed=False
game 1 ply 60: b4 jev=False changed=False
game 1 ply 61: Qf4 jev=True changed=True
game 1 ply 63: Nd5 jev=True changed=False
game 1 ply 67: Ka3 jev=True changed=True
game 1 ply 69: Kb3 jev=True changed=True
game 1 ply 71: Ka4 jev=True changed=True
game 1 ply 77: Qg7+ jev=True changed=False
game 1 ply 79: Qb2 jev=True changed=True
game 1 ply 80: Qc4+ jev=False changed=False
game 1 ply 81: Ka5 jev=True changed=True
game 1 ply 83: Qb6+ jev=True changed=False
game 1 ply 85: Qb7+ jev=True changed=True
game 1 ply 87: Qb6+ jev=True changed=False
game 1 ply 89: Qb7+ jev=True changed=True
GAME 1: 1/2-1/2 threefold_repetition 92 plies
game 2 ply 2: Nc4 jev=True changed=False
game 2 ply 6: Ne4 jev=True changed=False
game 2 ply 8: f5 jev=True changed=False
game 2 ply 10: c6 jev=True changed=True
game 2 ply 12: Nxe7 jev=True changed=True
game 2 ply 14: d6 jev=True changed=True
game 2 ply 16: Be6 jev=True changed=False
game 2 ply 20: Nxf1 jev=False changed=False
game 2 ply 22: b6 jev=True changed=True
game 2 ply 24: Ra6 jev=True changed=True
game 2 ply 26: Ra8 jev=True changed=True
game 2 ply 28: Ra6 jev=True changed=True
game 2 ply 30: Ra8 jev=True changed=True
GAME 2: 1/2-1/2 threefold_repetition 31 plies
{"points": {"Weak2 + Jev": 1.0, "Weak2": 1.0}, "calls": 48, "interventions": 26, "jev_total_ms": 13674.38, "jev_mean_ms": 284.88, "tokens": 33269, "random_picks": 0, "random_interventions": 0, "finished_games": 2}
