game 1 ply 1: Ne5 jev=True changed=False
game 1 ply 3: f4 jev=True changed=False
game 1 ply 5: d3 jev=True changed=True
game 1 ply 7: Be3 jev=True changed=False
game 1 ply 11: f5 jev=True changed=True
game 1 ply 15: b3 jev=True changed=True
game 1 ply 17: g3 jev=True changed=True
game 1 ply 20: Nd4 jev=False changed=False
game 1 ply 37: Ne3 jev=True changed=True
game 1 ply 39: Kd1 jev=True changed=False
game 1 ply 40: Bxa1 jev=False changed=False
GAME 1: 1/2-1/2 threefold_repetition 47 plies
game 2 ply 2: g5 jev=True changed=True
game 2 ply 4: Bg7 jev=True changed=True
game 2 ply 6: a5 jev=True changed=False
game 2 ply 8: e6 jev=True changed=True
game 2 ply 10: b5 jev=True changed=True
game 2 ply 12: d6 jev=True changed=True
game 2 ply 14: Nbd7 jev=True changed=False
game 2 ply 16: Kf8 jev=True changed=True
game 2 ply 18: Rxc8 jev=True changed=False
game 2 ply 20: Ne5 jev=True changed=False
game 2 ply 22: Ra8 jev=True changed=True
game 2 ply 24: Rc8 jev=True changed=True
game 2 ply 26: Ra8 jev=True changed=False
game 2 ply 28: Rc8 jev=True changed=True
game 2 ply 30: Ra8 jev=True changed=False
game 2 ply 32: Rc8 jev=True changed=True
GAME 2: 1/2-1/2 threefold_repetition 34 plies
{"points": {"Weak2 + Jev": 1.0, "Weak2": 1.0}, "calls": 25, "interventions": 15, "jev_total_ms": 6933.85, "jev_mean_ms": 277.35, "tokens": 18850, "random_picks": 0, "random_interventions": 0, "finished_games": 2}
