game 1 ply 1: Nc3 jev=True changed=False
game 1 ply 3: e3 jev=True changed=True
game 1 ply 5: Bb5 jev=True changed=False
game 1 ply 11: Nxc6 jev=True changed=True
game 1 ply 17: f4 jev=True changed=False
game 1 ply 19: hxg5 jev=True changed=True
game 1 ply 20: Nd7 jev=False changed=False
game 1 ply 21: d3 jev=True changed=True
game 1 ply 23: Bd2 jev=True changed=False
game 1 ply 25: Bxc3 jev=True changed=False
game 1 ply 29: f5 jev=True changed=True
game 1 ply 31: g4 jev=True changed=False
game 1 ply 33: g6 jev=True changed=False
game 1 ply 39: Bxe5+ jev=True changed=False
game 1 ply 40: Kc6 jev=False changed=False
GAME 1: 1-0 checkmate 43 plies
game 2 ply 2: Nf6 jev=True changed=False
game 2 ply 4: e5 jev=True changed=True
game 2 ply 6: Bd6 jev=True changed=True
game 2 ply 8: b5 jev=True changed=True
game 2 ply 12: Nd7 jev=True changed=True
game 2 ply 14: Rc8 jev=True changed=True
game 2 ply 16: f5 jev=True changed=True
game 2 ply 18: g5 jev=True changed=True
game 2 ply 20: Be7 jev=True changed=False
game 2 ply 22: a6 jev=True changed=True
game 2 ply 32: Kd8 jev=True changed=False
game 2 ply 40: Ra8 jev=True changed=True
game 2 ply 42: Rd8 jev=True changed=True
game 2 ply 44: Ke7 jev=True changed=False
game 2 ply 48: Ke7 jev=True changed=True
game 2 ply 50: Kd7 jev=True changed=False
game 2 ply 52: Kc6 jev=True changed=False
game 2 ply 54: Kb5 jev=True changed=False
game 2 ply 56: Kc6 jev=True changed=True
game 2 ply 58: Kb5 jev=True changed=True
game 2 ply 60: c4 jev=True changed=True
GAME 2: 1-0 checkmate 63 plies
{"points": {"Weak2 + Jev": 1, "Weak2": 1}, "calls": 34, "interventions": 19, "jev_total_ms": 9981.53, "jev_mean_ms": 293.57, "tokens": 23065, "random_picks": 0, "random_interventions": 0, "finished_games": 2}
