game 1 ply 1: Nf3 jev=True changed=False
game 1 ply 3: d3 jev=True changed=True
game 1 ply 5: Bf4 jev=True changed=True
game 1 ply 7: e3 jev=True changed=True
game 1 ply 9: Be2 jev=True changed=False
game 1 ply 11: g3 jev=True changed=True
game 1 ply 13: b3 jev=True changed=False
game 1 ply 15: Rb1 jev=True changed=True
game 1 ply 17: Rc1 jev=True changed=True
game 1 ply 19: Ra1 jev=True changed=False
game 1 ply 20: Ra6 jev=False changed=False
game 1 ply 21: Rb1 jev=True changed=True
game 1 ply 23: Rc1 jev=True changed=True
game 1 ply 25: Ra1 jev=True changed=False
game 1 ply 27: Rb1 jev=True changed=True
game 1 ply 29: Rc1 jev=True changed=True
game 1 ply 31: Ra1 jev=True changed=True
GAME 1: 1/2-1/2 threefold_repetition 32 plies
game 2 ply 2: Nc6 jev=True changed=False
game 2 ply 4: d6 jev=True changed=True
game 2 ply 6: Bf5 jev=True changed=True
game 2 ply 8: e6 jev=True changed=True
game 2 ply 10: Be7 jev=True changed=False
game 2 ply 12: g6 jev=True changed=True
game 2 ply 14: b6 jev=True changed=True
game 2 ply 16: h5 jev=True changed=False
game 2 ply 18: Rc8 jev=True changed=True
game 2 ply 20: Ra8 jev=True changed=False
game 2 ply 22: Rc8 jev=True changed=True
game 2 ply 24: Ra8 jev=True changed=False
GAME 2: 1/2-1/2 threefold_repetition 25 plies
{"points": {"Weak2 + Jev": 1.0, "Weak2": 1.0}, "calls": 28, "interventions": 18, "jev_total_ms": 7516.13, "jev_mean_ms": 268.43, "tokens": 21849, "random_picks": 0, "random_interventions": 0, "finished_games": 2}
