game 1 ply 1: Ne5 jev=True changed=True
game 1 ply 3: f4 jev=True changed=False
game 1 ply 7: Nc3 jev=True changed=False
game 1 ply 9: Nd5 jev=True changed=True
game 1 ply 11: Ne3 jev=True changed=True
game 1 ply 13: Kd2 jev=True changed=True
game 1 ply 17: b4 jev=True changed=False
game 1 ply 19: g4 jev=True changed=True
game 1 ply 20: fxg4 jev=False changed=False
game 1 ply 21: Bg2 jev=True changed=True
game 1 ply 25: Re1 jev=True changed=False
game 1 ply 27: a5 jev=True changed=True
game 1 ply 29: a6 jev=True changed=True
game 1 ply 31: Bb2 jev=True changed=False
game 1 ply 35: Kc1 jev=True changed=False
game 1 ply 37: Kb1 jev=True changed=False
game 1 ply 39: Qd6 jev=True changed=True
game 1 ply 40: Be4+ jev=False changed=False
game 1 ply 49: Kd1 jev=True changed=True
game 1 ply 51: Ke2 jev=True changed=True
game 1 ply 53: Ke3 jev=True changed=True
game 1 ply 60: g5 jev=False changed=False
GAME 1: 0-1 checkmate 62 plies
game 2 ply 2: Nc6 jev=True changed=False
game 2 ply 4: Nb4 jev=True changed=False
game 2 ply 6: f5 jev=True changed=False
game 2 ply 8: exd6 jev=True changed=True
game 2 ply 10: Nc6 jev=True changed=False
game 2 ply 12: Be7 jev=True changed=False
game 2 ply 14: Bf6 jev=True changed=False
game 2 ply 16: b6 jev=True changed=True
game 2 ply 18: Bb7 jev=True changed=False
game 2 ply 20: g6 jev=True changed=True
game 2 ply 22: g5 jev=True changed=True
game 2 ply 24: Ra6 jev=True changed=True
game 2 ply 26: Ra7 jev=True changed=True
game 2 ply 28: h6 jev=True changed=True
game 2 ply 30: Ra6 jev=True changed=True
game 2 ply 32: Ra7 jev=True changed=True
game 2 ply 34: Ra6 jev=True changed=True
GAME 2: 1/2-1/2 threefold_repetition 35 plies
{"points": {"Weak2 + Jev": 0.5, "Weak2": 1.5}, "calls": 36, "interventions": 22, "jev_total_ms": 9847.84, "jev_mean_ms": 273.55, "tokens": 26545, "random_picks": 0, "random_interventions": 0, "finished_games": 2}
