game 1 ply 1: Ne5 jev=True changed=False
game 1 ply 3: d3 jev=True changed=True
game 1 ply 5: Bf4 jev=True changed=True
game 1 ply 7: e3 jev=True changed=True
game 1 ply 9: Nxb5 jev=True changed=True
game 1 ply 11: Nc3 jev=True changed=False
game 1 ply 13: Be2 jev=True changed=False
game 1 ply 17: b3 jev=True changed=False
game 1 ply 19: Rb1 jev=True changed=True
game 1 ply 20: c4 jev=False changed=False
game 1 ply 21: dxc4 jev=True changed=True
game 1 ply 25: c5 jev=True changed=True
game 1 ply 29: Bd3 jev=True changed=True
game 1 ply 31: Nxf7 jev=True changed=True
game 1 ply 33: Kf1 jev=True changed=True
game 1 ply 37: Bb5 jev=True changed=False
game 1 ply 39: Bd3 jev=True changed=False
game 1 ply 40: Bd5 jev=False changed=False
game 1 ply 41: c4 jev=True changed=True
game 1 ply 43: h3 jev=True changed=False
game 1 ply 47: g5 jev=True changed=False
game 1 ply 53: Rc1 jev=True changed=True
game 1 ply 55: Qf5 jev=True changed=True
game 1 ply 57: b4 jev=True changed=False
game 1 ply 59: a5 jev=True changed=False
game 1 ply 60: Qxa5 jev=False changed=False
game 1 ply 61: Rd1 jev=True changed=True
game 1 ply 63: Be4+ jev=True changed=False
game 1 ply 69: Qxe5+ jev=True changed=False
game 1 ply 73: Qxa5+ jev=True changed=False
game 1 ply 75: Rd5+ jev=True changed=False
game 1 ply 77: c5 jev=True changed=True
game 1 ply 79: c6 jev=True changed=True
game 1 ply 80: b3 jev=False changed=False
game 1 ply 81: c7 jev=True changed=True
game 1 ply 83: g7 jev=True changed=True
game 1 ply 85: Rc5 jev=True changed=True
game 1 ply 91: Rd3 jev=True changed=True
game 1 ply 93: Rd1 jev=True changed=False
game 1 ply 95: Kg2 jev=True changed=True
game 1 ply 99: Kg2 jev=True changed=True
game 1 ply 100: h1=Q+ jev=False changed=False
game 1 ply 103: Kf4 jev=True changed=False
game 1 ply 105: Ke5 jev=True changed=False
game 1 ply 107: Kd4 jev=True changed=False
game 1 ply 109: Kc3 jev=True changed=False
game 1 ply 111: Kd4 jev=True changed=True
game 1 ply 113: Kc3 jev=True changed=False
GAME 1: 1/2-1/2 threefold_repetition 115 plies
game 2 ply 2: b6 jev=True changed=True
game 2 ply 4: d6 jev=True changed=True
game 2 ply 6: Nc6 jev=True changed=False
game 2 ply 8: Nd4 jev=True changed=True
game 2 ply 10: Bf5 jev=True changed=True
game 2 ply 12: Ne6 jev=True changed=True
game 2 ply 14: Nxg4 jev=True changed=True
game 2 ply 16: Nd4 jev=True changed=False
game 2 ply 18: e6 jev=True changed=True
game 2 ply 20: Nf6 jev=True changed=True
game 2 ply 26: Bd6 jev=True changed=False
game 2 ply 28: b5 jev=True changed=True
game 2 ply 30: Nb4 jev=True changed=False
game 2 ply 32: g5 jev=True changed=False
game 2 ply 36: Ng4 jev=True changed=True
game 2 ply 40: Nxd3 jev=True changed=True
game 2 ply 42: Bc7 jev=True changed=False
game 2 ply 44: e5 jev=True changed=False
game 2 ply 46: f6 jev=True changed=True
game 2 ply 48: Qxf6 jev=True changed=True
game 2 ply 50: Qe6 jev=True changed=True
game 2 ply 52: Kf7 jev=True changed=True
game 2 ply 54: Bxe6 jev=True changed=False
game 2 ply 56: Ke8 jev=True changed=False
game 2 ply 58: Nxe3 jev=True changed=True
game 2 ply 60: Bf5 jev=True changed=False
game 2 ply 62: Kd8 jev=True changed=False
game 2 ply 68: Kc7 jev=True changed=True
game 2 ply 76: Rd8 jev=True changed=True
game 2 ply 80: Kd7 jev=False changed=False
game 2 ply 82: Re8 jev=True changed=True
game 2 ply 84: Rd8 jev=True changed=True
game 2 ply 86: Ke7 jev=True changed=False
GAME 2: 1-0 checkmate 91 plies
{"points": {"Weak2 + Jev": 0.5, "Weak2": 1.5}, "calls": 75, "interventions": 43, "jev_total_ms": 20901.14, "jev_mean_ms": 278.68, "tokens": 50411, "random_picks": 0, "random_interventions": 0, "finished_games": 2}
