game 1 ply 1: Nf5 jev=True changed=True
game 1 ply 3: d3 jev=True changed=True
game 1 ply 5: Be3 jev=True changed=False
game 1 ply 7: g3 jev=True changed=True
GAME 1: 1/2-1/2 threefold_repetition 19 plies
game 2 ply 2: Nc6 jev=True changed=False
game 2 ply 4: Bc5 jev=True changed=False
game 2 ply 6: d5 jev=True changed=True
game 2 ply 8: Bf5 jev=True changed=True
game 2 ply 10: b5 jev=True changed=False
game 2 ply 12: Nb4 jev=True changed=False
game 2 ply 14: Bd4 jev=True changed=True
game 2 ply 16: Nbxd5 jev=True changed=False
game 2 ply 18: Ne4 jev=True changed=True
game 2 ply 20: c5 jev=True changed=False
game 2 ply 22: f6 jev=True changed=False
game 2 ply 24: g6 jev=True changed=True
game 2 ply 28: h5 jev=True changed=False
game 2 ply 30: Bf5 jev=True changed=False
game 2 ply 32: Nxd2 jev=True changed=False
game 2 ply 34: Ne7 jev=True changed=True
game 2 ply 36: Rc8 jev=True changed=True
game 2 ply 38: Qc7 jev=True changed=True
game 2 ply 40: O-O jev=True changed=False
game 2 ply 42: Ng6 jev=True changed=False
game 2 ply 56: Ke6 jev=True changed=False
game 2 ply 58: Kd5 jev=True changed=False
game 2 ply 60: Ke4 jev=True changed=True
game 2 ply 62: Kf5 jev=True changed=True
game 2 ply 64: Ke4 jev=True changed=False
GAME 2: 1-0 checkmate 79 plies
{"points": {"Weak2 + Jev": 0.5, "Weak2": 1.5}, "calls": 29, "interventions": 13, "jev_total_ms": 8122.52, "jev_mean_ms": 280.09, "tokens": 20394, "random_picks": 0, "random_interventions": 0, "finished_games": 2}
