game 1 ply 1: d4 jev=True changed=True
game 1 ply 3: Nf3 jev=True changed=True
game 1 ply 5: Be3 jev=True changed=False
game 1 ply 7: b4 jev=True changed=False
game 1 ply 9: Nb5 jev=True changed=False
game 1 ply 11: c4 jev=True changed=False
game 1 ply 13: a5 jev=True changed=True
game 1 ply 15: f5 jev=True changed=True
game 1 ply 17: Bg5 jev=True changed=True
game 1 ply 20: fxg6 jev=False changed=False
game 1 ply 21: e4 jev=True changed=False
game 1 ply 23: Be3 jev=True changed=True
game 1 ply 25: Bd3 jev=True changed=False
game 1 ply 27: Qxc2 jev=True changed=False
game 1 ply 29: Ne5 jev=True changed=False
game 1 ply 33: Nf4 jev=True changed=True
game 1 ply 37: Nf4 jev=True changed=False
game 1 ply 39: e5 jev=True changed=False
game 1 ply 40: Nfd7 jev=False changed=False
game 1 ply 41: e6 jev=True changed=False
game 1 ply 43: h4 jev=True changed=False
game 1 ply 47: Bf5 jev=True changed=True
game 1 ply 49: Ng6+ jev=True changed=True
game 1 ply 51: dxc5 jev=True changed=False
game 1 ply 53: Bd4 jev=True changed=False
game 1 ply 57: Ra4 jev=True changed=True
game 1 ply 60: Bc6 jev=False changed=False
game 1 ply 63: Be4 jev=True changed=False
game 1 ply 65: h5 jev=True changed=True
game 1 ply 67: g3 jev=True changed=True
game 1 ply 69: Qb1 jev=True changed=True
game 1 ply 71: Kd1 jev=True changed=False
game 1 ply 73: Kc1 jev=True changed=False
game 1 ply 75: Kb2 jev=True changed=False
game 1 ply 80: Ra3+ jev=False changed=False
game 1 ply 81: Kc1 jev=True changed=False
game 1 ply 85: Rd1 jev=True changed=False
game 1 ply 87: Kb1 jev=True changed=False
game 1 ply 91: Kb1 jev=True changed=False
game 1 ply 93: Kc2 jev=True changed=True
game 1 ply 95: Rb1 jev=True changed=False
GAME 1: 0-1 checkmate 98 plies
game 2 ply 2: Nc6 jev=True changed=False
game 2 ply 4: e6 jev=True changed=True
game 2 ply 6: Bc5 jev=True changed=False
game 2 ply 8: d6 jev=True changed=True
game 2 ply 10: Bd7 jev=True changed=False
game 2 ply 12: g6 jev=True changed=True
game 2 ply 14: b6 jev=True changed=False
game 2 ply 16: Rb8 jev=True changed=True
game 2 ply 18: Rc8 jev=True changed=True
game 2 ply 20: Be3 jev=True changed=False
game 2 ply 22: Qe7 jev=True changed=True
game 2 ply 24: Rd8 jev=True changed=True
game 2 ply 26: Rc8 jev=True changed=True
game 2 ply 28: Rd8 jev=True changed=True
GAME 2: 1/2-1/2 threefold_repetition 29 plies
{"points": {"Weak2 + Jev": 0.5, "Weak2": 1.5}, "calls": 51, "interventions": 23, "jev_total_ms": 13831.28, "jev_mean_ms": 271.2, "tokens": 36183, "random_picks": 0, "random_interventions": 0, "finished_games": 2}
