game 1 ply 1: Nc3 jev=True changed=False
game 1 ply 3: d4 jev=True changed=True
game 1 ply 5: Bf4 jev=True changed=True
game 1 ply 7: Ne5 jev=True changed=False
game 1 ply 9: Nd3 jev=True changed=True
game 1 ply 11: h4 jev=True changed=True
game 1 ply 13: e3 jev=True changed=True
game 1 ply 15: Be2 jev=True changed=True
game 1 ply 17: Rg1 jev=True changed=False
game 1 ply 20: a5 jev=False changed=False
game 1 ply 21: bxa6 jev=True changed=False
game 1 ply 23: Rc1 jev=True changed=True
game 1 ply 25: Ra1 jev=True changed=True
game 1 ply 27: Rc1 jev=True changed=True
game 1 ply 35: Bxd6 jev=True changed=True
game 1 ply 40: Kd8 jev=False changed=False
game 1 ply 41: Bg6 jev=True changed=True
game 1 ply 43: Kd2 jev=True changed=False
game 1 ply 45: Rxd1 jev=True changed=False
game 1 ply 47: Be4 jev=True changed=False
game 1 ply 60: Ka6 jev=False changed=False
game 1 ply 61: f4 jev=True changed=True
game 1 ply 63: f5 jev=True changed=True
game 1 ply 65: Rb1 jev=True changed=True
game 1 ply 67: f6 jev=True changed=True
game 1 ply 71: Rd1 jev=True changed=True
game 1 ply 75: Rb1 jev=True changed=False
game 1 ply 77: Rd1 jev=True changed=True
game 1 ply 79: Rb1 jev=True changed=False
game 1 ply 80: Ra2 jev=False changed=False
GAME 1: 1/2-1/2 threefold_repetition 80 plies
game 2 ply 2: d6 jev=True changed=True
game 2 ply 4: Nbd7 jev=True changed=True
game 2 ply 6: Nc5 jev=True changed=False
game 2 ply 8: Bf5 jev=True changed=True
game 2 ply 10: Ne6 jev=True changed=False
game 2 ply 12: Bg4 jev=True changed=False
game 2 ply 16: d5 jev=True changed=True
game 2 ply 18: Nf4 jev=True changed=False
game 2 ply 20: g6 jev=True changed=True
game 2 ply 22: Ng2+ jev=True changed=True
game 2 ply 24: Bh6+ jev=True changed=True
game 2 ply 26: Nf4+ jev=True changed=True
game 2 ply 32: Nxc3 jev=True changed=True
game 2 ply 36: Be5 jev=True changed=True
game 2 ply 40: c5 jev=True changed=False
game 2 ply 46: Be5 jev=True changed=True
game 2 ply 48: e6 jev=True changed=True
game 2 ply 50: g5 jev=True changed=True
game 2 ply 52: Nd7 jev=True changed=False
game 2 ply 54: Kg7 jev=True changed=True
game 2 ply 56: Nc5+ jev=True changed=False
game 2 ply 60: Qe3+ jev=True changed=False
game 2 ply 64: Qe3+ jev=True changed=False
GAME 2: 1/2-1/2 threefold_repetition 67 plies
{"points": {"Weak2 + Jev": 1.0, "Weak2": 1.0}, "calls": 49, "interventions": 31, "jev_total_ms": 13782.51, "jev_mean_ms": 281.28, "tokens": 34247, "random_picks": 0, "random_interventions": 0, "finished_games": 2}
