game 1 ply 1: d4 jev=True changed=True
game 1 ply 3: b4 jev=True changed=False
game 1 ply 5: Bg5 jev=True changed=True
game 1 ply 7: f4 jev=True changed=False
game 1 ply 9: Nd5 jev=True changed=True
game 1 ply 11: Nf3 jev=True changed=False
game 1 ply 13: g3 jev=True changed=True
game 1 ply 15: Nxe7 jev=True changed=True
game 1 ply 19: d5 jev=True changed=True
game 1 ply 20: Qxb4+ jev=False changed=False
game 1 ply 31: e4 jev=True changed=False
game 1 ply 33: f5 jev=True changed=True
game 1 ply 35: Kc3 jev=True changed=False
game 1 ply 37: Bh3 jev=True changed=True
game 1 ply 39: Kd4 jev=True changed=True
game 1 ply 40: Qe4+ jev=False changed=False
game 1 ply 43: g4 jev=True changed=True
game 1 ply 45: Kb4 jev=True changed=True
GAME 1: 1/2-1/2 threefold_repetition 57 plies
game 2 ply 2: b6 jev=True changed=True
game 2 ply 4: Bb7 jev=True changed=False
game 2 ply 6: Nc4 jev=True changed=False
game 2 ply 8: Bc6 jev=True changed=False
game 2 ply 10: e6 jev=True changed=True
game 2 ply 14: Bb4 jev=True changed=False
game 2 ply 16: Bxc3+ jev=True changed=False
game 2 ply 20: Qxc7 jev=False changed=False
game 2 ply 22: Be4 jev=True changed=True
game 2 ply 24: Bd5 jev=True changed=False
game 2 ply 26: Bf4 jev=True changed=True
game 2 ply 28: Ne3+ jev=True changed=False
game 2 ply 34: Nxe3 jev=True changed=True
game 2 ply 38: bxc5 jev=True changed=False
game 2 ply 40: Bd5 jev=True changed=False
game 2 ply 44: Be5 jev=True changed=False
game 2 ply 48: Qxc3+ jev=True changed=False
GAME 2: 0-1 checkmate 50 plies
{"points": {"Weak2 + Jev": 1.5, "Weak2": 0.5}, "calls": 32, "interventions": 16, "jev_total_ms": 8841.31, "jev_mean_ms": 276.29, "tokens": 23247, "random_picks": 0, "random_interventions": 0, "finished_games": 2}
