game 1 ply 1: f4 jev=True changed=True
game 1 ply 3: a4 jev=True changed=False
game 1 ply 5: d3 jev=True changed=True
game 1 ply 7: Be3 jev=True changed=False
game 1 ply 11: f5 jev=True changed=True
game 1 ply 15: b3 jev=True changed=True
game 1 ply 17: h4 jev=True changed=False
game 1 ply 19: hxg5 jev=True changed=False
game 1 ply 20: Nd7 jev=False changed=False
game 1 ply 23: g7 jev=True changed=True
game 1 ply 25: d4 jev=True changed=True
game 1 ply 29: Rb1 jev=True changed=True
game 1 ply 31: Rc1 jev=True changed=True
game 1 ply 33: Ra1 jev=True changed=False
game 1 ply 35: Rb1 jev=True changed=True
game 1 ply 37: Rc1 jev=True changed=True
game 1 ply 39: Ra1 jev=True changed=False
game 1 ply 40: Ra7 jev=False changed=False
game 1 ply 41: Rb1 jev=True changed=True
game 1 ply 43: Rc1 jev=True changed=True
GAME 1: 1/2-1/2 threefold_repetition 45 plies
game 2 ply 2: b6 jev=True changed=True
game 2 ply 4: d6 jev=True changed=True
game 2 ply 6: Nc6 jev=True changed=False
game 2 ply 8: Nd4 jev=True changed=True
game 2 ply 10: Bf5 jev=True changed=True
game 2 ply 12: Ne6 jev=True changed=True
game 2 ply 14: Bxg4 jev=True changed=False
game 2 ply 16: Rb8 jev=True changed=True
game 2 ply 20: Kxd7 jev=True changed=True
game 2 ply 22: Bf5 jev=True changed=True
game 2 ply 24: f6 jev=True changed=True
game 2 ply 26: g5 jev=True changed=True
game 2 ply 30: Bg7 jev=True changed=False
game 2 ply 32: cxb4 jev=True changed=True
game 2 ply 36: b5 jev=True changed=True
game 2 ply 40: Bxd3 jev=True changed=True
game 2 ply 44: c2 jev=True changed=False
game 2 ply 46: Kd7 jev=True changed=True
game 2 ply 48: Kc6 jev=True changed=False
GAME 2: 1-0 checkmate 53 plies
{"points": {"Weak2 + Jev": 0.5, "Weak2": 1.5}, "calls": 37, "interventions": 26, "jev_total_ms": 10373.05, "jev_mean_ms": 280.35, "tokens": 27323, "random_picks": 0, "random_interventions": 0, "finished_games": 2}
