game 1 ply 1: e4 jev=True changed=True
game 1 ply 3: c4 jev=True changed=False
game 1 ply 5: Bd3 jev=True changed=False
game 1 ply 7: g3 jev=True changed=True
game 1 ply 9: g4 jev=True changed=False
game 1 ply 11: Ra3 jev=True changed=True
game 1 ply 13: h3 jev=True changed=False
game 1 ply 15: Rc3 jev=True changed=True
game 1 ply 17: Ra3 jev=True changed=False
game 1 ply 19: Rc3 jev=True changed=True
game 1 ply 20: Ra6 jev=False changed=False
GAME 1: 1/2-1/2 threefold_repetition 20 plies
game 2 ply 2: e5 jev=True changed=False
game 2 ply 4: Bd6 jev=True changed=False
game 2 ply 6: g5 jev=True changed=True
game 2 ply 8: h6 jev=True changed=True
game 2 ply 10: Rb8 jev=True changed=True
game 2 ply 12: a5 jev=True changed=False
game 2 ply 14: Kf8 jev=True changed=True
game 2 ply 16: Ke8 jev=True changed=True
game 2 ply 18: Kf8 jev=True changed=True
game 2 ply 20: Ke8 jev=True changed=True
GAME 2: 1/2-1/2 threefold_repetition 21 plies
{"points": {"Weak2 + Jev": 1.0, "Weak2": 1.0}, "calls": 20, "interventions": 12, "jev_total_ms": 5995.8, "jev_mean_ms": 299.79, "tokens": 15582, "random_picks": 0, "random_interventions": 0, "finished_games": 2}
