game 1 ply 1: Nc3 jev=True changed=False
game 1 ply 5: Bd2 jev=True changed=True
game 1 ply 9: Ne5 jev=True changed=True
game 1 ply 13: c3 jev=True changed=False
game 1 ply 17: Nxd7 jev=True changed=False
game 1 ply 19: f4 jev=True changed=False
game 1 ply 20: f5 jev=False changed=False
game 1 ply 21: e3 jev=True changed=True
game 1 ply 23: Qxd2 jev=True changed=False
game 1 ply 25: Bc4 jev=True changed=False
game 1 ply 27: g3 jev=True changed=True
game 1 ply 29: Qe2 jev=True changed=True
game 1 ply 31: Kf1 jev=True changed=True
game 1 ply 33: Rb1 jev=True changed=True
game 1 ply 35: h4 jev=True changed=False
game 1 ply 37: Kg2 jev=True changed=True
game 1 ply 40: Qxa2 jev=False changed=False
game 1 ply 41: Rb6 jev=True changed=True
game 1 ply 43: Kg3 jev=True changed=True
game 1 ply 45: Kh2 jev=True changed=True
game 1 ply 47: Kg1 jev=True changed=False
game 1 ply 49: Kf1 jev=True changed=False
game 1 ply 51: Kg2 jev=True changed=True
game 1 ply 53: Rd1+ jev=True changed=False
game 1 ply 55: Ra1 jev=True changed=False
game 1 ply 57: Kf1 jev=True changed=False
game 1 ply 59: Kg1 jev=True changed=True
game 1 ply 60: Bd5 jev=False changed=False
game 1 ply 61: Rd1 jev=True changed=True
game 1 ply 63: Ra1 jev=True changed=False
game 1 ply 65: Rc1 jev=True changed=True
game 1 ply 67: Rd1 jev=True changed=True
game 1 ply 69: Ra1 jev=True changed=False
game 1 ply 71: Rc1 jev=True changed=True
game 1 ply 73: Rd1 jev=True changed=True
game 1 ply 75: Ra1 jev=True changed=False
game 1 ply 77: Rc1 jev=True changed=True
game 1 ply 79: Kf1 jev=True changed=False
game 1 ply 80: Bd3+ jev=False changed=False
game 1 ply 81: Kg2 jev=True changed=True
game 1 ply 83: Kf1 jev=True changed=False
game 1 ply 85: Kg2 jev=True changed=True
game 1 ply 87: Kf3 jev=True changed=True
game 1 ply 89: Kg3 jev=True changed=True
game 1 ply 91: Kf2 jev=True changed=False
game 1 ply 93: Kg3 jev=True changed=True
game 1 ply 95: Kf2 jev=True changed=False
game 1 ply 97: Kg3 jev=True changed=True
game 1 ply 99: Kf2 jev=True changed=False
game 1 ply 100: a1=Q jev=False changed=False
game 1 ply 103: Kh3 jev=True changed=True
game 1 ply 105: Kg3 jev=True changed=False
GAME 1: 0-1 checkmate 108 plies
game 2 ply 4: Nbd5 jev=True changed=False
game 2 ply 6: c6 jev=True changed=False
game 2 ply 8: Qa5+ jev=True changed=True
game 2 ply 10: Qxc3+ jev=True changed=False
game 2 ply 14: Qb8 jev=True changed=True
game 2 ply 16: Ne4 jev=True changed=True
game 2 ply 18: f5 jev=True changed=True
game 2 ply 20: e6 jev=True changed=True
game 2 ply 22: Be7 jev=True changed=True
game 2 ply 24: Bf6 jev=True changed=True
game 2 ply 28: Bb7 jev=True changed=False
game 2 ply 36: d6 jev=True changed=True
game 2 ply 40: h6 jev=True changed=True
game 2 ply 42: Qc7 jev=True changed=True
game 2 ply 44: Rb8 jev=True changed=True
game 2 ply 46: Rd8 jev=True changed=True
game 2 ply 48: Qd7 jev=True changed=True
game 2 ply 50: d5 jev=True changed=False
game 2 ply 52: cxd5 jev=True changed=True
game 2 ply 54: Nf5 jev=True changed=True
game 2 ply 56: Nxd4 jev=True changed=False
game 2 ply 58: Kxd7 jev=True changed=True
game 2 ply 60: Kc8 jev=True changed=False
game 2 ply 62: Kc7 jev=True changed=True
game 2 ply 64: g3 jev=True changed=False
game 2 ply 66: Kd7 jev=True changed=True
game 2 ply 68: Ke7 jev=True changed=True
game 2 ply 74: Kc8 jev=True changed=True
game 2 ply 76: Kb8 jev=True changed=False
game 2 ply 78: Kc8 jev=True changed=True
game 2 ply 80: Kc7 jev=True changed=True
GAME 2: 1/2-1/2 threefold_repetition 82 plies
{"points": {"Weak2 + Jev": 0.5, "Weak2": 1.5}, "calls": 78, "interventions": 48, "jev_total_ms": 21174.64, "jev_mean_ms": 271.47, "tokens": 50989, "random_picks": 0, "random_interventions": 0, "finished_games": 2}
