game 1 ply 1: a4 jev=True changed=True
game 1 ply 3: d3 jev=True changed=True
game 1 ply 5: Bf4 jev=True changed=True
game 1 ply 7: e3 jev=True changed=True
game 1 ply 9: Be2 jev=True changed=False
game 1 ply 11: g3 jev=True changed=True
game 1 ply 13: h4 jev=True changed=False
game 1 ply 15: Rb1 jev=True changed=True
game 1 ply 17: Rc1 jev=True changed=True
game 1 ply 19: b4 jev=True changed=True
game 1 ply 20: axb4 jev=False changed=False
game 1 ply 21: Nb5 jev=True changed=False
game 1 ply 23: c4 jev=True changed=True
game 1 ply 27: Nxc7+ jev=True changed=False
game 1 ply 31: Bg2 jev=True changed=True
game 1 ply 33: Qb3 jev=True changed=True
game 1 ply 35: Qc2 jev=True changed=True
game 1 ply 37: Rd1 jev=True changed=True
game 1 ply 39: Qb3 jev=True changed=True
game 1 ply 40: b5 jev=False changed=False
game 1 ply 43: Qa4 jev=True changed=True
game 1 ply 45: Qb3 jev=True changed=True
game 1 ply 47: Bxg5 jev=True changed=True
game 1 ply 49: Bxe3 jev=True changed=False
game 1 ply 53: Qb1 jev=True changed=False
game 1 ply 55: Qc1 jev=True changed=True
game 1 ply 57: Qc4 jev=True changed=True
game 1 ply 59: Bb4 jev=True changed=False
game 1 ply 60: Ncxb4 jev=False changed=False
game 1 ply 61: Ne5+ jev=True changed=False
game 1 ply 67: Kf1 jev=True changed=True
game 1 ply 73: Kf3 jev=True changed=False
game 1 ply 80: Ra2 jev=False changed=False
game 1 ply 81: Qxb3 jev=True changed=True
game 1 ply 83: Qb7+ jev=True changed=False
game 1 ply 85: Qb8+ jev=True changed=True
game 1 ply 87: Qc7+ jev=True changed=False
game 1 ply 89: Qc4+ jev=True changed=True
game 1 ply 91: Qb3+ jev=True changed=False
game 1 ply 93: Qb8 jev=True changed=True
game 1 ply 97: Kb3 jev=True changed=True
game 1 ply 99: Kc3 jev=True changed=True
game 1 ply 100: Rxb8 jev=False changed=False
game 1 ply 103: Rhb1+ jev=True changed=True
game 1 ply 109: Ra4 jev=True changed=True
game 1 ply 111: Rd4 jev=True changed=False
game 1 ply 119: Nf7 jev=True changed=False
game 1 ply 120: Ka5 jev=False changed=False
game 1 ply 121: Ne5 jev=True changed=False
game 1 ply 123: Rb2 jev=True changed=True
game 1 ply 125: Rb3+ jev=True changed=True
game 1 ply 127: Rb5 jev=True changed=True
game 1 ply 129: Ra5+ jev=True changed=False
game 1 ply 131: Ra3 jev=True changed=False
GAME 1: 1-0 checkmate 133 plies
game 2 ply 2: d6 jev=True changed=True
game 2 ply 4: Bf5 jev=True changed=True
game 2 ply 6: e6 jev=True changed=True
game 2 ply 8: Be7 jev=True changed=False
game 2 ply 10: g6 jev=True changed=True
game 2 ply 12: b6 jev=True changed=True
game 2 ply 14: h5 jev=True changed=False
game 2 ply 16: Rc8 jev=True changed=True
game 2 ply 18: Ra8 jev=True changed=False
game 2 ply 20: Rc8 jev=True changed=True
game 2 ply 22: Ra8 jev=True changed=False
GAME 2: 1/2-1/2 threefold_repetition 23 plies
{"points": {"Weak2 + Jev": 1.5, "Weak2": 0.5}, "calls": 59, "interventions": 38, "jev_total_ms": 16853.91, "jev_mean_ms": 285.66, "tokens": 40564, "random_picks": 0, "random_interventions": 0, "finished_games": 2}
