game 1 ply 1: Nd5 jev=True changed=False
game 1 ply 3: c4 jev=True changed=False
game 1 ply 5: d3 jev=True changed=True
game 1 ply 7: Nf4 jev=True changed=True
game 1 ply 9: Nd5 jev=True changed=True
game 1 ply 11: Nf4 jev=True changed=True
game 1 ply 13: Nd5 jev=True changed=True
GAME 1: 1/2-1/2 threefold_repetition 13 plies
game 2 ply 2: e6 jev=True changed=True
game 2 ply 4: Nf6 jev=True changed=True
game 2 ply 6: Bc5 jev=True changed=False
game 2 ply 8: d6 jev=True changed=True
game 2 ply 10: Bd7 jev=True changed=False
game 2 ply 12: f4 jev=True changed=True
game 2 ply 14: b6 jev=True changed=True
game 2 ply 16: g6 jev=True changed=True
game 2 ply 18: h5 jev=True changed=False
game 2 ply 20: Rb8 jev=True changed=True
game 2 ply 22: Rc8 jev=True changed=True
game 2 ply 24: Qe7 jev=True changed=True
game 2 ply 26: Rd8 jev=True changed=True
game 2 ply 28: Rc8 jev=True changed=True
game 2 ply 30: Rd8 jev=True changed=True
GAME 2: 1/2-1/2 threefold_repetition 31 plies
{"points": {"Weak2 + Jev": 1.0, "Weak2": 1.0}, "calls": 22, "interventions": 17, "jev_total_ms": 6408.84, "jev_mean_ms": 291.31, "tokens": 17177, "random_picks": 0, "random_interventions": 0, "finished_games": 2}
