game 1 ply 1: Nc3 jev=True changed=False
game 1 ply 3: Nd5 jev=True changed=True
game 1 ply 5: Nf3 jev=True changed=True
game 1 ply 7: cxb5 jev=True changed=True
game 1 ply 9: Bd3 jev=True changed=True
game 1 ply 11: Ne3 jev=True changed=True
game 1 ply 13: b4 jev=True changed=False
game 1 ply 15: Bb2 jev=True changed=False
game 1 ply 19: Nf3 jev=True changed=True
game 1 ply 20: b3 jev=False changed=False
game 1 ply 23: Bxc4 jev=True changed=True
game 1 ply 27: Ng5 jev=True changed=False
game 1 ply 35: Nxb5 jev=True changed=True
game 1 ply 37: Qb4+ jev=True changed=True
game 1 ply 39: Nc3 jev=True changed=False
game 1 ply 40: Ra6 jev=False changed=False
game 1 ply 41: Bc4 jev=True changed=False
game 1 ply 55: Qb8+ jev=True changed=False
game 1 ply 57: Qd6 jev=True changed=True
game 1 ply 59: Nd5+ jev=True changed=False
game 1 ply 60: Ka5 jev=False changed=False
game 1 ply 61: Qxc6 jev=True changed=True
GAME 1: 1-0 checkmate 65 plies
game 2 ply 2: Nc6 jev=True changed=False
game 2 ply 4: Nd4 jev=True changed=True
game 2 ply 6: Bd6 jev=True changed=False
game 2 ply 8: g5 jev=True changed=False
game 2 ply 10: h6 jev=True changed=False
game 2 ply 12: Rb8 jev=True changed=True
game 2 ply 14: Kf8 jev=True changed=True
game 2 ply 16: Ke8 jev=True changed=True
game 2 ply 18: Kf8 jev=True changed=True
game 2 ply 20: Qe8 jev=True changed=True
GAME 2: 1/2-1/2 threefold_repetition 21 plies
{"points": {"Weak2 + Jev": 1.5, "Weak2": 0.5}, "calls": 29, "interventions": 17, "jev_total_ms": 8214.83, "jev_mean_ms": 283.27, "tokens": 21243, "random_picks": 0, "random_interventions": 0, "finished_games": 2}
