game 1 ply 1: Nd5 jev=True changed=False
game 1 ply 3: Nf4 jev=True changed=True
game 1 ply 5: Nd3 jev=True changed=False
game 1 ply 7: e4 jev=True changed=True
game 1 ply 9: Bxd3 jev=True changed=False
game 1 ply 11: c4 jev=True changed=True
game 1 ply 13: g4 jev=True changed=True
game 1 ply 15: Ng5 jev=True changed=False
game 1 ply 17: cxb5 jev=True changed=True
game 1 ply 19: f4 jev=True changed=True
game 1 ply 20: Bxf4 jev=False changed=False
game 1 ply 21: Nxf7 jev=True changed=True
game 1 ply 23: b4 jev=True changed=False
game 1 ply 25: Bb2 jev=True changed=False
game 1 ply 27: Kxd2 jev=True changed=True
game 1 ply 31: Kd3 jev=True changed=False
game 1 ply 35: Kc5 jev=True changed=True
game 1 ply 37: Kb6 jev=True changed=False
game 1 ply 39: Kc7 jev=True changed=True
game 1 ply 40: Rxb5 jev=False changed=False
game 1 ply 45: Qf1+ jev=True changed=False
game 1 ply 53: Ra6+ jev=True changed=True
GAME 1: 1-0 checkmate 57 plies
game 2 ply 4: Nf6 jev=True changed=True
game 2 ply 6: Bd6 jev=True changed=False
game 2 ply 8: b6 jev=True changed=True
game 2 ply 10: Bb7 jev=True changed=False
game 2 ply 12: g6 jev=True changed=True
game 2 ply 14: Ra6 jev=True changed=True
game 2 ply 16: h5 jev=True changed=False
game 2 ply 18: Qa8 jev=True changed=True
game 2 ply 20: Qb8 jev=True changed=True
game 2 ply 22: Ra7 jev=True changed=False
game 2 ply 24: Ra6 jev=True changed=False
game 2 ply 26: Qa7 jev=True changed=True
GAME 2: 1/2-1/2 threefold_repetition 27 plies
{"points": {"Weak2 + Jev": 1.5, "Weak2": 0.5}, "calls": 32, "interventions": 18, "jev_total_ms": 9065.95, "jev_mean_ms": 283.31, "tokens": 23554, "random_picks": 0, "random_interventions": 0, "finished_games": 2}
