game 1 ply 1: Ne5 jev=True changed=True
game 1 ply 3: d4 jev=True changed=True
game 1 ply 5: Bf4 jev=True changed=True
game 1 ply 7: e3 jev=True changed=True
game 1 ply 9: dxc5 jev=True changed=True
game 1 ply 11: b5 jev=True changed=True
game 1 ply 13: Bd3 jev=True changed=True
game 1 ply 15: Rc1 jev=True changed=True
game 1 ply 19: f3 jev=True changed=True
game 1 ply 20: gxf3 jev=False changed=False
game 1 ply 21: Qxf3 jev=True changed=True
game 1 ply 23: g4 jev=True changed=False
game 1 ply 25: Qd1 jev=True changed=False
game 1 ply 27: O-O jev=True changed=False
game 1 ply 29: Ra1 jev=True changed=True
game 1 ply 40: Qxc3 jev=False changed=False
game 1 ply 41: Rd1 jev=True changed=True
game 1 ply 43: Bf5 jev=True changed=False
game 1 ply 45: Be4 jev=True changed=False
game 1 ply 47: Rf1 jev=True changed=True
game 1 ply 49: Kh1 jev=True changed=True
game 1 ply 51: Rf5 jev=True changed=True
GAME 1: 0-1 checkmate 56 plies
game 2 ply 2: e5 jev=True changed=False
game 2 ply 6: Kf8 jev=True changed=True
game 2 ply 10: Nc6 jev=True changed=True
game 2 ply 12: Bc5 jev=True changed=False
game 2 ply 14: a5 jev=True changed=False
game 2 ply 16: b6 jev=True changed=True
game 2 ply 18: e4 jev=True changed=True
game 2 ply 20: Ne5 jev=True changed=False
game 2 ply 24: c6 jev=True changed=True
game 2 ply 26: Bb7 jev=True changed=False
game 2 ply 28: Nc4 jev=True changed=False
game 2 ply 30: h6 jev=True changed=True
game 2 ply 32: Ra6 jev=True changed=False
game 2 ply 36: Ne8 jev=True changed=False
game 2 ply 40: Nf6 jev=True changed=True
game 2 ply 44: Ne5 jev=True changed=False
game 2 ply 46: Ra7 jev=True changed=False
game 2 ply 48: Nc7 jev=True changed=False
game 2 ply 52: f6 jev=True changed=True
game 2 ply 54: b5 jev=True changed=False
game 2 ply 60: Bc6 jev=True changed=True
game 2 ply 62: Kf7 jev=True changed=False
game 2 ply 66: Ne5 jev=True changed=False
game 2 ply 68: Rah7 jev=True changed=True
game 2 ply 70: Bf2 jev=True changed=True
game 2 ply 72: Nf3 jev=True changed=True
game 2 ply 74: Ne5 jev=True changed=True
game 2 ply 76: Nf3 jev=True changed=True
GAME 2: 1/2-1/2 threefold_repetition 78 plies
{"points": {"Weak2 + Jev": 0.5, "Weak2": 1.5}, "calls": 48, "interventions": 29, "jev_total_ms": 14076.98, "jev_mean_ms": 293.27, "tokens": 33797, "random_picks": 0, "random_interventions": 0, "finished_games": 2}
