game 1 ply 1: d4 jev=True changed=True
game 1 ply 3: Nf3 jev=True changed=True
game 1 ply 5: Bf4 jev=True changed=False
game 1 ply 7: g3 jev=True changed=True
game 1 ply 9: Bg2 jev=True changed=False
game 1 ply 11: h4 jev=True changed=False
game 1 ply 13: Rc1 jev=True changed=True
game 1 ply 15: b5 jev=True changed=True
game 1 ply 19: d5 jev=True changed=True
game 1 ply 20: exd5 jev=False changed=False
game 1 ply 25: Nc3 jev=True changed=False
game 1 ply 27: Qd3 jev=True changed=True
game 1 ply 29: Qf5 jev=True changed=True
game 1 ply 33: e4 jev=True changed=True
game 1 ply 39: Qf6 jev=True changed=False
game 1 ply 40: Nd2+ jev=False changed=False
game 1 ply 41: Nxd2 jev=True changed=False
game 1 ply 45: exd5 jev=True changed=True
game 1 ply 49: Qh6+ jev=True changed=False
game 1 ply 51: Rxh5 jev=True changed=False
game 1 ply 55: Qh7 jev=True changed=False
game 1 ply 60: Ra4 jev=False changed=False
game 1 ply 61: Nf3 jev=True changed=False
game 1 ply 63: Qe6+ jev=True changed=True
GAME 1: 1-0 checkmate 65 plies
game 2 ply 2: g5 jev=True changed=False
game 2 ply 4: Nc4 jev=True changed=False
game 2 ply 10: Bg7 jev=True changed=False
game 2 ply 12: b5 jev=True changed=True
game 2 ply 14: Bb7 jev=True changed=True
game 2 ply 18: a5 jev=True changed=False
game 2 ply 20: e5 jev=True changed=True
game 2 ply 22: Nxe3 jev=True changed=True
game 2 ply 38: Qd6+ jev=True changed=True
game 2 ply 40: Bg5 jev=True changed=False
game 2 ply 42: Kd7 jev=True changed=False
game 2 ply 44: Bxf6 jev=True changed=False
game 2 ply 48: Qd6+ jev=True changed=True
GAME 2: 1/2-1/2 threefold_repetition 52 plies
{"points": {"Weak2 + Jev": 1.5, "Weak2": 0.5}, "calls": 34, "interventions": 17, "jev_total_ms": 9887.43, "jev_mean_ms": 290.81, "tokens": 24589, "random_picks": 0, "random_interventions": 0, "finished_games": 2}
