game 1 ply 1: f4 jev=True changed=True
game 1 ply 3: a4 jev=True changed=False
game 1 ply 5: d3 jev=True changed=True
game 1 ply 7: Be3 jev=True changed=False
game 1 ply 11: f5 jev=True changed=True
game 1 ply 15: g3 jev=True changed=True
game 1 ply 17: Bg2 jev=True changed=False
game 1 ply 19: Na3 jev=True changed=True
game 1 ply 20: Ne5 jev=False changed=False
game 1 ply 21: Nab5 jev=True changed=False
game 1 ply 25: b3 jev=True changed=True
game 1 ply 29: cxd3 jev=True changed=False
game 1 ply 33: Nxa4 jev=True changed=True
game 1 ply 35: Nxc5 jev=True changed=False
game 1 ply 37: Bxf6 jev=True changed=True
game 1 ply 39: d4 jev=True changed=False
game 1 ply 40: axb3 jev=False changed=False
game 1 ply 41: Qxb3 jev=True changed=False
game 1 ply 45: Qd7+ jev=True changed=True
game 1 ply 51: Qf7+ jev=True changed=True
game 1 ply 53: Ne6+ jev=True changed=False
GAME 1: 1-0 checkmate 55 plies
game 2 ply 2: g5 jev=True changed=True
game 2 ply 4: Bg7 jev=True changed=True
game 2 ply 6: a5 jev=True changed=False
game 2 ply 8: e6 jev=True changed=True
game 2 ply 10: b5 jev=True changed=True
game 2 ply 12: d6 jev=True changed=True
game 2 ply 14: Nbd7 jev=True changed=False
game 2 ply 16: Kf8 jev=True changed=True
game 2 ply 18: Rxc8 jev=True changed=False
game 2 ply 20: Ne5 jev=True changed=False
game 2 ply 22: Ra8 jev=True changed=True
game 2 ply 24: Rc8 jev=True changed=True
game 2 ply 26: Ra8 jev=True changed=False
game 2 ply 28: Rc8 jev=True changed=True
game 2 ply 30: Rb8 jev=True changed=True
game 2 ply 34: Nxd3+ jev=True changed=True
game 2 ply 40: Qxf6 jev=True changed=True
game 2 ply 42: g4 jev=True changed=True
game 2 ply 46: c4 jev=True changed=True
game 2 ply 48: Ra5 jev=True changed=False
game 2 ply 50: Qc3+ jev=True changed=False
game 2 ply 54: Be5 jev=True changed=False
game 2 ply 58: Bf4 jev=True changed=True
game 2 ply 60: Rxe5+ jev=True changed=True
game 2 ply 62: f5 jev=True changed=False
game 2 ply 64: Re8 jev=True changed=False
game 2 ply 68: Kf7 jev=True changed=True
game 2 ply 72: Qd4+ jev=True changed=True
game 2 ply 74: Qe3+ jev=True changed=True
game 2 ply 78: Qg2+ jev=True changed=True
game 2 ply 80: Rh5 jev=True changed=True
game 2 ply 82: Bd6 jev=True changed=False
game 2 ply 84: Bf4 jev=True changed=True
game 2 ply 86: Bd6 jev=True changed=False
GAME 2: 1/2-1/2 threefold_repetition 87 plies
{"points": {"Weak2 + Jev": 1.5, "Weak2": 0.5}, "calls": 53, "interventions": 32, "jev_total_ms": 14711.14, "jev_mean_ms": 277.57, "tokens": 36227, "random_picks": 0, "random_interventions": 0, "finished_games": 2}
