game 1 ply 1: Nf3 jev=True changed=False
game 1 ply 3: d3 jev=True changed=True
game 1 ply 5: Be3 jev=True changed=False
game 1 ply 7: Nxb5 jev=True changed=True
game 1 ply 11: Nc3 jev=True changed=False
game 1 ply 13: Nxg5 jev=True changed=True
game 1 ply 15: Nf3 jev=True changed=False
game 1 ply 17: fxe5 jev=True changed=True
game 1 ply 19: Bd6 jev=True changed=False
game 1 ply 20: f5 jev=False changed=False
game 1 ply 21: Nxd5 jev=True changed=False
game 1 ply 23: e6 jev=True changed=False
game 1 ply 27: Nc7+ jev=True changed=True
game 1 ply 31: Rb1 jev=True changed=True
game 1 ply 33: Nd2 jev=True changed=True
game 1 ply 35: d4 jev=True changed=True
game 1 ply 37: Rc1 jev=True changed=True
game 1 ply 39: e4 jev=True changed=False
game 1 ply 40: Bxd2+ jev=False changed=False
game 1 ply 41: Kxd2 jev=True changed=True
game 1 ply 43: Kc3 jev=True changed=False
game 1 ply 47: Qg7+ jev=True changed=True
game 1 ply 49: Qf6+ jev=True changed=True
game 1 ply 51: Qf7+ jev=True changed=True
game 1 ply 53: Qg6+ jev=True changed=True
game 1 ply 55: Qf7+ jev=True changed=False
game 1 ply 57: Qe6+ jev=True changed=False
GAME 1: 1/2-1/2 threefold_repetition 58 plies
game 2 ply 2: Nc6 jev=True changed=False
game 2 ply 4: b6 jev=True changed=True
game 2 ply 6: Bb7 jev=True changed=True
game 2 ply 8: d6 jev=True changed=True
game 2 ply 10: e6 jev=True changed=True
game 2 ply 12: Be7 jev=True changed=True
game 2 ply 14: g6 jev=True changed=True
game 2 ply 16: Rb8 jev=True changed=True
game 2 ply 18: a5 jev=True changed=False
game 2 ply 20: Qc7 jev=True changed=True
game 2 ply 22: Rd8 jev=True changed=True
game 2 ply 24: Qd7 jev=True changed=True
game 2 ply 26: Ra8 jev=True changed=True
game 2 ply 28: Rb8 jev=True changed=True
game 2 ply 30: Rd8 jev=True changed=True
game 2 ply 32: Ra8 jev=True changed=True
game 2 ply 34: Rb8 jev=True changed=True
game 2 ply 36: Rd8 jev=True changed=True
game 2 ply 38: Qc8 jev=True changed=True
GAME 2: 1/2-1/2 threefold_repetition 39 plies
{"points": {"Weak2 + Jev": 1.0, "Weak2": 1.0}, "calls": 44, "interventions": 31, "jev_total_ms": 12742.43, "jev_mean_ms": 289.6, "tokens": 32052, "random_picks": 0, "random_interventions": 0, "finished_games": 2}
