game 1 ply 1: e4 jev=True changed=True
game 1 ply 3: Bc4 jev=True changed=False
game 1 ply 5: c3 jev=True changed=True
game 1 ply 7: Nxc7+ jev=True changed=False
game 1 ply 11: c4 jev=True changed=True
game 1 ply 13: d4 jev=True changed=True
game 1 ply 15: Bf4 jev=True changed=True
game 1 ply 17: b4 jev=True changed=False
game 1 ply 19: Kf1 jev=True changed=True
game 1 ply 20: bxa2 jev=False changed=False
game 1 ply 21: c5 jev=True changed=True
game 1 ply 23: Ke1 jev=True changed=False
game 1 ply 25: Kf1 jev=True changed=True
game 1 ply 27: Ke1 jev=True changed=False
game 1 ply 31: Kf1 jev=True changed=True
game 1 ply 33: Kg1 jev=True changed=True
game 1 ply 35: h4 jev=True changed=False
game 1 ply 37: g3 jev=True changed=False
game 1 ply 39: Qb3 jev=True changed=False
game 1 ply 40: g5 jev=False changed=False
game 1 ply 43: Ne5 jev=True changed=True
game 1 ply 47: Rxh5 jev=True changed=True
game 1 ply 53: Qd3+ jev=True changed=True
game 1 ply 57: Qb1 jev=True changed=False
game 1 ply 60: Qh1# jev=False changed=False
GAME 1: 0-1 checkmate 60 plies
game 2 ply 2: e6 jev=True changed=True
game 2 ply 4: Nf6 jev=True changed=True
game 2 ply 6: Bc5 jev=True changed=False
game 2 ply 8: d6 jev=True changed=True
game 2 ply 10: Bd7 jev=True changed=False
game 2 ply 12: b6 jev=True changed=False
game 2 ply 14: g6 jev=True changed=False
game 2 ply 16: Rb8 jev=True changed=True
game 2 ply 18: Rc8 jev=True changed=True
game 2 ply 20: Qe7 jev=True changed=True
game 2 ply 22: Rd8 jev=True changed=True
game 2 ply 24: Rc8 jev=True changed=True
game 2 ply 26: Rd8 jev=True changed=True
GAME 2: 1/2-1/2 threefold_repetition 27 plies
{"points": {"Weak2 + Jev": 0.5, "Weak2": 1.5}, "calls": 35, "interventions": 22, "jev_total_ms": 9683.37, "jev_mean_ms": 276.67, "tokens": 25475, "random_picks": 0, "random_interventions": 0, "finished_games": 2}
