game 1 ply 1: Nc3 jev=True changed=False
game 1 ply 3: Bf4 jev=True changed=True
game 1 ply 5: e4 jev=True changed=True
game 1 ply 7: Bc4 jev=True changed=False
game 1 ply 9: b4 jev=True changed=False
game 1 ply 11: Nb5 jev=True changed=False
game 1 ply 13: d5 jev=True changed=False
game 1 ply 15: Bd3 jev=True changed=False
game 1 ply 17: Be2 jev=True changed=False
game 1 ply 19: d6 jev=True changed=True
game 1 ply 20: cxd6 jev=False changed=False
game 1 ply 21: Nbd4 jev=True changed=False
game 1 ply 23: Ne5 jev=True changed=True
game 1 ply 27: Qd3 jev=True changed=True
game 1 ply 29: Nxe2 jev=True changed=True
game 1 ply 33: Nxf8 jev=True changed=True
game 1 ply 39: Qf5+ jev=True changed=True
game 1 ply 40: Ke8 jev=False changed=False
GAME 1: 1/2-1/2 threefold_repetition 42 plies
game 2 ply 2: d6 jev=True changed=True
game 2 ply 4: Bf5 jev=True changed=True
game 2 ply 6: Nxb4 jev=True changed=True
game 2 ply 8: Nxg4 jev=True changed=True
game 2 ply 10: Nf6 jev=True changed=True
game 2 ply 12: Nc6 jev=True changed=False
game 2 ply 14: Be6 jev=True changed=False
game 2 ply 16: g6 jev=True changed=True
game 2 ply 20: b5 jev=True changed=True
game 2 ply 22: Nb4 jev=True changed=False
game 2 ply 26: Rc8 jev=True changed=True
game 2 ply 28: c5 jev=True changed=True
game 2 ply 32: d3 jev=True changed=False
game 2 ply 34: Bg7 jev=True changed=False
game 2 ply 36: Rc7 jev=True changed=True
game 2 ply 38: Qb8 jev=True changed=True
game 2 ply 40: Qxb5 jev=False changed=False
game 2 ply 48: Ke8 jev=True changed=True
game 2 ply 50: e5 jev=True changed=False
game 2 ply 52: Kd8 jev=True changed=False
game 2 ply 54: Nd3+ jev=True changed=False
game 2 ply 58: Qb2+ jev=True changed=True
game 2 ply 60: Nxh1 jev=True changed=True
game 2 ply 62: Qb1+ jev=True changed=True
game 2 ply 64: Qc1+ jev=True changed=True
game 2 ply 66: Qa3+ jev=True changed=False
game 2 ply 68: Qb4+ jev=True changed=True
game 2 ply 70: Qd4+ jev=True changed=True
game 2 ply 72: Qc3+ jev=True changed=True
game 2 ply 78: Rc1+ jev=True changed=False
game 2 ply 80: Qe4+ jev=True changed=True
game 2 ply 82: Qc2+ jev=True changed=True
game 2 ply 84: Re1+ jev=True changed=False
game 2 ply 86: Qd3+ jev=True changed=True
game 2 ply 88: Qe2+ jev=True changed=True
game 2 ply 90: Ne4+ jev=True changed=False
game 2 ply 94: Ke7 jev=True changed=True
game 2 ply 96: Kd8 jev=True changed=False
game 2 ply 98: Ke7 jev=True changed=True
game 2 ply 100: Kd8 jev=True changed=True
game 2 ply 102: Ke7 jev=True changed=True
game 2 ply 104: Kd7 jev=True changed=True
GAME 2: 1/2-1/2 threefold_repetition 105 plies
{"points": {"Weak2 + Jev": 1.0, "Weak2": 1.0}, "calls": 57, "interventions": 36, "jev_total_ms": 18032.59, "jev_mean_ms": 316.36, "tokens": 38624, "random_picks": 0, "random_interventions": 0, "finished_games": 2}
