game 1 ply 1: c4 jev=True changed=True
game 1 ply 3: h4 jev=True changed=True
game 1 ply 5: a4 jev=True changed=False
game 1 ply 7: Nf4 jev=True changed=True
game 1 ply 9: g3 jev=True changed=False
game 1 ply 11: Bg2 jev=True changed=False
game 1 ply 13: e3 jev=True changed=False
game 1 ply 15: Rb1 jev=True changed=True
game 1 ply 17: Rg1 jev=True changed=True
game 1 ply 19: Qc2 jev=True changed=True
game 1 ply 20: Nxg3 jev=False changed=False
game 1 ply 21: fxg3 jev=True changed=True
game 1 ply 27: gxf4 jev=True changed=True
game 1 ply 29: Nd4 jev=True changed=True
game 1 ply 31: Nb5 jev=True changed=True
game 1 ply 35: Bd5 jev=True changed=False
game 1 ply 37: Kd1 jev=True changed=False
game 1 ply 40: Bh4 jev=False changed=False
game 1 ply 41: Nd4 jev=True changed=False
game 1 ply 47: d3 jev=True changed=True
game 1 ply 49: Bd2 jev=True changed=True
game 1 ply 51: Rf6+ jev=True changed=False
game 1 ply 53: Nxd6 jev=True changed=False
game 1 ply 60: Be3# jev=False changed=False
GAME 1: 0-1 checkmate 60 plies
game 2 ply 2: e6 jev=True changed=True
game 2 ply 4: Nf6 jev=True changed=True
game 2 ply 6: Bb4 jev=True changed=True
game 2 ply 8: Nd5 jev=True changed=True
game 2 ply 10: Bc5 jev=True changed=False
game 2 ply 12: Nf4 jev=True changed=False
game 2 ply 14: d6 jev=True changed=True
game 2 ply 16: Bd7 jev=True changed=False
game 2 ply 18: b6 jev=True changed=False
game 2 ply 20: Bxf2+ jev=True changed=True
game 2 ply 22: Nxe2 jev=True changed=True
game 2 ply 24: Ra6 jev=True changed=True
game 2 ply 26: g6 jev=True changed=True
game 2 ply 28: g5 jev=True changed=False
game 2 ply 30: g4 jev=True changed=False
game 2 ply 32: Nd4 jev=True changed=False
game 2 ply 34: Bc6 jev=True changed=True
game 2 ply 36: Nxf5 jev=True changed=True
game 2 ply 40: Qa8+ jev=False changed=False
game 2 ply 42: Ne3+ jev=True changed=True
game 2 ply 44: Rf8 jev=True changed=False
game 2 ply 48: c5 jev=True changed=False
game 2 ply 50: Ke8 jev=True changed=True
game 2 ply 52: Kd8 jev=True changed=True
game 2 ply 54: Kc8 jev=True changed=False
game 2 ply 56: Kb7 jev=True changed=False
game 2 ply 58: Rxa8 jev=True changed=False
game 2 ply 60: Rc8 jev=True changed=True
game 2 ply 62: Ka6 jev=True changed=False
game 2 ply 64: Ra8 jev=True changed=True
game 2 ply 66: Kb7 jev=True changed=True
game 2 ply 68: Rc8 jev=True changed=True
game 2 ply 70: Ka8 jev=True changed=True
game 2 ply 72: Kb7 jev=True changed=True
game 2 ply 74: Ka8 jev=True changed=True
GAME 2: 1/2-1/2 threefold_repetition 76 plies
{"points": {"Weak2 + Jev": 0.5, "Weak2": 1.5}, "calls": 55, "interventions": 33, "jev_total_ms": 14969.67, "jev_mean_ms": 272.18, "tokens": 39310, "random_picks": 0, "random_interventions": 0, "finished_games": 2}
