game 1 ply 1: b3 jev=True changed=True
game 1 ply 3: Bb2 jev=True changed=False
game 1 ply 5: d3 jev=True changed=True
game 1 ply 7: Nc3 jev=True changed=False
game 1 ply 9: Nd5 jev=True changed=False
game 1 ply 11: Bc3 jev=True changed=False
game 1 ply 13: e3 jev=True changed=True
game 1 ply 15: Be2 jev=True changed=False
game 1 ply 20: Rg8 jev=False changed=False
game 1 ply 21: Bb2 jev=True changed=True
game 1 ply 23: Bc3 jev=True changed=False
game 1 ply 25: h3 jev=True changed=False
game 1 ply 27: Rb1 jev=True changed=True
game 1 ply 29: Rc1 jev=True changed=True
game 1 ply 31: Ra1 jev=True changed=False
game 1 ply 33: Rb1 jev=True changed=True
game 1 ply 35: Rc1 jev=True changed=True
game 1 ply 37: Ra1 jev=True changed=False
game 1 ply 39: Rb1 jev=True changed=True
game 1 ply 40: Ra6 jev=False changed=False
game 1 ply 41: Rc1 jev=True changed=True
GAME 1: 1/2-1/2 threefold_repetition 42 plies
game 2 ply 2: b6 jev=True changed=True
game 2 ply 4: Bb7 jev=True changed=True
game 2 ply 6: d6 jev=True changed=True
game 2 ply 8: e6 jev=True changed=True
game 2 ply 10: Be7 jev=True changed=True
game 2 ply 12: a5 jev=True changed=False
game 2 ply 18: f5 jev=True changed=False
game 2 ply 20: Nc5 jev=False changed=False
game 2 ply 22: f4 jev=True changed=True
game 2 ply 24: Bf6 jev=True changed=False
game 2 ply 26: Nd7 jev=True changed=False
game 2 ply 28: Be7 jev=True changed=False
game 2 ply 30: Rb8 jev=True changed=True
game 2 ply 34: Rc8 jev=True changed=True
game 2 ply 40: Ncb8 jev=True changed=True
game 2 ply 42: Nb6 jev=True changed=False
game 2 ply 44: Nc4 jev=True changed=False
game 2 ply 46: Kf7 jev=True changed=True
game 2 ply 52: Kg6 jev=True changed=True
game 2 ply 56: Bg5 jev=True changed=True
GAME 2: 1-0 checkmate 59 plies
{"points": {"Weak2 + Jev": 0.5, "Weak2": 1.5}, "calls": 38, "interventions": 22, "jev_total_ms": 10409.82, "jev_mean_ms": 273.94, "tokens": 28804, "random_picks": 0, "random_interventions": 0, "finished_games": 2}
