game 1 ply 1: Nf3 jev=True changed=False
game 1 ply 3: c3 jev=True changed=True
game 1 ply 5: Nc5 jev=True changed=False
game 1 ply 7: d4 jev=True changed=True
game 1 ply 11: Be3 jev=True changed=False
game 1 ply 13: g3 jev=True changed=True
game 1 ply 15: Bg2 jev=True changed=False
game 1 ply 17: h4 jev=True changed=False
game 1 ply 19: Rb1 jev=True changed=True
game 1 ply 20: g5 jev=False changed=False
game 1 ply 23: g4 jev=True changed=True
game 1 ply 25: Nh4 jev=True changed=True
game 1 ply 29: Ng6 jev=True changed=True
game 1 ply 33: Bxe7 jev=True changed=True
game 1 ply 35: Nxe7 jev=True changed=True
game 1 ply 37: c6 jev=True changed=False
game 1 ply 39: cxd4 jev=True changed=False
game 1 ply 40: c3 jev=False changed=False
game 1 ply 47: Rxg8 jev=True changed=True
game 1 ply 49: Bd5+ jev=True changed=False
game 1 ply 51: Rh8+ jev=True changed=True
game 1 ply 59: Rf3 jev=True changed=True
game 1 ply 60: Ra6 jev=False changed=False
game 1 ply 61: Rxc3 jev=True changed=True
game 1 ply 63: Rg3+ jev=True changed=False
game 1 ply 65: Rf3+ jev=True changed=True
game 1 ply 69: Rf3+ jev=True changed=True
game 1 ply 71: Qb3 jev=True changed=True
game 1 ply 77: Qg3+ jev=True changed=True
game 1 ply 79: Qd3+ jev=True changed=False
game 1 ply 80: Kf4 jev=False changed=False
game 1 ply 83: Kf1 jev=True changed=True
game 1 ply 85: Rf3+ jev=True changed=True
game 1 ply 87: Qc8+ jev=True changed=False
game 1 ply 89: Qf5+ jev=True changed=True
game 1 ply 91: Rh3+ jev=True changed=False
GAME 1: 1-0 checkmate 93 plies
game 2 ply 2: d5 jev=True changed=True
game 2 ply 4: Nc6 jev=True changed=False
game 2 ply 6: Nf6 jev=True changed=True
game 2 ply 8: Bf5 jev=True changed=True
game 2 ply 10: e5 jev=True changed=True
game 2 ply 12: Bc5 jev=True changed=False
game 2 ply 14: Bxg4 jev=True changed=False
game 2 ply 18: cxb3 jev=True changed=True
game 2 ply 20: Bxf3 jev=False changed=False
game 2 ply 24: b5 jev=True changed=False
game 2 ply 26: Nd7 jev=True changed=True
game 2 ply 28: Rb8 jev=True changed=True
game 2 ply 30: f5 jev=True changed=False
game 2 ply 34: Nf6 jev=True changed=False
game 2 ply 36: Rb6 jev=True changed=True
game 2 ply 38: Rd6 jev=True changed=False
game 2 ply 40: Ne4 jev=True changed=True
game 2 ply 42: g5 jev=True changed=False
game 2 ply 44: gxf4 jev=True changed=False
game 2 ply 48: Ke8 jev=True changed=False
game 2 ply 50: Qa8 jev=True changed=True
game 2 ply 52: Kd8 jev=True changed=True
game 2 ply 54: Kc7 jev=True changed=False
game 2 ply 56: Kc8 jev=True changed=True
game 2 ply 58: Kd7 jev=True changed=False
game 2 ply 60: Ke6 jev=True changed=False
game 2 ply 62: Kf5 jev=True changed=False
GAME 2: 1-0 checkmate 69 plies
{"points": {"Weak2 + Jev": 1, "Weak2": 1}, "calls": 58, "interventions": 32, "jev_total_ms": 15779.83, "jev_mean_ms": 272.07, "tokens": 38535, "random_picks": 0, "random_interventions": 0, "finished_games": 2}
