game 1 ply 1: a4 random=True changed=True
game 1 ply 3: b3 random=True changed=True
game 1 ply 5: Nf3 random=True changed=False
game 1 ply 7: Bb2 random=True changed=False
game 1 ply 9: Nxb5 random=True changed=True
game 1 ply 11: Nc3 random=True changed=True
game 1 ply 19: e4 random=True changed=False
game 1 ply 20: g5 random=False changed=False
game 1 ply 21: Bc4 random=True changed=False
GAME 1: 1/2-1/2 threefold_repetition 30 plies
game 2 ply 2: Nc6 random=True changed=False
game 2 ply 4: Bd6 random=True changed=True
game 2 ply 6: b5 random=True changed=True
game 2 ply 8: Nb8 random=True changed=True
game 2 ply 10: Bb7 random=True changed=True
game 2 ply 12: h6 random=True changed=True
game 2 ply 14: Bc5 random=True changed=True
game 2 ply 16: g6 random=True changed=True
game 2 ply 20: Bc5 random=True changed=False
game 2 ply 22: Bxf2+ random=True changed=True
game 2 ply 26: Nc6 random=True changed=True
game 2 ply 30: Nd7 random=True changed=True
game 2 ply 32: Rb8 random=True changed=False
game 2 ply 34: Kxd7 random=True changed=True
game 2 ply 36: Kc8 random=True changed=True
game 2 ply 40: Kd6 random=True changed=True
game 2 ply 42: Ke6 random=True changed=False
game 2 ply 44: Ke7 random=True changed=False
game 2 ply 50: Kg7 random=True changed=False
game 2 ply 52: c6 random=True changed=True
game 2 ply 54: Re8 random=True changed=True
game 2 ply 56: Kh7 random=True changed=True
game 2 ply 58: Kg7 random=True changed=False
game 2 ply 60: Kf8 random=False changed=False
game 2 ply 62: Ke7 random=True changed=False
game 2 ply 64: Ke6 random=True changed=False
game 2 ply 70: Ke5 random=True changed=False
game 2 ply 72: Kd4 random=True changed=True
game 2 ply 74: h5 random=True changed=True
game 2 ply 80: Ke3 random=False changed=False
GAME 2: 1-0 checkmate 91 plies
{"points": {"Weak + Random": 0.5, "Weak": 1.5}, "calls": 0, "interventions": 0, "jev_total_ms": 0, "jev_mean_ms": null, "tokens": 0, "random_picks": 36, "random_interventions": 22, "finished_games": 2}
