game 1 ply 1: Bf4 random=True changed=True
game 1 ply 3: Nf3 random=True changed=True
game 1 ply 5: Nbd2 random=True changed=True
game 1 ply 7: a4 random=True changed=False
game 1 ply 9: b4 random=True changed=False
game 1 ply 11: e4 random=True changed=False
game 1 ply 13: g4 random=True changed=True
game 1 ply 15: Ng1 random=True changed=True
game 1 ply 17: Bd3 random=True changed=False
game 1 ply 19: h4 random=True changed=True
game 1 ply 20: gxh3 random=False changed=False
game 1 ply 21: a5 random=True changed=True
game 1 ply 25: Be4 random=True changed=True
game 1 ply 27: exd6 random=True changed=True
game 1 ply 29: Qa4+ random=True changed=False
game 1 ply 33: Rc1 random=True changed=True
game 1 ply 35: f3 random=True changed=False
game 1 ply 37: Bb1 random=True changed=True
game 1 ply 39: Qa2 random=True changed=True
game 1 ply 40: Bh4+ random=False changed=False
game 1 ply 41: Kf1 random=True changed=True
game 1 ply 43: Qa4 random=True changed=True
game 1 ply 45: Bd3 random=True changed=False
game 1 ply 49: Bg3 random=True changed=True
game 1 ply 51: Be1 random=True changed=True
game 1 ply 57: Bf2 random=True changed=True
game 1 ply 59: Ra2 random=True changed=False
game 1 ply 60: Qxd3+ random=False changed=False
game 1 ply 61: Ke1 random=True changed=True
GAME 1: 0-1 checkmate 68 plies
game 2 ply 2: a5 random=True changed=True
game 2 ply 4: Bg7 random=True changed=True
game 2 ply 6: Nc6 random=True changed=False
game 2 ply 8: d6 random=True changed=True
game 2 ply 10: Nxb4 random=True changed=True
game 2 ply 12: Be6 random=True changed=False
game 2 ply 14: Bxc4 random=True changed=False
game 2 ply 16: Ng4 random=True changed=True
game 2 ply 18: b6 random=True changed=True
game 2 ply 20: Nc6 random=True changed=True
game 2 ply 22: Bd5 random=True changed=True
game 2 ply 24: cxd6 random=True changed=False
game 2 ply 28: Qxd6 random=True changed=True
game 2 ply 30: Qb4+ random=True changed=True
game 2 ply 32: gxh5 random=True changed=False
game 2 ply 34: Qc4+ random=True changed=True
game 2 ply 36: Qb4+ random=True changed=False
game 2 ply 38: Qc3+ random=True changed=False
game 2 ply 40: Qxc2# random=False changed=False
GAME 2: 0-1 checkmate 40 plies
{"points": {"Weak + Random": 1, "Weak": 1}, "calls": 0, "interventions": 0, "jev_total_ms": 0, "jev_mean_ms": null, "tokens": 0, "random_picks": 44, "random_interventions": 29, "finished_games": 2}
