game 1 ply 1: Bc4 random=True changed=True
game 1 ply 3: Nc3 random=True changed=False
game 1 ply 5: d4 random=True changed=True
game 1 ply 7: Nb5 random=True changed=False
game 1 ply 11: Kf1 random=True changed=True
game 1 ply 15: Bf4 random=True changed=False
game 1 ply 17: Bxd5 random=True changed=True
game 1 ply 19: a3 random=True changed=True
game 1 ply 20: f5 random=False changed=False
game 1 ply 21: Qe2 random=True changed=True
game 1 ply 23: Nxg5 random=True changed=False
game 1 ply 25: Nf3 random=True changed=False
game 1 ply 27: h4 random=True changed=False
game 1 ply 29: Rb1 random=True changed=True
game 1 ply 35: Nxc7+ random=True changed=False
game 1 ply 40: Qxd3+ random=False changed=False
game 1 ply 41: Ke1 random=True changed=False
game 1 ply 45: Ne6+ random=True changed=False
GAME 1: 1/2-1/2 threefold_repetition 54 plies
game 2 ply 2: Nf6 random=True changed=True
game 2 ply 4: a5 random=True changed=True
game 2 ply 6: b5 random=True changed=True
game 2 ply 8: Nb4 random=True changed=False
game 2 ply 10: Bd6 random=True changed=True
game 2 ply 12: Kf8 random=True changed=True
game 2 ply 14: Bxd7 random=True changed=False
game 2 ply 16: Be5 random=True changed=False
game 2 ply 20: g5 random=True changed=False
game 2 ply 22: Nxc2+ random=True changed=False
game 2 ply 28: h5 random=True changed=True
game 2 ply 34: Rc8 random=True changed=True
game 2 ply 36: Ke7 random=True changed=False
game 2 ply 40: Rc8+ random=False changed=False
game 2 ply 42: h4 random=True changed=True
game 2 ply 44: Bd6 random=True changed=True
game 2 ply 48: Kd6 random=True changed=False
game 2 ply 50: Kd7 random=True changed=True
game 2 ply 52: Kd8 random=True changed=True
game 2 ply 54: Rc5 random=True changed=True
game 2 ply 56: Kd7 random=True changed=True
game 2 ply 58: Kd6 random=True changed=True
game 2 ply 60: Kd7 random=True changed=True
game 2 ply 62: Kd8 random=True changed=True
game 2 ply 64: Rc3 random=True changed=False
game 2 ply 66: Ke7 random=True changed=True
game 2 ply 68: Kd6 random=True changed=False
game 2 ply 70: Kc7 random=True changed=False
game 2 ply 72: Kb6 random=True changed=False
game 2 ply 74: Kb7 random=True changed=False
game 2 ply 76: Kc7 random=True changed=True
game 2 ply 78: Kb6 random=True changed=False
game 2 ply 80: Kc7 random=True changed=True
game 2 ply 82: Kc8 random=True changed=True
game 2 ply 84: Kb8 random=True changed=False
game 2 ply 86: Kb7 random=True changed=True
game 2 ply 88: Kb8 random=True changed=True
game 2 ply 90: Rg3 random=True changed=True
game 2 ply 94: Kb6 random=True changed=False
game 2 ply 100: Kb4 random=True changed=False
game 2 ply 106: Kb5 random=True changed=False
game 2 ply 108: Kb4 random=True changed=False
game 2 ply 110: Kc5 random=True changed=True
game 2 ply 114: Rg2+ random=True changed=True
game 2 ply 118: Rg2+ random=True changed=True
game 2 ply 120: Rg1+ random=False changed=False
GAME 2: 1/2-1/2 threefold_repetition 120 plies
{"points": {"Weak + Random": 1.0, "Weak": 1.0}, "calls": 0, "interventions": 0, "jev_total_ms": 0, "jev_mean_ms": null, "tokens": 0, "random_picks": 60, "random_interventions": 33, "finished_games": 2}
