game 1 ply 1: cxd5 random=True changed=False
game 1 ply 3: Bf4 random=True changed=True
game 1 ply 5: Nd2 random=True changed=False
game 1 ply 7: Qxd2 random=True changed=False
game 1 ply 15: Qg5+ random=True changed=False
game 1 ply 19: a4 random=True changed=True
game 1 ply 20: Re8 random=False changed=False
game 1 ply 21: b4 random=True changed=True
game 1 ply 23: Qxh7 random=True changed=True
game 1 ply 25: Qg6+ random=True changed=False
game 1 ply 27: Qg4+ random=True changed=True
game 1 ply 29: Qg7+ random=True changed=True
game 1 ply 31: Qg6+ random=True changed=True
game 1 ply 33: Qf5+ random=True changed=False
game 1 ply 37: Bf4+ random=True changed=False
game 1 ply 40: Kd6 random=False changed=False
game 1 ply 41: Qf4+ random=True changed=False
game 1 ply 45: dxe5+ random=True changed=False
game 1 ply 47: Qf6+ random=True changed=True
game 1 ply 60: Re8 random=False changed=False
game 1 ply 61: Qc5+ random=True changed=True
game 1 ply 63: axb6+ random=True changed=False
game 1 ply 65: e3+ random=True changed=True
game 1 ply 67: Qc7+ random=True changed=True
GAME 1: 1-0 checkmate 69 plies
game 2 ply 2: exd5 random=True changed=False
game 2 ply 6: b5 random=True changed=True
game 2 ply 8: Bf5 random=True changed=True
game 2 ply 10: c6 random=True changed=False
game 2 ply 12: a5 random=True changed=True
game 2 ply 14: g5 random=True changed=True
game 2 ply 16: Ne7 random=True changed=True
game 2 ply 20: O-O random=True changed=False
game 2 ply 22: Na6 random=True changed=True
game 2 ply 24: h5 random=True changed=False
game 2 ply 26: Ra7 random=True changed=True
game 2 ply 28: Ra8 random=True changed=True
game 2 ply 30: Nc7 random=True changed=True
game 2 ply 32: Ne6 random=True changed=False
game 2 ply 34: hxg4 random=True changed=False
game 2 ply 36: Ra7 random=True changed=True
game 2 ply 38: c5 random=True changed=False
game 2 ply 40: Rb7 random=True changed=True
game 2 ply 48: Be4 random=True changed=False
game 2 ply 50: Bg6 random=True changed=False
game 2 ply 58: Kg7 random=True changed=True
game 2 ply 60: Rb1+ random=True changed=False
game 2 ply 62: Rc1 random=True changed=True
game 2 ply 64: Kg8 random=True changed=True
game 2 ply 66: Kf7 random=True changed=False
game 2 ply 68: Kf6 random=True changed=True
game 2 ply 70: Ke7 random=True changed=True
game 2 ply 72: Nb7 random=True changed=False
game 2 ply 74: Kd8 random=True changed=True
game 2 ply 76: Kd7 random=True changed=True
game 2 ply 78: Qa5 random=True changed=True
game 2 ply 80: Kc7 random=True changed=True
game 2 ply 82: Kd6 random=True changed=True
game 2 ply 84: Qa6 random=True changed=True
game 2 ply 86: Ke5 random=True changed=False
game 2 ply 90: Kf7 random=True changed=True
game 2 ply 92: Kf6 random=True changed=True
game 2 ply 94: Kg6 random=True changed=True
game 2 ply 96: Kf7 random=True changed=False
game 2 ply 98: Kf6 random=True changed=True
game 2 ply 100: Kf7 random=True changed=True
game 2 ply 102: Ke7 random=True changed=False
game 2 ply 104: Qa5 random=True changed=True
game 2 ply 108: Ke7 random=True changed=False
game 2 ply 110: Ke8 random=True changed=False
game 2 ply 112: Kf7 random=True changed=True
game 2 ply 114: Kf6 random=True changed=True
game 2 ply 118: Kf8 random=True changed=False
game 2 ply 120: Kf7 random=False changed=False
game 2 ply 122: Qe5 random=True changed=True
game 2 ply 124: Kg6 random=True changed=True
game 2 ply 126: Kh6 random=True changed=True
GAME 2: 1-0 checkmate 137 plies
{"points": {"Weak + Random": 1, "Weak": 1}, "calls": 0, "interventions": 0, "jev_total_ms": 0, "jev_mean_ms": null, "tokens": 0, "random_picks": 72, "random_interventions": 44, "finished_games": 2}
