game 1 ply 1: Bd3 random=True changed=True
game 1 ply 3: a4 random=True changed=True
game 1 ply 5: c3 random=True changed=True
game 1 ply 7: g4 random=True changed=True
game 1 ply 9: a5 random=True changed=True
game 1 ply 11: h4 random=True changed=True
game 1 ply 13: c4 random=True changed=True
game 1 ply 15: Nc3 random=True changed=False
game 1 ply 17: Ra2 random=True changed=True
game 1 ply 19: Ra1 random=True changed=True
game 1 ply 20: Ra7 random=False changed=False
game 1 ply 21: Ra2 random=True changed=True
game 1 ply 23: b3 random=True changed=True
game 1 ply 25: b4 random=True changed=True
game 1 ply 27: Nb1 random=True changed=True
game 1 ply 29: Ra4 random=True changed=True
game 1 ply 31: cxb5 random=True changed=True
game 1 ply 39: Bd3 random=True changed=False
game 1 ply 40: f5 random=False changed=False
game 1 ply 43: Rf4 random=True changed=True
game 1 ply 45: Qe2 random=True changed=True
game 1 ply 47: O-O random=True changed=True
game 1 ply 49: Qd1 random=True changed=False
game 1 ply 51: Qc2 random=True changed=True
game 1 ply 53: Rd1 random=True changed=True
game 1 ply 57: Bb5+ random=True changed=True
game 1 ply 59: Bd3 random=True changed=False
game 1 ply 60: Ra2 random=False changed=False
game 1 ply 61: Qb5 random=True changed=True
game 1 ply 63: Qc5 random=True changed=True
game 1 ply 65: Qb5 random=True changed=True
game 1 ply 69: Qb3 random=True changed=True
game 1 ply 71: d4 random=True changed=False
game 1 ply 73: Bb2 random=True changed=True
game 1 ply 75: Bc3 random=True changed=True
game 1 ply 77: Qb2 random=True changed=True
game 1 ply 79: Nbd2 random=True changed=False
game 1 ply 80: Ra6 random=False changed=False
game 1 ply 81: Qb1 random=True changed=False
game 1 ply 83: Ng5+ random=True changed=True
game 1 ply 87: Qa2 random=True changed=True
game 1 ply 89: Kh2 random=True changed=True
game 1 ply 91: Kh1 random=True changed=True
game 1 ply 93: Kg2 random=True changed=True
GAME 1: 0-1 checkmate 96 plies
game 2 ply 2: Nc6 random=True changed=False
game 2 ply 4: a5 random=True changed=True
game 2 ply 6: Nf6 random=True changed=False
game 2 ply 8: axb4 random=True changed=False
game 2 ply 12: Bf5 random=True changed=False
game 2 ply 14: Nxf2 random=True changed=True
game 2 ply 16: Nb8 random=True changed=True
game 2 ply 20: exd6 random=True changed=False
game 2 ply 26: Bd3 random=True changed=True
game 2 ply 28: Kc7 random=True changed=True
game 2 ply 30: h5 random=True changed=True
game 2 ply 32: b3 random=True changed=True
game 2 ply 34: Nc6 random=True changed=False
game 2 ply 36: Na7 random=True changed=True
game 2 ply 40: Kb6 random=True changed=True
game 2 ply 42: Kc7 random=True changed=True
game 2 ply 44: Kb6 random=True changed=True
GAME 2: 1/2-1/2 threefold_repetition 46 plies
{"points": {"Weak + Random": 0.5, "Weak": 1.5}, "calls": 0, "interventions": 0, "jev_total_ms": 0, "jev_mean_ms": null, "tokens": 0, "random_picks": 57, "random_interventions": 44, "finished_games": 2}
