Primary question 18 answered
Primary question 19 answered
Primary question 20 answered
Primary question 21 answered
Primary question 22 answered
Primary question 23 answered
Primary question 24 answered
Primary question 25 answered
Primary question 26 answered
Primary question 27 answered
Primary question 28 answered
Primary question 29 answered
Primary question 30 answered
Primary question 31 answered
Primary question 32 answered
Primary question 33 answered
Primary question 34 answered
Primary question 35 answered
Primary question 36 answered
Primary question 37 answered
Primary question 38 answered
Primary question 39 answered
Primary question 40 answered
Primary question 41 answered
Primary question 42 answered
Primary question 43 answered
Primary question 44 answered
Primary question 45 answered
20/112 order-control requests answered
40/112 order-control requests answered
60/112 order-control requests answered
80/112 order-control requests answered
100/112 order-control requests answered
{
  "questions": 28,
  "primary_completed": 28,
  "primary_correct": 25,
  "primary_points": 55,
  "maximum_points": 63,
  "primary_wrong_numbers": [
    36,
    37,
    39
  ],
  "stable_across_five_orders": 27,
  "order_correct": 126,
  "order_trials": 140,
  "all_orders_correct_questions": [
    18,
    19,
    20,
    21,
    22,
    23,
    24,
    25,
    26,
    27,
    28,
    29,
    30,
    31,
    32,
    33,
    34,
    35,
    38,
    40,
    41,
    42,
    43,
    44,
    45
  ],
  "all_orders_wrong_questions": [
    36,
    39
  ],
  "primary_median_latency_ms": 624.16,
  "primary_sum_latency_ms": 17792.48,
  "usage": {
    "input_tokens": 117520,
    "output_tokens": 7280
  }
}
